**INFO: Starting Blocking QThread with 8 CPU
   ____________________________________________________________________
__/ message from Blocking QThread
Multi-CPU acceleration using 8 CPU(s).
*** QThread MetricCollect [begin] (IncrReplace #1 / place_opt_design #1) : mem = 0.5M
Multithreaded Timing Analysis is initialized with 8 threads

###############################################################
#  Generated by:      Cadence Innovus 23.15-s106_1
#  OS:                Linux x86_64(Host ID ASIC-vm)
#  Generated on:      Fri Nov 14 14:49:38 2025
#  Design:            matmul_sync
#  Command:           place_opt_design -incremental -report_dir reports/prects -report_prefix place_opt_design
###############################################################

REPORT ANALYSIS SUMMARY (View:slow_0p9v_125c_cmax_func) (EL:Setup)
=========================================================================================================================================================================================================

GroupType:*
=========================================================================================================================================================================================================

         All                             IN2REG                          IN2OUT                           REG2REG                              REG2OUT
    -----------------------------------------------------------------------------------------------------------------------------------------------------------------------------------------------------  
     WNS:TNS:#VIO                     WNS:TNS:#VIO                     WNS:TNS:#VIO                     WNS:TNS:#VIO                     WNS:TNS:#VIO                     FromClk->ToClk                   
    -----------------------------------------------------------------------------------------------------------------------------------------------------------------------------------------------------  
    -0.444:-3.573:17                 0.000:0.000:0                    0.000:0.000:0                    0.000:0.000:0                    -0.444:-3.573:17                 *->*

REPORT ANALYSIS SUMMARY (View:slow_0p9v_125c_cmax_scan_capture) (EL:Setup)
=========================================================================================================================================================================================================

REPORT ANALYSIS SUMMARY (View:slow_0p9v_125c_cmax_scan_shift) (EL:Setup)
=========================================================================================================================================================================================================
Ending "set_metric_timing_analysis_summary" (total cpu=0:00:00.0, real=0:00:00.0, peak res=3435.5M, current mem=2817.5M)
Ending "get_summary_setup_timing" (total cpu=0:00:00.1, real=0:00:00.0, peak res=3435.5M, current mem=2819.0M)
*** QThread MetricCollect [finish] (IncrReplace #1 / place_opt_design #1) : cpu/real = 0:00:00.4/0:00:00.4 (1.0), mem = 0.0M
_______________________________________________________________________
