 ------------------------------------------------------------------------------------------------------------------------------------------ 
| Snapshot                | WNS                  | TNS                  | Density (%) | Hotspot      | Resource               | DRVs       |
|                         | HEPG (ns) | ALL (ns) | HEPG (ns) | ALL (ns) |             | Max  | Total | Real (s) | Memory (MB) | Tran | Cap |
|-------------------------+-----------+----------+-----------+----------+-------------+------+-------+----------+-------------+------+-----|
| initial_summary         |           |   -0.084 |           |       -0 |       62.22 |      |       | 0:00:01  |        6640 |    0 |   1 |
| route_type_refinement   |           |          |           |          |             |      |       | 0:00:01  |        6648 |      |     |
| simplify_netlist        |           |          |           |          |             |      |       | 0:00:01  |        6640 |      |     |
| excluded_clk_net_fixing |           |          |           |          |             |      |       | 0:00:00  |        6640 |      |     |
| drv_fixing              |     0.000 |   -0.084 |         0 |       -0 |       62.22 |      |       | 0:00:01  |        6640 |    0 |   0 |
| global_opt              |           |   -0.081 |           |       -0 |       62.18 |      |       | 0:00:01  |        6697 |      |     |
| global_opt_2            |           |   -0.058 |           |       -0 |       62.25 |      |       | 0:00:02  |        6753 |      |     |
| area_reclaiming         |     0.000 |   -0.055 |         0 |       -0 |       62.00 |      |       | 0:00:01  |        6705 |      |     |
| drv_fixing_2            |     0.000 |   -0.057 |         0 |       -0 |       62.06 |      |       | 0:00:01  |        6713 |    0 |   1 |
| wns_fixing              |     0.000 |    0.058 |         0 |        0 |       62.57 |      |       | 0:00:03  |        6998 |      |     |
| area_reclaiming_2       |     0.000 |    0.001 |         0 |        0 |       62.08 |      |       | 0:00:01  |        6849 |      |     |
| area_reclaiming_3       |     0.000 |    0.001 |         0 |        0 |       62.01 |      |       | 0:00:01  |        6841 |      |     |
| local_wire_reclaim      |           |          |           |          |             |      |       | 0:00:02  |        6841 |      |     |
| global_route            |           |          |           |          |             | 0.00 |  0.00 | 0:00:00  |        6710 |      |     |
| route_type_refinement_2 |           |          |           |          |             |      |       | 0:00:00  |        6710 |      |     |
| drv_eco_fixing          |     0.000 |   -0.028 |         0 |       -0 |       62.08 |      |       | 0:00:00  |        6872 |    0 |   0 |
| tns_eco_fixing          |     0.000 |    0.003 |         0 |        0 |       62.20 |      |       | 0:00:01  |        6952 |      |     |
| final_summary           |           |    0.003 |           |        0 |       62.20 | 0.00 |  0.00 | 0:00:10  |        6832 |    0 |   1 |
 ------------------------------------------------------------------------------------------------------------------------------------------ 
