###############################################################
#  Generated by:      Cadence Innovus 23.15-s106_1
#  OS:                Linux x86_64(Host ID ASIC-vm)
#  Generated on:      Fri Nov 14 15:04:07 2025
#  Design:            matmul_sync
#  Command:           report_clock_timing -type skew    > [file join [get_db flow_report_directory] [get_db flow_report_name] [get_db flow_report_prefix]clock.skew.rpt]
###############################################################

  Clock: clk_i
  Analysis View: slow_0p9v_125c_cmax_scan_shift

        Skew	   Latency	      CPPR	     Clock Pin
---------------------------------------------------------------------------
            	     0.018	          	r    operand_a_i_sr_reg_28/CK
       0.012	    -0.016	    -0.021	r    operand_a_i_sr_reg_27/CK

  Clock: clk_i
  Analysis View: slow_0p9v_125c_cmax_func

        Skew	   Latency	      CPPR	     Clock Pin
---------------------------------------------------------------------------
            	     0.018	          	r    operand_a_i_sr_reg_28/CK
       0.012	    -0.016	    -0.021	r    operand_a_i_sr_reg_27/CK

  Clock: clk_i
  Analysis View: slow_0p9v_125c_cmax_scan_capture

        Skew	   Latency	      CPPR	     Clock Pin
---------------------------------------------------------------------------
            	     0.018	          	r    operand_a_i_sr_reg_28/CK
       0.012	    -0.016	    -0.021	r    operand_a_i_sr_reg_27/CK

