*----------------------------------------------------------------------------------------
*	Innovus 23.15-s106_1 (64bit) 07/16/2025 17:15 (Linux 3.10.0-693.el7.x86_64)
*	
*
* 	Date & Time:	2025-Nov-14 15:04:31 (2025-Nov-14 13:04:31 GMT)
*
*----------------------------------------------------------------------------------------
*
*	Design: matmul_sync
*
*	Liberty Libraries used: 
*	        /opt/soc/tech/cadence/gsclib045_all_v4.8/gsclib045/timing/fast_vdd1v0_basicCells.lib
*	        /opt/soc/tech/cadence/gsclib045_all_v4.8/gsclib045/timing/slow_vdd1v0_basicCells.lib
*
*	Power Domain used: 
*              Rail:        VDD      Voltage:        0.9 
*
*       Dynamic View: slow_0p9v_125c_cmax_func
*
*       Leakage View: slow_0p9v_125c_cmax_func
*
*       User-Defined Activity : N.A.
*
*       Activity File: N.A.
*
*       Hierarchical Global Activity: N.A.
*
*       Global Activity: N.A.
*
*       Sequential Element Activity: 0.200000
*
*       Primary Input Activity: 0.200000
*
*       Default icg ratio: N.A.
*
*       Global Comb ClockGate Ratio: N.A.
*
*	Power Units = 1mW
*
*	Time Units = 1e-09 secs 
*
*       report_power -outfile reports/route/power.all.rpt -no_wrap
*
-----------------------------------------------------------------------------------------


Total Power 
-----------------------------------------------------------------------------------------
Total Internal Power:        0.28555037 	   59.7308%
Total Switching Power:       0.19230301 	   40.2255%
Total Leakage Power:         0.00020848 	    0.0436%
Total Power:                 0.47806186 
-----------------------------------------------------------------------------------------


Group                           Internal   Switching     Leakage       Total  Percentage 
                                Power      Power         Power         Power  (%)        
-----------------------------------------------------------------------------------------
Sequential                       0.04759     0.01091   1.814e-05     0.05851       12.24 
Macro                                  0           0           0           0           0 
IO                                     0           0           0           0           0 
Physical-Only                          0           0   6.849e-05   6.849e-05     0.01433 
Combinational                     0.2359      0.1717   0.0001213      0.4077       85.29 
Clock (Combinational)           0.002062     0.00969   5.783e-07     0.01175       2.458 
Clock (Sequential)                     0           0           0           0           0 
-----------------------------------------------------------------------------------------
Total                             0.2856      0.1923   0.0002085      0.4781         100 
-----------------------------------------------------------------------------------------


Rail                  Voltage   Internal   Switching     Leakage       Total  Percentage 
                                Power      Power         Power         Power  (%)        
-----------------------------------------------------------------------------------------
VDD                       0.9     0.2856      0.1923   0.0002085      0.4781         100 


Clock                           Internal   Switching     Leakage       Total  Percentage 
                                Power      Power         Power         Power  (%)        
-----------------------------------------------------------------------------------------
clk_i                           0.002062     0.00969   5.783e-07     0.01175       2.458 
-----------------------------------------------------------------------------------------
Total (excluding duplicates)    0.002062     0.00969   5.783e-07     0.01175       2.458 
-----------------------------------------------------------------------------------------
Clock: clk_i
Clock Period: 0.005000 usec 
Clock Toggle Rate:   400.0000 Mhz 
Clock Static Probability:  0.5000



-----------------------------------------------------------------------------------------
*	Power Distribution Summary: 
*                Highest Average Power: prects_FE_OFC18_result_o_43 (CLKBUFX16):         0.004666 
*                Highest Leakage Power:   cts_FE_OFC1_result_o_30 (CLKBUFX20):        6.198e-07 
*          Total Cap:      4.55666e-12 F
*          Total instances in design:  2607
*          Total instances in design with no power:     0
*          Total instances in design with no activity:     0
*          Total Fillers and Decap:   593
-----------------------------------------------------------------------------------------

