###############################################################
#  Generated by:      Cadence Innovus 23.15-s106_1
#  OS:                Linux x86_64(Host ID ASIC-vm)
#  Generated on:      Fri Nov 14 15:04:45 2025
#  Design:            matmul_sync
#  Command:           check_metal_density -report reports/route/route.metal_density.rpt
###############################################################

Verify Density report created on Fri Nov 14 15:04:45 2025

###############################################################
# Layer   Metal1 - Window size      : 101.0um X 102.6um
# Layer   Metal1 - Window step      : 101.0um X 102.6um
# Layer   Metal1 - Min Density      : 20%
# Layer   Metal1 - Pref Density     : 35%
# Layer   Metal1 - Max Density      : 65%
# Layer   Metal1 - Ext Density      : 35%
# Layer   Metal2 - Window size      : 101.0um X 102.6um
# Layer   Metal2 - Window step      : 101.0um X 102.6um
# Layer   Metal2 - Min Density      : 20%
# Layer   Metal2 - Pref Density     : 35%
# Layer   Metal2 - Max Density      : 65%
# Layer   Metal2 - Ext Density      : 35%
# Layer   Metal3 - Window size      : 101.0um X 102.6um
# Layer   Metal3 - Window step      : 101.0um X 102.6um
# Layer   Metal3 - Min Density      : 20%
# Layer   Metal3 - Pref Density     : 35%
# Layer   Metal3 - Max Density      : 65%
# Layer   Metal3 - Ext Density      : 35%
# Layer   Metal4 - Window size      : 101.0um X 102.6um
# Layer   Metal4 - Window step      : 101.0um X 102.6um
# Layer   Metal4 - Min Density      : 20%
# Layer   Metal4 - Pref Density     : 35%
# Layer   Metal4 - Max Density      : 65%
# Layer   Metal4 - Ext Density      : 35%
# Layer   Metal5 - Window size      : 101.0um X 102.6um
# Layer   Metal5 - Window step      : 101.0um X 102.6um
# Layer   Metal5 - Min Density      : 20%
# Layer   Metal5 - Pref Density     : 35%
# Layer   Metal5 - Max Density      : 65%
# Layer   Metal5 - Ext Density      : 35%
# Layer   Metal6 - Window size      : 101.0um X 102.6um
# Layer   Metal6 - Window step      : 101.0um X 102.6um
# Layer   Metal6 - Min Density      : 20%
# Layer   Metal6 - Pref Density     : 35%
# Layer   Metal6 - Max Density      : 65%
# Layer   Metal6 - Ext Density      : 35%
# Layer   Metal7 - Window size      : 101.0um X 102.6um
# Layer   Metal7 - Window step      : 101.0um X 102.6um
# Layer   Metal7 - Min Density      : 20%
# Layer   Metal7 - Pref Density     : 35%
# Layer   Metal7 - Max Density      : 65%
# Layer   Metal7 - Ext Density      : 35%
# Layer   Metal8 - Window size      : 101.0um X 102.6um
# Layer   Metal8 - Window step      : 101.0um X 102.6um
# Layer   Metal8 - Min Density      : 20%
# Layer   Metal8 - Pref Density     : 35%
# Layer   Metal8 - Max Density      : 65%
# Layer   Metal8 - Ext Density      : 35%
# Layer   Metal9 - Window size      : 101.0um X 102.6um
# Layer   Metal9 - Window step      : 101.0um X 102.6um
# Layer   Metal9 - Min Density      : 20%
# Layer   Metal9 - Pref Density     : 35%
# Layer   Metal9 - Max Density      : 65%
# Layer   Metal9 - Ext Density      : 35%
# Layer  Metal10 - Window size      : 101.0um X 102.6um
# Layer  Metal10 - Window step      : 101.0um X 102.6um
# Layer  Metal10 - Min Density      : 20%
# Layer  Metal10 - Pref Density     : 35%
# Layer  Metal10 - Max Density      : 65%
# Layer  Metal10 - Ext Density      : 35%
# Layer  Metal11 - Window size      : 101.0um X 102.6um
# Layer  Metal11 - Window step      : 101.0um X 102.6um
# Layer  Metal11 - Min Density      : 20%
# Layer  Metal11 - Pref Density     : 35%
# Layer  Metal11 - Max Density      : 65%
# Layer  Metal11 - Ext Density      : 35%
###############################################################


    Layer    Density(%)          Window  
***************************************************

  Metal9        5.40    (0 0) (101 102.6)

  Metal8        5.53    (0 0) (101 102.6)

  Metal7        5.38    (0 0) (101 102.6)

  Metal6        6.16    (0 0) (101 102.6)

  Metal5        4.55    (0 0) (101 102.6)

  Metal4        6.74    (0 0) (101 102.6)

  Metal3        8.10    (0 0) (101 102.6)

  Metal2        7.88    (0 0) (101 102.6)

  Metal1       19.97    (0 0) (101 102.6)


A total of 9 density violation(s).
Windows < Min. Density = 9
Windows > Max. Density = 0
Windows < Min. Union. Density = 0
Windows > Max. Union. Density = 0
