###############################################################
#  Generated by:      Cadence Innovus 23.15-s106_1
#  OS:                Linux x86_64(Host ID ASIC-vm)
#  Generated on:      Fri Nov 14 15:04:01 2025
#  Design:            matmul_sync
#  Command:           report_constraint -late -all_violators -drv_violation_type {max_capacitance max_transition max_fanout} > reports/route/setup.all_violators.rpt
###############################################################
# format : frame 0 : split 0

max_delay/setup
---------------------------
      -------------------------------------------------------------------------------------------------------------------------------------------  
       End Point                                  Slack                                         Cause                                       View   
      -------------------------------------------------------------------------------------------------------------------------------------------  
      result_o[63] f                             -0.019     VIOLATED                                   slow_0p9v_125c_cmax_func
      result_o[15] f                             -0.012     VIOLATED                                   slow_0p9v_125c_cmax_func
      result_o[31] f                             -0.007     VIOLATED                                   slow_0p9v_125c_cmax_func
      result_o[30] f                             -0.006     VIOLATED                                   slow_0p9v_125c_cmax_func
      -------------------------------------------------------------------------------------------------------------------------------------------

Check type : max_capacitance
---------------------------
 No Violations found

Check type : max_transition
---------------------------
     ----------------------------------------------------------------------------------------------  
      Pin Name               Required          Actual            Slack             View              
     ----------------------------------------------------------------------------------------------  
     prects_FE_OFC102_result_o_54/A   0.250             0.253             -0.003            slow_0p9v_125c_cmax_func
     FE_OFC10_result_o_61/A   0.250             0.252             -0.002            slow_0p9v_125c_cmax_func

Check type : max_fanout
---------------------------
 No Violations found
