###############################################################
#  Generated by:      Cadence Innovus 23.15-s106_1
#  OS:                Linux x86_64(Host ID ASIC-vm)
#  Generated on:      Fri Nov 14 15:04:01 2025
#  Design:            matmul_sync
#  Command:           report_timing_summary -checks {setup drv} > [file join [get_db flow_report_directory] [get_db flow_report_name] [get_db flow_report_prefix]setup.analysis_summary.rpt]
###############################################################
# SETUP                 WNS     TNS   FEP   
#------------------------------------------
 View : ALL          -0.019  -0.044     4  
    Group : in2reg    1.051   0.000     0  
    Group : reg2out  -0.019  -0.044     4  
    Group : reg2reg   9.045   0.000     0  
    Group : Default   0.124   0.000     0  
                                           
#------------------------------------------
 
# DRV                           WNS     TNS   FEP   
#--------------------------------------------------
 View : ALL                                        
    Check : max_transition   -0.003  -0.004     2  
    Check : min_transition      N/A     N/A     0  
    Check : max_capacitance     N/A     N/A     0  
    Check : min_capacitance     N/A     N/A     0  
    Check : max_fanout          N/A     N/A     0  
    Check : min_fanout          N/A     N/A     0  
                                                   
#--------------------------------------------------
 
