###############################################################
#  Generated by:      Cadence Innovus 23.15-s106_1
#  OS:                Linux x86_64(Host ID ASIC-vm)
#  Generated on:      Fri Nov 14 15:04:04 2025
#  Design:            matmul_sync
#  Command:           report_timing -max_paths 1   -nworst 1 -path_type full_clock -net > [get_db flow_report_directory]/[get_db flow_report_name]/setup.worst.rpt
###############################################################
Path 1: VIOLATED (-0.019 ns) Late Output Delay Assertion
               View: slow_0p9v_125c_cmax_func
              Group: reg2out
         Startpoint: (R) operand_b_i_sr_reg_13/CK
              Clock: (R) clk_i
           Endpoint: (F) result_o[63]
              Clock: (R) clk_i_virtual

                       Capture       Launch
         Clock Edge:+    5.000        0.000
         Drv Adjust:+    0.000        0.012
        Src Latency:+    0.000       -0.137
        Net Latency:+    0.000 (I)    0.143 (P)
            Arrival:=    5.000        0.018

       Output Delay:-    1.500
        Uncertainty:-    0.055
        Cppr Adjust:+    0.000
      Required Time:=    3.445
       Launch Clock:=    0.018
          Data Path:+    3.446
              Slack:=   -0.019

#-----------------------------------------------------------------------------------------------------------------------------------------
# Timing Point                                        Net  Cell        Fanout   Load  Trans   Delay    Incr  Arrival  Edge  User    Power  
#                                                                               (pf)   (ns)    (ns)   Delay     (ns)        Derate  Domain  
#-----------------------------------------------------------------------------------------------------------------------------------------
  clk_i                                               -    (arrival)        1  0.004  0.051   0.001   0.000   -0.124  R     -       pd_aon  
  clk_i                                               -    (net)            1  0.004      -       -       -        -  R     -       -  
  CTS_ccl_a_inv_00012/Y                               -    CLKINVX6         3  0.011  0.056   0.067   0.000   -0.057  F      1.030  pd_aon  
  CTS_4                                               -    (net)            3  0.011      -       -       -        -  F     -       -  
  CTS_ccl_a_inv_00008/Y                               -    CLKINVX6        21  0.016  0.075   0.075   0.000    0.018  R      1.030  pd_aon  
  CTS_2                                               -    (net)           21  0.016      -       -       -        -  R     -       -  
  operand_b_i_sr_reg_13/Q                             -    SDFFSRHQX4      17  0.015  0.075   0.339   0.000    0.357  R      1.079  pd_aon  
  operand_b_i_sr_13                                   -    (net)           17  0.015      -       -       -        -  R     -       -  
  WALLACE_CSA_DUMMY_OP_groupi59_g3683__8428/Y         -    AND2XL           1  0.002  0.105   0.196   0.000    0.553  R      1.079  pd_aon  
  WALLACE_CSA_DUMMY_OP_groupi59_n_112                 -    (net)            1  0.002      -       -       -        -  R     -       -  
  WALLACE_CSA_DUMMY_OP_groupi59_g3509__4319/S         -    ADDFX1           1  0.001  0.088   0.363   0.000    0.916  F      1.079  pd_aon  
  WALLACE_CSA_DUMMY_OP_groupi59_n_281                 -    (net)            1  0.001      -       -       -        -  F     -       -  
  WALLACE_CSA_DUMMY_OP_groupi59_g3439__1705/S         -    ADDFXL           1  0.001  0.059   0.294   0.000    1.210  R      1.079  pd_aon  
  WALLACE_CSA_DUMMY_OP_groupi59_n_361                 -    (net)            1  0.001      -       -       -        -  R     -       -  
  WALLACE_CSA_DUMMY_OP_groupi59_g3413__2883/S         -    ADDFX1           2  0.001  0.057   0.311   0.000    1.521  F      1.079  pd_aon  
  WALLACE_CSA_DUMMY_OP_groupi59_n_404                 -    (net)            2  0.001      -       -       -        -  F     -       -  
  WALLACE_CSA_DUMMY_OP_groupi59_g3401__7098/Y         -    XNOR2X1          2  0.001  0.065   0.202   0.000    1.723  R      1.079  pd_aon  
  WALLACE_CSA_DUMMY_OP_groupi59_n_412                 -    (net)            2  0.001      -       -       -        -  R     -       -  
  WALLACE_CSA_DUMMY_OP_groupi59_g3794__2346/Y         -    AND2X1           2  0.002  0.050   0.177   0.000    1.901  R      1.079  pd_aon  
  WALLACE_CSA_DUMMY_OP_groupi59_n_24                  -    (net)            2  0.002      -       -       -        -  R     -       -  
  WALLACE_CSA_DUMMY_OP_groupi59_g3363__1705/Y         -    NOR3X4           2  0.002  0.071   0.076   0.000    1.977  F      1.079  pd_aon  
  WALLACE_CSA_DUMMY_OP_groupi59_n_456                 -    (net)            2  0.002      -       -       -        -  F     -       -  
  FE_RC_267_0/Y                                       -    OAI21X4          3  0.003  0.057   0.083   0.000    2.060  R      1.079  pd_aon  
  WALLACE_CSA_DUMMY_OP_groupi59_n_468                 -    (net)            3  0.003      -       -       -        -  R     -       -  
  FE_RC_254_0/Y                                       -    NAND2BX4         1  0.001  0.079   0.085   0.000    2.146  F      1.079  pd_aon  
  FE_RN_197_0                                         -    (net)            1  0.001      -       -       -        -  F     -       -  
  FE_RC_253_0/Y                                       -    NAND2X2          2  0.002  0.070   0.063   0.000    2.208  R      1.079  pd_aon  
  WALLACE_CSA_DUMMY_OP_groupi59_n_490                 -    (net)            2  0.002      -       -       -        -  R     -       -  
  cts_FE_OFC26_WALLACE_CSA_DUMMY_OP_groupi59_n_490/Y  -    INVX2            2  0.003  0.053   0.063   0.000    2.271  F      1.079  pd_aon  
  n_672                                               -    (net)            2  0.003      -       -       -        -  F     -       -  
  FE_RC_20_0/Y                                        -    OAI31X4          2  0.002  0.058   0.099   0.000    2.370  R      1.079  pd_aon  
  WALLACE_CSA_DUMMY_OP_groupi59_n_496                 -    (net)            2  0.002      -       -       -        -  R     -       -  
  FE_RC_116_0/Y                                       -    NAND2BX2         1  0.002  0.099   0.114   0.000    2.484  F      1.079  pd_aon  
  FE_RN_92_0                                          -    (net)            1  0.002      -       -       -        -  F     -       -  
  FE_RC_115_0/Y                                       -    NAND2X4          3  0.004  0.098   0.073   0.000    2.558  R      1.079  pd_aon  
  WALLACE_CSA_DUMMY_OP_groupi59_n_498                 -    (net)            3  0.004      -       -       -        -  R     -       -  
  FE_RC_81_0/Y                                        -    NAND2X4          1  0.002  0.058   0.076   0.000    2.633  F      1.079  pd_aon  
  FE_RN_63_0                                          -    (net)            1  0.002      -       -       -        -  F     -       -  
  FE_RC_80_0/Y                                        -    NAND2X4          3  0.003  0.069   0.058   0.000    2.691  R      1.079  pd_aon  
  WALLACE_CSA_DUMMY_OP_groupi59_n_500                 -    (net)            3  0.003      -       -       -        -  R     -       -  
  FE_RC_25_0/Y                                        -    NAND2X4          1  0.002  0.058   0.082   0.000    2.773  F      1.079  pd_aon  
  FE_RN_20_0                                          -    (net)            1  0.002      -       -       -        -  F     -       -  
  FE_RC_24_0/Y                                        -    NAND2X6          3  0.003  0.081   0.058   0.000    2.832  R      1.079  pd_aon  
  WALLACE_CSA_DUMMY_OP_groupi59_n_502                 -    (net)            3  0.003      -       -       -        -  R     -       -  
  FE_RC_215_0/Y                                       -    NAND2X4          1  0.002  0.059   0.076   0.000    2.908  F      1.079  pd_aon  
  FE_RN_158_0                                         -    (net)            1  0.002      -       -       -        -  F     -       -  
  FE_RC_214_0/Y                                       -    NAND2X4          3  0.003  0.069   0.056   0.000    2.964  R      1.079  pd_aon  
  WALLACE_CSA_DUMMY_OP_groupi59_n_504                 -    (net)            3  0.003      -       -       -        -  R     -       -  
  cts_FE_RC_12_0/Y                                    -    NAND2X4          1  0.002  0.066   0.080   0.000    3.044  F      1.079  pd_aon  
  FE_RN_5_2                                           -    (net)            1  0.002      -       -       -        -  F     -       -  
  cts_FE_RC_11_0/Y                                    -    NAND2X4          2  0.001  0.070   0.052   0.000    3.096  R      1.079  pd_aon  
  WALLACE_CSA_DUMMY_OP_groupi59_n_506                 -    (net)            2  0.001      -       -       -        -  R     -       -  
  FE_RC_78_0/Y                                        -    NOR2X1           1  0.000  0.044   0.049   0.000    3.145  F      1.079  pd_aon  
  FE_RN_57_0                                          -    (net)            1  0.000      -       -       -        -  F     -       -  
  FE_RC_178_0/Y                                       -    AO21X4           1  0.007  0.042   0.195   0.000    3.341  F      1.079  pd_aon  
  FE_OFN169_result_o_63                               -    (net)            1  0.007      -       -       -        -  F     -       -  
  FE_OFC281_result_o_63/Y                             -    CLKBUFX16        1  0.011  0.088   0.123   0.000    3.464  F      1.079  pd_aon  
  result_o[63]                                        -    (net)            1  0.011      -       -       -        -  F     -       -  
  result_o[63]                                        -    -                1  0.011  0.042   0.000   0.000    3.464  F      1.070  pd_aon  
#-----------------------------------------------------------------------------------------------------------------------------------------

