============================================================
  Generated by:           Genus(TM) Synthesis Solution 23.15-s099_1
  Generated on:           Nov 14 2025  02:40:34 pm
  Module:                 matmul_sync
  Operating conditions:   PVT_0P9V_125C 
  Interconnect mode:      spatial
  Area mode:              physical library
============================================================

                                  Leakage   Internal                 Library 
   Gate     Instances    Area   Power (mW) Power (mW)     Library     Domain 
-----------------------------------------------------------------------------
ACHCONX2            4    50.616      0.000      0.002    slow_vdd1v0       0 
ADDFHX1            26   195.624      0.000      0.008    slow_vdd1v0       0 
ADDFHX2            20   164.160      0.000      0.009    slow_vdd1v0       0 
ADDFHXL            80   601.920      0.000      0.012    slow_vdd1v0       0 
ADDFX1             14    71.820      0.000      0.002    slow_vdd1v0       0 
ADDFX2              4    31.464      0.000      0.001    slow_vdd1v0       0 
ADDFXL            196  1340.640      0.000      0.019    slow_vdd1v0       0 
ADDHXL             36   172.368      0.000      0.002    slow_vdd1v0       0 
AND2X1              4     5.472      0.000      0.000    slow_vdd1v0       0 
AND2XL            228   311.904      0.000      0.004    slow_vdd1v0       0 
AO21XL              4     9.576      0.000      0.000    slow_vdd1v0       0 
AOI21X2            12    32.832      0.000      0.001    slow_vdd1v0       0 
AOI21X4             8    41.040      0.000      0.001    slow_vdd1v0       0 
AOI2BB1XL           8    16.416      0.000      0.001    slow_vdd1v0       0 
AOI2BB2X4           4    30.096      0.000      0.001    slow_vdd1v0       0 
BUFX2               8    13.680      0.000      0.000    slow_vdd1v0       0 
BUFX3              96   196.992      0.000      0.007    slow_vdd1v0       0 
CLKAND2X2          16    32.832      0.000      0.001    slow_vdd1v0       0 
CLKINVX1            8     8.208      0.000      0.000    slow_vdd1v0       0 
CLKINVX2            2     2.736      0.000      0.000    slow_vdd1v0       0 
CLKINVX3            2     3.420      0.000      0.000    slow_vdd1v0       0 
CLKINVX4           15    25.650      0.000      0.001    slow_vdd1v0       0 
CLKINVX6           11    26.334      0.000      0.001    slow_vdd1v0       0 
CLKXOR2X1          12    32.832      0.000      0.001    slow_vdd1v0       0 
CLKXOR2X2           4    13.680      0.000      0.000    slow_vdd1v0       0 
INVX1             100    68.400      0.000      0.001    slow_vdd1v0       0 
INVX2              98   100.548      0.000      0.002    slow_vdd1v0       0 
INVX3              51    69.768      0.000      0.002    slow_vdd1v0       0 
INVXL              28    19.152      0.000      0.000    slow_vdd1v0       0 
MXI2X1             20    54.720      0.000      0.002    slow_vdd1v0       0 
MXI2X2              2     8.892      0.000      0.000    slow_vdd1v0       0 
MXI2X6              2    10.260      0.000      0.001    slow_vdd1v0       0 
MXI2XL              4     9.576      0.000      0.000    slow_vdd1v0       0 
NAND2BX2            8    19.152      0.000      0.001    slow_vdd1v0       0 
NAND2BXL            8    10.944      0.000      0.000    slow_vdd1v0       0 
NAND2X1            20    20.520      0.000      0.000    slow_vdd1v0       0 
NAND2X2            20    34.200      0.000      0.001    slow_vdd1v0       0 
NAND2X4             4    13.680      0.000      0.001    slow_vdd1v0       0 
NAND2XL            36    36.936      0.000      0.000    slow_vdd1v0       0 
NOR2BX1            16    21.888      0.000      0.001    slow_vdd1v0       0 
NOR2BX2             8    21.888      0.000      0.000    slow_vdd1v0       0 
NOR2BXL            24    41.040      0.000      0.000    slow_vdd1v0       0 
NOR2X1            124   127.224      0.000      0.002    slow_vdd1v0       0 
NOR2X2             68   116.280      0.000      0.003    slow_vdd1v0       0 
NOR2X4             24    73.872      0.000      0.002    slow_vdd1v0       0 
NOR2XL            124   127.224      0.000      0.001    slow_vdd1v0       0 
NOR3X4              4    20.520      0.000      0.001    slow_vdd1v0       0 
OAI21X1            12    20.520      0.000      0.000    slow_vdd1v0       0 
OAI21X2             8    24.624      0.000      0.001    slow_vdd1v0       0 
OAI21X4             4    19.152      0.000      0.001    slow_vdd1v0       0 
OAI21XL            20    34.200      0.000      0.001    slow_vdd1v0       0 
OAI2BB1X1           4     6.840      0.000      0.001    slow_vdd1v0       0 
OAI2BB1XL          12    24.624      0.000      0.001    slow_vdd1v0       0 
OAI31X4             4    27.360      0.000      0.002    slow_vdd1v0       0 
OR2X1               8    10.944      0.000      0.001    slow_vdd1v0       0 
OR2XL              28    38.304      0.000      0.002    slow_vdd1v0       0 
SDFFRHQX4           4    49.248      0.000      0.003    slow_vdd1v0       0 
SDFFSRHQX2         26   364.572      0.000      0.017    slow_vdd1v0       0 
SDFFSRHQX4         30   441.180      0.000      0.021    slow_vdd1v0       0 
SDFFSRX1            2    25.308      0.000      0.001    slow_vdd1v0       0 
SDFFSRX2            2    32.148      0.000      0.001    slow_vdd1v0       0 
XNOR2X1            16    38.304      0.000      0.002    slow_vdd1v0       0 
XNOR2X2            20    61.560      0.000      0.005    slow_vdd1v0       0 
XNOR2XL            20    54.720      0.000      0.001    slow_vdd1v0       0 
XNOR3XL             8    60.192      0.000      0.001    slow_vdd1v0       0 
XOR2X2              4    13.680      0.000      0.001    slow_vdd1v0       0 
XOR2XL             44   120.384      0.000      0.003    slow_vdd1v0       0 
XOR3X1              4    30.096      0.000      0.000    slow_vdd1v0       0 
-----------------------------------------------------------------------------
total            1895  5956.956      0.000      0.163                


                                           Leakage  Leakage  Internal  Internal 
     Type      Instances   Area   Area % Power (mW) Power % Power (mW)  Power % 
--------------------------------------------------------------------------------
sequential            64  912.456   15.3      0.000    13.6      0.044     27.0 
inverter             315  324.216    5.4      0.000    10.9      0.007      4.1 
buffer               104  210.672    3.5      0.000     7.3      0.008      4.7 
logic               1412 4509.612   75.7      0.000    68.1      0.105     64.2 
physical_cells         0    0.000    0.0      0.000     0.0      0.000      0.0 
--------------------------------------------------------------------------------
total               1895 5956.956  100.0      0.000   100.0      0.163    100.0 

