============================================================
  Generated by:           Genus(TM) Synthesis Solution 23.15-s099_1
  Generated on:           Nov 14 2025  02:40:31 pm
  Module:                 matmul_sync
  Library domain:         slow_0p9v_125c
    Domain index:         0
    Technology library:   slow_vdd1v0 1.0
  Operating conditions:   PVT_0P9V_125C 
  Interconnect mode:      spatial
  Area mode:              physical library
============================================================

Timing
--------

          Analysis view              Clock      Period 
-------------------------------------------------------
slow_0p9v_125c_cmax_func         clk_i          5000.0 
                                 clk_i_virtual  5000.0 
slow_0p9v_125c_cmax_scan_capture clk_i         10000.0 
                                 clk_i_virtual 10000.0 
slow_0p9v_125c_cmax_scan_shift   clk_i         10000.0 
                                 clk_i_virtual 10000.0 


            Analysis               Cost   Critical        Violating 
              View                Group  Path Slack  TNS    Paths   
--------------------------------------------------------------------
slow_0p9v_125c_cmax_func         default   No paths  0.0          0 
                                  in2out   No paths  0.0          0 
                                  in2reg     1151.8  0.0          0 
                                 reg2out        0.8  0.0          0 
                                 reg2reg   No paths  0.0          0 
--------------------------------------------------------------------
Total                                               -0.0          0 
                                                                    
slow_0p9v_125c_cmax_scan_capture default   No paths  0.0          0 
                                  in2out   No paths  0.0          0 
                                  in2reg     8501.8  0.0          0 
                                 reg2out     5350.8  0.0          0 
                                 reg2reg   No paths  0.0          0 
--------------------------------------------------------------------
Total                                               -0.0          0 
                                                                    
slow_0p9v_125c_cmax_scan_shift   default   No paths  0.0          0 
                                  in2out   No paths  0.0          0 
                                  in2reg     8501.8  0.0          0 
                                 reg2out     5350.8  0.0          0 
                                 reg2reg   No paths  0.0          0 
--------------------------------------------------------------------
Total                                               -0.0          0 
                                                                    

Instance Count
--------------
Leaf Instance Count             1895 
Physical Instance count            0 
Sequential Instance Count         64 
Combinational Instance Count    1831 
Hierarchical Instance Count        0 

Area
----
Cell Area                          5956.956
Physical Cell Area                 0.000
Total Cell Area (Cell+Physical)    5956.956
Net Area                           1450.371
Total Area (Cell+Physical+Net)     7407.327

Power
-----
Leakage Power                      0.000 mW
Dynamic Power                      0.296 mW
Total Power                        0.296 mW

Floorplan Utilization              66.89%
Max Fanout                         64 (clk_i)
Min Fanout                         0 (n_2)
Average Fanout                     1.7
Terms to net ratio                 2.7325
Terms to instance ratio            3.3741
Runtime                            54.026161 seconds
Elapsed Runtime                    74 seconds
Genus peak memory usage            1461.70 
Innovus peak memory usage          no_value 
Hostname                           ASIC-vm
