============================================================
  Generated by:           Genus(TM) Synthesis Solution 23.15-s099_1
  Generated on:           Nov 14 2025  02:40:36 pm
  Module:                 matmul_sync
  Operating conditions:   PVT_0P9V_125C 
  Interconnect mode:      spatial
  Area mode:              physical library
============================================================

Mode slow_0p9v_125c_cmax_func:
Max_transition design rule (violation total = 9432)
Pin                                                     Slew           Max     Violation
------------------------------------------------------------------------------------------
WALLACE_CSA_DUMMY_OP_groupi_g3322__5107/S                280           250            30
  --> Other violations on net                                    235
WALLACE_CSA_DUMMY_OP_groupi_g3323__6260/S                280           250            30
  --> Other violations on net                                    235
WALLACE_CSA_DUMMY_OP_groupi_g3324__4319/S                280           250            30
  --> Other violations on net                                    235
WALLACE_CSA_DUMMY_OP_groupi57_g3323__6161/S              280           250            30
  --> Other violations on net                                    235
WALLACE_CSA_DUMMY_OP_groupi57_g3322__4733/S              280           250            30
  --> Other violations on net                                    235
WALLACE_CSA_DUMMY_OP_groupi58_g3322__3680/S              280           250            30
  --> Other violations on net                                    235
WALLACE_CSA_DUMMY_OP_groupi59_g3324/S                    280           250            30
  --> Other violations on net                                    235
WALLACE_CSA_DUMMY_OP_groupi59_g3323/S                    280           250            30
  --> Other violations on net                                    235
WALLACE_CSA_DUMMY_OP_groupi59_g3322/S                    280           250            30
  --> Other violations on net                                    235
WALLACE_CSA_DUMMY_OP_groupi58_g3323__1617/S              280           250            30
  --> Other violations on net                                    235
WALLACE_CSA_DUMMY_OP_groupi58_g3324__2802/S              280           250            30
  --> Other violations on net                                    235
WALLACE_CSA_DUMMY_OP_groupi57_g3324__9315/S              280           250            30
  --> Other violations on net                                    235
WALLACE_CSA_DUMMY_OP_groupi58_g3460__8428/S              178           250             0
  --> Other violations on net                                    133
WALLACE_CSA_DUMMY_OP_groupi57_g3460__1881/S              178           250             0
  --> Other violations on net                                    133
WALLACE_CSA_DUMMY_OP_groupi59_g3460/S                    178           250             0
  --> Other violations on net                                    133
WALLACE_CSA_DUMMY_OP_groupi_g3460__6417/S                178           250             0
  --> Other violations on net                                    133
WALLACE_CSA_DUMMY_OP_groupi_g3326__5526/S                170           250             0
  --> Other violations on net                                    125
WALLACE_CSA_DUMMY_OP_groupi58_g3326__5122/S              170           250             0
  --> Other violations on net                                    125
WALLACE_CSA_DUMMY_OP_groupi57_g3326__2883/S              170           250             0
  --> Other violations on net                                    125
WALLACE_CSA_DUMMY_OP_groupi59_g3326/S                    170           250             0
  --> Other violations on net                                    125
WALLACE_CSA_DUMMY_OP_groupi_g3325__8428/S                170           250             0
  --> Other violations on net                                    125
WALLACE_CSA_DUMMY_OP_groupi57_g3325__9945/S              170           250             0
  --> Other violations on net                                    125
WALLACE_CSA_DUMMY_OP_groupi59_g3325/S                    170           250             0
  --> Other violations on net                                    125
WALLACE_CSA_DUMMY_OP_groupi58_g3325__1705/S              170           250             0
  --> Other violations on net                                    125
WALLACE_CSA_DUMMY_OP_groupi59_g3334/S                    170           250             0
  --> Other violations on net                                    125
WALLACE_CSA_DUMMY_OP_groupi57_g3334__5107/S              170           250             0
  --> Other violations on net                                    125
WALLACE_CSA_DUMMY_OP_groupi58_g3334__4733/S              170           250             0
  --> Other violations on net                                    125
WALLACE_CSA_DUMMY_OP_groupi_g3334__8246/S                170           250             0
  --> Other violations on net                                    125
WALLACE_CSA_DUMMY_OP_groupi59_g3419/S                    170           250             0
  --> Other violations on net                                    124
WALLACE_CSA_DUMMY_OP_groupi_g3419__7410/S                170           250             0
  --> Other violations on net                                    124
WALLACE_CSA_DUMMY_OP_groupi57_g3419__6131/S              170           250             0
  --> Other violations on net                                    124
WALLACE_CSA_DUMMY_OP_groupi58_g3419__4319/S              170           250             0
  --> Other violations on net                                    124
WALLACE_CSA_DUMMY_OP_groupi58_g3398__6131/S              169           250             0
  --> Other violations on net                                    124
WALLACE_CSA_DUMMY_OP_groupi57_g3398__7410/S              169           250             0
  --> Other violations on net                                    124
WALLACE_CSA_DUMMY_OP_groupi59_g3398/S                    169           250             0
  --> Other violations on net                                    124
WALLACE_CSA_DUMMY_OP_groupi_g3398__1617/S                169           250             0
  --> Other violations on net                                    124
WALLACE_CSA_DUMMY_OP_groupi_g3566__6161/Y                160           250             0
  --> Other violations on net                                    115
WALLACE_CSA_DUMMY_OP_groupi58_g3327__8246/Y              160           250             0
  --> Other violations on net                                    115
WALLACE_CSA_DUMMY_OP_groupi57_g3566__1617/Y              160           250             0
  --> Other violations on net                                    115
WALLACE_CSA_DUMMY_OP_groupi59_g3566/Y                    160           250             0
  --> Other violations on net                                    115
WALLACE_CSA_DUMMY_OP_groupi59_g3327/Y                    160           250             0
  --> Other violations on net                                    115
WALLACE_CSA_DUMMY_OP_groupi57_g3327__2346/Y              160           250             0
  --> Other violations on net                                    115
WALLACE_CSA_DUMMY_OP_groupi58_g3566__7410/Y              160           250             0
  --> Other violations on net                                    115
WALLACE_CSA_DUMMY_OP_groupi_g3327__6783/Y                160           250             0
  --> Other violations on net                                    115
WALLACE_CSA_DUMMY_OP_groupi59_g3378/Y                    160           250             0
  --> Other violations on net                                    115
WALLACE_CSA_DUMMY_OP_groupi58_g3378__5477/Y              160           250             0
  --> Other violations on net                                    115
WALLACE_CSA_DUMMY_OP_groupi_g3378__9945/Y                160           250             0
  --> Other violations on net                                    115
WALLACE_CSA_DUMMY_OP_groupi57_g3378__1705/Y              160           250             0
  --> Other violations on net                                    115
WALLACE_CSA_DUMMY_OP_groupi59_g3793/Y                    160           250             0
  --> Other violations on net                                    115
WALLACE_CSA_DUMMY_OP_groupi58_g3793/Y                    160           250             0
  --> Other violations on net                                    115
WALLACE_CSA_DUMMY_OP_groupi_g3793__6161/Y                160           250             0
  --> Other violations on net                                    115
WALLACE_CSA_DUMMY_OP_groupi57_g3793__1617/Y              160           250             0
  --> Other violations on net                                    115
WALLACE_CSA_DUMMY_OP_groupi_g3361__6783/Y                160           250             0
  --> Other violations on net                                    115
WALLACE_CSA_DUMMY_OP_groupi57_g3361__2346/Y              160           250             0
  --> Other violations on net                                    115
WALLACE_CSA_DUMMY_OP_groupi59_g3361/Y                    160           250             0
  --> Other violations on net                                    115
WALLACE_CSA_DUMMY_OP_groupi58_g3361__8246/Y              160           250             0
  --> Other violations on net                                    115
WALLACE_CSA_DUMMY_OP_groupi58_g3321__6783/Y              160           250             0
  --> Other violations on net                                    115
WALLACE_CSA_DUMMY_OP_groupi_g3321__2398/Y                160           250             0
  --> Other violations on net                                    115
WALLACE_CSA_DUMMY_OP_groupi59_g3321/Y                    160           250             0
  --> Other violations on net                                    115
WALLACE_CSA_DUMMY_OP_groupi57_g3321__7482/Y              160           250             0
  --> Other violations on net                                    115
WALLACE_CSA_DUMMY_OP_groupi57_g3330__6417/Y              160           250             0
  --> Other violations on net                                    114
WALLACE_CSA_DUMMY_OP_groupi58_g3330__1881/Y              160           250             0
  --> Other violations on net                                    114
WALLACE_CSA_DUMMY_OP_groupi_g3330__2802/Y                160           250             0
  --> Other violations on net                                    114
WALLACE_CSA_DUMMY_OP_groupi59_g3330/Y                    160           250             0
  --> Other violations on net                                    114


Max_capacitance design rule (violation total = 345.6)
Pin                                                Load (ff)           Max     Violation
------------------------------------------------------------------------------------------
WALLACE_CSA_DUMMY_OP_groupi57_g3566__1617/Y             10.4         300.0           0.0
  --> Other violations on net                                    5.4
WALLACE_CSA_DUMMY_OP_groupi59_g3460/S                   10.4         300.0           0.0
  --> Other violations on net                                    5.4
WALLACE_CSA_DUMMY_OP_groupi59_g3419/S                   10.4         300.0           0.0
  --> Other violations on net                                    5.4
WALLACE_CSA_DUMMY_OP_groupi59_g3398/S                   10.4         300.0           0.0
  --> Other violations on net                                    5.4
WALLACE_CSA_DUMMY_OP_groupi59_g3378/Y                   10.4         300.0           0.0
  --> Other violations on net                                    5.4
WALLACE_CSA_DUMMY_OP_groupi59_g3361/Y                   10.4         300.0           0.0
  --> Other violations on net                                    5.4
WALLACE_CSA_DUMMY_OP_groupi59_g3793/Y                   10.4         300.0           0.0
  --> Other violations on net                                    5.4
WALLACE_CSA_DUMMY_OP_groupi59_g3334/S                   10.4         300.0           0.0
  --> Other violations on net                                    5.4
WALLACE_CSA_DUMMY_OP_groupi59_g3330/Y                   10.4         300.0           0.0
  --> Other violations on net                                    5.4
WALLACE_CSA_DUMMY_OP_groupi59_g3327/Y                   10.4         300.0           0.0
  --> Other violations on net                                    5.4
WALLACE_CSA_DUMMY_OP_groupi59_g3326/S                   10.4         300.0           0.0
  --> Other violations on net                                    5.4
WALLACE_CSA_DUMMY_OP_groupi59_g3325/S                   10.4         300.0           0.0
  --> Other violations on net                                    5.4
WALLACE_CSA_DUMMY_OP_groupi59_g3324/S                   10.4         250.0           0.0
  --> Other violations on net                                    5.4
WALLACE_CSA_DUMMY_OP_groupi59_g3323/S                   10.4         250.0           0.0
  --> Other violations on net                                    5.4
WALLACE_CSA_DUMMY_OP_groupi59_g3322/S                   10.4         250.0           0.0
  --> Other violations on net                                    5.4
WALLACE_CSA_DUMMY_OP_groupi59_g3321/Y                   10.4         300.0           0.0
  --> Other violations on net                                    5.4
WALLACE_CSA_DUMMY_OP_groupi58_g3566__7410/Y             10.4         300.0           0.0
  --> Other violations on net                                    5.4
WALLACE_CSA_DUMMY_OP_groupi58_g3460__8428/S             10.4         300.0           0.0
  --> Other violations on net                                    5.4
WALLACE_CSA_DUMMY_OP_groupi58_g3419__4319/S             10.4         300.0           0.0
  --> Other violations on net                                    5.4
WALLACE_CSA_DUMMY_OP_groupi58_g3398__6131/S             10.4         300.0           0.0
  --> Other violations on net                                    5.4
WALLACE_CSA_DUMMY_OP_groupi58_g3378__5477/Y             10.4         300.0           0.0
  --> Other violations on net                                    5.4
WALLACE_CSA_DUMMY_OP_groupi58_g3361__8246/Y             10.4         300.0           0.0
  --> Other violations on net                                    5.4
WALLACE_CSA_DUMMY_OP_groupi58_g3793/Y                   10.4         300.0           0.0
  --> Other violations on net                                    5.4
WALLACE_CSA_DUMMY_OP_groupi58_g3334__4733/S             10.4         300.0           0.0
  --> Other violations on net                                    5.4
WALLACE_CSA_DUMMY_OP_groupi58_g3330__1881/Y             10.4         300.0           0.0
  --> Other violations on net                                    5.4
WALLACE_CSA_DUMMY_OP_groupi58_g3327__8246/Y             10.4         300.0           0.0
  --> Other violations on net                                    5.4
WALLACE_CSA_DUMMY_OP_groupi58_g3326__5122/S             10.4         300.0           0.0
  --> Other violations on net                                    5.4
WALLACE_CSA_DUMMY_OP_groupi58_g3325__1705/S             10.4         300.0           0.0
  --> Other violations on net                                    5.4
WALLACE_CSA_DUMMY_OP_groupi58_g3324__2802/S             10.4         250.0           0.0
  --> Other violations on net                                    5.4
WALLACE_CSA_DUMMY_OP_groupi58_g3323__1617/S             10.4         250.0           0.0
  --> Other violations on net                                    5.4
WALLACE_CSA_DUMMY_OP_groupi58_g3322__3680/S             10.4         250.0           0.0
  --> Other violations on net                                    5.4
WALLACE_CSA_DUMMY_OP_groupi58_g3321__6783/Y             10.4         300.0           0.0
  --> Other violations on net                                    5.4
WALLACE_CSA_DUMMY_OP_groupi59_g3566/Y                   10.4         300.0           0.0
  --> Other violations on net                                    5.4
WALLACE_CSA_DUMMY_OP_groupi57_g3460__1881/S             10.4         300.0           0.0
  --> Other violations on net                                    5.4
WALLACE_CSA_DUMMY_OP_groupi57_g3419__6131/S             10.4         300.0           0.0
  --> Other violations on net                                    5.4
WALLACE_CSA_DUMMY_OP_groupi57_g3398__7410/S             10.4         300.0           0.0
  --> Other violations on net                                    5.4
WALLACE_CSA_DUMMY_OP_groupi57_g3378__1705/Y             10.4         300.0           0.0
  --> Other violations on net                                    5.4
WALLACE_CSA_DUMMY_OP_groupi57_g3361__2346/Y             10.4         300.0           0.0
  --> Other violations on net                                    5.4
WALLACE_CSA_DUMMY_OP_groupi57_g3793__1617/Y             10.4         300.0           0.0
  --> Other violations on net                                    5.4
WALLACE_CSA_DUMMY_OP_groupi57_g3334__5107/S             10.4         300.0           0.0
  --> Other violations on net                                    5.4
WALLACE_CSA_DUMMY_OP_groupi57_g3330__6417/Y             10.4         300.0           0.0
  --> Other violations on net                                    5.4
WALLACE_CSA_DUMMY_OP_groupi57_g3327__2346/Y             10.4         300.0           0.0
  --> Other violations on net                                    5.4
WALLACE_CSA_DUMMY_OP_groupi57_g3326__2883/S             10.4         300.0           0.0
  --> Other violations on net                                    5.4
WALLACE_CSA_DUMMY_OP_groupi57_g3325__9945/S             10.4         300.0           0.0
  --> Other violations on net                                    5.4
WALLACE_CSA_DUMMY_OP_groupi57_g3324__9315/S             10.4         250.0           0.0
  --> Other violations on net                                    5.4
WALLACE_CSA_DUMMY_OP_groupi57_g3323__6161/S             10.4         250.0           0.0
  --> Other violations on net                                    5.4
WALLACE_CSA_DUMMY_OP_groupi57_g3322__4733/S             10.4         250.0           0.0
  --> Other violations on net                                    5.4
WALLACE_CSA_DUMMY_OP_groupi57_g3321__7482/Y             10.4         300.0           0.0
  --> Other violations on net                                    5.4
WALLACE_CSA_DUMMY_OP_groupi_g3566__6161/Y               10.4         300.0           0.0
  --> Other violations on net                                    5.4
WALLACE_CSA_DUMMY_OP_groupi_g3460__6417/S               10.4         300.0           0.0
  --> Other violations on net                                    5.4
WALLACE_CSA_DUMMY_OP_groupi_g3419__7410/S               10.4         300.0           0.0
  --> Other violations on net                                    5.4
WALLACE_CSA_DUMMY_OP_groupi_g3398__1617/S               10.4         300.0           0.0
  --> Other violations on net                                    5.4
WALLACE_CSA_DUMMY_OP_groupi_g3378__9945/Y               10.4         300.0           0.0
  --> Other violations on net                                    5.4
WALLACE_CSA_DUMMY_OP_groupi_g3361__6783/Y               10.4         300.0           0.0
  --> Other violations on net                                    5.4
WALLACE_CSA_DUMMY_OP_groupi_g3793__6161/Y               10.4         300.0           0.0
  --> Other violations on net                                    5.4
WALLACE_CSA_DUMMY_OP_groupi_g3334__8246/S               10.4         300.0           0.0
  --> Other violations on net                                    5.4
WALLACE_CSA_DUMMY_OP_groupi_g3330__2802/Y               10.4         300.0           0.0
  --> Other violations on net                                    5.4
WALLACE_CSA_DUMMY_OP_groupi_g3327__6783/Y               10.4         300.0           0.0
  --> Other violations on net                                    5.4
WALLACE_CSA_DUMMY_OP_groupi_g3326__5526/S               10.4         300.0           0.0
  --> Other violations on net                                    5.4
WALLACE_CSA_DUMMY_OP_groupi_g3325__8428/S               10.4         300.0           0.0
  --> Other violations on net                                    5.4
WALLACE_CSA_DUMMY_OP_groupi_g3324__4319/S               10.4         250.0           0.0
  --> Other violations on net                                    5.4
WALLACE_CSA_DUMMY_OP_groupi_g3323__6260/S               10.4         250.0           0.0
  --> Other violations on net                                    5.4
WALLACE_CSA_DUMMY_OP_groupi_g3322__5107/S               10.4         250.0           0.0
  --> Other violations on net                                    5.4
WALLACE_CSA_DUMMY_OP_groupi_g3321__2398/Y               10.4         300.0           0.0
  --> Other violations on net                                    5.4


Max_fanout design rule: no violations.


Mode slow_0p9v_125c_cmax_scan_capture:
Max_transition design rule (violation total = 9432)
Pin                                                     Slew           Max     Violation
------------------------------------------------------------------------------------------
WALLACE_CSA_DUMMY_OP_groupi_g3322__5107/S                280           250            30
  --> Other violations on net                                    235
WALLACE_CSA_DUMMY_OP_groupi_g3323__6260/S                280           250            30
  --> Other violations on net                                    235
WALLACE_CSA_DUMMY_OP_groupi_g3324__4319/S                280           250            30
  --> Other violations on net                                    235
WALLACE_CSA_DUMMY_OP_groupi57_g3323__6161/S              280           250            30
  --> Other violations on net                                    235
WALLACE_CSA_DUMMY_OP_groupi57_g3322__4733/S              280           250            30
  --> Other violations on net                                    235
WALLACE_CSA_DUMMY_OP_groupi58_g3322__3680/S              280           250            30
  --> Other violations on net                                    235
WALLACE_CSA_DUMMY_OP_groupi59_g3324/S                    280           250            30
  --> Other violations on net                                    235
WALLACE_CSA_DUMMY_OP_groupi59_g3323/S                    280           250            30
  --> Other violations on net                                    235
WALLACE_CSA_DUMMY_OP_groupi59_g3322/S                    280           250            30
  --> Other violations on net                                    235
WALLACE_CSA_DUMMY_OP_groupi58_g3323__1617/S              280           250            30
  --> Other violations on net                                    235
WALLACE_CSA_DUMMY_OP_groupi58_g3324__2802/S              280           250            30
  --> Other violations on net                                    235
WALLACE_CSA_DUMMY_OP_groupi57_g3324__9315/S              280           250            30
  --> Other violations on net                                    235
WALLACE_CSA_DUMMY_OP_groupi58_g3460__8428/S              178           250             0
  --> Other violations on net                                    133
WALLACE_CSA_DUMMY_OP_groupi57_g3460__1881/S              178           250             0
  --> Other violations on net                                    133
WALLACE_CSA_DUMMY_OP_groupi59_g3460/S                    178           250             0
  --> Other violations on net                                    133
WALLACE_CSA_DUMMY_OP_groupi_g3460__6417/S                178           250             0
  --> Other violations on net                                    133
WALLACE_CSA_DUMMY_OP_groupi_g3326__5526/S                170           250             0
  --> Other violations on net                                    125
WALLACE_CSA_DUMMY_OP_groupi58_g3326__5122/S              170           250             0
  --> Other violations on net                                    125
WALLACE_CSA_DUMMY_OP_groupi57_g3326__2883/S              170           250             0
  --> Other violations on net                                    125
WALLACE_CSA_DUMMY_OP_groupi59_g3326/S                    170           250             0
  --> Other violations on net                                    125
WALLACE_CSA_DUMMY_OP_groupi_g3325__8428/S                170           250             0
  --> Other violations on net                                    125
WALLACE_CSA_DUMMY_OP_groupi57_g3325__9945/S              170           250             0
  --> Other violations on net                                    125
WALLACE_CSA_DUMMY_OP_groupi59_g3325/S                    170           250             0
  --> Other violations on net                                    125
WALLACE_CSA_DUMMY_OP_groupi58_g3325__1705/S              170           250             0
  --> Other violations on net                                    125
WALLACE_CSA_DUMMY_OP_groupi59_g3334/S                    170           250             0
  --> Other violations on net                                    125
WALLACE_CSA_DUMMY_OP_groupi57_g3334__5107/S              170           250             0
  --> Other violations on net                                    125
WALLACE_CSA_DUMMY_OP_groupi58_g3334__4733/S              170           250             0
  --> Other violations on net                                    125
WALLACE_CSA_DUMMY_OP_groupi_g3334__8246/S                170           250             0
  --> Other violations on net                                    125
WALLACE_CSA_DUMMY_OP_groupi59_g3419/S                    170           250             0
  --> Other violations on net                                    124
WALLACE_CSA_DUMMY_OP_groupi_g3419__7410/S                170           250             0
  --> Other violations on net                                    124
WALLACE_CSA_DUMMY_OP_groupi57_g3419__6131/S              170           250             0
  --> Other violations on net                                    124
WALLACE_CSA_DUMMY_OP_groupi58_g3419__4319/S              170           250             0
  --> Other violations on net                                    124
WALLACE_CSA_DUMMY_OP_groupi58_g3398__6131/S              169           250             0
  --> Other violations on net                                    124
WALLACE_CSA_DUMMY_OP_groupi57_g3398__7410/S              169           250             0
  --> Other violations on net                                    124
WALLACE_CSA_DUMMY_OP_groupi59_g3398/S                    169           250             0
  --> Other violations on net                                    124
WALLACE_CSA_DUMMY_OP_groupi_g3398__1617/S                169           250             0
  --> Other violations on net                                    124
WALLACE_CSA_DUMMY_OP_groupi_g3566__6161/Y                160           250             0
  --> Other violations on net                                    115
WALLACE_CSA_DUMMY_OP_groupi58_g3327__8246/Y              160           250             0
  --> Other violations on net                                    115
WALLACE_CSA_DUMMY_OP_groupi57_g3566__1617/Y              160           250             0
  --> Other violations on net                                    115
WALLACE_CSA_DUMMY_OP_groupi59_g3566/Y                    160           250             0
  --> Other violations on net                                    115
WALLACE_CSA_DUMMY_OP_groupi59_g3327/Y                    160           250             0
  --> Other violations on net                                    115
WALLACE_CSA_DUMMY_OP_groupi57_g3327__2346/Y              160           250             0
  --> Other violations on net                                    115
WALLACE_CSA_DUMMY_OP_groupi58_g3566__7410/Y              160           250             0
  --> Other violations on net                                    115
WALLACE_CSA_DUMMY_OP_groupi_g3327__6783/Y                160           250             0
  --> Other violations on net                                    115
WALLACE_CSA_DUMMY_OP_groupi59_g3378/Y                    160           250             0
  --> Other violations on net                                    115
WALLACE_CSA_DUMMY_OP_groupi58_g3378__5477/Y              160           250             0
  --> Other violations on net                                    115
WALLACE_CSA_DUMMY_OP_groupi_g3378__9945/Y                160           250             0
  --> Other violations on net                                    115
WALLACE_CSA_DUMMY_OP_groupi57_g3378__1705/Y              160           250             0
  --> Other violations on net                                    115
WALLACE_CSA_DUMMY_OP_groupi59_g3793/Y                    160           250             0
  --> Other violations on net                                    115
WALLACE_CSA_DUMMY_OP_groupi58_g3793/Y                    160           250             0
  --> Other violations on net                                    115
WALLACE_CSA_DUMMY_OP_groupi_g3793__6161/Y                160           250             0
  --> Other violations on net                                    115
WALLACE_CSA_DUMMY_OP_groupi57_g3793__1617/Y              160           250             0
  --> Other violations on net                                    115
WALLACE_CSA_DUMMY_OP_groupi_g3361__6783/Y                160           250             0
  --> Other violations on net                                    115
WALLACE_CSA_DUMMY_OP_groupi57_g3361__2346/Y              160           250             0
  --> Other violations on net                                    115
WALLACE_CSA_DUMMY_OP_groupi59_g3361/Y                    160           250             0
  --> Other violations on net                                    115
WALLACE_CSA_DUMMY_OP_groupi58_g3361__8246/Y              160           250             0
  --> Other violations on net                                    115
WALLACE_CSA_DUMMY_OP_groupi58_g3321__6783/Y              160           250             0
  --> Other violations on net                                    115
WALLACE_CSA_DUMMY_OP_groupi_g3321__2398/Y                160           250             0
  --> Other violations on net                                    115
WALLACE_CSA_DUMMY_OP_groupi59_g3321/Y                    160           250             0
  --> Other violations on net                                    115
WALLACE_CSA_DUMMY_OP_groupi57_g3321__7482/Y              160           250             0
  --> Other violations on net                                    115
WALLACE_CSA_DUMMY_OP_groupi57_g3330__6417/Y              160           250             0
  --> Other violations on net                                    114
WALLACE_CSA_DUMMY_OP_groupi58_g3330__1881/Y              160           250             0
  --> Other violations on net                                    114
WALLACE_CSA_DUMMY_OP_groupi_g3330__2802/Y                160           250             0
  --> Other violations on net                                    114
WALLACE_CSA_DUMMY_OP_groupi59_g3330/Y                    160           250             0
  --> Other violations on net                                    114


Max_capacitance design rule (violation total = 345.6)
Pin                                                Load (ff)           Max     Violation
------------------------------------------------------------------------------------------
WALLACE_CSA_DUMMY_OP_groupi57_g3566__1617/Y             10.4         300.0           0.0
  --> Other violations on net                                    5.4
WALLACE_CSA_DUMMY_OP_groupi59_g3460/S                   10.4         300.0           0.0
  --> Other violations on net                                    5.4
WALLACE_CSA_DUMMY_OP_groupi59_g3419/S                   10.4         300.0           0.0
  --> Other violations on net                                    5.4
WALLACE_CSA_DUMMY_OP_groupi59_g3398/S                   10.4         300.0           0.0
  --> Other violations on net                                    5.4
WALLACE_CSA_DUMMY_OP_groupi59_g3378/Y                   10.4         300.0           0.0
  --> Other violations on net                                    5.4
WALLACE_CSA_DUMMY_OP_groupi59_g3361/Y                   10.4         300.0           0.0
  --> Other violations on net                                    5.4
WALLACE_CSA_DUMMY_OP_groupi59_g3793/Y                   10.4         300.0           0.0
  --> Other violations on net                                    5.4
WALLACE_CSA_DUMMY_OP_groupi59_g3334/S                   10.4         300.0           0.0
  --> Other violations on net                                    5.4
WALLACE_CSA_DUMMY_OP_groupi59_g3330/Y                   10.4         300.0           0.0
  --> Other violations on net                                    5.4
WALLACE_CSA_DUMMY_OP_groupi59_g3327/Y                   10.4         300.0           0.0
  --> Other violations on net                                    5.4
WALLACE_CSA_DUMMY_OP_groupi59_g3326/S                   10.4         300.0           0.0
  --> Other violations on net                                    5.4
WALLACE_CSA_DUMMY_OP_groupi59_g3325/S                   10.4         300.0           0.0
  --> Other violations on net                                    5.4
WALLACE_CSA_DUMMY_OP_groupi59_g3324/S                   10.4         250.0           0.0
  --> Other violations on net                                    5.4
WALLACE_CSA_DUMMY_OP_groupi59_g3323/S                   10.4         250.0           0.0
  --> Other violations on net                                    5.4
WALLACE_CSA_DUMMY_OP_groupi59_g3322/S                   10.4         250.0           0.0
  --> Other violations on net                                    5.4
WALLACE_CSA_DUMMY_OP_groupi59_g3321/Y                   10.4         300.0           0.0
  --> Other violations on net                                    5.4
WALLACE_CSA_DUMMY_OP_groupi58_g3566__7410/Y             10.4         300.0           0.0
  --> Other violations on net                                    5.4
WALLACE_CSA_DUMMY_OP_groupi58_g3460__8428/S             10.4         300.0           0.0
  --> Other violations on net                                    5.4
WALLACE_CSA_DUMMY_OP_groupi58_g3419__4319/S             10.4         300.0           0.0
  --> Other violations on net                                    5.4
WALLACE_CSA_DUMMY_OP_groupi58_g3398__6131/S             10.4         300.0           0.0
  --> Other violations on net                                    5.4
WALLACE_CSA_DUMMY_OP_groupi58_g3378__5477/Y             10.4         300.0           0.0
  --> Other violations on net                                    5.4
WALLACE_CSA_DUMMY_OP_groupi58_g3361__8246/Y             10.4         300.0           0.0
  --> Other violations on net                                    5.4
WALLACE_CSA_DUMMY_OP_groupi58_g3793/Y                   10.4         300.0           0.0
  --> Other violations on net                                    5.4
WALLACE_CSA_DUMMY_OP_groupi58_g3334__4733/S             10.4         300.0           0.0
  --> Other violations on net                                    5.4
WALLACE_CSA_DUMMY_OP_groupi58_g3330__1881/Y             10.4         300.0           0.0
  --> Other violations on net                                    5.4
WALLACE_CSA_DUMMY_OP_groupi58_g3327__8246/Y             10.4         300.0           0.0
  --> Other violations on net                                    5.4
WALLACE_CSA_DUMMY_OP_groupi58_g3326__5122/S             10.4         300.0           0.0
  --> Other violations on net                                    5.4
WALLACE_CSA_DUMMY_OP_groupi58_g3325__1705/S             10.4         300.0           0.0
  --> Other violations on net                                    5.4
WALLACE_CSA_DUMMY_OP_groupi58_g3324__2802/S             10.4         250.0           0.0
  --> Other violations on net                                    5.4
WALLACE_CSA_DUMMY_OP_groupi58_g3323__1617/S             10.4         250.0           0.0
  --> Other violations on net                                    5.4
WALLACE_CSA_DUMMY_OP_groupi58_g3322__3680/S             10.4         250.0           0.0
  --> Other violations on net                                    5.4
WALLACE_CSA_DUMMY_OP_groupi58_g3321__6783/Y             10.4         300.0           0.0
  --> Other violations on net                                    5.4
WALLACE_CSA_DUMMY_OP_groupi59_g3566/Y                   10.4         300.0           0.0
  --> Other violations on net                                    5.4
WALLACE_CSA_DUMMY_OP_groupi57_g3460__1881/S             10.4         300.0           0.0
  --> Other violations on net                                    5.4
WALLACE_CSA_DUMMY_OP_groupi57_g3419__6131/S             10.4         300.0           0.0
  --> Other violations on net                                    5.4
WALLACE_CSA_DUMMY_OP_groupi57_g3398__7410/S             10.4         300.0           0.0
  --> Other violations on net                                    5.4
WALLACE_CSA_DUMMY_OP_groupi57_g3378__1705/Y             10.4         300.0           0.0
  --> Other violations on net                                    5.4
WALLACE_CSA_DUMMY_OP_groupi57_g3361__2346/Y             10.4         300.0           0.0
  --> Other violations on net                                    5.4
WALLACE_CSA_DUMMY_OP_groupi57_g3793__1617/Y             10.4         300.0           0.0
  --> Other violations on net                                    5.4
WALLACE_CSA_DUMMY_OP_groupi57_g3334__5107/S             10.4         300.0           0.0
  --> Other violations on net                                    5.4
WALLACE_CSA_DUMMY_OP_groupi57_g3330__6417/Y             10.4         300.0           0.0
  --> Other violations on net                                    5.4
WALLACE_CSA_DUMMY_OP_groupi57_g3327__2346/Y             10.4         300.0           0.0
  --> Other violations on net                                    5.4
WALLACE_CSA_DUMMY_OP_groupi57_g3326__2883/S             10.4         300.0           0.0
  --> Other violations on net                                    5.4
WALLACE_CSA_DUMMY_OP_groupi57_g3325__9945/S             10.4         300.0           0.0
  --> Other violations on net                                    5.4
WALLACE_CSA_DUMMY_OP_groupi57_g3324__9315/S             10.4         250.0           0.0
  --> Other violations on net                                    5.4
WALLACE_CSA_DUMMY_OP_groupi57_g3323__6161/S             10.4         250.0           0.0
  --> Other violations on net                                    5.4
WALLACE_CSA_DUMMY_OP_groupi57_g3322__4733/S             10.4         250.0           0.0
  --> Other violations on net                                    5.4
WALLACE_CSA_DUMMY_OP_groupi57_g3321__7482/Y             10.4         300.0           0.0
  --> Other violations on net                                    5.4
WALLACE_CSA_DUMMY_OP_groupi_g3566__6161/Y               10.4         300.0           0.0
  --> Other violations on net                                    5.4
WALLACE_CSA_DUMMY_OP_groupi_g3460__6417/S               10.4         300.0           0.0
  --> Other violations on net                                    5.4
WALLACE_CSA_DUMMY_OP_groupi_g3419__7410/S               10.4         300.0           0.0
  --> Other violations on net                                    5.4
WALLACE_CSA_DUMMY_OP_groupi_g3398__1617/S               10.4         300.0           0.0
  --> Other violations on net                                    5.4
WALLACE_CSA_DUMMY_OP_groupi_g3378__9945/Y               10.4         300.0           0.0
  --> Other violations on net                                    5.4
WALLACE_CSA_DUMMY_OP_groupi_g3361__6783/Y               10.4         300.0           0.0
  --> Other violations on net                                    5.4
WALLACE_CSA_DUMMY_OP_groupi_g3793__6161/Y               10.4         300.0           0.0
  --> Other violations on net                                    5.4
WALLACE_CSA_DUMMY_OP_groupi_g3334__8246/S               10.4         300.0           0.0
  --> Other violations on net                                    5.4
WALLACE_CSA_DUMMY_OP_groupi_g3330__2802/Y               10.4         300.0           0.0
  --> Other violations on net                                    5.4
WALLACE_CSA_DUMMY_OP_groupi_g3327__6783/Y               10.4         300.0           0.0
  --> Other violations on net                                    5.4
WALLACE_CSA_DUMMY_OP_groupi_g3326__5526/S               10.4         300.0           0.0
  --> Other violations on net                                    5.4
WALLACE_CSA_DUMMY_OP_groupi_g3325__8428/S               10.4         300.0           0.0
  --> Other violations on net                                    5.4
WALLACE_CSA_DUMMY_OP_groupi_g3324__4319/S               10.4         250.0           0.0
  --> Other violations on net                                    5.4
WALLACE_CSA_DUMMY_OP_groupi_g3323__6260/S               10.4         250.0           0.0
  --> Other violations on net                                    5.4
WALLACE_CSA_DUMMY_OP_groupi_g3322__5107/S               10.4         250.0           0.0
  --> Other violations on net                                    5.4
WALLACE_CSA_DUMMY_OP_groupi_g3321__2398/Y               10.4         300.0           0.0
  --> Other violations on net                                    5.4


Max_fanout design rule: no violations.


Mode slow_0p9v_125c_cmax_scan_shift:
Max_transition design rule (violation total = 9432)
Pin                                                     Slew           Max     Violation
------------------------------------------------------------------------------------------
WALLACE_CSA_DUMMY_OP_groupi_g3322__5107/S                280           250            30
  --> Other violations on net                                    235
WALLACE_CSA_DUMMY_OP_groupi_g3323__6260/S                280           250            30
  --> Other violations on net                                    235
WALLACE_CSA_DUMMY_OP_groupi_g3324__4319/S                280           250            30
  --> Other violations on net                                    235
WALLACE_CSA_DUMMY_OP_groupi57_g3323__6161/S              280           250            30
  --> Other violations on net                                    235
WALLACE_CSA_DUMMY_OP_groupi57_g3322__4733/S              280           250            30
  --> Other violations on net                                    235
WALLACE_CSA_DUMMY_OP_groupi58_g3322__3680/S              280           250            30
  --> Other violations on net                                    235
WALLACE_CSA_DUMMY_OP_groupi59_g3324/S                    280           250            30
  --> Other violations on net                                    235
WALLACE_CSA_DUMMY_OP_groupi59_g3323/S                    280           250            30
  --> Other violations on net                                    235
WALLACE_CSA_DUMMY_OP_groupi59_g3322/S                    280           250            30
  --> Other violations on net                                    235
WALLACE_CSA_DUMMY_OP_groupi58_g3323__1617/S              280           250            30
  --> Other violations on net                                    235
WALLACE_CSA_DUMMY_OP_groupi58_g3324__2802/S              280           250            30
  --> Other violations on net                                    235
WALLACE_CSA_DUMMY_OP_groupi57_g3324__9315/S              280           250            30
  --> Other violations on net                                    235
WALLACE_CSA_DUMMY_OP_groupi58_g3460__8428/S              178           250             0
  --> Other violations on net                                    133
WALLACE_CSA_DUMMY_OP_groupi57_g3460__1881/S              178           250             0
  --> Other violations on net                                    133
WALLACE_CSA_DUMMY_OP_groupi59_g3460/S                    178           250             0
  --> Other violations on net                                    133
WALLACE_CSA_DUMMY_OP_groupi_g3460__6417/S                178           250             0
  --> Other violations on net                                    133
WALLACE_CSA_DUMMY_OP_groupi_g3326__5526/S                170           250             0
  --> Other violations on net                                    125
WALLACE_CSA_DUMMY_OP_groupi58_g3326__5122/S              170           250             0
  --> Other violations on net                                    125
WALLACE_CSA_DUMMY_OP_groupi57_g3326__2883/S              170           250             0
  --> Other violations on net                                    125
WALLACE_CSA_DUMMY_OP_groupi59_g3326/S                    170           250             0
  --> Other violations on net                                    125
WALLACE_CSA_DUMMY_OP_groupi_g3325__8428/S                170           250             0
  --> Other violations on net                                    125
WALLACE_CSA_DUMMY_OP_groupi57_g3325__9945/S              170           250             0
  --> Other violations on net                                    125
WALLACE_CSA_DUMMY_OP_groupi59_g3325/S                    170           250             0
  --> Other violations on net                                    125
WALLACE_CSA_DUMMY_OP_groupi58_g3325__1705/S              170           250             0
  --> Other violations on net                                    125
WALLACE_CSA_DUMMY_OP_groupi59_g3334/S                    170           250             0
  --> Other violations on net                                    125
WALLACE_CSA_DUMMY_OP_groupi57_g3334__5107/S              170           250             0
  --> Other violations on net                                    125
WALLACE_CSA_DUMMY_OP_groupi58_g3334__4733/S              170           250             0
  --> Other violations on net                                    125
WALLACE_CSA_DUMMY_OP_groupi_g3334__8246/S                170           250             0
  --> Other violations on net                                    125
WALLACE_CSA_DUMMY_OP_groupi59_g3419/S                    170           250             0
  --> Other violations on net                                    124
WALLACE_CSA_DUMMY_OP_groupi_g3419__7410/S                170           250             0
  --> Other violations on net                                    124
WALLACE_CSA_DUMMY_OP_groupi57_g3419__6131/S              170           250             0
  --> Other violations on net                                    124
WALLACE_CSA_DUMMY_OP_groupi58_g3419__4319/S              170           250             0
  --> Other violations on net                                    124
WALLACE_CSA_DUMMY_OP_groupi58_g3398__6131/S              169           250             0
  --> Other violations on net                                    124
WALLACE_CSA_DUMMY_OP_groupi57_g3398__7410/S              169           250             0
  --> Other violations on net                                    124
WALLACE_CSA_DUMMY_OP_groupi59_g3398/S                    169           250             0
  --> Other violations on net                                    124
WALLACE_CSA_DUMMY_OP_groupi_g3398__1617/S                169           250             0
  --> Other violations on net                                    124
WALLACE_CSA_DUMMY_OP_groupi_g3566__6161/Y                160           250             0
  --> Other violations on net                                    115
WALLACE_CSA_DUMMY_OP_groupi58_g3327__8246/Y              160           250             0
  --> Other violations on net                                    115
WALLACE_CSA_DUMMY_OP_groupi57_g3566__1617/Y              160           250             0
  --> Other violations on net                                    115
WALLACE_CSA_DUMMY_OP_groupi59_g3566/Y                    160           250             0
  --> Other violations on net                                    115
WALLACE_CSA_DUMMY_OP_groupi59_g3327/Y                    160           250             0
  --> Other violations on net                                    115
WALLACE_CSA_DUMMY_OP_groupi57_g3327__2346/Y              160           250             0
  --> Other violations on net                                    115
WALLACE_CSA_DUMMY_OP_groupi58_g3566__7410/Y              160           250             0
  --> Other violations on net                                    115
WALLACE_CSA_DUMMY_OP_groupi_g3327__6783/Y                160           250             0
  --> Other violations on net                                    115
WALLACE_CSA_DUMMY_OP_groupi59_g3378/Y                    160           250             0
  --> Other violations on net                                    115
WALLACE_CSA_DUMMY_OP_groupi58_g3378__5477/Y              160           250             0
  --> Other violations on net                                    115
WALLACE_CSA_DUMMY_OP_groupi_g3378__9945/Y                160           250             0
  --> Other violations on net                                    115
WALLACE_CSA_DUMMY_OP_groupi57_g3378__1705/Y              160           250             0
  --> Other violations on net                                    115
WALLACE_CSA_DUMMY_OP_groupi59_g3793/Y                    160           250             0
  --> Other violations on net                                    115
WALLACE_CSA_DUMMY_OP_groupi58_g3793/Y                    160           250             0
  --> Other violations on net                                    115
WALLACE_CSA_DUMMY_OP_groupi_g3793__6161/Y                160           250             0
  --> Other violations on net                                    115
WALLACE_CSA_DUMMY_OP_groupi57_g3793__1617/Y              160           250             0
  --> Other violations on net                                    115
WALLACE_CSA_DUMMY_OP_groupi_g3361__6783/Y                160           250             0
  --> Other violations on net                                    115
WALLACE_CSA_DUMMY_OP_groupi57_g3361__2346/Y              160           250             0
  --> Other violations on net                                    115
WALLACE_CSA_DUMMY_OP_groupi59_g3361/Y                    160           250             0
  --> Other violations on net                                    115
WALLACE_CSA_DUMMY_OP_groupi58_g3361__8246/Y              160           250             0
  --> Other violations on net                                    115
WALLACE_CSA_DUMMY_OP_groupi58_g3321__6783/Y              160           250             0
  --> Other violations on net                                    115
WALLACE_CSA_DUMMY_OP_groupi_g3321__2398/Y                160           250             0
  --> Other violations on net                                    115
WALLACE_CSA_DUMMY_OP_groupi59_g3321/Y                    160           250             0
  --> Other violations on net                                    115
WALLACE_CSA_DUMMY_OP_groupi57_g3321__7482/Y              160           250             0
  --> Other violations on net                                    115
WALLACE_CSA_DUMMY_OP_groupi57_g3330__6417/Y              160           250             0
  --> Other violations on net                                    114
WALLACE_CSA_DUMMY_OP_groupi58_g3330__1881/Y              160           250             0
  --> Other violations on net                                    114
WALLACE_CSA_DUMMY_OP_groupi_g3330__2802/Y                160           250             0
  --> Other violations on net                                    114
WALLACE_CSA_DUMMY_OP_groupi59_g3330/Y                    160           250             0
  --> Other violations on net                                    114


Max_capacitance design rule (violation total = 345.6)
Pin                                                Load (ff)           Max     Violation
------------------------------------------------------------------------------------------
WALLACE_CSA_DUMMY_OP_groupi57_g3566__1617/Y             10.4         300.0           0.0
  --> Other violations on net                                    5.4
WALLACE_CSA_DUMMY_OP_groupi59_g3460/S                   10.4         300.0           0.0
  --> Other violations on net                                    5.4
WALLACE_CSA_DUMMY_OP_groupi59_g3419/S                   10.4         300.0           0.0
  --> Other violations on net                                    5.4
WALLACE_CSA_DUMMY_OP_groupi59_g3398/S                   10.4         300.0           0.0
  --> Other violations on net                                    5.4
WALLACE_CSA_DUMMY_OP_groupi59_g3378/Y                   10.4         300.0           0.0
  --> Other violations on net                                    5.4
WALLACE_CSA_DUMMY_OP_groupi59_g3361/Y                   10.4         300.0           0.0
  --> Other violations on net                                    5.4
WALLACE_CSA_DUMMY_OP_groupi59_g3793/Y                   10.4         300.0           0.0
  --> Other violations on net                                    5.4
WALLACE_CSA_DUMMY_OP_groupi59_g3334/S                   10.4         300.0           0.0
  --> Other violations on net                                    5.4
WALLACE_CSA_DUMMY_OP_groupi59_g3330/Y                   10.4         300.0           0.0
  --> Other violations on net                                    5.4
WALLACE_CSA_DUMMY_OP_groupi59_g3327/Y                   10.4         300.0           0.0
  --> Other violations on net                                    5.4
WALLACE_CSA_DUMMY_OP_groupi59_g3326/S                   10.4         300.0           0.0
  --> Other violations on net                                    5.4
WALLACE_CSA_DUMMY_OP_groupi59_g3325/S                   10.4         300.0           0.0
  --> Other violations on net                                    5.4
WALLACE_CSA_DUMMY_OP_groupi59_g3324/S                   10.4         250.0           0.0
  --> Other violations on net                                    5.4
WALLACE_CSA_DUMMY_OP_groupi59_g3323/S                   10.4         250.0           0.0
  --> Other violations on net                                    5.4
WALLACE_CSA_DUMMY_OP_groupi59_g3322/S                   10.4         250.0           0.0
  --> Other violations on net                                    5.4
WALLACE_CSA_DUMMY_OP_groupi59_g3321/Y                   10.4         300.0           0.0
  --> Other violations on net                                    5.4
WALLACE_CSA_DUMMY_OP_groupi58_g3566__7410/Y             10.4         300.0           0.0
  --> Other violations on net                                    5.4
WALLACE_CSA_DUMMY_OP_groupi58_g3460__8428/S             10.4         300.0           0.0
  --> Other violations on net                                    5.4
WALLACE_CSA_DUMMY_OP_groupi58_g3419__4319/S             10.4         300.0           0.0
  --> Other violations on net                                    5.4
WALLACE_CSA_DUMMY_OP_groupi58_g3398__6131/S             10.4         300.0           0.0
  --> Other violations on net                                    5.4
WALLACE_CSA_DUMMY_OP_groupi58_g3378__5477/Y             10.4         300.0           0.0
  --> Other violations on net                                    5.4
WALLACE_CSA_DUMMY_OP_groupi58_g3361__8246/Y             10.4         300.0           0.0
  --> Other violations on net                                    5.4
WALLACE_CSA_DUMMY_OP_groupi58_g3793/Y                   10.4         300.0           0.0
  --> Other violations on net                                    5.4
WALLACE_CSA_DUMMY_OP_groupi58_g3334__4733/S             10.4         300.0           0.0
  --> Other violations on net                                    5.4
WALLACE_CSA_DUMMY_OP_groupi58_g3330__1881/Y             10.4         300.0           0.0
  --> Other violations on net                                    5.4
WALLACE_CSA_DUMMY_OP_groupi58_g3327__8246/Y             10.4         300.0           0.0
  --> Other violations on net                                    5.4
WALLACE_CSA_DUMMY_OP_groupi58_g3326__5122/S             10.4         300.0           0.0
  --> Other violations on net                                    5.4
WALLACE_CSA_DUMMY_OP_groupi58_g3325__1705/S             10.4         300.0           0.0
  --> Other violations on net                                    5.4
WALLACE_CSA_DUMMY_OP_groupi58_g3324__2802/S             10.4         250.0           0.0
  --> Other violations on net                                    5.4
WALLACE_CSA_DUMMY_OP_groupi58_g3323__1617/S             10.4         250.0           0.0
  --> Other violations on net                                    5.4
WALLACE_CSA_DUMMY_OP_groupi58_g3322__3680/S             10.4         250.0           0.0
  --> Other violations on net                                    5.4
WALLACE_CSA_DUMMY_OP_groupi58_g3321__6783/Y             10.4         300.0           0.0
  --> Other violations on net                                    5.4
WALLACE_CSA_DUMMY_OP_groupi59_g3566/Y                   10.4         300.0           0.0
  --> Other violations on net                                    5.4
WALLACE_CSA_DUMMY_OP_groupi57_g3460__1881/S             10.4         300.0           0.0
  --> Other violations on net                                    5.4
WALLACE_CSA_DUMMY_OP_groupi57_g3419__6131/S             10.4         300.0           0.0
  --> Other violations on net                                    5.4
WALLACE_CSA_DUMMY_OP_groupi57_g3398__7410/S             10.4         300.0           0.0
  --> Other violations on net                                    5.4
WALLACE_CSA_DUMMY_OP_groupi57_g3378__1705/Y             10.4         300.0           0.0
  --> Other violations on net                                    5.4
WALLACE_CSA_DUMMY_OP_groupi57_g3361__2346/Y             10.4         300.0           0.0
  --> Other violations on net                                    5.4
WALLACE_CSA_DUMMY_OP_groupi57_g3793__1617/Y             10.4         300.0           0.0
  --> Other violations on net                                    5.4
WALLACE_CSA_DUMMY_OP_groupi57_g3334__5107/S             10.4         300.0           0.0
  --> Other violations on net                                    5.4
WALLACE_CSA_DUMMY_OP_groupi57_g3330__6417/Y             10.4         300.0           0.0
  --> Other violations on net                                    5.4
WALLACE_CSA_DUMMY_OP_groupi57_g3327__2346/Y             10.4         300.0           0.0
  --> Other violations on net                                    5.4
WALLACE_CSA_DUMMY_OP_groupi57_g3326__2883/S             10.4         300.0           0.0
  --> Other violations on net                                    5.4
WALLACE_CSA_DUMMY_OP_groupi57_g3325__9945/S             10.4         300.0           0.0
  --> Other violations on net                                    5.4
WALLACE_CSA_DUMMY_OP_groupi57_g3324__9315/S             10.4         250.0           0.0
  --> Other violations on net                                    5.4
WALLACE_CSA_DUMMY_OP_groupi57_g3323__6161/S             10.4         250.0           0.0
  --> Other violations on net                                    5.4
WALLACE_CSA_DUMMY_OP_groupi57_g3322__4733/S             10.4         250.0           0.0
  --> Other violations on net                                    5.4
WALLACE_CSA_DUMMY_OP_groupi57_g3321__7482/Y             10.4         300.0           0.0
  --> Other violations on net                                    5.4
WALLACE_CSA_DUMMY_OP_groupi_g3566__6161/Y               10.4         300.0           0.0
  --> Other violations on net                                    5.4
WALLACE_CSA_DUMMY_OP_groupi_g3460__6417/S               10.4         300.0           0.0
  --> Other violations on net                                    5.4
WALLACE_CSA_DUMMY_OP_groupi_g3419__7410/S               10.4         300.0           0.0
  --> Other violations on net                                    5.4
WALLACE_CSA_DUMMY_OP_groupi_g3398__1617/S               10.4         300.0           0.0
  --> Other violations on net                                    5.4
WALLACE_CSA_DUMMY_OP_groupi_g3378__9945/Y               10.4         300.0           0.0
  --> Other violations on net                                    5.4
WALLACE_CSA_DUMMY_OP_groupi_g3361__6783/Y               10.4         300.0           0.0
  --> Other violations on net                                    5.4
WALLACE_CSA_DUMMY_OP_groupi_g3793__6161/Y               10.4         300.0           0.0
  --> Other violations on net                                    5.4
WALLACE_CSA_DUMMY_OP_groupi_g3334__8246/S               10.4         300.0           0.0
  --> Other violations on net                                    5.4
WALLACE_CSA_DUMMY_OP_groupi_g3330__2802/Y               10.4         300.0           0.0
  --> Other violations on net                                    5.4
WALLACE_CSA_DUMMY_OP_groupi_g3327__6783/Y               10.4         300.0           0.0
  --> Other violations on net                                    5.4
WALLACE_CSA_DUMMY_OP_groupi_g3326__5526/S               10.4         300.0           0.0
  --> Other violations on net                                    5.4
WALLACE_CSA_DUMMY_OP_groupi_g3325__8428/S               10.4         300.0           0.0
  --> Other violations on net                                    5.4
WALLACE_CSA_DUMMY_OP_groupi_g3324__4319/S               10.4         250.0           0.0
  --> Other violations on net                                    5.4
WALLACE_CSA_DUMMY_OP_groupi_g3323__6260/S               10.4         250.0           0.0
  --> Other violations on net                                    5.4
WALLACE_CSA_DUMMY_OP_groupi_g3322__5107/S               10.4         250.0           0.0
  --> Other violations on net                                    5.4
WALLACE_CSA_DUMMY_OP_groupi_g3321__2398/Y               10.4         300.0           0.0
  --> Other violations on net                                    5.4


Max_fanout design rule: no violations.



