============================================================
  Generated by:           Genus(TM) Synthesis Solution 23.15-s099_1
  Generated on:           Nov 14 2025  02:40:31 pm
  Module:                 matmul_sync
  Library domain:         slow_0p9v_125c
    Domain index:         0
    Technology library:   slow_vdd1v0 1.0
  Operating conditions:   PVT_0P9V_125C 
  Interconnect mode:      spatial
  Area mode:              physical library
============================================================

# SETUP                                      WNS   TNS    FEP 
# --------------------------------------------------------------
 View: ALL                                   0.8   0.0      0 
    Group : default                          N/A   N/A    N/A 
    Group : in2out                           N/A   N/A    N/A 
    Group : in2reg                        1151.8   0.0      0 
    Group : reg2out                          0.8   0.0      0 
    Group : reg2reg                          N/A   N/A    N/A 

 View: slow_0p9v_125c_cmax_func              0.8  -0.0      0 
    Group : default                          N/A   N/A    N/A 
    Group : in2out                           N/A   N/A    N/A 
    Group : in2reg                        1151.8   0.0      0 
    Group : reg2out                          0.8   0.0      0 
    Group : reg2reg                          N/A   N/A    N/A 

 View: slow_0p9v_125c_cmax_scan_capture   5350.8  -0.0      0 
    Group : default                          N/A   N/A    N/A 
    Group : in2out                           N/A   N/A    N/A 
    Group : in2reg                        8501.8   0.0      0 
    Group : reg2out                       5350.8   0.0      0 
    Group : reg2reg                          N/A   N/A    N/A 

 View: slow_0p9v_125c_cmax_scan_shift     5350.8  -0.0      0 
    Group : default                          N/A   N/A    N/A 
    Group : in2out                           N/A   N/A    N/A 
    Group : in2reg                        8501.8   0.0      0 
    Group : reg2out                       5350.8   0.0      0 
    Group : reg2reg                          N/A   N/A    N/A 

# --------------------------------------------------------------
# DRV                                      WNS      TNS   FEP 
# --------------------------------------------------------------
 View: ALL                                                    
    Check: max_transition                 -235  -9420.0    76 
    Check: max_capacitance                -5.4   -345.6    64 
    Check: max_fanout                      N/A      N/A     0 

 View: slow_0p9v_125c_cmax_func                               
    Check: max_transition                 -235  -9420.0    76 
    Check: max_capacitance                -5.4   -345.6    64 
    Check: max_fanout                      N/A      N/A     0 

 View: slow_0p9v_125c_cmax_scan_capture                       
    Check: max_transition                 -235  -9420.0    76 
    Check: max_capacitance                -5.4   -345.6    64 
    Check: max_fanout                      N/A      N/A     0 

 View: slow_0p9v_125c_cmax_scan_shift                         
    Check: max_transition                 -235  -9420.0    76 
    Check: max_capacitance                -5.4   -345.6    64 
    Check: max_fanout                      N/A      N/A     0 

# --------------------------------------------------------------
