============================================================
  Generated by:           Genus(TM) Synthesis Solution 23.15-s099_1
  Generated on:           Nov 14 2025  02:40:33 pm
  Module:                 matmul_sync
  Operating conditions:   PVT_0P9V_125C 
  Interconnect mode:      spatial
  Area mode:              physical library
============================================================


Path 1: MET (1 ps) Late External Delay Assertion at pin result_o[63]
           View: slow_0p9v_125c_cmax_func
          Group: reg2out
     Startpoint: (R) operand_a_i_sr_reg_26/CK
          Clock: (R) clk_i
       Endpoint: (R) result_o[63]
          Clock: (R) clk_i_virtual

                     Capture       Launch     
        Clock Edge:+    5000            0     
       Src Latency:+       0            0     
       Net Latency:+       0 (I)        0 (I) 
           Arrival:=    5000            0     
                                              
      Output Delay:-    1500                  
       Uncertainty:-      55                  
     Required Time:=    3445                  
      Launch Clock:-       0                  
         Data Path:-    3444                  
             Slack:=       1                  

Exceptions/Constraints:
  output_delay             1500            matmul_sync.constrai_3_line_87   

Launch clock path:
#-------------------------------------------------------------------------------------------------------------------
#      Timing Point        Flags   Arc   Edge    Cell      Power  Fanout Load Trans Delay Arrival      Instance     
#                                                          Domain        (fF)  (ps)  (ps)   (ps)       Location     
#-------------------------------------------------------------------------------------------------------------------
  clk_i                    (i)     -     R     (arrival)   pd_aon     64  0.0    32     0       0             (-,-) 
  clk_i                    -       -     -     (net)       -           -    -     -     -       -             (-,-) 
  clk_i                    -       -     -     (net)       -           -    -     -     -       -             (-,-) 
  operand_a_i_sr_reg_26/CK <<< (m) -     R     SDFFSRHQX4  pd_aon     64    -     0     0       0  (5.0840,72.5445) 
#-------------------------------------------------------------------------------------------------------------------

#----------------------------------------------------------------------------------------------------------------------------------
#             Timing Point               Flags    Arc   Edge    Cell      Power  Fanout Load Trans Delay Arrival      Instance     
#                                                                         Domain        (fF)  (ps)  (ps)   (ps)       Location     
#----------------------------------------------------------------------------------------------------------------------------------
  operand_a_i_sr_reg_26/CK               -       -      R     (arrival)   pd_aon     64    -     0     0       0             (-,-) 
  operand_a_i_sr_reg_26/Q                (m)     CK->Q  R     SDFFSRHQX4  pd_aon     13  8.6    61   276     276  (5.0840,72.5445) 
  operand_a_i_sr_26                      -       -      -     (net)       -           -    -     -     -       -             (-,-) 
  WALLACE_CSA_DUMMY_OP_groupi59_g3785/Y  (m)     A->Y   F     INVX2       pd_aon      3  2.3    47    64     340             (-,-) 
  WALLACE_CSA_DUMMY_OP_groupi59_n_52     -       -      -     (net)       -           -    -     -     -       -             (-,-) 
  WALLACE_CSA_DUMMY_OP_groupi59_g3626/Y  (m)     B->Y   R     NOR2XL      pd_aon      1  1.2   119   107     447             (-,-) 
  WALLACE_CSA_DUMMY_OP_groupi59_n_156    -       -      -     (net)       -           -    -     -     -       -             (-,-) 
  WALLACE_CSA_DUMMY_OP_groupi59_g3515/S  (m)     B->S   F     ADDFXL      pd_aon      2  1.8   104   368     815             (-,-) 
  WALLACE_CSA_DUMMY_OP_groupi59_n_44     -       -      -     (net)       -           -    -     -     -       -             (-,-) 
  WALLACE_CSA_DUMMY_OP_groupi59_g3461/Y  (m)     B->Y   F     XOR3X1      pd_aon      2  1.4    67   284    1100             (-,-) 
  WALLACE_CSA_DUMMY_OP_groupi59_n_337    -       -      -     (net)       -           -    -     -     -       -             (-,-) 
  WALLACE_CSA_DUMMY_OP_groupi59_g3420/Y  (m)     S0->Y  F     MXI2X1      pd_aon      1  0.8   103   130    1230             (-,-) 
  WALLACE_CSA_DUMMY_OP_groupi59_n_387    -       -      -     (net)       -           -    -     -     -       -             (-,-) 
  WALLACE_CSA_DUMMY_OP_groupi59_g3383/Y  (m)     B->Y   R     XNOR2X1     pd_aon      2  1.9    57   225    1455             (-,-) 
  WALLACE_CSA_DUMMY_OP_groupi59_n_434    -       -      -     (net)       -           -    -     -     -       -             (-,-) 
  fopt1/Y                                (m)     A->Y   F     INVX2       pd_aon      2  1.3    34    54    1509             (-,-) 
  n_558                                  -       -      -     (net)       -           -    -     -     -       -             (-,-) 
  WALLACE_CSA_DUMMY_OP_groupi59_g3350/Y  (m)     A->Y   R     MXI2X1      pd_aon      1  0.6    75    84    1593             (-,-) 
  WALLACE_CSA_DUMMY_OP_groupi59_n_471    -       -      -     (net)       -           -    -     -     -       -             (-,-) 
  WALLACE_CSA_DUMMY_OP_groupi59_g3346/Y  (m)     A->Y   F     CLKXOR2X1   pd_aon      2  1.1    46   227    1820             (-,-) 
  WALLACE_CSA_DUMMY_OP_groupi59_n_476    -       -      -     (net)       -           -    -     -     -       -             (-,-) 
  WALLACE_CSA_DUMMY_OP_groupi59_g2/Y     (m)     B->Y   F     OR2X1       pd_aon      2  1.7    59   137    1958             (-,-) 
  WALLACE_CSA_DUMMY_OP_groupi59_n_26     -       -      -     (net)       -           -    -     -     -       -             (-,-) 
  WALLACE_CSA_DUMMY_OP_groupi59_g3331/Y  (m)     A1->Y  R     AOI21X2     pd_aon      1  2.0    84    96    2054             (-,-) 
  WALLACE_CSA_DUMMY_OP_groupi59_n_493    -       -      -     (net)       -           -    -     -     -       -             (-,-) 
  WALLACE_CSA_DUMMY_OP_groupi59_g3328/Y  (m)     B0->Y  F     OAI31X4     pd_aon      1  1.2    86   117    2172             (-,-) 
  WALLACE_CSA_DUMMY_OP_groupi59_n_496    -       -      -     (net)       -           -    -     -     -       -             (-,-) 
  WALLACE_CSA_DUMMY_OP_groupi59_g3326/CO (m)     CI->CO F     ADDFHX2     pd_aon      1  1.2    54   220    2392             (-,-) 
  WALLACE_CSA_DUMMY_OP_groupi59_n_498    -       -      -     (net)       -           -    -     -     -       -             (-,-) 
  WALLACE_CSA_DUMMY_OP_groupi59_g3325/CO (m)     CI->CO F     ADDFHX2     pd_aon      1  1.2    53   203    2595             (-,-) 
  WALLACE_CSA_DUMMY_OP_groupi59_n_500    -       -      -     (net)       -           -    -     -     -       -             (-,-) 
  WALLACE_CSA_DUMMY_OP_groupi59_g3324/CO (m)     CI->CO F     ADDFHX1     pd_aon      1  1.2    54   190    2785             (-,-) 
  WALLACE_CSA_DUMMY_OP_groupi59_n_502    -       -      -     (net)       -           -    -     -     -       -             (-,-) 
  WALLACE_CSA_DUMMY_OP_groupi59_g3323/CO (m)     CI->CO F     ADDFHX1     pd_aon      1  1.2    54   190    2976             (-,-) 
  WALLACE_CSA_DUMMY_OP_groupi59_n_504    -       -      -     (net)       -           -    -     -     -       -             (-,-) 
  WALLACE_CSA_DUMMY_OP_groupi59_g3322/CO (m)     CI->CO F     ADDFHX1     pd_aon      1  0.8    44   185    3160             (-,-) 
  WALLACE_CSA_DUMMY_OP_groupi59_n_506    -       -      -     (net)       -           -    -     -     -       -             (-,-) 
  WALLACE_CSA_DUMMY_OP_groupi59_g3321/Y  (m)     B->Y   R     XNOR2X2     pd_aon      1 10.4   139   284    3444             (-,-) 
  result_o[63]                           -       -      -     (net)       -           -    -     -     -       -             (-,-) 
  result_o[63]                           <<<     -      R     (port)      pd_aon      -    -     -     0    3444             (-,-) 
#----------------------------------------------------------------------------------------------------------------------------------

(m) : Attribute cell_delay_multiplier is modified for this library cell.


