Command: report datapath reports/syn_generic/area.datapath.rpt
Warning: '-sort' is not specified. By default, 'report datapath' orders the components based on instance name
============================================================
  Generated by:           Genus(TM) Synthesis Solution 23.15-s099_1
  Generated on:           Nov 14 2025  02:39:00 pm
  Module:                 matmul_sync
  Library domain:         slow_0p9v_125c
    Domain index:         0
    Technology library:   slow_vdd1v0 1.0
  Operating conditions:   PVT_0P9V_125C 
  Interconnect mode:      spatial
  Area mode:              physical library
============================================================


Inferred components

                                  Operator   Signedness     Architecture     Inputs Outputs CellArea LogicLevels 
=================================================================================================================
matmul_sync
WALLACE_CSA_DUMMY_OP_groupi module:WALLACE_CSA_DUMMY_OP_group_2
 equation: assign out_0 = ((in_0 * in_1) + (in_2 * in_3));
                               csa_and_adder            very_fast           8x8x8x8 16       1905.56          19 
                 ppgen_0  in_0 * in_1  nonbooth
                 ppgen_1  in_2 * in_3  nonbooth

  Related RTL operators:
  add_60_42_I4                       +       unsigned   very_fast           16x16   16                        11 
  gen_mults_6_i_mult_mul_19_29       *       unsigned   very_fast/non_booth 8x8     16                        18 
  gen_mults_7_i_mult_mul_19_29       *       unsigned   very_fast/non_booth 8x8     16                        18 
=================================================================================================================
matmul_sync
WALLACE_CSA_DUMMY_OP_groupi57 module:WALLACE_CSA_DUMMY_OP_group_2
 equation: assign out_0 = ((in_0 * in_1) + (in_2 * in_3));
                               csa_and_adder            very_fast           8x8x8x8 16       1905.56          19 
                 ppgen_0  in_0 * in_1  nonbooth
                 ppgen_1  in_2 * in_3  nonbooth

  Related RTL operators:
  add_60_42_I3                       +       unsigned   very_fast           16x16   16                        11 
  gen_mults_4_i_mult_mul_19_29       *       unsigned   very_fast/non_booth 8x8     16                        18 
  gen_mults_5_i_mult_mul_19_29       *       unsigned   very_fast/non_booth 8x8     16                        18 
=================================================================================================================
matmul_sync
WALLACE_CSA_DUMMY_OP_groupi58 module:WALLACE_CSA_DUMMY_OP_group_2
 equation: assign out_0 = ((in_0 * in_1) + (in_2 * in_3));
                               csa_and_adder            very_fast           8x8x8x8 16       1905.56          19 
                 ppgen_0  in_0 * in_1  nonbooth
                 ppgen_1  in_2 * in_3  nonbooth

  Related RTL operators:
  add_60_42_I2                       +       unsigned   very_fast           16x16   16                        11 
  gen_mults_2_i_mult_mul_19_29       *       unsigned   very_fast/non_booth 8x8     16                        18 
  gen_mults_3_i_mult_mul_19_29       *       unsigned   very_fast/non_booth 8x8     16                        18 
=================================================================================================================
matmul_sync
WALLACE_CSA_DUMMY_OP_groupi59 module:WALLACE_CSA_DUMMY_OP_group_2
 equation: assign out_0 = ((in_0 * in_1) + (in_2 * in_3));
                               csa_and_adder            very_fast           8x8x8x8 16       1905.56          19 
                 ppgen_0  in_0 * in_1  nonbooth
                 ppgen_1  in_2 * in_3  nonbooth

  Related RTL operators:
  add_60_42_I1                       +       unsigned   very_fast           16x16   16                        11 
  gen_mults_0_i_mult_mul_19_29       *       unsigned   very_fast/non_booth 8x8     16                        18 
  gen_mults_1_i_mult_mul_19_29       *       unsigned   very_fast/non_booth 8x8     16                        18 
=================================================================================================================

      Type       CellArea Percentage 
-------------------------------------
datapath modules  7622.26      92.71 
external muxes       0.00       0.00 
others             599.57       7.29 
-------------------------------------
total             8221.83     100.00 

