============================================================
  Generated by:           Genus(TM) Synthesis Solution 23.15-s099_1
  Generated on:           Nov 14 2025  02:39:10 pm
  Module:                 matmul_sync
  Operating conditions:   PVT_0P9V_125C 
  Interconnect mode:      spatial
  Area mode:              physical library
============================================================

Aspect ratio        : 1.016
Shrink factor       : 1.000
Scale of res/length : 1.000
Scale of cap/length : 1.000
Net derating factor : 1.070
Thermal factor      : 1.000
Via Resistance      : 6.600 ohm (from qrc_tech_file)
Site size           : 1.910 um (from lef [tech+cell])

                                   Capacitance  
  Layer                             / Length         Data source:
Name        Direction Utilization  (pF/micron)       Probabilistic Extraction
------------------------------------------------
<extracted>     U         n/a         0.000076  
<extracted>     V         n/a         0.000069  
<extracted>     H         n/a         0.000083  

                                    Resistance   
  Layer                              / Length         Data source:
Name        Direction Utilization  (ohm/micron)       Probabilistic Extraction
-------------------------------------------------
<extracted>     U         n/a          0.752099  
<extracted>     V         n/a          0.755005  
<extracted>     H         n/a          0.749193  

                                        Area     
  Layer                               / Length        Data source:
Name (bin)  Direction Utilization     (micron)        lef_library
-------------------------------------------------
Metal1 (0)      H         0.00         0.060000  
Metal2 (0)      V         1.00         0.080000  
Metal3 (0)      H         1.00         0.080000  
Metal4 (0)      V         1.00         0.080000  
Metal5 (0)      H         1.00         0.080000  
Metal6 (0)      V         1.00         0.080000  
Metal7 (0)      H         1.00         0.080000  

