============================================================
  Generated by:           Genus(TM) Synthesis Solution 23.15-s099_1
  Generated on:           Nov 14 2025  02:39:02 pm
  Module:                 matmul_sync
  Library domain:         slow_0p9v_125c
    Domain index:         0
    Technology library:   slow_vdd1v0 1.0
  Operating conditions:   PVT_0P9V_125C 
  Interconnect mode:      spatial
  Area mode:              physical library
============================================================

Timing
--------

          Analysis view              Clock      Period 
-------------------------------------------------------
slow_0p9v_125c_cmax_func         clk_i          5000.0 
                                 clk_i_virtual  5000.0 
slow_0p9v_125c_cmax_scan_capture clk_i         10000.0 
                                 clk_i_virtual 10000.0 
slow_0p9v_125c_cmax_scan_shift   clk_i         10000.0 
                                 clk_i_virtual 10000.0 


            Analysis               Cost   Critical        Violating 
              View                Group  Path Slack  TNS    Paths   
--------------------------------------------------------------------
slow_0p9v_125c_cmax_func         default   No paths  0.0          0 
                                  in2out   No paths  0.0          0 
                                  in2reg     1246.5  0.0          0 
                                 reg2out      440.6  0.0          0 
                                 reg2reg   No paths  0.0          0 
--------------------------------------------------------------------
Total                                               -0.0          0 
                                                                    
slow_0p9v_125c_cmax_scan_capture default   No paths  0.0          0 
                                  in2out   No paths  0.0          0 
                                  in2reg     8596.5  0.0          0 
                                 reg2out     5790.6  0.0          0 
                                 reg2reg   No paths  0.0          0 
--------------------------------------------------------------------
Total                                               -0.0          0 
                                                                    
slow_0p9v_125c_cmax_scan_shift   default   No paths  0.0          0 
                                  in2out   No paths  0.0          0 
                                  in2reg     8596.5  0.0          0 
                                 reg2out     5790.6  0.0          0 
                                 reg2reg   No paths  0.0          0 
--------------------------------------------------------------------
Total                                               -0.0          0 
                                                                    

Instance Count
--------------
Leaf Instance Count             2493 
Physical Instance count            0 
Sequential Instance Count         64 
Combinational Instance Count    2429 
Hierarchical Instance Count        4 

Area
----
Cell Area                          8221.835
Physical Cell Area                 0.000
Total Cell Area (Cell+Physical)    8221.835
Net Area                           23.648
Total Area (Cell+Physical+Net)     8245.483

Power
-----
Leakage Power                      0.000 mW
Dynamic Power                      0.171 mW
Total Power                        0.171 mW

Floorplan Utilization              53.10%
Max Fanout                         64 (clk_i)
Min Fanout                         0 (rst_ni)
Average Fanout                     2.3
Terms to net ratio                 3.3802
Terms to instance ratio            3.4697
Runtime                            48.621292 seconds
Elapsed Runtime                    91 seconds
Genus peak memory usage            2177.53 
Innovus peak memory usage          no_value 
Hostname                           ASIC-vm
