============================================================
  Generated by:           Genus(TM) Synthesis Solution 23.15-s099_1
  Generated on:           Nov 14 2025  02:39:07 pm
  Module:                 matmul_sync
  Operating conditions:   PVT_0P9V_125C 
  Interconnect mode:      spatial
  Area mode:              physical library
============================================================

Mode slow_0p9v_125c_cmax_func:
Max_transition design rule: no violations.


Max_capacitance design rule (violation total = 345.6)
Pin                                          Load (ff)           Max     Violation
------------------------------------------------------------------------------------
WALLACE_CSA_DUMMY_OP_groupi58/g4101/z             10.4   214748364.7           0.0
  --> Other violations on net                              5.4
WALLACE_CSA_DUMMY_OP_groupi/g4099/z               10.4   214748364.7           0.0
  --> Other violations on net                              5.4
WALLACE_CSA_DUMMY_OP_groupi/g4098/z               10.4   214748364.7           0.0
  --> Other violations on net                              5.4
WALLACE_CSA_DUMMY_OP_groupi/g4094/z               10.4   214748364.7           0.0
  --> Other violations on net                              5.4
WALLACE_CSA_DUMMY_OP_groupi/g4091/z               10.4   214748364.7           0.0
  --> Other violations on net                              5.4
WALLACE_CSA_DUMMY_OP_groupi/g4088/z               10.4   214748364.7           0.0
  --> Other violations on net                              5.4
WALLACE_CSA_DUMMY_OP_groupi/g4086/z               10.4   214748364.7           0.0
  --> Other violations on net                              5.4
WALLACE_CSA_DUMMY_OP_groupi/g4083/z               10.4   214748364.7           0.0
  --> Other violations on net                              5.4
WALLACE_CSA_DUMMY_OP_groupi/g4075/z               10.4   214748364.7           0.0
  --> Other violations on net                              5.4
WALLACE_CSA_DUMMY_OP_groupi/g4068/z               10.4   214748364.7           0.0
  --> Other violations on net                              5.4
WALLACE_CSA_DUMMY_OP_groupi/g4055/z               10.4   214748364.7           0.0
  --> Other violations on net                              5.4
WALLACE_CSA_DUMMY_OP_groupi/g4046/z               10.4   214748364.7           0.0
  --> Other violations on net                              5.4
WALLACE_CSA_DUMMY_OP_groupi/g3979/z               10.4   214748364.7           0.0
  --> Other violations on net                              5.4
WALLACE_CSA_DUMMY_OP_groupi/g3950/z               10.4   214748364.7           0.0
  --> Other violations on net                              5.4
WALLACE_CSA_DUMMY_OP_groupi/g3874/z               10.4   214748364.7           0.0
  --> Other violations on net                              5.4
WALLACE_CSA_DUMMY_OP_groupi/g3613/z               10.4   214748364.7           0.0
  --> Other violations on net                              5.4
WALLACE_CSA_DUMMY_OP_groupi59/g4101/z             10.4   214748364.7           0.0
  --> Other violations on net                              5.4
WALLACE_CSA_DUMMY_OP_groupi59/g4099/z             10.4   214748364.7           0.0
  --> Other violations on net                              5.4
WALLACE_CSA_DUMMY_OP_groupi59/g4098/z             10.4   214748364.7           0.0
  --> Other violations on net                              5.4
WALLACE_CSA_DUMMY_OP_groupi59/g4094/z             10.4   214748364.7           0.0
  --> Other violations on net                              5.4
WALLACE_CSA_DUMMY_OP_groupi59/g4091/z             10.4   214748364.7           0.0
  --> Other violations on net                              5.4
WALLACE_CSA_DUMMY_OP_groupi59/g4088/z             10.4   214748364.7           0.0
  --> Other violations on net                              5.4
WALLACE_CSA_DUMMY_OP_groupi59/g4086/z             10.4   214748364.7           0.0
  --> Other violations on net                              5.4
WALLACE_CSA_DUMMY_OP_groupi59/g4083/z             10.4   214748364.7           0.0
  --> Other violations on net                              5.4
WALLACE_CSA_DUMMY_OP_groupi59/g4075/z             10.4   214748364.7           0.0
  --> Other violations on net                              5.4
WALLACE_CSA_DUMMY_OP_groupi59/g4068/z             10.4   214748364.7           0.0
  --> Other violations on net                              5.4
WALLACE_CSA_DUMMY_OP_groupi59/g4055/z             10.4   214748364.7           0.0
  --> Other violations on net                              5.4
WALLACE_CSA_DUMMY_OP_groupi59/g4046/z             10.4   214748364.7           0.0
  --> Other violations on net                              5.4
WALLACE_CSA_DUMMY_OP_groupi59/g3979/z             10.4   214748364.7           0.0
  --> Other violations on net                              5.4
WALLACE_CSA_DUMMY_OP_groupi59/g3950/z             10.4   214748364.7           0.0
  --> Other violations on net                              5.4
WALLACE_CSA_DUMMY_OP_groupi59/g3874/z             10.4   214748364.7           0.0
  --> Other violations on net                              5.4
WALLACE_CSA_DUMMY_OP_groupi59/g3613/z             10.4   214748364.7           0.0
  --> Other violations on net                              5.4
WALLACE_CSA_DUMMY_OP_groupi/g4101/z               10.4   214748364.7           0.0
  --> Other violations on net                              5.4
WALLACE_CSA_DUMMY_OP_groupi58/g4099/z             10.4   214748364.7           0.0
  --> Other violations on net                              5.4
WALLACE_CSA_DUMMY_OP_groupi58/g4098/z             10.4   214748364.7           0.0
  --> Other violations on net                              5.4
WALLACE_CSA_DUMMY_OP_groupi58/g4094/z             10.4   214748364.7           0.0
  --> Other violations on net                              5.4
WALLACE_CSA_DUMMY_OP_groupi58/g4091/z             10.4   214748364.7           0.0
  --> Other violations on net                              5.4
WALLACE_CSA_DUMMY_OP_groupi58/g4088/z             10.4   214748364.7           0.0
  --> Other violations on net                              5.4
WALLACE_CSA_DUMMY_OP_groupi58/g4086/z             10.4   214748364.7           0.0
  --> Other violations on net                              5.4
WALLACE_CSA_DUMMY_OP_groupi58/g4083/z             10.4   214748364.7           0.0
  --> Other violations on net                              5.4
WALLACE_CSA_DUMMY_OP_groupi58/g4075/z             10.4   214748364.7           0.0
  --> Other violations on net                              5.4
WALLACE_CSA_DUMMY_OP_groupi58/g4068/z             10.4   214748364.7           0.0
  --> Other violations on net                              5.4
WALLACE_CSA_DUMMY_OP_groupi58/g4055/z             10.4   214748364.7           0.0
  --> Other violations on net                              5.4
WALLACE_CSA_DUMMY_OP_groupi58/g4046/z             10.4   214748364.7           0.0
  --> Other violations on net                              5.4
WALLACE_CSA_DUMMY_OP_groupi58/g3979/z             10.4   214748364.7           0.0
  --> Other violations on net                              5.4
WALLACE_CSA_DUMMY_OP_groupi58/g3950/z             10.4   214748364.7           0.0
  --> Other violations on net                              5.4
WALLACE_CSA_DUMMY_OP_groupi58/g3874/z             10.4   214748364.7           0.0
  --> Other violations on net                              5.4
WALLACE_CSA_DUMMY_OP_groupi58/g3613/z             10.4   214748364.7           0.0
  --> Other violations on net                              5.4
WALLACE_CSA_DUMMY_OP_groupi57/g4101/z             10.4   214748364.7           0.0
  --> Other violations on net                              5.4
WALLACE_CSA_DUMMY_OP_groupi57/g4099/z             10.4   214748364.7           0.0
  --> Other violations on net                              5.4
WALLACE_CSA_DUMMY_OP_groupi57/g4098/z             10.4   214748364.7           0.0
  --> Other violations on net                              5.4
WALLACE_CSA_DUMMY_OP_groupi57/g4094/z             10.4   214748364.7           0.0
  --> Other violations on net                              5.4
WALLACE_CSA_DUMMY_OP_groupi57/g4091/z             10.4   214748364.7           0.0
  --> Other violations on net                              5.4
WALLACE_CSA_DUMMY_OP_groupi57/g4088/z             10.4   214748364.7           0.0
  --> Other violations on net                              5.4
WALLACE_CSA_DUMMY_OP_groupi57/g4086/z             10.4   214748364.7           0.0
  --> Other violations on net                              5.4
WALLACE_CSA_DUMMY_OP_groupi57/g4083/z             10.4   214748364.7           0.0
  --> Other violations on net                              5.4
WALLACE_CSA_DUMMY_OP_groupi57/g4075/z             10.4   214748364.7           0.0
  --> Other violations on net                              5.4
WALLACE_CSA_DUMMY_OP_groupi57/g4068/z             10.4   214748364.7           0.0
  --> Other violations on net                              5.4
WALLACE_CSA_DUMMY_OP_groupi57/g4055/z             10.4   214748364.7           0.0
  --> Other violations on net                              5.4
WALLACE_CSA_DUMMY_OP_groupi57/g4046/z             10.4   214748364.7           0.0
  --> Other violations on net                              5.4
WALLACE_CSA_DUMMY_OP_groupi57/g3979/z             10.4   214748364.7           0.0
  --> Other violations on net                              5.4
WALLACE_CSA_DUMMY_OP_groupi57/g3950/z             10.4   214748364.7           0.0
  --> Other violations on net                              5.4
WALLACE_CSA_DUMMY_OP_groupi57/g3874/z             10.4   214748364.7           0.0
  --> Other violations on net                              5.4
WALLACE_CSA_DUMMY_OP_groupi57/g3613/z             10.4   214748364.7           0.0
  --> Other violations on net                              5.4


Max_fanout design rule: no violations.


Mode slow_0p9v_125c_cmax_scan_capture:
Max_transition design rule: no violations.


Max_capacitance design rule (violation total = 345.6)
Pin                                          Load (ff)           Max     Violation
------------------------------------------------------------------------------------
WALLACE_CSA_DUMMY_OP_groupi58/g4101/z             10.4   214748364.7           0.0
  --> Other violations on net                              5.4
WALLACE_CSA_DUMMY_OP_groupi/g4099/z               10.4   214748364.7           0.0
  --> Other violations on net                              5.4
WALLACE_CSA_DUMMY_OP_groupi/g4098/z               10.4   214748364.7           0.0
  --> Other violations on net                              5.4
WALLACE_CSA_DUMMY_OP_groupi/g4094/z               10.4   214748364.7           0.0
  --> Other violations on net                              5.4
WALLACE_CSA_DUMMY_OP_groupi/g4091/z               10.4   214748364.7           0.0
  --> Other violations on net                              5.4
WALLACE_CSA_DUMMY_OP_groupi/g4088/z               10.4   214748364.7           0.0
  --> Other violations on net                              5.4
WALLACE_CSA_DUMMY_OP_groupi/g4086/z               10.4   214748364.7           0.0
  --> Other violations on net                              5.4
WALLACE_CSA_DUMMY_OP_groupi/g4083/z               10.4   214748364.7           0.0
  --> Other violations on net                              5.4
WALLACE_CSA_DUMMY_OP_groupi/g4075/z               10.4   214748364.7           0.0
  --> Other violations on net                              5.4
WALLACE_CSA_DUMMY_OP_groupi/g4068/z               10.4   214748364.7           0.0
  --> Other violations on net                              5.4
WALLACE_CSA_DUMMY_OP_groupi/g4055/z               10.4   214748364.7           0.0
  --> Other violations on net                              5.4
WALLACE_CSA_DUMMY_OP_groupi/g4046/z               10.4   214748364.7           0.0
  --> Other violations on net                              5.4
WALLACE_CSA_DUMMY_OP_groupi/g3979/z               10.4   214748364.7           0.0
  --> Other violations on net                              5.4
WALLACE_CSA_DUMMY_OP_groupi/g3950/z               10.4   214748364.7           0.0
  --> Other violations on net                              5.4
WALLACE_CSA_DUMMY_OP_groupi/g3874/z               10.4   214748364.7           0.0
  --> Other violations on net                              5.4
WALLACE_CSA_DUMMY_OP_groupi/g3613/z               10.4   214748364.7           0.0
  --> Other violations on net                              5.4
WALLACE_CSA_DUMMY_OP_groupi59/g4101/z             10.4   214748364.7           0.0
  --> Other violations on net                              5.4
WALLACE_CSA_DUMMY_OP_groupi59/g4099/z             10.4   214748364.7           0.0
  --> Other violations on net                              5.4
WALLACE_CSA_DUMMY_OP_groupi59/g4098/z             10.4   214748364.7           0.0
  --> Other violations on net                              5.4
WALLACE_CSA_DUMMY_OP_groupi59/g4094/z             10.4   214748364.7           0.0
  --> Other violations on net                              5.4
WALLACE_CSA_DUMMY_OP_groupi59/g4091/z             10.4   214748364.7           0.0
  --> Other violations on net                              5.4
WALLACE_CSA_DUMMY_OP_groupi59/g4088/z             10.4   214748364.7           0.0
  --> Other violations on net                              5.4
WALLACE_CSA_DUMMY_OP_groupi59/g4086/z             10.4   214748364.7           0.0
  --> Other violations on net                              5.4
WALLACE_CSA_DUMMY_OP_groupi59/g4083/z             10.4   214748364.7           0.0
  --> Other violations on net                              5.4
WALLACE_CSA_DUMMY_OP_groupi59/g4075/z             10.4   214748364.7           0.0
  --> Other violations on net                              5.4
WALLACE_CSA_DUMMY_OP_groupi59/g4068/z             10.4   214748364.7           0.0
  --> Other violations on net                              5.4
WALLACE_CSA_DUMMY_OP_groupi59/g4055/z             10.4   214748364.7           0.0
  --> Other violations on net                              5.4
WALLACE_CSA_DUMMY_OP_groupi59/g4046/z             10.4   214748364.7           0.0
  --> Other violations on net                              5.4
WALLACE_CSA_DUMMY_OP_groupi59/g3979/z             10.4   214748364.7           0.0
  --> Other violations on net                              5.4
WALLACE_CSA_DUMMY_OP_groupi59/g3950/z             10.4   214748364.7           0.0
  --> Other violations on net                              5.4
WALLACE_CSA_DUMMY_OP_groupi59/g3874/z             10.4   214748364.7           0.0
  --> Other violations on net                              5.4
WALLACE_CSA_DUMMY_OP_groupi59/g3613/z             10.4   214748364.7           0.0
  --> Other violations on net                              5.4
WALLACE_CSA_DUMMY_OP_groupi/g4101/z               10.4   214748364.7           0.0
  --> Other violations on net                              5.4
WALLACE_CSA_DUMMY_OP_groupi58/g4099/z             10.4   214748364.7           0.0
  --> Other violations on net                              5.4
WALLACE_CSA_DUMMY_OP_groupi58/g4098/z             10.4   214748364.7           0.0
  --> Other violations on net                              5.4
WALLACE_CSA_DUMMY_OP_groupi58/g4094/z             10.4   214748364.7           0.0
  --> Other violations on net                              5.4
WALLACE_CSA_DUMMY_OP_groupi58/g4091/z             10.4   214748364.7           0.0
  --> Other violations on net                              5.4
WALLACE_CSA_DUMMY_OP_groupi58/g4088/z             10.4   214748364.7           0.0
  --> Other violations on net                              5.4
WALLACE_CSA_DUMMY_OP_groupi58/g4086/z             10.4   214748364.7           0.0
  --> Other violations on net                              5.4
WALLACE_CSA_DUMMY_OP_groupi58/g4083/z             10.4   214748364.7           0.0
  --> Other violations on net                              5.4
WALLACE_CSA_DUMMY_OP_groupi58/g4075/z             10.4   214748364.7           0.0
  --> Other violations on net                              5.4
WALLACE_CSA_DUMMY_OP_groupi58/g4068/z             10.4   214748364.7           0.0
  --> Other violations on net                              5.4
WALLACE_CSA_DUMMY_OP_groupi58/g4055/z             10.4   214748364.7           0.0
  --> Other violations on net                              5.4
WALLACE_CSA_DUMMY_OP_groupi58/g4046/z             10.4   214748364.7           0.0
  --> Other violations on net                              5.4
WALLACE_CSA_DUMMY_OP_groupi58/g3979/z             10.4   214748364.7           0.0
  --> Other violations on net                              5.4
WALLACE_CSA_DUMMY_OP_groupi58/g3950/z             10.4   214748364.7           0.0
  --> Other violations on net                              5.4
WALLACE_CSA_DUMMY_OP_groupi58/g3874/z             10.4   214748364.7           0.0
  --> Other violations on net                              5.4
WALLACE_CSA_DUMMY_OP_groupi58/g3613/z             10.4   214748364.7           0.0
  --> Other violations on net                              5.4
WALLACE_CSA_DUMMY_OP_groupi57/g4101/z             10.4   214748364.7           0.0
  --> Other violations on net                              5.4
WALLACE_CSA_DUMMY_OP_groupi57/g4099/z             10.4   214748364.7           0.0
  --> Other violations on net                              5.4
WALLACE_CSA_DUMMY_OP_groupi57/g4098/z             10.4   214748364.7           0.0
  --> Other violations on net                              5.4
WALLACE_CSA_DUMMY_OP_groupi57/g4094/z             10.4   214748364.7           0.0
  --> Other violations on net                              5.4
WALLACE_CSA_DUMMY_OP_groupi57/g4091/z             10.4   214748364.7           0.0
  --> Other violations on net                              5.4
WALLACE_CSA_DUMMY_OP_groupi57/g4088/z             10.4   214748364.7           0.0
  --> Other violations on net                              5.4
WALLACE_CSA_DUMMY_OP_groupi57/g4086/z             10.4   214748364.7           0.0
  --> Other violations on net                              5.4
WALLACE_CSA_DUMMY_OP_groupi57/g4083/z             10.4   214748364.7           0.0
  --> Other violations on net                              5.4
WALLACE_CSA_DUMMY_OP_groupi57/g4075/z             10.4   214748364.7           0.0
  --> Other violations on net                              5.4
WALLACE_CSA_DUMMY_OP_groupi57/g4068/z             10.4   214748364.7           0.0
  --> Other violations on net                              5.4
WALLACE_CSA_DUMMY_OP_groupi57/g4055/z             10.4   214748364.7           0.0
  --> Other violations on net                              5.4
WALLACE_CSA_DUMMY_OP_groupi57/g4046/z             10.4   214748364.7           0.0
  --> Other violations on net                              5.4
WALLACE_CSA_DUMMY_OP_groupi57/g3979/z             10.4   214748364.7           0.0
  --> Other violations on net                              5.4
WALLACE_CSA_DUMMY_OP_groupi57/g3950/z             10.4   214748364.7           0.0
  --> Other violations on net                              5.4
WALLACE_CSA_DUMMY_OP_groupi57/g3874/z             10.4   214748364.7           0.0
  --> Other violations on net                              5.4
WALLACE_CSA_DUMMY_OP_groupi57/g3613/z             10.4   214748364.7           0.0
  --> Other violations on net                              5.4


Max_fanout design rule: no violations.


Mode slow_0p9v_125c_cmax_scan_shift:
Max_transition design rule: no violations.


Max_capacitance design rule (violation total = 345.6)
Pin                                          Load (ff)           Max     Violation
------------------------------------------------------------------------------------
WALLACE_CSA_DUMMY_OP_groupi58/g4101/z             10.4   214748364.7           0.0
  --> Other violations on net                              5.4
WALLACE_CSA_DUMMY_OP_groupi/g4099/z               10.4   214748364.7           0.0
  --> Other violations on net                              5.4
WALLACE_CSA_DUMMY_OP_groupi/g4098/z               10.4   214748364.7           0.0
  --> Other violations on net                              5.4
WALLACE_CSA_DUMMY_OP_groupi/g4094/z               10.4   214748364.7           0.0
  --> Other violations on net                              5.4
WALLACE_CSA_DUMMY_OP_groupi/g4091/z               10.4   214748364.7           0.0
  --> Other violations on net                              5.4
WALLACE_CSA_DUMMY_OP_groupi/g4088/z               10.4   214748364.7           0.0
  --> Other violations on net                              5.4
WALLACE_CSA_DUMMY_OP_groupi/g4086/z               10.4   214748364.7           0.0
  --> Other violations on net                              5.4
WALLACE_CSA_DUMMY_OP_groupi/g4083/z               10.4   214748364.7           0.0
  --> Other violations on net                              5.4
WALLACE_CSA_DUMMY_OP_groupi/g4075/z               10.4   214748364.7           0.0
  --> Other violations on net                              5.4
WALLACE_CSA_DUMMY_OP_groupi/g4068/z               10.4   214748364.7           0.0
  --> Other violations on net                              5.4
WALLACE_CSA_DUMMY_OP_groupi/g4055/z               10.4   214748364.7           0.0
  --> Other violations on net                              5.4
WALLACE_CSA_DUMMY_OP_groupi/g4046/z               10.4   214748364.7           0.0
  --> Other violations on net                              5.4
WALLACE_CSA_DUMMY_OP_groupi/g3979/z               10.4   214748364.7           0.0
  --> Other violations on net                              5.4
WALLACE_CSA_DUMMY_OP_groupi/g3950/z               10.4   214748364.7           0.0
  --> Other violations on net                              5.4
WALLACE_CSA_DUMMY_OP_groupi/g3874/z               10.4   214748364.7           0.0
  --> Other violations on net                              5.4
WALLACE_CSA_DUMMY_OP_groupi/g3613/z               10.4   214748364.7           0.0
  --> Other violations on net                              5.4
WALLACE_CSA_DUMMY_OP_groupi59/g4101/z             10.4   214748364.7           0.0
  --> Other violations on net                              5.4
WALLACE_CSA_DUMMY_OP_groupi59/g4099/z             10.4   214748364.7           0.0
  --> Other violations on net                              5.4
WALLACE_CSA_DUMMY_OP_groupi59/g4098/z             10.4   214748364.7           0.0
  --> Other violations on net                              5.4
WALLACE_CSA_DUMMY_OP_groupi59/g4094/z             10.4   214748364.7           0.0
  --> Other violations on net                              5.4
WALLACE_CSA_DUMMY_OP_groupi59/g4091/z             10.4   214748364.7           0.0
  --> Other violations on net                              5.4
WALLACE_CSA_DUMMY_OP_groupi59/g4088/z             10.4   214748364.7           0.0
  --> Other violations on net                              5.4
WALLACE_CSA_DUMMY_OP_groupi59/g4086/z             10.4   214748364.7           0.0
  --> Other violations on net                              5.4
WALLACE_CSA_DUMMY_OP_groupi59/g4083/z             10.4   214748364.7           0.0
  --> Other violations on net                              5.4
WALLACE_CSA_DUMMY_OP_groupi59/g4075/z             10.4   214748364.7           0.0
  --> Other violations on net                              5.4
WALLACE_CSA_DUMMY_OP_groupi59/g4068/z             10.4   214748364.7           0.0
  --> Other violations on net                              5.4
WALLACE_CSA_DUMMY_OP_groupi59/g4055/z             10.4   214748364.7           0.0
  --> Other violations on net                              5.4
WALLACE_CSA_DUMMY_OP_groupi59/g4046/z             10.4   214748364.7           0.0
  --> Other violations on net                              5.4
WALLACE_CSA_DUMMY_OP_groupi59/g3979/z             10.4   214748364.7           0.0
  --> Other violations on net                              5.4
WALLACE_CSA_DUMMY_OP_groupi59/g3950/z             10.4   214748364.7           0.0
  --> Other violations on net                              5.4
WALLACE_CSA_DUMMY_OP_groupi59/g3874/z             10.4   214748364.7           0.0
  --> Other violations on net                              5.4
WALLACE_CSA_DUMMY_OP_groupi59/g3613/z             10.4   214748364.7           0.0
  --> Other violations on net                              5.4
WALLACE_CSA_DUMMY_OP_groupi/g4101/z               10.4   214748364.7           0.0
  --> Other violations on net                              5.4
WALLACE_CSA_DUMMY_OP_groupi58/g4099/z             10.4   214748364.7           0.0
  --> Other violations on net                              5.4
WALLACE_CSA_DUMMY_OP_groupi58/g4098/z             10.4   214748364.7           0.0
  --> Other violations on net                              5.4
WALLACE_CSA_DUMMY_OP_groupi58/g4094/z             10.4   214748364.7           0.0
  --> Other violations on net                              5.4
WALLACE_CSA_DUMMY_OP_groupi58/g4091/z             10.4   214748364.7           0.0
  --> Other violations on net                              5.4
WALLACE_CSA_DUMMY_OP_groupi58/g4088/z             10.4   214748364.7           0.0
  --> Other violations on net                              5.4
WALLACE_CSA_DUMMY_OP_groupi58/g4086/z             10.4   214748364.7           0.0
  --> Other violations on net                              5.4
WALLACE_CSA_DUMMY_OP_groupi58/g4083/z             10.4   214748364.7           0.0
  --> Other violations on net                              5.4
WALLACE_CSA_DUMMY_OP_groupi58/g4075/z             10.4   214748364.7           0.0
  --> Other violations on net                              5.4
WALLACE_CSA_DUMMY_OP_groupi58/g4068/z             10.4   214748364.7           0.0
  --> Other violations on net                              5.4
WALLACE_CSA_DUMMY_OP_groupi58/g4055/z             10.4   214748364.7           0.0
  --> Other violations on net                              5.4
WALLACE_CSA_DUMMY_OP_groupi58/g4046/z             10.4   214748364.7           0.0
  --> Other violations on net                              5.4
WALLACE_CSA_DUMMY_OP_groupi58/g3979/z             10.4   214748364.7           0.0
  --> Other violations on net                              5.4
WALLACE_CSA_DUMMY_OP_groupi58/g3950/z             10.4   214748364.7           0.0
  --> Other violations on net                              5.4
WALLACE_CSA_DUMMY_OP_groupi58/g3874/z             10.4   214748364.7           0.0
  --> Other violations on net                              5.4
WALLACE_CSA_DUMMY_OP_groupi58/g3613/z             10.4   214748364.7           0.0
  --> Other violations on net                              5.4
WALLACE_CSA_DUMMY_OP_groupi57/g4101/z             10.4   214748364.7           0.0
  --> Other violations on net                              5.4
WALLACE_CSA_DUMMY_OP_groupi57/g4099/z             10.4   214748364.7           0.0
  --> Other violations on net                              5.4
WALLACE_CSA_DUMMY_OP_groupi57/g4098/z             10.4   214748364.7           0.0
  --> Other violations on net                              5.4
WALLACE_CSA_DUMMY_OP_groupi57/g4094/z             10.4   214748364.7           0.0
  --> Other violations on net                              5.4
WALLACE_CSA_DUMMY_OP_groupi57/g4091/z             10.4   214748364.7           0.0
  --> Other violations on net                              5.4
WALLACE_CSA_DUMMY_OP_groupi57/g4088/z             10.4   214748364.7           0.0
  --> Other violations on net                              5.4
WALLACE_CSA_DUMMY_OP_groupi57/g4086/z             10.4   214748364.7           0.0
  --> Other violations on net                              5.4
WALLACE_CSA_DUMMY_OP_groupi57/g4083/z             10.4   214748364.7           0.0
  --> Other violations on net                              5.4
WALLACE_CSA_DUMMY_OP_groupi57/g4075/z             10.4   214748364.7           0.0
  --> Other violations on net                              5.4
WALLACE_CSA_DUMMY_OP_groupi57/g4068/z             10.4   214748364.7           0.0
  --> Other violations on net                              5.4
WALLACE_CSA_DUMMY_OP_groupi57/g4055/z             10.4   214748364.7           0.0
  --> Other violations on net                              5.4
WALLACE_CSA_DUMMY_OP_groupi57/g4046/z             10.4   214748364.7           0.0
  --> Other violations on net                              5.4
WALLACE_CSA_DUMMY_OP_groupi57/g3979/z             10.4   214748364.7           0.0
  --> Other violations on net                              5.4
WALLACE_CSA_DUMMY_OP_groupi57/g3950/z             10.4   214748364.7           0.0
  --> Other violations on net                              5.4
WALLACE_CSA_DUMMY_OP_groupi57/g3874/z             10.4   214748364.7           0.0
  --> Other violations on net                              5.4
WALLACE_CSA_DUMMY_OP_groupi57/g3613/z             10.4   214748364.7           0.0
  --> Other violations on net                              5.4


Max_fanout design rule: no violations.



