============================================================
  Generated by:           Genus(TM) Synthesis Solution 23.15-s099_1
  Generated on:           Nov 14 2025  02:39:03 pm
  Module:                 matmul_sync
  Operating conditions:   PVT_0P9V_125C 
  Interconnect mode:      spatial
  Area mode:              physical library
============================================================


Path 1: MET (441 ps) Late External Delay Assertion at pin result_o[63]
           View: slow_0p9v_125c_cmax_func
          Group: reg2out
     Startpoint: (R) operand_b_i_sr_reg_29/clk
          Clock: (R) clk_i
       Endpoint: (R) result_o[63]
          Clock: (R) clk_i_virtual

                     Capture       Launch     
        Clock Edge:+    5000            0     
       Src Latency:+       0            0     
       Net Latency:+       0 (I)        0 (I) 
           Arrival:=    5000            0     
                                              
      Output Delay:-    1500                  
       Uncertainty:-      55                  
     Required Time:=    3445                  
      Launch Clock:-       0                  
         Data Path:-    3004                  
             Slack:=     441                  

Exceptions/Constraints:
  output_delay             1500            matmul_sync.constrai_3_line_87   

Launch clock path:
#--------------------------------------------------------------------------------------------------------------------------
#       Timing Point        Flags   Arc   Edge      Cell         Power  Fanout Load Trans Delay Arrival      Instance      
#                                                                Domain        (fF)  (ps)  (ps)   (ps)       Location      
#--------------------------------------------------------------------------------------------------------------------------
  clk_i                     (i,u)   -     R     (arrival)        pd_aon     64  0.0    59     0      54              (-,-) 
  clk_i                     -       -     -     (net)            -           -    -     -     -       -              (-,-) 
  clk_i                     -       -     -     (net)            -           -    -     -     -       -              (-,-) 
  operand_b_i_sr_reg_29/clk <<<     -     R     unmapped_d_flop  pd_aon     64    -     0     0      54  (11.2420,47.2190) 
#--------------------------------------------------------------------------------------------------------------------------

#------------------------------------------------------------------------------------------------------------------------------------------
#             Timing Point              Flags    Arc    Edge       Cell          Power  Fanout Load Trans Delay Arrival      Instance      
#                                                                                Domain        (fF)  (ps)  (ps)   (ps)       Location      
#------------------------------------------------------------------------------------------------------------------------------------------
  operand_b_i_sr_reg_29/clk             -       -       R     (arrival)          pd_aon     64    -     0     0       0              (-,-) 
  operand_b_i_sr_reg_29/q               (u)     clk->q  F     unmapped_d_flop    pd_aon     16  8.0     0   383     383  (11.2420,47.2190) 
  operand_b_i_sr_29                     -       -       -     (net)              -           -    -     -     -       -              (-,-) 
  WALLACE_CSA_DUMMY_OP_groupi59/g3399/z (u)     in_1->z R     unmapped_nand2     pd_aon      3  2.1     0    86     468  (36.0705,69.2280) 
  WALLACE_CSA_DUMMY_OP_groupi59/n_227   -       -       -     (net)              -           -    -     -     -       -              (-,-) 
  WALLACE_CSA_DUMMY_OP_groupi59/g3507/z (u)     in_1->z R     unmapped_xor2      pd_aon      1  0.7     0   150     618  (31.5405,67.9115) 
  WALLACE_CSA_DUMMY_OP_groupi59/n_561   -       -       -     (net)              -           -    -     -     -       -              (-,-) 
  WALLACE_CSA_DUMMY_OP_groupi59/g3647/z (u)     in_0->z R     unmapped_xnor2     pd_aon      3  2.1     0   168     786  (31.2550,66.3340) 
  WALLACE_CSA_DUMMY_OP_groupi59/n_244   -       -       -     (net)              -           -    -     -     -       -              (-,-) 
  WALLACE_CSA_DUMMY_OP_groupi59/g3783/z (u)     in_3->z R     unmapped_complex4  pd_aon      2  1.4     0   214    1000  (28.9745,65.0090) 
  WALLACE_CSA_DUMMY_OP_groupi59/n_284   -       -       -     (net)              -           -    -     -     -       -              (-,-) 
  WALLACE_CSA_DUMMY_OP_groupi59/g3913/z (u)     in_1->z R     unmapped_xor2      pd_aon      1  0.7     0   150    1150  (25.8760,62.3155) 
  WALLACE_CSA_DUMMY_OP_groupi59/n_633   -       -       -     (net)              -           -    -     -     -       -              (-,-) 
  WALLACE_CSA_DUMMY_OP_groupi59/g3967/z (u)     in_0->z R     unmapped_xor2      pd_aon      3  2.1     0   168    1318  (23.1510,62.6845) 
  WALLACE_CSA_DUMMY_OP_groupi59/n_290   -       -       -     (net)              -           -    -     -     -       -              (-,-) 
  WALLACE_CSA_DUMMY_OP_groupi59/g4006/z (u)     in_0->z R     unmapped_xor2      pd_aon      1  0.7     0   150    1468  (22.1635,58.0190) 
  WALLACE_CSA_DUMMY_OP_groupi59/n_641   -       -       -     (net)              -           -    -     -     -       -              (-,-) 
  WALLACE_CSA_DUMMY_OP_groupi59/g4045/z (u)     in_0->z R     unmapped_xor2      pd_aon      3  2.1     0   168    1636  (21.8410,56.4505) 
  WALLACE_CSA_DUMMY_OP_groupi59/n_294   -       -       -     (net)              -           -    -     -     -       -              (-,-) 
  WALLACE_CSA_DUMMY_OP_groupi59/g4063/z (u)     in_1->z R     unmapped_xor2      pd_aon      2  1.4     0   160    1796  (23.2605,40.5875) 
  WALLACE_CSA_DUMMY_OP_groupi59/n_71    -       -       -     (net)              -           -    -     -     -       -              (-,-) 
  WALLACE_CSA_DUMMY_OP_groupi59/g2301/z (u)     in_1->z R     unmapped_or2       pd_aon      3  2.1     0    86    1882  (24.3930,31.3350) 
  WALLACE_CSA_DUMMY_OP_groupi59/n_794   -       -       -     (net)              -           -    -     -     -       -              (-,-) 
  WALLACE_CSA_DUMMY_OP_groupi59/g4072/z (u)     in_2->z R     unmapped_complex3  pd_aon      2  1.4     0   146    2028  (21.8725,31.3270) 
  WALLACE_CSA_DUMMY_OP_groupi59/n_831   -       -       -     (net)              -           -    -     -     -       -              (-,-) 
  WALLACE_CSA_DUMMY_OP_groupi59/g4082/z (u)     in_3->z F     unmapped_complex4  pd_aon      1  0.5     0   203    2231  (20.2465,29.8775) 
  WALLACE_CSA_DUMMY_OP_groupi59/n_969   -       -       -     (net)              -           -    -     -     -       -              (-,-) 
  WALLACE_CSA_DUMMY_OP_groupi59/g4089/z (u)     in_1->z R     unmapped_nand3     pd_aon      3  2.1     0   147    2378  (17.5565,31.6050) 
  WALLACE_CSA_DUMMY_OP_groupi59/n_912   -       -       -     (net)              -           -    -     -     -       -              (-,-) 
  WALLACE_CSA_DUMMY_OP_groupi59/g4071/z (u)     in_0->z F     unmapped_nand3     pd_aon      1  0.5     0   129    2507  (14.0195,55.8805) 
  WALLACE_CSA_DUMMY_OP_groupi59/n_1731  -       -       -     (net)              -           -    -     -     -       -              (-,-) 
  WALLACE_CSA_DUMMY_OP_groupi59/g4070/z (u)     in_0->z R     unmapped_complex4  pd_aon      2  1.4     0   139    2646  (12.1885,57.4600) 
  WALLACE_CSA_DUMMY_OP_groupi59/n_917   -       -       -     (net)              -           -    -     -     -       -              (-,-) 
  WALLACE_CSA_DUMMY_OP_groupi59/g4096/z (u)     in_1->z R     unmapped_complex3  pd_aon      1  0.7     0   136    2782  (16.3910,55.2880) 
  WALLACE_CSA_DUMMY_OP_groupi59/n_920   -       -       -     (net)              -           -    -     -     -       -              (-,-) 
  WALLACE_CSA_DUMMY_OP_groupi59/g4101/z (u)     in_0->z R     unmapped_xnor2     pd_aon      1 10.4     0   222    3004   (15.3185,3.4440) 
  result_o[63]                          -       -       -     (net)              -           -    -     -     -       -              (-,-) 
  result_o[63]                          <<<     -       R     (port)             pd_aon      -    -     -     0    3004              (-,-) 
#------------------------------------------------------------------------------------------------------------------------------------------

(u) : Net has unmapped pin(s).


