============================================================
  Generated by:           Genus(TM) Synthesis Solution 23.15-s099_1
  Generated on:           Nov 14 2025  02:39:02 pm
  Module:                 matmul_sync
  Library domain:         slow_0p9v_125c
    Domain index:         0
    Technology library:   slow_vdd1v0 1.0
  Operating conditions:   PVT_0P9V_125C 
  Interconnect mode:      spatial
  Area mode:              physical library
============================================================

# SETUP                  WNS  TNS    FEP 
# -----------------------------------------
 View: ALL             440.6  0.0      0 
    Group : default      N/A  N/A    N/A 
    Group : in2out       N/A  N/A    N/A 
    Group : in2reg    1246.5  0.0      0 
    Group : reg2out    440.6  0.0      0 
    Group : reg2reg      N/A  N/A    N/A 

# -----------------------------------------
# DRV                         WNS     TNS   FEP 
# ------------------------------------------------
 View: ALL                                      
    Check: max_transition     N/A     N/A     0 
    Check: max_capacitance   -5.4  -345.6    64 
    Check: max_fanout         N/A     N/A     0 

# ------------------------------------------------
