*----------------------------------------------------------------------------------------
*	Innovus 23.15-s106_1 (64bit) 07/16/2025 17:15 (Linux 3.10.0-693.el7.x86_64)
*	
*
* 	Date & Time:	2025-Nov-14 14:50:56 (2025-Nov-14 12:50:56 GMT)
*
*----------------------------------------------------------------------------------------
*
*	Design: matmul_sync
*
*	Liberty Libraries used: 
*	        /opt/soc/tech/cadence/gsclib045_all_v4.8/gsclib045/timing/fast_vdd1v0_basicCells.lib
*	        /opt/soc/tech/cadence/gsclib045_all_v4.8/gsclib045/timing/slow_vdd1v0_basicCells.lib
*
*	Power Domain used: 
*              Rail:        VDD      Voltage:        0.9 
*
*       Dynamic View: slow_0p9v_125c_cmax_func
*
*       Leakage View: slow_0p9v_125c_cmax_func
*
*       User-Defined Activity : N.A.
*
*       Activity File: N.A.
*
*       Hierarchical Global Activity: N.A.
*
*       Global Activity: N.A.
*
*       Sequential Element Activity: 0.200000
*
*       Primary Input Activity: 0.200000
*
*       Default icg ratio: N.A.
*
*       Global Comb ClockGate Ratio: N.A.
*
*	Power Units = 1mW
*
*	Time Units = 1e-09 secs 
*
*       report_power -outfile reports/prects/power.all.rpt -no_wrap
*
-----------------------------------------------------------------------------------------


Total Power 
-----------------------------------------------------------------------------------------
Total Internal Power:        0.28921122 	   61.2401%
Total Switching Power:       0.18290736 	   38.7304%
Total Leakage Power:         0.00013930 	    0.0295%
Total Power:                 0.47225788 
-----------------------------------------------------------------------------------------


Group                           Internal   Switching     Leakage       Total  Percentage 
                                Power      Power         Power         Power  (%)        
-----------------------------------------------------------------------------------------
Sequential                       0.04732     0.01045   1.728e-05     0.05779       12.24 
Macro                                  0           0           0           0           0 
IO                                     0           0           0           0           0 
Combinational                     0.2371      0.1725   0.0001206      0.4097       86.75 
Clock (Combinational)           0.004791           0   1.387e-06    0.004793       1.015 
Clock (Sequential)                     0           0           0           0           0 
-----------------------------------------------------------------------------------------
Total                             0.2892      0.1829   0.0001393      0.4723         100 
-----------------------------------------------------------------------------------------


Rail                  Voltage   Internal   Switching     Leakage       Total  Percentage 
                                Power      Power         Power         Power  (%)        
-----------------------------------------------------------------------------------------
VDD                       0.9     0.2892      0.1829   0.0001393      0.4723         100 


Clock                           Internal   Switching     Leakage       Total  Percentage 
                                Power      Power         Power         Power  (%)        
-----------------------------------------------------------------------------------------
clk_i                           0.004791           0   1.387e-06    0.004793       1.015 
-----------------------------------------------------------------------------------------
Total (excluding duplicates)    0.004791           0   1.387e-06    0.004793       1.015 
-----------------------------------------------------------------------------------------
Clock: clk_i
Clock Period: 0.005000 usec 
Clock Toggle Rate:   400.0000 Mhz 
Clock Static Probability:  0.5000



-----------------------------------------------------------------------------------------
*	Power Distribution Summary: 
*                Highest Average Power: prects_FE_OFC18_result_o_43 (CLKBUFX20):         0.005421 
*                Highest Leakage Power:     FE_OFC224_result_o_30 (CLKBUFX20):        6.198e-07 
*          Total Cap:      4.44028e-12 F
*          Total instances in design:  2008
*          Total instances in design with no power:     0
*          Total instances in design with no activity:     0
*          Total Fillers and Decap:     0
-----------------------------------------------------------------------------------------

