###############################################################
#  Generated by:      Cadence Innovus 23.15-s106_1
#  OS:                Linux x86_64(Host ID ASIC-vm)
#  Generated on:      Fri Nov 14 14:50:30 2025
#  Design:            matmul_sync
#  Command:           report_timing_summary -checks {setup drv} -expand_views > [file join [get_db flow_report_directory] [get_db flow_report_name] [get_db flow_report_prefix]setup.view_summary.rpt]
###############################################################
# SETUP                                      WNS     TNS   FEP   
#---------------------------------------------------------------
 View : ALL                               -0.000  -0.000     1  
    Group : in2reg                         1.036   0.000     0  
    Group : reg2out                       -0.000  -0.000     1  
    Group : reg2reg                        8.944   0.000     0  
    Group : Default                        0.202   0.000     0  
                                                                
 View : slow_0p9v_125c_cmax_func          -0.000  -0.000     1  
    Group : in2reg                         1.139   0.000     0  
    Group : reg2out                       -0.000  -0.000     1  
                                                                
 View : slow_0p9v_125c_cmax_scan_capture   5.350   0.000     0  
    Group : in2reg                         8.115   0.000     0  
    Group : reg2out                        5.350   0.000     0  
                                                                
 View : slow_0p9v_125c_cmax_scan_shift     0.202   0.000     0  
    Group : in2reg                         1.036   0.000     0  
    Group : reg2out                        5.350   0.000     0  
    Group : reg2reg                        8.944   0.000     0  
    Group : Default                        0.202   0.000     0  
                                                                
#---------------------------------------------------------------
 
# DRV                                      WNS   TNS   FEP   
#-----------------------------------------------------------
 View : ALL                                                 
    Check : max_transition                 N/A   N/A     0  
    Check : min_transition                 N/A   N/A     0  
    Check : max_capacitance                N/A   N/A     0  
    Check : min_capacitance                N/A   N/A     0  
    Check : max_fanout                     N/A   N/A     0  
    Check : min_fanout                     N/A   N/A     0  
                                                            
 View : slow_0p9v_125c_cmax_func                            
    Check : max_transition                 N/A   N/A     0  
    Check : min_transition                 N/A   N/A     0  
    Check : max_capacitance                N/A   N/A     0  
    Check : min_capacitance                N/A   N/A     0  
    Check : max_fanout                     N/A   N/A     0  
    Check : min_fanout                     N/A   N/A     0  
                                                            
 View : slow_0p9v_125c_cmax_scan_capture                    
    Check : max_transition                 N/A   N/A     0  
    Check : min_transition                 N/A   N/A     0  
    Check : max_capacitance                N/A   N/A     0  
    Check : min_capacitance                N/A   N/A     0  
    Check : max_fanout                     N/A   N/A     0  
    Check : min_fanout                     N/A   N/A     0  
                                                            
 View : slow_0p9v_125c_cmax_scan_shift                      
    Check : max_transition                 N/A   N/A     0  
    Check : min_transition                 N/A   N/A     0  
    Check : max_capacitance                N/A   N/A     0  
    Check : min_capacitance                N/A   N/A     0  
    Check : max_fanout                     N/A   N/A     0  
    Check : min_fanout                     N/A   N/A     0  
                                                            
 View : slow_0p9v_125c_cmax_func                            
    Check : max_transition                 N/A   N/A     0  
    Check : min_transition                 N/A   N/A     0  
    Check : max_capacitance                N/A   N/A     0  
    Check : min_capacitance                N/A   N/A     0  
    Check : max_fanout                     N/A   N/A     0  
    Check : min_fanout                     N/A   N/A     0  
                                                            
 View : slow_0p9v_125c_cmax_scan_capture                    
    Check : max_transition                 N/A   N/A     0  
    Check : min_transition                 N/A   N/A     0  
    Check : max_capacitance                N/A   N/A     0  
    Check : min_capacitance                N/A   N/A     0  
    Check : max_fanout                     N/A   N/A     0  
    Check : min_fanout                     N/A   N/A     0  
                                                            
 View : slow_0p9v_125c_cmax_scan_shift                      
    Check : max_transition                 N/A   N/A     0  
    Check : min_transition                 N/A   N/A     0  
    Check : max_capacitance                N/A   N/A     0  
    Check : min_capacitance                N/A   N/A     0  
    Check : max_fanout                     N/A   N/A     0  
    Check : min_fanout                     N/A   N/A     0  
                                                            
 View : fast_1p1v_0c_cmin_func                              
    Check : max_transition                 N/A   N/A     0  
    Check : min_transition                 N/A   N/A     0  
    Check : max_capacitance                N/A   N/A     0  
    Check : min_capacitance                N/A   N/A     0  
    Check : max_fanout                     N/A   N/A     0  
    Check : min_fanout                     N/A   N/A     0  
                                                            
 View : fast_1p1v_0c_cmin_scan_capture                      
    Check : max_transition                 N/A   N/A     0  
    Check : min_transition                 N/A   N/A     0  
    Check : max_capacitance                N/A   N/A     0  
    Check : min_capacitance                N/A   N/A     0  
    Check : max_fanout                     N/A   N/A     0  
    Check : min_fanout                     N/A   N/A     0  
                                                            
 View : fast_1p1v_0c_cmin_scan_shift                        
    Check : max_transition                 N/A   N/A     0  
    Check : min_transition                 N/A   N/A     0  
    Check : max_capacitance                N/A   N/A     0  
    Check : min_capacitance                N/A   N/A     0  
    Check : max_fanout                     N/A   N/A     0  
    Check : min_fanout                     N/A   N/A     0  
                                                            
#-----------------------------------------------------------
 
