###############################################################
#  Generated by:      Cadence Innovus 23.15-s106_1
#  OS:                Linux x86_64(Host ID ASIC-vm)
#  Generated on:      Fri Nov 14 14:50:33 2025
#  Design:            matmul_sync
#  Command:           report_timing -max_paths 1   -nworst 1 -path_type full_clock -net > [get_db flow_report_directory]/[get_db flow_report_name]/setup.worst.rpt
###############################################################
Path 1: VIOLATED (-0.000 ns) Late Output Delay Assertion
               View: slow_0p9v_125c_cmax_func
              Group: reg2out
         Startpoint: (R) operand_a_i_sr_reg_3/CK
              Clock: (R) clk_i
           Endpoint: (F) result_o[30]
              Clock: (R) clk_i_virtual

                       Capture       Launch
         Clock Edge:+    5.000        0.000
        Src Latency:+    0.000        0.000
        Net Latency:+    0.000 (I)    0.000 (I)
            Arrival:=    5.000        0.000

       Output Delay:-    1.500
        Uncertainty:-    0.055
        Cppr Adjust:+    0.000
      Required Time:=    3.445
       Launch Clock:=    0.000
          Data Path:+    3.445
              Slack:=   -0.000

#--------------------------------------------------------------------------------------------------------------------------------------------
# Timing Point                                           Net  Cell        Fanout   Load  Trans   Delay    Incr  Arrival  Edge  User    Power  
#                                                                                  (pf)   (ns)    (ns)   Delay     (ns)        Derate  Domain  
#--------------------------------------------------------------------------------------------------------------------------------------------
  clk_i                                                  -    (arrival)        1  0.000  0.000   0.000   0.000    0.000  R     -       pd_aon  
  clk_i                                                  -    (net)            1  0.000      -       -       -        -  R     -       -  
  CTS_ccl_a_inv_00006/Y                                  -    CLKINVX8         3  0.000  0.000   0.000   0.000    0.000  F      1.030  pd_aon  
  CTS_4                                                  -    (net)            3  0.000      -       -       -        -  F     -       -  
  CTS_ccl_a_inv_00003/Y                                  -    CLKINVX20       19  0.000  0.000   0.000   0.000    0.000  R      1.030  pd_aon  
  CTS_3                                                  -    (net)           19  0.000      -       -       -        -  R     -       -  
  operand_a_i_sr_reg_3/Q                                 -    SDFFSRHQX1       2  0.002  0.000   0.277   0.000    0.277  F      1.079  pd_aon  
  operand_a_i_sr_3                                       -    (net)            2  0.002      -       -       -        -  F     -       -  
  prects_FE_OFC72_operand_a_i_sr_3/Y                     -    CLKINVX4         9  0.011  0.080   0.085   0.000    0.362  R      1.079  pd_aon  
  n_607                                                  -    (net)            9  0.011      -       -       -        -  R     -       -  
  prects_FE_OFC73_operand_a_i_sr_3/Y                     -    INVX2            8  0.008  0.083   0.119   0.000    0.481  F      1.079  pd_aon  
  FE_OFN134_operand_a_i_sr_3                             -    (net)            8  0.008      -       -       -        -  F     -       -  
  WALLACE_CSA_DUMMY_OP_groupi57_g3680__1881/Y            -    CLKAND2X2        1  0.001  0.135   0.155   0.000    0.637  F      1.079  pd_aon  
  WALLACE_CSA_DUMMY_OP_groupi57_n_115                    -    (net)            1  0.001      -       -       -        -  F     -       -  
  WALLACE_CSA_DUMMY_OP_groupi57_g3526__6783/S            -    ADDFX1           1  0.002  0.036   0.329   0.000    0.966  R      1.079  pd_aon  
  WALLACE_CSA_DUMMY_OP_groupi57_n_257                    -    (net)            1  0.002      -       -       -        -  R     -       -  
  WALLACE_CSA_DUMMY_OP_groupi57_g3440__7410/CO           -    ADDFX1           1  0.001  0.070   0.225   0.000    1.191  R      1.079  pd_aon  
  WALLACE_CSA_DUMMY_OP_groupi57_n_358                    -    (net)            1  0.001      -       -       -        -  R     -       -  
  WALLACE_CSA_DUMMY_OP_groupi57_g3397__1666/S            -    ADDFHXL          1  0.001  0.055   0.277   0.000    1.468  F      1.079  pd_aon  
  WALLACE_CSA_DUMMY_OP_groupi57_n_418                    -    (net)            1  0.001      -       -       -        -  F     -       -  
  WALLACE_CSA_DUMMY_OP_groupi57_g3355__7482/S            -    ADDFHXL          3  0.002  0.074   0.308   0.000    1.777  R      1.079  pd_aon  
  WALLACE_CSA_DUMMY_OP_groupi57_n_465                    -    (net)            3  0.002      -       -       -        -  R     -       -  
  WALLACE_CSA_DUMMY_OP_groupi57_g3346__2802/Y            -    XOR2XL           2  0.001  0.068   0.185   0.000    1.962  F      1.079  pd_aon  
  WALLACE_CSA_DUMMY_OP_groupi57_n_476                    -    (net)            2  0.001      -       -       -        -  F     -       -  
  WALLACE_CSA_DUMMY_OP_groupi57_g2__3680/Y               -    OR2XL            3  0.001  0.074   0.141   0.000    2.103  F      1.079  pd_aon  
  WALLACE_CSA_DUMMY_OP_groupi57_n_26                     -    (net)            3  0.001      -       -       -        -  F     -       -  
  FE_RC_269_0/Y                                          -    AOI21XL          1  0.000  0.079   0.104   0.000    2.207  R      1.079  pd_aon  
  WALLACE_CSA_DUMMY_OP_groupi57_n_493                    -    (net)            1  0.000      -       -       -        -  R     -       -  
  prects_FE_OFC29_WALLACE_CSA_DUMMY_OP_groupi57_n_493/Y  -    INVX1            2  0.001  0.074   0.080   0.000    2.288  F      1.079  pd_aon  
  FE_RN_107_0                                            -    (net)            2  0.001      -       -       -        -  F     -       -  
  FE_RC_148_0/Y                                          -    NOR2X2           1  0.002  0.064   0.100   0.000    2.388  R      1.079  pd_aon  
  FE_RN_110_0                                            -    (net)            1  0.002      -       -       -        -  R     -       -  
  FE_RC_147_0/Y                                          -    OAI21X4          3  0.003  0.092   0.121   0.000    2.509  F      1.079  pd_aon  
  WALLACE_CSA_DUMMY_OP_groupi57_n_498                    -    (net)            3  0.003      -       -       -        -  F     -       -  
  FE_RC_244_0/Y                                          -    NAND2X4          1  0.002  0.108   0.072   0.000    2.581  R      1.079  pd_aon  
  FE_RN_189_0                                            -    (net)            1  0.002      -       -       -        -  R     -       -  
  FE_RC_243_0/Y                                          -    NAND2X4          3  0.003  0.041   0.081   0.000    2.662  F      1.079  pd_aon  
  WALLACE_CSA_DUMMY_OP_groupi57_n_500                    -    (net)            3  0.003      -       -       -        -  F     -       -  
  FE_RC_271_0/Y                                          -    NAND2X4          1  0.001  0.096   0.064   0.000    2.727  R      1.079  pd_aon  
  FE_RN_204_0                                            -    (net)            1  0.001      -       -       -        -  R     -       -  
  FE_RC_270_0/Y                                          -    NAND2X2          3  0.002  0.037   0.080   0.000    2.806  F      1.079  pd_aon  
  WALLACE_CSA_DUMMY_OP_groupi57_n_502                    -    (net)            3  0.002      -       -       -        -  F     -       -  
  FE_RC_285_0/Y                                          -    NAND2X2          1  0.002  0.090   0.074   0.000    2.880  R      1.079  pd_aon  
  FE_RN_211_0                                            -    (net)            1  0.002      -       -       -        -  R     -       -  
  FE_RC_284_0/Y                                          -    NAND2X4          4  0.002  0.049   0.078   0.000    2.959  F      1.079  pd_aon  
  WALLACE_CSA_DUMMY_OP_groupi57_n_504                    -    (net)            4  0.002      -       -       -        -  F     -       -  
  FE_RC_167_0/Y                                          -    NAND2BX1         1  0.001  0.079   0.072   0.000    3.031  R      1.079  pd_aon  
  FE_RN_111_0                                            -    (net)            1  0.001      -       -       -        -  R     -       -  
  prects_FE_RC_17_0/Y                                    -    NAND2BX2         1  0.005  0.049   0.147   0.000    3.178  F      1.079  pd_aon  
  FE_OFN46_result_o_30                                   -    (net)            1  0.005      -       -       -        -  F     -       -  
  FE_OFC224_result_o_30/Y                                -    CLKBUFX20        1  0.003  0.197   0.170   0.000    3.348  F      1.079  pd_aon  
  FE_OFN63_result_o_30                                   -    (net)            1  0.003      -       -       -        -  F     -       -  
  prects_FE_OFC103_result_o_30/Y                         -    CLKBUFX16        1  0.012  0.034   0.097   0.000    3.445  F      1.079  pd_aon  
  result_o[30]                                           -    (net)            1  0.012      -       -       -        -  F     -       -  
  result_o[30]                                           -    -                1  0.012  0.044   0.000   0.000    3.445  F      1.070  pd_aon  
#--------------------------------------------------------------------------------------------------------------------------------------------

