###############################################################
#  Generated by:      Cadence Innovus 23.15-s106_1
#  OS:                Linux x86_64(Host ID ASIC-vm)
#  Generated on:      Fri Nov 14 15:12:49 2025
#  Design:            matmul_sync
#  Command:           report_timing_summary -checks {hold drv} -expand_views > [file join [get_db flow_report_directory] [get_db flow_report_name] [get_db flow_report_prefix]hold.view_summary.rpt]
###############################################################
# HOLD                                      WNS    TNS   FEP   
#-------------------------------------------------------------
 View : ALL                               0.039  0.000     0  
    Group : in2reg                        0.958  0.000     0  
    Group : reg2out                       1.117  0.000     0  
    Group : reg2reg                       0.039  0.000     0  
    Group : Default                       0.041  0.000     0  
                                                              
 View : slow_0p9v_125c_cmax_func          1.459  0.000     0  
    Group : in2reg                        1.459  0.000     0  
    Group : reg2out                       2.158  0.000     0  
                                                              
 View : slow_0p9v_125c_cmax_scan_capture  0.958  0.000     0  
    Group : in2reg                        0.958  0.000     0  
    Group : reg2out                       1.658  0.000     0  
                                                              
 View : slow_0p9v_125c_cmax_scan_shift    0.280  0.000     0  
    Group : in2reg                        0.958  0.000     0  
    Group : reg2out                       1.658  0.000     0  
    Group : reg2reg                       0.280  0.000     0  
    Group : Default                       0.295  0.000     0  
                                                              
 View : fast_1p1v_0c_cmin_func            1.474  0.000     0  
    Group : in2reg                        1.474  0.000     0  
    Group : reg2out                       1.617  0.000     0  
                                                              
 View : fast_1p1v_0c_cmin_scan_capture    0.974  0.000     0  
    Group : in2reg                        0.974  0.000     0  
    Group : reg2out                       1.117  0.000     0  
                                                              
 View : fast_1p1v_0c_cmin_scan_shift      0.039  0.000     0  
    Group : in2reg                        0.977  0.000     0  
    Group : reg2out                       1.117  0.000     0  
    Group : reg2reg                       0.039  0.000     0  
    Group : Default                       0.041  0.000     0  
                                                              
#-------------------------------------------------------------
 
# DRV                                      WNS   TNS   FEP   
#-----------------------------------------------------------
 View : ALL                                                 
    Check : max_transition                 N/A   N/A     0  
    Check : min_transition                 N/A   N/A     0  
    Check : max_capacitance                N/A   N/A     0  
    Check : min_capacitance                N/A   N/A     0  
    Check : max_fanout                     N/A   N/A     0  
    Check : min_fanout                     N/A   N/A     0  
                                                            
 View : slow_0p9v_125c_cmax_func                            
    Check : max_transition                 N/A   N/A     0  
    Check : min_transition                 N/A   N/A     0  
    Check : max_capacitance                N/A   N/A     0  
    Check : min_capacitance                N/A   N/A     0  
    Check : max_fanout                     N/A   N/A     0  
    Check : min_fanout                     N/A   N/A     0  
                                                            
 View : slow_0p9v_125c_cmax_scan_capture                    
    Check : max_transition                 N/A   N/A     0  
    Check : min_transition                 N/A   N/A     0  
    Check : max_capacitance                N/A   N/A     0  
    Check : min_capacitance                N/A   N/A     0  
    Check : max_fanout                     N/A   N/A     0  
    Check : min_fanout                     N/A   N/A     0  
                                                            
 View : slow_0p9v_125c_cmax_scan_shift                      
    Check : max_transition                 N/A   N/A     0  
    Check : min_transition                 N/A   N/A     0  
    Check : max_capacitance                N/A   N/A     0  
    Check : min_capacitance                N/A   N/A     0  
    Check : max_fanout                     N/A   N/A     0  
    Check : min_fanout                     N/A   N/A     0  
                                                            
 View : slow_0p9v_125c_cmax_func                            
    Check : max_transition                 N/A   N/A     0  
    Check : min_transition                 N/A   N/A     0  
    Check : max_capacitance                N/A   N/A     0  
    Check : min_capacitance                N/A   N/A     0  
    Check : max_fanout                     N/A   N/A     0  
    Check : min_fanout                     N/A   N/A     0  
                                                            
 View : slow_0p9v_125c_cmax_scan_capture                    
    Check : max_transition                 N/A   N/A     0  
    Check : min_transition                 N/A   N/A     0  
    Check : max_capacitance                N/A   N/A     0  
    Check : min_capacitance                N/A   N/A     0  
    Check : max_fanout                     N/A   N/A     0  
    Check : min_fanout                     N/A   N/A     0  
                                                            
 View : slow_0p9v_125c_cmax_scan_shift                      
    Check : max_transition                 N/A   N/A     0  
    Check : min_transition                 N/A   N/A     0  
    Check : max_capacitance                N/A   N/A     0  
    Check : min_capacitance                N/A   N/A     0  
    Check : max_fanout                     N/A   N/A     0  
    Check : min_fanout                     N/A   N/A     0  
                                                            
 View : fast_1p1v_0c_cmin_func                              
    Check : max_transition                 N/A   N/A     0  
    Check : min_transition                 N/A   N/A     0  
    Check : max_capacitance                N/A   N/A     0  
    Check : min_capacitance                N/A   N/A     0  
    Check : max_fanout                     N/A   N/A     0  
    Check : min_fanout                     N/A   N/A     0  
                                                            
 View : fast_1p1v_0c_cmin_scan_capture                      
    Check : max_transition                 N/A   N/A     0  
    Check : min_transition                 N/A   N/A     0  
    Check : max_capacitance                N/A   N/A     0  
    Check : min_capacitance                N/A   N/A     0  
    Check : max_fanout                     N/A   N/A     0  
    Check : min_fanout                     N/A   N/A     0  
                                                            
 View : fast_1p1v_0c_cmin_scan_shift                        
    Check : max_transition                 N/A   N/A     0  
    Check : min_transition                 N/A   N/A     0  
    Check : max_capacitance                N/A   N/A     0  
    Check : min_capacitance                N/A   N/A     0  
    Check : max_fanout                     N/A   N/A     0  
    Check : min_fanout                     N/A   N/A     0  
                                                            
#-----------------------------------------------------------
 
