*----------------------------------------------------------------------------------------
*	Innovus 23.15-s106_1 (64bit) 07/16/2025 17:15 (Linux 3.10.0-693.el7.x86_64)
*	
*
* 	Date & Time:	2025-Nov-14 15:13:35 (2025-Nov-14 13:13:35 GMT)
*
*----------------------------------------------------------------------------------------
*
*	Design: matmul_sync
*
*	Liberty Libraries used: 
*	        /opt/soc/tech/cadence/gsclib045_all_v4.8/gsclib045/timing/fast_vdd1v0_basicCells.lib
*	        /opt/soc/tech/cadence/gsclib045_all_v4.8/gsclib045/timing/slow_vdd1v0_basicCells.lib
*
*	Power Domain used: 
*              Rail:        VDD      Voltage:        0.9 
*
*       Dynamic View: slow_0p9v_125c_cmax_func
*
*       Leakage View: slow_0p9v_125c_cmax_func
*
*       User-Defined Activity : N.A.
*
*       Activity File: N.A.
*
*       Hierarchical Global Activity: N.A.
*
*       Global Activity: N.A.
*
*       Sequential Element Activity: 0.200000
*
*       Primary Input Activity: 0.200000
*
*       Default icg ratio: N.A.
*
*       Global Comb ClockGate Ratio: N.A.
*
*	Power Units = 1mW
*
*	Time Units = 1e-09 secs 
*
*       report_power -outfile reports/postroute/power.all.rpt -no_wrap
*
-----------------------------------------------------------------------------------------


Total Power 
-----------------------------------------------------------------------------------------
Total Internal Power:        0.28938378 	   59.9089%
Total Switching Power:       0.19344824 	   40.0481%
Total Leakage Power:         0.00020806 	    0.0431%
Total Power:                 0.48304008 
-----------------------------------------------------------------------------------------


Group                           Internal   Switching     Leakage       Total  Percentage 
                                Power      Power         Power         Power  (%)        
-----------------------------------------------------------------------------------------
Sequential                       0.04761     0.01059   1.814e-05     0.05822       12.05 
Macro                                  0           0           0           0           0 
IO                                     0           0           0           0           0 
Physical-Only                          0           0   6.662e-05   6.662e-05     0.01379 
Combinational                     0.2397      0.1741   0.0001227      0.4139       85.69 
Clock (Combinational)            0.00207    0.008774   5.783e-07     0.01084       2.245 
Clock (Sequential)                     0           0           0           0           0 
-----------------------------------------------------------------------------------------
Total                             0.2894      0.1934   0.0002081       0.483         100 
-----------------------------------------------------------------------------------------


Rail                  Voltage   Internal   Switching     Leakage       Total  Percentage 
                                Power      Power         Power         Power  (%)        
-----------------------------------------------------------------------------------------
VDD                       0.9     0.2894      0.1934   0.0002081       0.483         100 


Clock                           Internal   Switching     Leakage       Total  Percentage 
                                Power      Power         Power         Power  (%)        
-----------------------------------------------------------------------------------------
clk_i                            0.00207    0.008774   5.783e-07     0.01084       2.245 
-----------------------------------------------------------------------------------------
Total (excluding duplicates)     0.00207    0.008774   5.783e-07     0.01084       2.245 
-----------------------------------------------------------------------------------------
Clock: clk_i
Clock Period: 0.005000 usec 
Clock Toggle Rate:   400.0000 Mhz 
Clock Static Probability:  0.5000



-----------------------------------------------------------------------------------------
*	Power Distribution Summary: 
*                Highest Average Power: prects_FE_OFC11_result_o_44 (CLKBUFX20):          0.00489 
*                Highest Leakage Power: prects_FE_OFC1_result_o_45 (CLKBUFX20):        6.199e-07 
*          Total Cap:      4.63596e-12 F
*          Total instances in design:  2600
*          Total instances in design with no power:     0
*          Total instances in design with no activity:     0
*          Total Fillers and Decap:   586
-----------------------------------------------------------------------------------------

