###############################################################
#  Generated by:      Cadence Innovus 23.15-s106_1
#  OS:                Linux x86_64(Host ID ASIC-vm)
#  Generated on:      Fri Nov 14 15:13:42 2025
#  Design:            matmul_sync
#  Command:           check_drc -check_only special -out_file reports/postroute/route.special.drc.rpt
###############################################################

CUTSPACING: ( Adjacent Cut Spacing ) Special Wire of Net VDD  ( Via8 )
Bounds : ( 100.375, 100.500 ) ( 100.445, 100.570 )


CUTSPACING: ( Adjacent Cut Spacing ) Special Wire of Net VDD  ( Via7 )
Bounds : ( 100.555, 100.640 ) ( 100.625, 100.710 )


CUTSPACING: ( Adjacent Cut Spacing ) Special Wire of Net VDD  ( Via7 )
Bounds : ( 100.555, 100.500 ) ( 100.625, 100.570 )


CUTSPACING: ( Adjacent Cut Spacing ) Special Wire of Net VDD  ( Via7 )
Bounds : ( 100.375, 100.640 ) ( 100.445, 100.710 )


CUTSPACING: ( Adjacent Cut Spacing ) Special Wire of Net VDD  ( Via7 )
Bounds : ( 100.375, 100.500 ) ( 100.445, 100.570 )


CUTSPACING: ( Adjacent Cut Spacing ) Special Wire of Net VDD  ( Via6 )
Bounds : ( 100.555, 100.640 ) ( 100.625, 100.710 )


CUTSPACING: ( Adjacent Cut Spacing ) Special Wire of Net VDD  ( Via6 )
Bounds : ( 100.555, 100.500 ) ( 100.625, 100.570 )


CUTSPACING: ( Adjacent Cut Spacing ) Special Wire of Net VDD  ( Via3 )
Bounds : ( 100.465, 90.690 ) ( 100.535, 90.760 )


CUTSPACING: ( Adjacent Cut Spacing ) Special Wire of Net VDD  ( Via3 )
Bounds : ( 100.465, 94.110 ) ( 100.535, 94.180 )


CUTSPACING: ( Adjacent Cut Spacing ) Special Wire of Net VDD  ( Via3 )
Bounds : ( 100.465, 97.530 ) ( 100.535, 97.600 )


CUTSPACING: ( Adjacent Cut Spacing ) Special Wire of Net VDD  ( Via4 )
Bounds : ( 100.465, 90.690 ) ( 100.535, 90.760 )


CUTSPACING: ( Adjacent Cut Spacing ) Special Wire of Net VDD  ( Via4 )
Bounds : ( 100.465, 94.110 ) ( 100.535, 94.180 )


CUTSPACING: ( Adjacent Cut Spacing ) Special Wire of Net VDD  ( Via4 )
Bounds : ( 100.465, 97.530 ) ( 100.535, 97.600 )


CUTSPACING: ( Adjacent Cut Spacing ) Special Wire of Net VDD  ( Via5 )
Bounds : ( 100.465, 90.690 ) ( 100.535, 90.760 )


CUTSPACING: ( Adjacent Cut Spacing ) Special Wire of Net VDD  ( Via5 )
Bounds : ( 100.465, 94.110 ) ( 100.535, 94.180 )


CUTSPACING: ( Adjacent Cut Spacing ) Special Wire of Net VDD  ( Via5 )
Bounds : ( 100.465, 97.530 ) ( 100.535, 97.600 )


CUTSPACING: ( Adjacent Cut Spacing ) Special Wire of Net VDD  ( Via6 )
Bounds : ( 100.375, 100.500 ) ( 100.445, 100.570 )


CUTSPACING: ( Adjacent Cut Spacing ) Special Wire of Net VDD  ( Via6 )
Bounds : ( 100.375, 100.640 ) ( 100.445, 100.710 )


CUTSPACING: ( Adjacent Cut Spacing ) Special Wire of Net VDD  ( Via8 )
Bounds : ( 100.375, 100.640 ) ( 100.445, 100.710 )


CUTSPACING: ( Adjacent Cut Spacing ) Special Wire of Net VDD  ( Via8 )
Bounds : ( 100.555, 100.500 ) ( 100.625, 100.570 )


CUTSPACING: ( Adjacent Cut Spacing ) Special Wire of Net VDD  ( Via8 )
Bounds : ( 100.555, 100.640 ) ( 100.625, 100.710 )


CUTSPACING: ( Adjacent Cut Spacing ) Special Wire of Net VDD  ( Via8 )
Bounds : ( 84.555, 100.640 ) ( 84.625, 100.710 )


CUTSPACING: ( Adjacent Cut Spacing ) Special Wire of Net VDD  ( Via8 )
Bounds : ( 84.555, 100.500 ) ( 84.625, 100.570 )


CUTSPACING: ( Adjacent Cut Spacing ) Special Wire of Net VDD  ( Via8 )
Bounds : ( 84.375, 100.640 ) ( 84.445, 100.710 )


CUTSPACING: ( Adjacent Cut Spacing ) Special Wire of Net VDD  ( Via8 )
Bounds : ( 84.375, 100.500 ) ( 84.445, 100.570 )


CUTSPACING: ( Adjacent Cut Spacing ) Special Wire of Net VDD  ( Via7 )
Bounds : ( 84.555, 100.640 ) ( 84.625, 100.710 )


CUTSPACING: ( Adjacent Cut Spacing ) Special Wire of Net VDD  ( Via7 )
Bounds : ( 84.555, 100.500 ) ( 84.625, 100.570 )


CUTSPACING: ( Adjacent Cut Spacing ) Special Wire of Net VDD  ( Via7 )
Bounds : ( 84.375, 100.640 ) ( 84.445, 100.710 )


CUTSPACING: ( Adjacent Cut Spacing ) Special Wire of Net VDD  ( Via7 )
Bounds : ( 84.375, 100.500 ) ( 84.445, 100.570 )


CUTSPACING: ( Adjacent Cut Spacing ) Special Wire of Net VDD  ( Via6 )
Bounds : ( 84.375, 100.500 ) ( 84.445, 100.570 )


CUTSPACING: ( Adjacent Cut Spacing ) Special Wire of Net VDD  ( Via6 )
Bounds : ( 84.375, 100.640 ) ( 84.445, 100.710 )


CUTSPACING: ( Adjacent Cut Spacing ) Special Wire of Net VDD  ( Via6 )
Bounds : ( 84.555, 100.500 ) ( 84.625, 100.570 )


CUTSPACING: ( Adjacent Cut Spacing ) Special Wire of Net VDD  ( Via6 )
Bounds : ( 84.555, 100.640 ) ( 84.625, 100.710 )


CUTSPACING: ( Adjacent Cut Spacing ) Special Wire of Net VDD  ( Via9 )
Bounds : ( 84.530, 100.515 ) ( 84.710, 100.695 )


CUTSPACING: ( Adjacent Cut Spacing ) Special Wire of Net VDD  ( Via9 )
Bounds : ( 84.890, 100.515 ) ( 85.070, 100.695 )


CUTSPACING: ( Adjacent Cut Spacing ) Special Wire of Net VDD  ( Via9 )
Bounds : ( 85.250, 100.515 ) ( 85.430, 100.695 )


CUTSPACING: ( Adjacent Cut Spacing ) Special Wire of Net VDD  ( Via9 )
Bounds : ( 85.610, 100.515 ) ( 85.790, 100.695 )


CUTSPACING: ( Adjacent Cut Spacing ) Special Wire of Net VDD  ( Via9 )
Bounds : ( 85.970, 100.515 ) ( 86.150, 100.695 )


CUTSPACING: ( Adjacent Cut Spacing ) Special Wire of Net VDD  ( Via9 )
Bounds : ( 86.330, 100.515 ) ( 86.510, 100.695 )


CUTSPACING: ( Adjacent Cut Spacing ) Special Wire of Net VDD  ( Via9 )
Bounds : ( 86.690, 100.515 ) ( 86.870, 100.695 )


CUTSPACING: ( Adjacent Cut Spacing ) Special Wire of Net VDD  ( Via9 )
Bounds : ( 87.050, 100.515 ) ( 87.230, 100.695 )


CUTSPACING: ( Adjacent Cut Spacing ) Special Wire of Net VDD  ( Via9 )
Bounds : ( 87.410, 100.515 ) ( 87.590, 100.695 )


CUTSPACING: ( Adjacent Cut Spacing ) Special Wire of Net VDD  ( Via9 )
Bounds : ( 87.770, 100.515 ) ( 87.950, 100.695 )


CUTSPACING: ( Adjacent Cut Spacing ) Special Wire of Net VDD  ( Via9 )
Bounds : ( 88.130, 100.515 ) ( 88.310, 100.695 )


CUTSPACING: ( Adjacent Cut Spacing ) Special Wire of Net VDD  ( Via9 )
Bounds : ( 88.490, 100.515 ) ( 88.670, 100.695 )


CUTSPACING: ( Adjacent Cut Spacing ) Special Wire of Net VDD  ( Via6 )
Bounds : ( 100.555, 84.540 ) ( 100.625, 84.610 )


CUTSPACING: ( Adjacent Cut Spacing ) Special Wire of Net VDD  ( Via6 )
Bounds : ( 100.375, 84.680 ) ( 100.445, 84.750 )


CUTSPACING: ( Adjacent Cut Spacing ) Special Wire of Net VDD  ( Via6 )
Bounds : ( 100.375, 84.540 ) ( 100.445, 84.610 )


CUTSPACING: ( Adjacent Cut Spacing ) Special Wire of Net VDD  ( Via5 )
Bounds : ( 100.465, 87.270 ) ( 100.535, 87.340 )


CUTSPACING: ( Adjacent Cut Spacing ) Special Wire of Net VDD  ( Via5 )
Bounds : ( 100.465, 83.850 ) ( 100.535, 83.920 )


CUTSPACING: ( Adjacent Cut Spacing ) Special Wire of Net VDD  ( Via5 )
Bounds : ( 100.465, 80.430 ) ( 100.535, 80.500 )


CUTSPACING: ( Adjacent Cut Spacing ) Special Wire of Net VDD  ( Via5 )
Bounds : ( 100.465, 77.010 ) ( 100.535, 77.080 )


CUTSPACING: ( Adjacent Cut Spacing ) Special Wire of Net VDD  ( Via4 )
Bounds : ( 100.465, 87.270 ) ( 100.535, 87.340 )


CUTSPACING: ( Adjacent Cut Spacing ) Special Wire of Net VDD  ( Via4 )
Bounds : ( 100.465, 83.850 ) ( 100.535, 83.920 )


CUTSPACING: ( Adjacent Cut Spacing ) Special Wire of Net VDD  ( Via4 )
Bounds : ( 100.465, 80.430 ) ( 100.535, 80.500 )


CUTSPACING: ( Adjacent Cut Spacing ) Special Wire of Net VDD  ( Via4 )
Bounds : ( 100.465, 77.010 ) ( 100.535, 77.080 )


CUTSPACING: ( Adjacent Cut Spacing ) Special Wire of Net VDD  ( Via3 )
Bounds : ( 100.465, 87.270 ) ( 100.535, 87.340 )


CUTSPACING: ( Adjacent Cut Spacing ) Special Wire of Net VDD  ( Via3 )
Bounds : ( 100.465, 83.850 ) ( 100.535, 83.920 )


CUTSPACING: ( Adjacent Cut Spacing ) Special Wire of Net VDD  ( Via3 )
Bounds : ( 100.465, 80.430 ) ( 100.535, 80.500 )


CUTSPACING: ( Adjacent Cut Spacing ) Special Wire of Net VDD  ( Via3 )
Bounds : ( 100.465, 77.010 ) ( 100.535, 77.080 )


CUTSPACING: ( Adjacent Cut Spacing ) Special Wire of Net VDD  ( Via6 )
Bounds : ( 100.555, 84.680 ) ( 100.625, 84.750 )


CUTSPACING: ( Adjacent Cut Spacing ) Special Wire of Net VDD  ( Via7 )
Bounds : ( 100.375, 84.540 ) ( 100.445, 84.610 )


CUTSPACING: ( Adjacent Cut Spacing ) Special Wire of Net VDD  ( Via7 )
Bounds : ( 100.375, 84.680 ) ( 100.445, 84.750 )


CUTSPACING: ( Adjacent Cut Spacing ) Special Wire of Net VDD  ( Via7 )
Bounds : ( 100.555, 84.540 ) ( 100.625, 84.610 )


CUTSPACING: ( Adjacent Cut Spacing ) Special Wire of Net VDD  ( Via7 )
Bounds : ( 100.555, 84.680 ) ( 100.625, 84.750 )


CUTSPACING: ( Adjacent Cut Spacing ) Special Wire of Net VDD  ( Via8 )
Bounds : ( 100.375, 84.540 ) ( 100.445, 84.610 )


CUTSPACING: ( Adjacent Cut Spacing ) Special Wire of Net VDD  ( Via8 )
Bounds : ( 100.375, 84.680 ) ( 100.445, 84.750 )


CUTSPACING: ( Adjacent Cut Spacing ) Special Wire of Net VDD  ( Via8 )
Bounds : ( 100.555, 84.540 ) ( 100.625, 84.610 )


CUTSPACING: ( Adjacent Cut Spacing ) Special Wire of Net VDD  ( Via8 )
Bounds : ( 100.555, 84.680 ) ( 100.625, 84.750 )


CUTSPACING: ( Adjacent Cut Spacing ) Special Wire of Net VDD  ( Via8 )
Bounds : ( 68.555, 100.640 ) ( 68.625, 100.710 )


CUTSPACING: ( Adjacent Cut Spacing ) Special Wire of Net VDD  ( Via8 )
Bounds : ( 68.555, 100.500 ) ( 68.625, 100.570 )


CUTSPACING: ( Adjacent Cut Spacing ) Special Wire of Net VDD  ( Via8 )
Bounds : ( 68.375, 100.640 ) ( 68.445, 100.710 )


CUTSPACING: ( Adjacent Cut Spacing ) Special Wire of Net VDD  ( Via8 )
Bounds : ( 68.375, 100.500 ) ( 68.445, 100.570 )


CUTSPACING: ( Adjacent Cut Spacing ) Special Wire of Net VDD  ( Via7 )
Bounds : ( 68.555, 100.640 ) ( 68.625, 100.710 )


CUTSPACING: ( Adjacent Cut Spacing ) Special Wire of Net VDD  ( Via7 )
Bounds : ( 68.555, 100.500 ) ( 68.625, 100.570 )


CUTSPACING: ( Adjacent Cut Spacing ) Special Wire of Net VDD  ( Via7 )
Bounds : ( 68.375, 100.640 ) ( 68.445, 100.710 )


CUTSPACING: ( Adjacent Cut Spacing ) Special Wire of Net VDD  ( Via7 )
Bounds : ( 68.375, 100.500 ) ( 68.445, 100.570 )


CUTSPACING: ( Adjacent Cut Spacing ) Special Wire of Net VDD  ( Via6 )
Bounds : ( 68.555, 100.640 ) ( 68.625, 100.710 )


CUTSPACING: ( Adjacent Cut Spacing ) Special Wire of Net VDD  ( Via6 )
Bounds : ( 68.555, 100.500 ) ( 68.625, 100.570 )


CUTSPACING: ( Adjacent Cut Spacing ) Special Wire of Net VDD  ( Via6 )
Bounds : ( 68.375, 100.640 ) ( 68.445, 100.710 )


CUTSPACING: ( Adjacent Cut Spacing ) Special Wire of Net VDD  ( Via6 )
Bounds : ( 68.375, 100.500 ) ( 68.445, 100.570 )


CUTSPACING: ( Adjacent Cut Spacing ) Special Wire of Net VDD  ( Via9 )
Bounds : ( 68.530, 100.515 ) ( 68.710, 100.695 )


CUTSPACING: ( Adjacent Cut Spacing ) Special Wire of Net VDD  ( Via9 )
Bounds : ( 68.890, 100.515 ) ( 69.070, 100.695 )


CUTSPACING: ( Adjacent Cut Spacing ) Special Wire of Net VDD  ( Via9 )
Bounds : ( 69.250, 100.515 ) ( 69.430, 100.695 )


CUTSPACING: ( Adjacent Cut Spacing ) Special Wire of Net VDD  ( Via9 )
Bounds : ( 69.610, 100.515 ) ( 69.790, 100.695 )


CUTSPACING: ( Adjacent Cut Spacing ) Special Wire of Net VDD  ( Via9 )
Bounds : ( 69.970, 100.515 ) ( 70.150, 100.695 )


CUTSPACING: ( Adjacent Cut Spacing ) Special Wire of Net VDD  ( Via9 )
Bounds : ( 70.330, 100.515 ) ( 70.510, 100.695 )


CUTSPACING: ( Adjacent Cut Spacing ) Special Wire of Net VDD  ( Via9 )
Bounds : ( 70.690, 100.515 ) ( 70.870, 100.695 )


CUTSPACING: ( Adjacent Cut Spacing ) Special Wire of Net VDD  ( Via9 )
Bounds : ( 71.050, 100.515 ) ( 71.230, 100.695 )


CUTSPACING: ( Adjacent Cut Spacing ) Special Wire of Net VDD  ( Via9 )
Bounds : ( 71.410, 100.515 ) ( 71.590, 100.695 )


CUTSPACING: ( Adjacent Cut Spacing ) Special Wire of Net VDD  ( Via9 )
Bounds : ( 71.770, 100.515 ) ( 71.950, 100.695 )


CUTSPACING: ( Adjacent Cut Spacing ) Special Wire of Net VDD  ( Via9 )
Bounds : ( 72.130, 100.515 ) ( 72.310, 100.695 )


CUTSPACING: ( Adjacent Cut Spacing ) Special Wire of Net VDD  ( Via9 )
Bounds : ( 72.490, 100.515 ) ( 72.670, 100.695 )


CUTSPACING: ( Adjacent Cut Spacing ) Special Wire of Net VDD  ( Via9 )
Bounds : ( 54.330, 100.515 ) ( 54.510, 100.695 )


CUTSPACING: ( Adjacent Cut Spacing ) Special Wire of Net VDD  ( Via9 )
Bounds : ( 53.970, 100.515 ) ( 54.150, 100.695 )


CUTSPACING: ( Adjacent Cut Spacing ) Special Wire of Net VDD  ( Via9 )
Bounds : ( 53.610, 100.515 ) ( 53.790, 100.695 )


CUTSPACING: ( Adjacent Cut Spacing ) Special Wire of Net VDD  ( Via9 )
Bounds : ( 53.250, 100.515 ) ( 53.430, 100.695 )


CUTSPACING: ( Adjacent Cut Spacing ) Special Wire of Net VDD  ( Via9 )
Bounds : ( 52.890, 100.515 ) ( 53.070, 100.695 )


CUTSPACING: ( Adjacent Cut Spacing ) Special Wire of Net VDD  ( Via9 )
Bounds : ( 52.530, 100.515 ) ( 52.710, 100.695 )


CUTSPACING: ( Adjacent Cut Spacing ) Special Wire of Net VDD  ( Via8 )
Bounds : ( 52.555, 100.640 ) ( 52.625, 100.710 )


CUTSPACING: ( Adjacent Cut Spacing ) Special Wire of Net VDD  ( Via8 )
Bounds : ( 52.555, 100.500 ) ( 52.625, 100.570 )


CUTSPACING: ( Adjacent Cut Spacing ) Special Wire of Net VDD  ( Via8 )
Bounds : ( 52.375, 100.640 ) ( 52.445, 100.710 )


CUTSPACING: ( Adjacent Cut Spacing ) Special Wire of Net VDD  ( Via8 )
Bounds : ( 52.375, 100.500 ) ( 52.445, 100.570 )


CUTSPACING: ( Adjacent Cut Spacing ) Special Wire of Net VDD  ( Via7 )
Bounds : ( 52.555, 100.640 ) ( 52.625, 100.710 )


CUTSPACING: ( Adjacent Cut Spacing ) Special Wire of Net VDD  ( Via7 )
Bounds : ( 52.555, 100.500 ) ( 52.625, 100.570 )


CUTSPACING: ( Adjacent Cut Spacing ) Special Wire of Net VDD  ( Via7 )
Bounds : ( 52.375, 100.640 ) ( 52.445, 100.710 )


CUTSPACING: ( Adjacent Cut Spacing ) Special Wire of Net VDD  ( Via7 )
Bounds : ( 52.375, 100.500 ) ( 52.445, 100.570 )


CUTSPACING: ( Adjacent Cut Spacing ) Special Wire of Net VDD  ( Via6 )
Bounds : ( 52.555, 100.640 ) ( 52.625, 100.710 )


CUTSPACING: ( Adjacent Cut Spacing ) Special Wire of Net VDD  ( Via6 )
Bounds : ( 52.555, 100.500 ) ( 52.625, 100.570 )


CUTSPACING: ( Adjacent Cut Spacing ) Special Wire of Net VDD  ( Via6 )
Bounds : ( 52.375, 100.640 ) ( 52.445, 100.710 )


CUTSPACING: ( Adjacent Cut Spacing ) Special Wire of Net VDD  ( Via6 )
Bounds : ( 52.375, 100.500 ) ( 52.445, 100.570 )


CUTSPACING: ( Adjacent Cut Spacing ) Special Wire of Net VDD  ( Via9 )
Bounds : ( 54.690, 100.515 ) ( 54.870, 100.695 )


CUTSPACING: ( Adjacent Cut Spacing ) Special Wire of Net VDD  ( Via9 )
Bounds : ( 55.050, 100.515 ) ( 55.230, 100.695 )


CUTSPACING: ( Adjacent Cut Spacing ) Special Wire of Net VDD  ( Via9 )
Bounds : ( 55.410, 100.515 ) ( 55.590, 100.695 )


CUTSPACING: ( Adjacent Cut Spacing ) Special Wire of Net VDD  ( Via9 )
Bounds : ( 55.770, 100.515 ) ( 55.950, 100.695 )


CUTSPACING: ( Adjacent Cut Spacing ) Special Wire of Net VDD  ( Via9 )
Bounds : ( 56.130, 100.515 ) ( 56.310, 100.695 )


CUTSPACING: ( Adjacent Cut Spacing ) Special Wire of Net VDD  ( Via9 )
Bounds : ( 56.490, 100.515 ) ( 56.670, 100.695 )


CUTSPACING: ( Adjacent Cut Spacing ) Special Wire of Net VDD  ( Via3 )
Bounds : ( 100.465, 66.750 ) ( 100.535, 66.820 )


CUTSPACING: ( Adjacent Cut Spacing ) Special Wire of Net VDD  ( Via3 )
Bounds : ( 100.465, 70.170 ) ( 100.535, 70.240 )


CUTSPACING: ( Adjacent Cut Spacing ) Special Wire of Net VDD  ( Via3 )
Bounds : ( 100.465, 73.590 ) ( 100.535, 73.660 )


CUTSPACING: ( Adjacent Cut Spacing ) Special Wire of Net VDD  ( Via4 )
Bounds : ( 100.465, 66.750 ) ( 100.535, 66.820 )


CUTSPACING: ( Adjacent Cut Spacing ) Special Wire of Net VDD  ( Via4 )
Bounds : ( 100.465, 70.170 ) ( 100.535, 70.240 )


CUTSPACING: ( Adjacent Cut Spacing ) Special Wire of Net VDD  ( Via4 )
Bounds : ( 100.465, 73.590 ) ( 100.535, 73.660 )


CUTSPACING: ( Adjacent Cut Spacing ) Special Wire of Net VDD  ( Via5 )
Bounds : ( 100.465, 66.750 ) ( 100.535, 66.820 )


CUTSPACING: ( Adjacent Cut Spacing ) Special Wire of Net VDD  ( Via5 )
Bounds : ( 100.465, 70.170 ) ( 100.535, 70.240 )


CUTSPACING: ( Adjacent Cut Spacing ) Special Wire of Net VDD  ( Via5 )
Bounds : ( 100.465, 73.590 ) ( 100.535, 73.660 )


CUTSPACING: ( Adjacent Cut Spacing ) Special Wire of Net VDD  ( Via6 )
Bounds : ( 100.375, 68.390 ) ( 100.445, 68.460 )


CUTSPACING: ( Adjacent Cut Spacing ) Special Wire of Net VDD  ( Via6 )
Bounds : ( 100.375, 68.530 ) ( 100.445, 68.600 )


CUTSPACING: ( Adjacent Cut Spacing ) Special Wire of Net VDD  ( Via6 )
Bounds : ( 100.555, 68.390 ) ( 100.625, 68.460 )


CUTSPACING: ( Adjacent Cut Spacing ) Special Wire of Net VDD  ( Via6 )
Bounds : ( 100.555, 68.530 ) ( 100.625, 68.600 )


CUTSPACING: ( Adjacent Cut Spacing ) Special Wire of Net VDD  ( Via7 )
Bounds : ( 100.375, 68.390 ) ( 100.445, 68.460 )


CUTSPACING: ( Adjacent Cut Spacing ) Special Wire of Net VDD  ( Via7 )
Bounds : ( 100.375, 68.530 ) ( 100.445, 68.600 )


CUTSPACING: ( Adjacent Cut Spacing ) Special Wire of Net VDD  ( Via7 )
Bounds : ( 100.555, 68.390 ) ( 100.625, 68.460 )


CUTSPACING: ( Adjacent Cut Spacing ) Special Wire of Net VDD  ( Via7 )
Bounds : ( 100.555, 68.530 ) ( 100.625, 68.600 )


CUTSPACING: ( Adjacent Cut Spacing ) Special Wire of Net VDD  ( Via8 )
Bounds : ( 100.375, 68.390 ) ( 100.445, 68.460 )


CUTSPACING: ( Adjacent Cut Spacing ) Special Wire of Net VDD  ( Via8 )
Bounds : ( 100.375, 68.530 ) ( 100.445, 68.600 )


CUTSPACING: ( Adjacent Cut Spacing ) Special Wire of Net VDD  ( Via8 )
Bounds : ( 100.555, 68.390 ) ( 100.625, 68.460 )


CUTSPACING: ( Adjacent Cut Spacing ) Special Wire of Net VDD  ( Via8 )
Bounds : ( 100.555, 68.530 ) ( 100.625, 68.600 )


CUTSPACING: ( Adjacent Cut Spacing ) Special Wire of Net VDD  ( Via3 )
Bounds : ( 100.465, 56.490 ) ( 100.535, 56.560 )


CUTSPACING: ( Adjacent Cut Spacing ) Special Wire of Net VDD  ( Via3 )
Bounds : ( 100.465, 53.070 ) ( 100.535, 53.140 )


CUTSPACING: ( Adjacent Cut Spacing ) Special Wire of Net VDD  ( Via3 )
Bounds : ( 100.465, 59.910 ) ( 100.535, 59.980 )


CUTSPACING: ( Adjacent Cut Spacing ) Special Wire of Net VDD  ( Via3 )
Bounds : ( 100.465, 63.330 ) ( 100.535, 63.400 )


CUTSPACING: ( Adjacent Cut Spacing ) Special Wire of Net VDD  ( Via4 )
Bounds : ( 100.465, 53.070 ) ( 100.535, 53.140 )


CUTSPACING: ( Adjacent Cut Spacing ) Special Wire of Net VDD  ( Via4 )
Bounds : ( 100.465, 56.490 ) ( 100.535, 56.560 )


CUTSPACING: ( Adjacent Cut Spacing ) Special Wire of Net VDD  ( Via4 )
Bounds : ( 100.465, 59.910 ) ( 100.535, 59.980 )


CUTSPACING: ( Adjacent Cut Spacing ) Special Wire of Net VDD  ( Via4 )
Bounds : ( 100.465, 63.330 ) ( 100.535, 63.400 )


CUTSPACING: ( Adjacent Cut Spacing ) Special Wire of Net VDD  ( Via5 )
Bounds : ( 100.465, 53.070 ) ( 100.535, 53.140 )


CUTSPACING: ( Adjacent Cut Spacing ) Special Wire of Net VDD  ( Via5 )
Bounds : ( 100.465, 56.490 ) ( 100.535, 56.560 )


CUTSPACING: ( Adjacent Cut Spacing ) Special Wire of Net VDD  ( Via5 )
Bounds : ( 100.465, 59.910 ) ( 100.535, 59.980 )


CUTSPACING: ( Adjacent Cut Spacing ) Special Wire of Net VDD  ( Via5 )
Bounds : ( 100.465, 63.330 ) ( 100.535, 63.400 )


CUTSPACING: ( Adjacent Cut Spacing ) Special Wire of Net VDD  ( Via6 )
Bounds : ( 100.375, 52.430 ) ( 100.445, 52.500 )


CUTSPACING: ( Adjacent Cut Spacing ) Special Wire of Net VDD  ( Via6 )
Bounds : ( 100.375, 52.570 ) ( 100.445, 52.640 )


CUTSPACING: ( Adjacent Cut Spacing ) Special Wire of Net VDD  ( Via6 )
Bounds : ( 100.555, 52.430 ) ( 100.625, 52.500 )


CUTSPACING: ( Adjacent Cut Spacing ) Special Wire of Net VDD  ( Via6 )
Bounds : ( 100.555, 52.570 ) ( 100.625, 52.640 )


CUTSPACING: ( Adjacent Cut Spacing ) Special Wire of Net VDD  ( Via7 )
Bounds : ( 100.375, 52.430 ) ( 100.445, 52.500 )


CUTSPACING: ( Adjacent Cut Spacing ) Special Wire of Net VDD  ( Via7 )
Bounds : ( 100.375, 52.570 ) ( 100.445, 52.640 )


CUTSPACING: ( Adjacent Cut Spacing ) Special Wire of Net VDD  ( Via7 )
Bounds : ( 100.555, 52.430 ) ( 100.625, 52.500 )


CUTSPACING: ( Adjacent Cut Spacing ) Special Wire of Net VDD  ( Via7 )
Bounds : ( 100.555, 52.570 ) ( 100.625, 52.640 )


CUTSPACING: ( Adjacent Cut Spacing ) Special Wire of Net VDD  ( Via8 )
Bounds : ( 100.375, 52.430 ) ( 100.445, 52.500 )


CUTSPACING: ( Adjacent Cut Spacing ) Special Wire of Net VDD  ( Via8 )
Bounds : ( 100.375, 52.570 ) ( 100.445, 52.640 )


CUTSPACING: ( Adjacent Cut Spacing ) Special Wire of Net VDD  ( Via8 )
Bounds : ( 100.555, 52.430 ) ( 100.625, 52.500 )


CUTSPACING: ( Adjacent Cut Spacing ) Special Wire of Net VDD  ( Via8 )
Bounds : ( 100.555, 52.570 ) ( 100.625, 52.640 )


CUTSPACING: ( Adjacent Cut Spacing ) Special Wire of Net VDD  ( Via9 )
Bounds : ( 38.690, 100.515 ) ( 38.870, 100.695 )


CUTSPACING: ( Adjacent Cut Spacing ) Special Wire of Net VDD  ( Via9 )
Bounds : ( 38.330, 100.515 ) ( 38.510, 100.695 )


CUTSPACING: ( Adjacent Cut Spacing ) Special Wire of Net VDD  ( Via9 )
Bounds : ( 37.970, 100.515 ) ( 38.150, 100.695 )


CUTSPACING: ( Adjacent Cut Spacing ) Special Wire of Net VDD  ( Via9 )
Bounds : ( 39.050, 100.515 ) ( 39.230, 100.695 )


CUTSPACING: ( Adjacent Cut Spacing ) Special Wire of Net VDD  ( Via9 )
Bounds : ( 39.410, 100.515 ) ( 39.590, 100.695 )


CUTSPACING: ( Adjacent Cut Spacing ) Special Wire of Net VDD  ( Via9 )
Bounds : ( 39.770, 100.515 ) ( 39.950, 100.695 )


CUTSPACING: ( Adjacent Cut Spacing ) Special Wire of Net VDD  ( Via9 )
Bounds : ( 40.130, 100.515 ) ( 40.310, 100.695 )


CUTSPACING: ( Adjacent Cut Spacing ) Special Wire of Net VDD  ( Via9 )
Bounds : ( 40.490, 100.515 ) ( 40.670, 100.695 )


CUTSPACING: ( Adjacent Cut Spacing ) Special Wire of Net VDD  ( Via9 )
Bounds : ( 37.250, 100.515 ) ( 37.430, 100.695 )


CUTSPACING: ( Adjacent Cut Spacing ) Special Wire of Net VDD  ( Via9 )
Bounds : ( 36.890, 100.515 ) ( 37.070, 100.695 )


CUTSPACING: ( Adjacent Cut Spacing ) Special Wire of Net VDD  ( Via9 )
Bounds : ( 36.530, 100.515 ) ( 36.710, 100.695 )


CUTSPACING: ( Adjacent Cut Spacing ) Special Wire of Net VDD  ( Via8 )
Bounds : ( 36.555, 100.640 ) ( 36.625, 100.710 )


CUTSPACING: ( Adjacent Cut Spacing ) Special Wire of Net VDD  ( Via8 )
Bounds : ( 36.555, 100.500 ) ( 36.625, 100.570 )


CUTSPACING: ( Adjacent Cut Spacing ) Special Wire of Net VDD  ( Via8 )
Bounds : ( 36.375, 100.640 ) ( 36.445, 100.710 )


CUTSPACING: ( Adjacent Cut Spacing ) Special Wire of Net VDD  ( Via8 )
Bounds : ( 36.375, 100.500 ) ( 36.445, 100.570 )


CUTSPACING: ( Adjacent Cut Spacing ) Special Wire of Net VDD  ( Via7 )
Bounds : ( 36.555, 100.640 ) ( 36.625, 100.710 )


CUTSPACING: ( Adjacent Cut Spacing ) Special Wire of Net VDD  ( Via7 )
Bounds : ( 36.555, 100.500 ) ( 36.625, 100.570 )


CUTSPACING: ( Adjacent Cut Spacing ) Special Wire of Net VDD  ( Via7 )
Bounds : ( 36.375, 100.640 ) ( 36.445, 100.710 )


CUTSPACING: ( Adjacent Cut Spacing ) Special Wire of Net VDD  ( Via7 )
Bounds : ( 36.375, 100.500 ) ( 36.445, 100.570 )


CUTSPACING: ( Adjacent Cut Spacing ) Special Wire of Net VDD  ( Via6 )
Bounds : ( 36.555, 100.640 ) ( 36.625, 100.710 )


CUTSPACING: ( Adjacent Cut Spacing ) Special Wire of Net VDD  ( Via6 )
Bounds : ( 36.555, 100.500 ) ( 36.625, 100.570 )


CUTSPACING: ( Adjacent Cut Spacing ) Special Wire of Net VDD  ( Via6 )
Bounds : ( 36.375, 100.640 ) ( 36.445, 100.710 )


CUTSPACING: ( Adjacent Cut Spacing ) Special Wire of Net VDD  ( Via6 )
Bounds : ( 36.375, 100.500 ) ( 36.445, 100.570 )


CUTSPACING: ( Adjacent Cut Spacing ) Special Wire of Net VDD  ( Via9 )
Bounds : ( 37.610, 100.515 ) ( 37.790, 100.695 )


CUTSPACING: ( Adjacent Cut Spacing ) Special Wire of Net VDD  ( Via9 )
Bounds : ( 24.130, 100.515 ) ( 24.310, 100.695 )


CUTSPACING: ( Adjacent Cut Spacing ) Special Wire of Net VDD  ( Via9 )
Bounds : ( 23.770, 100.515 ) ( 23.950, 100.695 )


CUTSPACING: ( Adjacent Cut Spacing ) Special Wire of Net VDD  ( Via9 )
Bounds : ( 23.410, 100.515 ) ( 23.590, 100.695 )


CUTSPACING: ( Adjacent Cut Spacing ) Special Wire of Net VDD  ( Via9 )
Bounds : ( 23.050, 100.515 ) ( 23.230, 100.695 )


CUTSPACING: ( Adjacent Cut Spacing ) Special Wire of Net VDD  ( Via9 )
Bounds : ( 22.690, 100.515 ) ( 22.870, 100.695 )


CUTSPACING: ( Adjacent Cut Spacing ) Special Wire of Net VDD  ( Via9 )
Bounds : ( 22.330, 100.515 ) ( 22.510, 100.695 )


CUTSPACING: ( Adjacent Cut Spacing ) Special Wire of Net VDD  ( Via9 )
Bounds : ( 21.970, 100.515 ) ( 22.150, 100.695 )


CUTSPACING: ( Adjacent Cut Spacing ) Special Wire of Net VDD  ( Via9 )
Bounds : ( 21.610, 100.515 ) ( 21.790, 100.695 )


CUTSPACING: ( Adjacent Cut Spacing ) Special Wire of Net VDD  ( Via9 )
Bounds : ( 21.250, 100.515 ) ( 21.430, 100.695 )


CUTSPACING: ( Adjacent Cut Spacing ) Special Wire of Net VDD  ( Via9 )
Bounds : ( 20.890, 100.515 ) ( 21.070, 100.695 )


CUTSPACING: ( Adjacent Cut Spacing ) Special Wire of Net VDD  ( Via9 )
Bounds : ( 20.530, 100.515 ) ( 20.710, 100.695 )


CUTSPACING: ( Adjacent Cut Spacing ) Special Wire of Net VDD  ( Via8 )
Bounds : ( 20.555, 100.640 ) ( 20.625, 100.710 )


CUTSPACING: ( Adjacent Cut Spacing ) Special Wire of Net VDD  ( Via6 )
Bounds : ( 20.375, 100.500 ) ( 20.445, 100.570 )


CUTSPACING: ( Adjacent Cut Spacing ) Special Wire of Net VDD  ( Via6 )
Bounds : ( 20.375, 100.640 ) ( 20.445, 100.710 )


CUTSPACING: ( Adjacent Cut Spacing ) Special Wire of Net VDD  ( Via6 )
Bounds : ( 20.555, 100.500 ) ( 20.625, 100.570 )


CUTSPACING: ( Adjacent Cut Spacing ) Special Wire of Net VDD  ( Via6 )
Bounds : ( 20.555, 100.640 ) ( 20.625, 100.710 )


CUTSPACING: ( Adjacent Cut Spacing ) Special Wire of Net VDD  ( Via7 )
Bounds : ( 20.375, 100.500 ) ( 20.445, 100.570 )


CUTSPACING: ( Adjacent Cut Spacing ) Special Wire of Net VDD  ( Via7 )
Bounds : ( 20.375, 100.640 ) ( 20.445, 100.710 )


CUTSPACING: ( Adjacent Cut Spacing ) Special Wire of Net VDD  ( Via7 )
Bounds : ( 20.555, 100.500 ) ( 20.625, 100.570 )


CUTSPACING: ( Adjacent Cut Spacing ) Special Wire of Net VDD  ( Via7 )
Bounds : ( 20.555, 100.640 ) ( 20.625, 100.710 )


CUTSPACING: ( Adjacent Cut Spacing ) Special Wire of Net VDD  ( Via8 )
Bounds : ( 20.375, 100.500 ) ( 20.445, 100.570 )


CUTSPACING: ( Adjacent Cut Spacing ) Special Wire of Net VDD  ( Via8 )
Bounds : ( 20.375, 100.640 ) ( 20.445, 100.710 )


CUTSPACING: ( Adjacent Cut Spacing ) Special Wire of Net VDD  ( Via8 )
Bounds : ( 20.555, 100.500 ) ( 20.625, 100.570 )


CUTSPACING: ( Adjacent Cut Spacing ) Special Wire of Net VDD  ( Via9 )
Bounds : ( 24.490, 100.515 ) ( 24.670, 100.695 )


CUTSPACING: ( Adjacent Cut Spacing ) Special Wire of Net VDD  ( Via8 )
Bounds : ( 4.555, 100.640 ) ( 4.625, 100.710 )


CUTSPACING: ( Adjacent Cut Spacing ) Special Wire of Net VDD  ( Via8 )
Bounds : ( 4.555, 100.500 ) ( 4.625, 100.570 )


CUTSPACING: ( Adjacent Cut Spacing ) Special Wire of Net VDD  ( Via8 )
Bounds : ( 4.375, 100.640 ) ( 4.445, 100.710 )


CUTSPACING: ( Adjacent Cut Spacing ) Special Wire of Net VDD  ( Via8 )
Bounds : ( 4.375, 100.500 ) ( 4.445, 100.570 )


CUTSPACING: ( Adjacent Cut Spacing ) Special Wire of Net VDD  ( Via7 )
Bounds : ( 4.555, 100.640 ) ( 4.625, 100.710 )


CUTSPACING: ( Adjacent Cut Spacing ) Special Wire of Net VDD  ( Via7 )
Bounds : ( 4.555, 100.500 ) ( 4.625, 100.570 )


CUTSPACING: ( Adjacent Cut Spacing ) Special Wire of Net VDD  ( Via7 )
Bounds : ( 4.375, 100.640 ) ( 4.445, 100.710 )


CUTSPACING: ( Adjacent Cut Spacing ) Special Wire of Net VDD  ( Via7 )
Bounds : ( 4.375, 100.500 ) ( 4.445, 100.570 )


CUTSPACING: ( Adjacent Cut Spacing ) Special Wire of Net VDD  ( Via6 )
Bounds : ( 4.555, 100.640 ) ( 4.625, 100.710 )


CUTSPACING: ( Adjacent Cut Spacing ) Special Wire of Net VDD  ( Via6 )
Bounds : ( 4.555, 100.500 ) ( 4.625, 100.570 )


CUTSPACING: ( Adjacent Cut Spacing ) Special Wire of Net VDD  ( Via6 )
Bounds : ( 4.375, 100.640 ) ( 4.445, 100.710 )


CUTSPACING: ( Adjacent Cut Spacing ) Special Wire of Net VDD  ( Via6 )
Bounds : ( 4.375, 100.500 ) ( 4.445, 100.570 )


CUTSPACING: ( Adjacent Cut Spacing ) Special Wire of Net VDD  ( Via9 )
Bounds : ( 4.530, 100.515 ) ( 4.710, 100.695 )


CUTSPACING: ( Adjacent Cut Spacing ) Special Wire of Net VDD  ( Via9 )
Bounds : ( 4.890, 100.515 ) ( 5.070, 100.695 )


CUTSPACING: ( Adjacent Cut Spacing ) Special Wire of Net VDD  ( Via9 )
Bounds : ( 5.250, 100.515 ) ( 5.430, 100.695 )


CUTSPACING: ( Adjacent Cut Spacing ) Special Wire of Net VDD  ( Via9 )
Bounds : ( 5.610, 100.515 ) ( 5.790, 100.695 )


CUTSPACING: ( Adjacent Cut Spacing ) Special Wire of Net VDD  ( Via9 )
Bounds : ( 5.970, 100.515 ) ( 6.150, 100.695 )


CUTSPACING: ( Adjacent Cut Spacing ) Special Wire of Net VDD  ( Via9 )
Bounds : ( 6.330, 100.515 ) ( 6.510, 100.695 )


CUTSPACING: ( Adjacent Cut Spacing ) Special Wire of Net VDD  ( Via9 )
Bounds : ( 6.690, 100.515 ) ( 6.870, 100.695 )


CUTSPACING: ( Adjacent Cut Spacing ) Special Wire of Net VDD  ( Via9 )
Bounds : ( 7.050, 100.515 ) ( 7.230, 100.695 )


CUTSPACING: ( Adjacent Cut Spacing ) Special Wire of Net VDD  ( Via9 )
Bounds : ( 7.410, 100.515 ) ( 7.590, 100.695 )


CUTSPACING: ( Adjacent Cut Spacing ) Special Wire of Net VDD  ( Via9 )
Bounds : ( 7.770, 100.515 ) ( 7.950, 100.695 )


CUTSPACING: ( Adjacent Cut Spacing ) Special Wire of Net VDD  ( Via9 )
Bounds : ( 8.130, 100.515 ) ( 8.310, 100.695 )


CUTSPACING: ( Adjacent Cut Spacing ) Special Wire of Net VDD  ( Via9 )
Bounds : ( 8.490, 100.515 ) ( 8.670, 100.695 )


CUTSPACING: ( Adjacent Cut Spacing ) Special Wire of Net VDD  ( Via5 )
Bounds : ( 100.465, 46.230 ) ( 100.535, 46.300 )


CUTSPACING: ( Adjacent Cut Spacing ) Special Wire of Net VDD  ( Via5 )
Bounds : ( 100.465, 42.810 ) ( 100.535, 42.880 )


CUTSPACING: ( Adjacent Cut Spacing ) Special Wire of Net VDD  ( Via5 )
Bounds : ( 100.465, 39.390 ) ( 100.535, 39.460 )


CUTSPACING: ( Adjacent Cut Spacing ) Special Wire of Net VDD  ( Via4 )
Bounds : ( 100.465, 49.650 ) ( 100.535, 49.720 )


CUTSPACING: ( Adjacent Cut Spacing ) Special Wire of Net VDD  ( Via4 )
Bounds : ( 100.465, 46.230 ) ( 100.535, 46.300 )


CUTSPACING: ( Adjacent Cut Spacing ) Special Wire of Net VDD  ( Via4 )
Bounds : ( 100.465, 42.810 ) ( 100.535, 42.880 )


CUTSPACING: ( Adjacent Cut Spacing ) Special Wire of Net VDD  ( Via4 )
Bounds : ( 100.465, 39.390 ) ( 100.535, 39.460 )


CUTSPACING: ( Adjacent Cut Spacing ) Special Wire of Net VDD  ( Via3 )
Bounds : ( 100.465, 49.650 ) ( 100.535, 49.720 )


CUTSPACING: ( Adjacent Cut Spacing ) Special Wire of Net VDD  ( Via3 )
Bounds : ( 100.465, 46.230 ) ( 100.535, 46.300 )


CUTSPACING: ( Adjacent Cut Spacing ) Special Wire of Net VDD  ( Via3 )
Bounds : ( 100.465, 42.810 ) ( 100.535, 42.880 )


CUTSPACING: ( Adjacent Cut Spacing ) Special Wire of Net VDD  ( Via3 )
Bounds : ( 100.465, 39.390 ) ( 100.535, 39.460 )


CUTSPACING: ( Adjacent Cut Spacing ) Special Wire of Net VDD  ( Via5 )
Bounds : ( 100.465, 49.650 ) ( 100.535, 49.720 )


CUTSPACING: ( Adjacent Cut Spacing ) Special Wire of Net VDD  ( Via8 )
Bounds : ( 100.375, 36.610 ) ( 100.445, 36.680 )


CUTSPACING: ( Adjacent Cut Spacing ) Special Wire of Net VDD  ( Via8 )
Bounds : ( 100.375, 36.470 ) ( 100.445, 36.540 )


CUTSPACING: ( Adjacent Cut Spacing ) Special Wire of Net VDD  ( Via7 )
Bounds : ( 100.555, 36.610 ) ( 100.625, 36.680 )


CUTSPACING: ( Adjacent Cut Spacing ) Special Wire of Net VDD  ( Via7 )
Bounds : ( 100.555, 36.470 ) ( 100.625, 36.540 )


CUTSPACING: ( Adjacent Cut Spacing ) Special Wire of Net VDD  ( Via7 )
Bounds : ( 100.375, 36.610 ) ( 100.445, 36.680 )


CUTSPACING: ( Adjacent Cut Spacing ) Special Wire of Net VDD  ( Via7 )
Bounds : ( 100.375, 36.470 ) ( 100.445, 36.540 )


CUTSPACING: ( Adjacent Cut Spacing ) Special Wire of Net VDD  ( Via6 )
Bounds : ( 100.555, 36.610 ) ( 100.625, 36.680 )


CUTSPACING: ( Adjacent Cut Spacing ) Special Wire of Net VDD  ( Via6 )
Bounds : ( 100.555, 36.470 ) ( 100.625, 36.540 )


CUTSPACING: ( Adjacent Cut Spacing ) Special Wire of Net VDD  ( Via6 )
Bounds : ( 100.375, 36.610 ) ( 100.445, 36.680 )


CUTSPACING: ( Adjacent Cut Spacing ) Special Wire of Net VDD  ( Via6 )
Bounds : ( 100.375, 36.470 ) ( 100.445, 36.540 )


CUTSPACING: ( Adjacent Cut Spacing ) Special Wire of Net VDD  ( Via5 )
Bounds : ( 100.465, 35.970 ) ( 100.535, 36.040 )


CUTSPACING: ( Adjacent Cut Spacing ) Special Wire of Net VDD  ( Via5 )
Bounds : ( 100.465, 32.550 ) ( 100.535, 32.620 )


CUTSPACING: ( Adjacent Cut Spacing ) Special Wire of Net VDD  ( Via5 )
Bounds : ( 100.465, 29.130 ) ( 100.535, 29.200 )


CUTSPACING: ( Adjacent Cut Spacing ) Special Wire of Net VDD  ( Via5 )
Bounds : ( 100.465, 25.710 ) ( 100.535, 25.780 )


CUTSPACING: ( Adjacent Cut Spacing ) Special Wire of Net VDD  ( Via4 )
Bounds : ( 100.465, 35.970 ) ( 100.535, 36.040 )


CUTSPACING: ( Adjacent Cut Spacing ) Special Wire of Net VDD  ( Via4 )
Bounds : ( 100.465, 32.550 ) ( 100.535, 32.620 )


CUTSPACING: ( Adjacent Cut Spacing ) Special Wire of Net VDD  ( Via4 )
Bounds : ( 100.465, 29.130 ) ( 100.535, 29.200 )


CUTSPACING: ( Adjacent Cut Spacing ) Special Wire of Net VDD  ( Via4 )
Bounds : ( 100.465, 25.710 ) ( 100.535, 25.780 )


CUTSPACING: ( Adjacent Cut Spacing ) Special Wire of Net VDD  ( Via3 )
Bounds : ( 100.465, 35.970 ) ( 100.535, 36.040 )


CUTSPACING: ( Adjacent Cut Spacing ) Special Wire of Net VDD  ( Via3 )
Bounds : ( 100.465, 25.710 ) ( 100.535, 25.780 )


CUTSPACING: ( Adjacent Cut Spacing ) Special Wire of Net VDD  ( Via3 )
Bounds : ( 100.465, 29.130 ) ( 100.535, 29.200 )


CUTSPACING: ( Adjacent Cut Spacing ) Special Wire of Net VDD  ( Via3 )
Bounds : ( 100.465, 32.550 ) ( 100.535, 32.620 )


CUTSPACING: ( Adjacent Cut Spacing ) Special Wire of Net VDD  ( Via8 )
Bounds : ( 100.555, 36.470 ) ( 100.625, 36.540 )


CUTSPACING: ( Adjacent Cut Spacing ) Special Wire of Net VDD  ( Via8 )
Bounds : ( 100.555, 36.610 ) ( 100.625, 36.680 )


CUTSPACING: ( Adjacent Cut Spacing ) Special Wire of Net VDD  ( Via7 )
Bounds : ( 100.555, 20.510 ) ( 100.625, 20.580 )


CUTSPACING: ( Adjacent Cut Spacing ) Special Wire of Net VDD  ( Via7 )
Bounds : ( 100.375, 20.650 ) ( 100.445, 20.720 )


CUTSPACING: ( Adjacent Cut Spacing ) Special Wire of Net VDD  ( Via7 )
Bounds : ( 100.375, 20.510 ) ( 100.445, 20.580 )


CUTSPACING: ( Adjacent Cut Spacing ) Special Wire of Net VDD  ( Via6 )
Bounds : ( 100.555, 20.650 ) ( 100.625, 20.720 )


CUTSPACING: ( Adjacent Cut Spacing ) Special Wire of Net VDD  ( Via6 )
Bounds : ( 100.555, 20.510 ) ( 100.625, 20.580 )


CUTSPACING: ( Adjacent Cut Spacing ) Special Wire of Net VDD  ( Via6 )
Bounds : ( 100.375, 20.650 ) ( 100.445, 20.720 )


CUTSPACING: ( Adjacent Cut Spacing ) Special Wire of Net VDD  ( Via6 )
Bounds : ( 100.375, 20.510 ) ( 100.445, 20.580 )


CUTSPACING: ( Adjacent Cut Spacing ) Special Wire of Net VDD  ( Via5 )
Bounds : ( 100.465, 22.290 ) ( 100.535, 22.360 )


CUTSPACING: ( Adjacent Cut Spacing ) Special Wire of Net VDD  ( Via5 )
Bounds : ( 100.465, 18.870 ) ( 100.535, 18.940 )


CUTSPACING: ( Adjacent Cut Spacing ) Special Wire of Net VDD  ( Via3 )
Bounds : ( 100.465, 15.450 ) ( 100.535, 15.520 )


CUTSPACING: ( Adjacent Cut Spacing ) Special Wire of Net VDD  ( Via3 )
Bounds : ( 100.465, 18.870 ) ( 100.535, 18.940 )


CUTSPACING: ( Adjacent Cut Spacing ) Special Wire of Net VDD  ( Via3 )
Bounds : ( 100.465, 22.290 ) ( 100.535, 22.360 )


CUTSPACING: ( Adjacent Cut Spacing ) Special Wire of Net VDD  ( Via4 )
Bounds : ( 100.465, 15.450 ) ( 100.535, 15.520 )


CUTSPACING: ( Adjacent Cut Spacing ) Special Wire of Net VDD  ( Via4 )
Bounds : ( 100.465, 18.870 ) ( 100.535, 18.940 )


CUTSPACING: ( Adjacent Cut Spacing ) Special Wire of Net VDD  ( Via4 )
Bounds : ( 100.465, 22.290 ) ( 100.535, 22.360 )


CUTSPACING: ( Adjacent Cut Spacing ) Special Wire of Net VDD  ( Via5 )
Bounds : ( 100.465, 15.450 ) ( 100.535, 15.520 )


CUTSPACING: ( Adjacent Cut Spacing ) Special Wire of Net VDD  ( Via7 )
Bounds : ( 100.555, 20.650 ) ( 100.625, 20.720 )


CUTSPACING: ( Adjacent Cut Spacing ) Special Wire of Net VDD  ( Via8 )
Bounds : ( 100.375, 20.510 ) ( 100.445, 20.580 )


CUTSPACING: ( Adjacent Cut Spacing ) Special Wire of Net VDD  ( Via8 )
Bounds : ( 100.375, 20.650 ) ( 100.445, 20.720 )


CUTSPACING: ( Adjacent Cut Spacing ) Special Wire of Net VDD  ( Via8 )
Bounds : ( 100.555, 20.510 ) ( 100.625, 20.580 )


CUTSPACING: ( Adjacent Cut Spacing ) Special Wire of Net VDD  ( Via8 )
Bounds : ( 100.555, 20.650 ) ( 100.625, 20.720 )


CUTSPACING: ( Adjacent Cut Spacing ) Special Wire of Net VDD  ( Via5 )
Bounds : ( 100.465, 12.030 ) ( 100.535, 12.100 )


CUTSPACING: ( Adjacent Cut Spacing ) Special Wire of Net VDD  ( Via5 )
Bounds : ( 100.465, 8.610 ) ( 100.535, 8.680 )


CUTSPACING: ( Adjacent Cut Spacing ) Special Wire of Net VDD  ( Via5 )
Bounds : ( 100.465, 5.190 ) ( 100.535, 5.260 )


CUTSPACING: ( Adjacent Cut Spacing ) Special Wire of Net VDD  ( Via4 )
Bounds : ( 100.465, 12.030 ) ( 100.535, 12.100 )


CUTSPACING: ( Adjacent Cut Spacing ) Special Wire of Net VDD  ( Via4 )
Bounds : ( 100.465, 8.610 ) ( 100.535, 8.680 )


CUTSPACING: ( Adjacent Cut Spacing ) Special Wire of Net VDD  ( Via4 )
Bounds : ( 100.465, 5.190 ) ( 100.535, 5.260 )


CUTSPACING: ( Adjacent Cut Spacing ) Special Wire of Net VDD  ( Via3 )
Bounds : ( 100.465, 12.030 ) ( 100.535, 12.100 )


CUTSPACING: ( Adjacent Cut Spacing ) Special Wire of Net VDD  ( Via3 )
Bounds : ( 100.465, 8.610 ) ( 100.535, 8.680 )


CUTSPACING: ( Adjacent Cut Spacing ) Special Wire of Net VDD  ( Via3 )
Bounds : ( 100.465, 5.190 ) ( 100.535, 5.260 )


CUTSPACING: ( Adjacent Cut Spacing ) Special Wire of Net VDD  ( Via6 )
Bounds : ( 100.375, 4.550 ) ( 100.445, 4.620 )


CUTSPACING: ( Adjacent Cut Spacing ) Special Wire of Net VDD  ( Via6 )
Bounds : ( 100.375, 4.690 ) ( 100.445, 4.760 )


CUTSPACING: ( Adjacent Cut Spacing ) Special Wire of Net VDD  ( Via6 )
Bounds : ( 100.555, 4.550 ) ( 100.625, 4.620 )


CUTSPACING: ( Adjacent Cut Spacing ) Special Wire of Net VDD  ( Via6 )
Bounds : ( 100.555, 4.690 ) ( 100.625, 4.760 )


CUTSPACING: ( Adjacent Cut Spacing ) Special Wire of Net VDD  ( Via7 )
Bounds : ( 100.375, 4.550 ) ( 100.445, 4.620 )


CUTSPACING: ( Adjacent Cut Spacing ) Special Wire of Net VDD  ( Via7 )
Bounds : ( 100.375, 4.690 ) ( 100.445, 4.760 )


CUTSPACING: ( Adjacent Cut Spacing ) Special Wire of Net VDD  ( Via7 )
Bounds : ( 100.555, 4.550 ) ( 100.625, 4.620 )


CUTSPACING: ( Adjacent Cut Spacing ) Special Wire of Net VDD  ( Via7 )
Bounds : ( 100.555, 4.690 ) ( 100.625, 4.760 )


CUTSPACING: ( Adjacent Cut Spacing ) Special Wire of Net VDD  ( Via8 )
Bounds : ( 100.375, 4.550 ) ( 100.445, 4.620 )


CUTSPACING: ( Adjacent Cut Spacing ) Special Wire of Net VDD  ( Via8 )
Bounds : ( 100.375, 4.690 ) ( 100.445, 4.760 )


CUTSPACING: ( Adjacent Cut Spacing ) Special Wire of Net VDD  ( Via8 )
Bounds : ( 100.555, 4.550 ) ( 100.625, 4.620 )


CUTSPACING: ( Adjacent Cut Spacing ) Special Wire of Net VDD  ( Via8 )
Bounds : ( 100.555, 4.690 ) ( 100.625, 4.760 )


  Total Violations : 312 Viols.
