###############################################################
#  Generated by:      Cadence Innovus 23.15-s106_1
#  OS:                Linux x86_64(Host ID ASIC-vm)
#  Generated on:      Fri Nov 14 15:13:50 2025
#  Design:            matmul_sync
#  Command:           check_cut_density -out_file reports/postroute/route.cut_density.rpt
###############################################################

Verify Cut Density report created on Fri Nov 14 15:13:50 2025

    Layer    Density(%)          Window  
***************************************************

     V12        0.00         (85 45) (95 55)
     V12        0.00         (85 50) (95 60)
     V12        0.00         (85 55) (95 65)
     V12        0.00         (85 60) (95 70)
     V12        0.00         (85 65) (95 75)
     V12        0.00         (85 70) (95 80)
     V12        0.00         (85 75) (95 85)
     V12        0.00         (70 80) (80 90)
     V12        0.00         (85 80) (95 90)
     V12        0.00         (70 85) (80 95)
     V12        0.00         (85 85) (95 95)
     V12        0.00         (5 90) (15 100)
     V12        0.00         (70 90) (80 100)
     V12        0.00         (85 90) (95 100)
     V12        0.00         (5 92.6) (15 102.6)
     V12        0.00         (70 92.6) (80 102.6)
     V12        0.00         (85 92.6) (95 102.6)

     V23        0.00         (85 45) (95 55)
     V23        0.00         (85 50) (95 60)
     V23        0.00         (85 55) (95 65)
     V23        0.00         (85 60) (95 70)
     V23        0.00         (85 65) (95 75)
     V23        0.00         (85 70) (95 80)
     V23        0.00         (85 75) (95 85)
     V23        0.00         (70 80) (80 90)
     V23        0.00         (85 80) (95 90)
     V23        0.00         (70 85) (80 95)
     V23        0.00         (85 85) (95 95)
     V23        0.00         (5 90) (15 100)
     V23        0.00         (70 90) (80 100)
     V23        0.00         (85 90) (95 100)
     V23        0.00         (5 92.6) (15 102.6)
     V23        0.00         (70 92.6) (80 102.6)
     V23        0.00         (85 92.6) (95 102.6)

     V34        0.00         (5 5) (15 15)
     V34        0.00         (85 45) (95 55)
     V34        0.00         (85 50) (95 60)
     V34        0.00         (85 55) (95 65)
     V34        0.00         (85 60) (95 70)
     V34        0.00         (85 65) (95 75)
     V34        0.00         (85 70) (95 80)
     V34        0.00         (70 75) (80 85)
     V34        0.00         (85 75) (95 85)
     V34        0.00         (70 80) (80 90)
     V34        0.00         (85 80) (95 90)
     V34        0.00         (5 85) (15 95)
     V34        0.00         (70 85) (80 95)
     V34        0.00         (85 85) (95 95)
     V34        0.00         (5 90) (15 100)
     V34        0.00         (70 90) (80 100)
     V34        0.00         (85 90) (95 100)
     V34        0.00         (5 92.6) (15 102.6)
     V34        0.00         (70 92.6) (80 102.6)
     V34        0.00         (85 92.6) (95 102.6)

     V45        0.00         (5 5) (15 15)
     V45        0.00         (85 10) (95 20)
     V45        0.00         (85 15) (95 25)
     V45        0.00         (85 20) (95 30)
     V45        0.00         (85 25) (95 35)
     V45        0.00         (85 30) (95 40)
     V45        0.00         (85 35) (95 45)
     V45        0.00         (85 40) (95 50)
     V45        0.00         (85 45) (95 55)
     V45        0.00         (85 50) (95 60)
     V45        0.00         (85 55) (95 65)
     V45        0.00         (85 60) (95 70)
     V45        0.00         (70 65) (80 75)
     V45        0.00         (85 65) (95 75)
     V45        0.00         (70 70) (80 80)
     V45        0.00         (85 70) (95 80)
     V45        0.00         (70 75) (80 85)
     V45        0.00         (85 75) (95 85)
     V45        0.00         (70 80) (80 90)
     V45        0.00         (85 80) (95 90)
     V45        0.00         (5 85) (15 95)
     V45        0.00         (70 85) (80 95)
     V45        0.00         (85 85) (95 95)
     V45        0.00         (5 90) (15 100)
     V45        0.00         (70 90) (80 100)
     V45        0.00         (85 90) (95 100)
     V45        0.00         (5 92.6) (15 102.6)
     V45        0.00         (70 92.6) (80 102.6)
     V45        0.00         (85 92.6) (95 102.6)

     V56        0.00         (5 0) (15 10)
     V56        0.00         (85 0) (95 10)
     V56        0.00         (90 0) (100 10)
     V56        0.00         (5 5) (15 15)
     V56        0.00         (10 5) (20 15)
     V56        0.00         (85 5) (95 15)
     V56        0.00         (90 5) (100 15)
     V56        0.00         (5 10) (15 20)
     V56        0.00         (10 10) (20 20)
     V56        0.00         (85 10) (95 20)
     V56        0.00         (90 10) (100 20)
     V56        0.00         (5 15) (15 25)
     V56        0.00         (10 15) (20 25)
     V56        0.00         (40 15) (50 25)
     V56        0.00         (85 15) (95 25)
     V56        0.00         (90 15) (100 25)
     V56        0.00         (5 20) (15 30)
     V56        0.00         (10 20) (20 30)
     V56        0.00         (25 20) (35 30)
     V56        0.00         (70 20) (80 30)
     V56        0.00         (85 20) (95 30)
     V56        0.00         (90 20) (100 30)
     V56        0.00         (25 25) (35 35)
     V56        0.00         (70 25) (80 35)
     V56        0.00         (85 25) (95 35)
     V56        0.00         (90 25) (100 35)
     V56        0.00         (25 30) (35 40)
     V56        0.00         (70 30) (80 40)
     V56        0.00         (85 30) (95 40)
     V56        0.00         (90 30) (100 40)
     V56        0.00         (25 35) (35 45)
     V56        0.00         (70 35) (80 45)
     V56        0.00         (85 35) (95 45)
     V56        0.00         (90 35) (100 45)
     V56        0.00         (25 40) (35 50)
     V56        0.00         (70 40) (80 50)
     V56        0.00         (85 40) (95 50)
     V56        0.00         (90 40) (100 50)
     V56        0.00         (25 45) (35 55)
     V56        0.00         (70 45) (80 55)
     V56        0.00         (85 45) (95 55)
     V56        0.00         (90 45) (100 55)
     V56        0.00         (25 50) (35 60)
     V56        0.00         (70 50) (80 60)
     V56        0.00         (85 50) (95 60)
     V56        0.00         (90 50) (100 60)
     V56        0.00         (70 55) (80 65)
     V56        0.00         (85 55) (95 65)
     V56        0.00         (90 55) (100 65)
     V56        0.00         (70 60) (80 70)
     V56        0.00         (85 60) (95 70)
     V56        0.00         (90 60) (100 70)
     V56        0.00         (25 65) (35 75)
     V56        0.00         (70 65) (80 75)
     V56        0.00         (85 65) (95 75)
     V56        0.00         (90 65) (100 75)
     V56        0.00         (25 70) (35 80)
     V56        0.00         (40 70) (50 80)
     V56        0.00         (55 70) (65 80)
     V56        0.00         (70 70) (80 80)
     V56        0.00         (85 70) (95 80)
     V56        0.00         (90 70) (100 80)
     V56        0.00         (25 75) (35 85)
     V56        0.00         (40 75) (50 85)
     V56        0.00         (55 75) (65 85)
     V56        0.00         (70 75) (80 85)
     V56        0.00         (85 75) (95 85)
     V56        0.00         (90 75) (100 85)
     V56        0.00         (25 80) (35 90)
     V56        0.00         (40 80) (50 90)
     V56        0.00         (55 80) (65 90)
     V56        0.00         (70 80) (80 90)
     V56        0.00         (85 80) (95 90)
     V56        0.00         (90 80) (100 90)
     V56        0.00         (5 85) (15 95)
     V56        0.00         (10 85) (20 95)
     V56        0.00         (25 85) (35 95)
     V56        0.00         (40 85) (50 95)
     V56        0.00         (55 85) (65 95)
     V56        0.00         (70 85) (80 95)
     V56        0.00         (85 85) (95 95)
     V56        0.00         (90 85) (100 95)
     V56        0.00         (5 90) (15 100)
     V56        0.00         (10 90) (20 100)
     V56        0.00         (25 90) (35 100)
     V56        0.00         (40 90) (50 100)
     V56        0.00         (55 90) (65 100)
     V56        0.00         (70 90) (80 100)
     V56        0.00         (85 90) (95 100)
     V56        0.00         (90 90) (100 100)
     V56        0.00         (5 92.6) (15 102.6)
     V56        0.00         (10 92.6) (20 102.6)
     V56        0.00         (25 92.6) (35 102.6)
     V56        0.00         (40 92.6) (50 102.6)
     V56        0.00         (55 92.6) (65 102.6)
     V56        0.00         (70 92.6) (80 102.6)
     V56        0.00         (85 92.6) (95 102.6)
     V56        0.00         (90 92.6) (100 102.6)

     V67        0.00         (5 0) (15 10)
     V67        0.00         (10 0) (20 10)
     V67        0.00         (25 0) (35 10)
     V67        0.00         (40 0) (50 10)
     V67        0.00         (55 0) (65 10)
     V67        0.00         (70 0) (80 10)
     V67        0.00         (85 0) (95 10)
     V67        0.00         (90 0) (100 10)
     V67        0.00         (0 5) (10 15)
     V67        0.00         (5 5) (15 15)
     V67        0.00         (10 5) (20 15)
     V67        0.00         (15 5) (25 15)
     V67        0.00         (20 5) (30 15)
     V67        0.00         (25 5) (35 15)
     V67        0.00         (30 5) (40 15)
     V67        0.00         (35 5) (45 15)
     V67        0.00         (40 5) (50 15)
     V67        0.00         (45 5) (55 15)
     V67        0.00         (50 5) (60 15)
     V67        0.00         (55 5) (65 15)
     V67        0.00         (60 5) (70 15)
     V67        0.00         (65 5) (75 15)
     V67        0.00         (70 5) (80 15)
     V67        0.00         (75 5) (85 15)
     V67        0.00         (80 5) (90 15)
     V67        0.00         (85 5) (95 15)
     V67        0.00         (90 5) (100 15)
     V67        0.00         (91 5) (101 15)
     V67        0.00         (0 10) (10 20)
     V67        0.00         (5 10) (15 20)
     V67        0.00         (20 10) (30 20)
     V67        0.00         (35 10) (45 20)
     V67        0.00         (50 10) (60 20)
     V67        0.00         (65 10) (75 20)
     V67        0.00         (70 10) (80 20)
     V67        0.00         (85 10) (95 20)
     V67        0.00         (5 15) (15 25)
     V67        0.00         (70 15) (80 25)
     V67        0.00         (85 15) (95 25)
     V67        0.00         (5 20) (15 30)
     V67        0.00         (10 20) (20 30)
     V67        0.00         (25 20) (35 30)
     V67        0.00         (40 20) (50 30)
     V67        0.00         (55 20) (65 30)
     V67        0.00         (70 20) (80 30)
     V67        0.00         (85 20) (95 30)
     V67        0.00         (90 20) (100 30)
     V67        0.00         (0 25) (10 35)
     V67        0.00         (20 25) (30 35)
     V67        0.00         (35 25) (45 35)
     V67        0.00         (50 25) (60 35)
     V67        0.00         (65 25) (75 35)
     V67        0.00         (70 25) (80 35)
     V67        0.00         (85 25) (95 35)
     V67        0.00         (70 30) (80 40)
     V67        0.00         (85 30) (95 40)
     V67        0.00         (25 35) (35 45)
     V67        0.00         (40 35) (50 45)
     V67        0.00         (55 35) (65 45)
     V67        0.00         (70 35) (80 45)
     V67        0.00         (85 35) (95 45)
     V67        0.00         (90 35) (100 45)
     V67        0.00         (35 40) (45 50)
     V67        0.00         (50 40) (60 50)
     V67        0.00         (65 40) (75 50)
     V67        0.00         (70 40) (80 50)
     V67        0.00         (85 40) (95 50)
     V67        0.00         (70 45) (80 55)
     V67        0.00         (85 45) (95 55)
     V67        0.00         (25 50) (35 60)
     V67        0.00         (40 50) (50 60)
     V67        0.00         (55 50) (65 60)
     V67        0.00         (70 50) (80 60)
     V67        0.00         (85 50) (95 60)
     V67        0.00         (90 50) (100 60)
     V67        0.00         (35 55) (45 65)
     V67        0.00         (50 55) (60 65)
     V67        0.00         (65 55) (75 65)
     V67        0.00         (70 55) (80 65)
     V67        0.00         (85 55) (95 65)
     V67        0.00         (70 60) (80 70)
     V67        0.00         (85 60) (95 70)
     V67        0.00         (25 65) (35 75)
     V67        0.00         (40 65) (50 75)
     V67        0.00         (55 65) (65 75)
     V67        0.00         (70 65) (80 75)
     V67        0.00         (85 65) (95 75)
     V67        0.00         (90 65) (100 75)
     V67        0.00         (0 70) (10 80)
     V67        0.00         (25 70) (35 80)
     V67        0.00         (30 70) (40 80)
     V67        0.00         (35 70) (45 80)
     V67        0.00         (40 70) (50 80)
     V67        0.00         (45 70) (55 80)
     V67        0.00         (50 70) (60 80)
     V67        0.00         (55 70) (65 80)
     V67        0.00         (60 70) (70 80)
     V67        0.00         (65 70) (75 80)
     V67        0.00         (70 70) (80 80)
     V67        0.00         (75 70) (85 80)
     V67        0.00         (80 70) (90 80)
     V67        0.00         (85 70) (95 80)
     V67        0.00         (90 70) (100 80)
     V67        0.00         (91 70) (101 80)
     V67        0.00         (70 75) (80 85)
     V67        0.00         (85 75) (95 85)
     V67        0.00         (70 80) (80 90)
     V67        0.00         (85 80) (95 90)
     V67        0.00         (0 85) (10 95)
     V67        0.00         (5 85) (15 95)
     V67        0.00         (10 85) (20 95)
     V67        0.00         (15 85) (25 95)
     V67        0.00         (20 85) (30 95)
     V67        0.00         (25 85) (35 95)
     V67        0.00         (30 85) (40 95)
     V67        0.00         (35 85) (45 95)
     V67        0.00         (40 85) (50 95)
     V67        0.00         (45 85) (55 95)
     V67        0.00         (50 85) (60 95)
     V67        0.00         (55 85) (65 95)
     V67        0.00         (60 85) (70 95)
     V67        0.00         (65 85) (75 95)
     V67        0.00         (70 85) (80 95)
     V67        0.00         (75 85) (85 95)
     V67        0.00         (80 85) (90 95)
     V67        0.00         (85 85) (95 95)
     V67        0.00         (90 85) (100 95)
     V67        0.00         (91 85) (101 95)
     V67        0.00         (0 90) (10 100)
     V67        0.00         (5 90) (15 100)
     V67        0.00         (20 90) (30 100)
     V67        0.00         (35 90) (45 100)
     V67        0.00         (50 90) (60 100)
     V67        0.00         (65 90) (75 100)
     V67        0.00         (70 90) (80 100)
     V67        0.00         (85 90) (95 100)
     V67        0.00         (5 92.6) (15 102.6)
     V67        0.00         (70 92.6) (80 102.6)
     V67        0.00         (85 92.6) (95 102.6)

     V78        0.00         (5 0) (15 10)
     V78        0.00         (10 0) (20 10)
     V78        0.00         (25 0) (35 10)
     V78        0.00         (40 0) (50 10)
     V78        0.00         (55 0) (65 10)
     V78        0.00         (70 0) (80 10)
     V78        0.00         (85 0) (95 10)
     V78        0.00         (90 0) (100 10)
     V78        0.00         (0 5) (10 15)
     V78        0.00         (5 5) (15 15)
     V78        0.00         (10 5) (20 15)
     V78        0.00         (15 5) (25 15)
     V78        0.00         (20 5) (30 15)
     V78        0.00         (25 5) (35 15)
     V78        0.00         (30 5) (40 15)
     V78        0.00         (35 5) (45 15)
     V78        0.00         (40 5) (50 15)
     V78        0.00         (45 5) (55 15)
     V78        0.00         (50 5) (60 15)
     V78        0.00         (55 5) (65 15)
     V78        0.00         (60 5) (70 15)
     V78        0.00         (65 5) (75 15)
     V78        0.00         (70 5) (80 15)
     V78        0.00         (75 5) (85 15)
     V78        0.00         (80 5) (90 15)
     V78        0.00         (85 5) (95 15)
     V78        0.00         (90 5) (100 15)
     V78        0.00         (91 5) (101 15)
     V78        0.00         (0 10) (10 20)
     V78        0.00         (5 10) (15 20)
     V78        0.00         (20 10) (30 20)
     V78        0.00         (35 10) (45 20)
     V78        0.00         (50 10) (60 20)
     V78        0.00         (65 10) (75 20)
     V78        0.00         (70 10) (80 20)
     V78        0.00         (85 10) (95 20)
     V78        0.00         (5 15) (15 25)
     V78        0.00         (70 15) (80 25)
     V78        0.00         (85 15) (95 25)
     V78        0.00         (5 20) (15 30)
     V78        0.00         (10 20) (20 30)
     V78        0.00         (25 20) (35 30)
     V78        0.00         (40 20) (50 30)
     V78        0.00         (55 20) (65 30)
     V78        0.00         (70 20) (80 30)
     V78        0.00         (85 20) (95 30)
     V78        0.00         (90 20) (100 30)
     V78        0.00         (0 25) (10 35)
     V78        0.00         (20 25) (30 35)
     V78        0.00         (35 25) (45 35)
     V78        0.00         (50 25) (60 35)
     V78        0.00         (65 25) (75 35)
     V78        0.00         (70 25) (80 35)
     V78        0.00         (85 25) (95 35)
     V78        0.00         (70 30) (80 40)
     V78        0.00         (85 30) (95 40)
     V78        0.00         (25 35) (35 45)
     V78        0.00         (40 35) (50 45)
     V78        0.00         (55 35) (65 45)
     V78        0.00         (70 35) (80 45)
     V78        0.00         (85 35) (95 45)
     V78        0.00         (90 35) (100 45)
     V78        0.00         (0 40) (10 50)
     V78        0.00         (20 40) (30 50)
     V78        0.00         (35 40) (45 50)
     V78        0.00         (50 40) (60 50)
     V78        0.00         (65 40) (75 50)
     V78        0.00         (70 40) (80 50)
     V78        0.00         (85 40) (95 50)
     V78        0.00         (70 45) (80 55)
     V78        0.00         (85 45) (95 55)
     V78        0.00         (25 50) (35 60)
     V78        0.00         (40 50) (50 60)
     V78        0.00         (55 50) (65 60)
     V78        0.00         (70 50) (80 60)
     V78        0.00         (85 50) (95 60)
     V78        0.00         (90 50) (100 60)
     V78        0.00         (35 55) (45 65)
     V78        0.00         (50 55) (60 65)
     V78        0.00         (65 55) (75 65)
     V78        0.00         (70 55) (80 65)
     V78        0.00         (85 55) (95 65)
     V78        0.00         (70 60) (80 70)
     V78        0.00         (85 60) (95 70)
     V78        0.00         (25 65) (35 75)
     V78        0.00         (40 65) (50 75)
     V78        0.00         (55 65) (65 75)
     V78        0.00         (70 65) (80 75)
     V78        0.00         (85 65) (95 75)
     V78        0.00         (90 65) (100 75)
     V78        0.00         (0 70) (10 80)
     V78        0.00         (25 70) (35 80)
     V78        0.00         (30 70) (40 80)
     V78        0.00         (35 70) (45 80)
     V78        0.00         (40 70) (50 80)
     V78        0.00         (45 70) (55 80)
     V78        0.00         (50 70) (60 80)
     V78        0.00         (55 70) (65 80)
     V78        0.00         (60 70) (70 80)
     V78        0.00         (65 70) (75 80)
     V78        0.00         (70 70) (80 80)
     V78        0.00         (75 70) (85 80)
     V78        0.00         (80 70) (90 80)
     V78        0.00         (85 70) (95 80)
     V78        0.00         (90 70) (100 80)
     V78        0.00         (91 70) (101 80)
     V78        0.00         (70 75) (80 85)
     V78        0.00         (85 75) (95 85)
     V78        0.00         (70 80) (80 90)
     V78        0.00         (85 80) (95 90)
     V78        0.00         (0 85) (10 95)
     V78        0.00         (5 85) (15 95)
     V78        0.00         (10 85) (20 95)
     V78        0.00         (15 85) (25 95)
     V78        0.00         (20 85) (30 95)
     V78        0.00         (25 85) (35 95)
     V78        0.00         (30 85) (40 95)
     V78        0.00         (35 85) (45 95)
     V78        0.00         (40 85) (50 95)
     V78        0.00         (45 85) (55 95)
     V78        0.00         (50 85) (60 95)
     V78        0.00         (55 85) (65 95)
     V78        0.00         (60 85) (70 95)
     V78        0.00         (65 85) (75 95)
     V78        0.00         (70 85) (80 95)
     V78        0.00         (75 85) (85 95)
     V78        0.00         (80 85) (90 95)
     V78        0.00         (85 85) (95 95)
     V78        0.00         (90 85) (100 95)
     V78        0.00         (91 85) (101 95)
     V78        0.00         (0 90) (10 100)
     V78        0.00         (5 90) (15 100)
     V78        0.00         (20 90) (30 100)
     V78        0.00         (35 90) (45 100)
     V78        0.00         (50 90) (60 100)
     V78        0.00         (65 90) (75 100)
     V78        0.00         (70 90) (80 100)
     V78        0.00         (85 90) (95 100)
     V78        0.00         (5 92.6) (15 102.6)
     V78        0.00         (70 92.6) (80 102.6)
     V78        0.00         (85 92.6) (95 102.6)

     V89        0.00         (5 0) (15 10)
     V89        0.00         (10 0) (20 10)
     V89        0.00         (25 0) (35 10)
     V89        0.00         (40 0) (50 10)
     V89        0.00         (55 0) (65 10)
     V89        0.00         (70 0) (80 10)
     V89        0.00         (85 0) (95 10)
     V89        0.00         (90 0) (100 10)
     V89        0.00         (0 5) (10 15)
     V89        0.00         (5 5) (15 15)
     V89        0.00         (10 5) (20 15)
     V89        0.00         (15 5) (25 15)
     V89        0.00         (20 5) (30 15)
     V89        0.00         (25 5) (35 15)
     V89        0.00         (30 5) (40 15)
     V89        0.00         (35 5) (45 15)
     V89        0.00         (40 5) (50 15)
     V89        0.00         (45 5) (55 15)
     V89        0.00         (50 5) (60 15)
     V89        0.00         (55 5) (65 15)
     V89        0.00         (60 5) (70 15)
     V89        0.00         (65 5) (75 15)
     V89        0.00         (70 5) (80 15)
     V89        0.00         (75 5) (85 15)
     V89        0.00         (80 5) (90 15)
     V89        0.00         (85 5) (95 15)
     V89        0.00         (90 5) (100 15)
     V89        0.00         (91 5) (101 15)
     V89        0.00         (0 10) (10 20)
     V89        0.00         (5 10) (15 20)
     V89        0.00         (20 10) (30 20)
     V89        0.00         (35 10) (45 20)
     V89        0.00         (50 10) (60 20)
     V89        0.00         (65 10) (75 20)
     V89        0.00         (70 10) (80 20)
     V89        0.00         (85 10) (95 20)
     V89        0.00         (5 15) (15 25)
     V89        0.00         (70 15) (80 25)
     V89        0.00         (85 15) (95 25)
     V89        0.00         (5 20) (15 30)
     V89        0.00         (10 20) (20 30)
     V89        0.00         (25 20) (35 30)
     V89        0.00         (40 20) (50 30)
     V89        0.00         (55 20) (65 30)
     V89        0.00         (70 20) (80 30)
     V89        0.00         (85 20) (95 30)
     V89        0.00         (90 20) (100 30)
     V89        0.00         (0 25) (10 35)
     V89        0.00         (20 25) (30 35)
     V89        0.00         (35 25) (45 35)
     V89        0.00         (50 25) (60 35)
     V89        0.00         (65 25) (75 35)
     V89        0.00         (70 25) (80 35)
     V89        0.00         (85 25) (95 35)
     V89        0.00         (70 30) (80 40)
     V89        0.00         (85 30) (95 40)
     V89        0.00         (25 35) (35 45)
     V89        0.00         (40 35) (50 45)
     V89        0.00         (55 35) (65 45)
     V89        0.00         (70 35) (80 45)
     V89        0.00         (85 35) (95 45)
     V89        0.00         (90 35) (100 45)
     V89        0.00         (0 40) (10 50)
     V89        0.00         (20 40) (30 50)
     V89        0.00         (35 40) (45 50)
     V89        0.00         (50 40) (60 50)
     V89        0.00         (65 40) (75 50)
     V89        0.00         (70 40) (80 50)
     V89        0.00         (85 40) (95 50)
     V89        0.00         (70 45) (80 55)
     V89        0.00         (85 45) (95 55)
     V89        0.00         (25 50) (35 60)
     V89        0.00         (40 50) (50 60)
     V89        0.00         (55 50) (65 60)
     V89        0.00         (70 50) (80 60)
     V89        0.00         (85 50) (95 60)
     V89        0.00         (90 50) (100 60)
     V89        0.00         (35 55) (45 65)
     V89        0.00         (50 55) (60 65)
     V89        0.00         (65 55) (75 65)
     V89        0.00         (70 55) (80 65)
     V89        0.00         (85 55) (95 65)
     V89        0.00         (70 60) (80 70)
     V89        0.00         (85 60) (95 70)
     V89        0.00         (25 65) (35 75)
     V89        0.00         (40 65) (50 75)
     V89        0.00         (55 65) (65 75)
     V89        0.00         (70 65) (80 75)
     V89        0.00         (85 65) (95 75)
     V89        0.00         (90 65) (100 75)
     V89        0.00         (0 70) (10 80)
     V89        0.00         (25 70) (35 80)
     V89        0.00         (30 70) (40 80)
     V89        0.00         (35 70) (45 80)
     V89        0.00         (40 70) (50 80)
     V89        0.00         (45 70) (55 80)
     V89        0.00         (50 70) (60 80)
     V89        0.00         (55 70) (65 80)
     V89        0.00         (60 70) (70 80)
     V89        0.00         (65 70) (75 80)
     V89        0.00         (70 70) (80 80)
     V89        0.00         (75 70) (85 80)
     V89        0.00         (80 70) (90 80)
     V89        0.00         (85 70) (95 80)
     V89        0.00         (90 70) (100 80)
     V89        0.00         (91 70) (101 80)
     V89        0.00         (70 75) (80 85)
     V89        0.00         (85 75) (95 85)
     V89        0.00         (70 80) (80 90)
     V89        0.00         (85 80) (95 90)
     V89        0.00         (0 85) (10 95)
     V89        0.00         (5 85) (15 95)
     V89        0.00         (10 85) (20 95)
     V89        0.00         (15 85) (25 95)
     V89        0.00         (20 85) (30 95)
     V89        0.00         (25 85) (35 95)
     V89        0.00         (30 85) (40 95)
     V89        0.00         (35 85) (45 95)
     V89        0.00         (40 85) (50 95)
     V89        0.00         (45 85) (55 95)
     V89        0.00         (50 85) (60 95)
     V89        0.00         (55 85) (65 95)
     V89        0.00         (60 85) (70 95)
     V89        0.00         (65 85) (75 95)
     V89        0.00         (70 85) (80 95)
     V89        0.00         (75 85) (85 95)
     V89        0.00         (80 85) (90 95)
     V89        0.00         (85 85) (95 95)
     V89        0.00         (90 85) (100 95)
     V89        0.00         (91 85) (101 95)
     V89        0.00         (0 90) (10 100)
     V89        0.00         (5 90) (15 100)
     V89        0.00         (20 90) (30 100)
     V89        0.00         (35 90) (45 100)
     V89        0.00         (50 90) (60 100)
     V89        0.00         (65 90) (75 100)
     V89        0.00         (70 90) (80 100)
     V89        0.00         (85 90) (95 100)
     V89        0.00         (5 92.6) (15 102.6)
     V89        0.00         (70 92.6) (80 102.6)
     V89        0.00         (85 92.6) (95 102.6)

    V910        0.00         (10 0) (20 10)
    V910        0.00         (25 0) (35 10)
    V910        0.05         (75 0) (85 10)
    V910        0.00         (90 0) (100 10)
    V910        0.00         (91 0) (101 10)
    V910        0.00         (0 5) (10 15)
    V910        0.00         (5 5) (15 15)
    V910        0.00         (10 5) (20 15)
    V910        0.00         (15 5) (25 15)
    V910        0.00         (20 5) (30 15)
    V910        0.00         (25 5) (35 15)
    V910        0.00         (30 5) (40 15)
    V910        0.00         (35 5) (45 15)
    V910        0.00         (40 5) (50 15)
    V910        0.00         (45 5) (55 15)
    V910        0.00         (50 5) (60 15)
    V910        0.00         (55 5) (65 15)
    V910        0.00         (60 5) (70 15)
    V910        0.00         (65 5) (75 15)
    V910        0.00         (70 5) (80 15)
    V910        0.00         (75 5) (85 15)
    V910        0.00         (80 5) (90 15)
    V910        0.00         (85 5) (95 15)
    V910        0.00         (90 5) (100 15)
    V910        0.00         (91 5) (101 15)
    V910        0.00         (0 10) (10 20)
    V910        0.05         (35 10) (45 20)
    V910        0.00         (50 10) (60 20)
    V910        0.00         (65 10) (75 20)
    V910        0.03         (10 20) (20 30)
    V910        0.00         (25 20) (35 30)
    V910        0.05         (75 20) (85 30)
    V910        0.00         (90 20) (100 30)
    V910        0.00         (91 20) (101 30)
    V910        0.00         (0 25) (10 35)
    V910        0.05         (35 25) (45 35)
    V910        0.00         (50 25) (60 35)
    V910        0.00         (65 25) (75 35)
    V910        0.00         (25 35) (35 45)
    V910        0.05         (75 35) (85 45)
    V910        0.00         (90 35) (100 45)
    V910        0.00         (91 35) (101 45)
    V910        0.00         (0 40) (10 50)
    V910        0.05         (35 40) (45 50)
    V910        0.00         (50 40) (60 50)
    V910        0.00         (65 40) (75 50)
    V910        0.03         (25 50) (35 60)
    V910        0.05         (75 50) (85 60)
    V910        0.00         (90 50) (100 60)
    V910        0.00         (91 50) (101 60)
    V910        0.05         (35 55) (45 65)
    V910        0.00         (50 55) (60 65)
    V910        0.00         (65 55) (75 65)
    V910        0.00         (25 65) (35 75)
    V910        0.05         (75 65) (85 75)
    V910        0.00         (90 65) (100 75)
    V910        0.00         (91 65) (101 75)
    V910        0.00         (0 70) (10 80)
    V910        0.00         (20 70) (30 80)
    V910        0.00         (25 70) (35 80)
    V910        0.00         (30 70) (40 80)
    V910        0.00         (35 70) (45 80)
    V910        0.00         (40 70) (50 80)
    V910        0.00         (45 70) (55 80)
    V910        0.00         (50 70) (60 80)
    V910        0.00         (55 70) (65 80)
    V910        0.00         (60 70) (70 80)
    V910        0.00         (65 70) (75 80)
    V910        0.00         (70 70) (80 80)
    V910        0.00         (75 70) (85 80)
    V910        0.00         (80 70) (90 80)
    V910        0.00         (85 70) (95 80)
    V910        0.00         (90 70) (100 80)
    V910        0.00         (91 70) (101 80)
    V910        0.00         (0 85) (10 95)
    V910        0.00         (5 85) (15 95)
    V910        0.00         (10 85) (20 95)
    V910        0.00         (15 85) (25 95)
    V910        0.00         (20 85) (30 95)
    V910        0.00         (25 85) (35 95)
    V910        0.00         (30 85) (40 95)
    V910        0.00         (35 85) (45 95)
    V910        0.00         (40 85) (50 95)
    V910        0.00         (45 85) (55 95)
    V910        0.00         (50 85) (60 95)
    V910        0.00         (55 85) (65 95)
    V910        0.00         (60 85) (70 95)
    V910        0.00         (65 85) (75 95)
    V910        0.00         (70 85) (80 95)
    V910        0.00         (75 85) (85 95)
    V910        0.00         (80 85) (90 95)
    V910        0.00         (85 85) (95 95)
    V910        0.00         (90 85) (100 95)
    V910        0.00         (91 85) (101 95)
    V910        0.00         (0 90) (10 100)
    V910        0.05         (35 90) (45 100)
    V910        0.00         (50 90) (60 100)
    V910        0.00         (65 90) (75 100)

   V1011        0.00         (10 0) (20 10)
   V1011        0.00         (25 0) (35 10)
   V1011        0.00         (90 0) (100 10)
   V1011        0.00         (91 0) (101 10)
   V1011        0.00         (0 10) (10 20)
   V1011        0.00         (50 10) (60 20)
   V1011        0.00         (65 10) (75 20)
   V1011        0.00         (0 25) (10 35)
   V1011        0.00         (50 25) (60 35)
   V1011        0.00         (65 25) (75 35)
   V1011        0.00         (10 50) (20 60)
   V1011        0.01         (25 50) (35 60)
   V1011        0.00         (90 50) (100 60)
   V1011        0.00         (91 50) (101 60)
   V1011        0.00         (10 65) (20 75)
   V1011        0.00         (25 65) (35 75)
   V1011        0.00         (90 65) (100 75)
   V1011        0.00         (91 65) (101 75)
   V1011        0.00         (0 90) (10 100)
   V1011        0.00         (50 90) (60 100)
   V1011        0.00         (65 90) (75 100)
   V1011        0.00         (0 92.6) (10 102.6)
   V1011        0.00         (50 92.6) (60 102.6)
   V1011        0.00         (65 92.6) (75 102.6)


A total of 724 cut density violation(s).
Windows < Min. Density = 724
Windows > Max. Density = 0
