###############################################################
#  Generated by:      Cadence Innovus 23.15-s106_1
#  OS:                Linux x86_64(Host ID ASIC-vm)
#  Generated on:      Fri Nov 14 15:13:08 2025
#  Design:            matmul_sync
#  Command:           report_timing -max_paths 1   -nworst 1 -path_type full_clock -net > [get_db flow_report_directory]/[get_db flow_report_name]/setup.worst.rpt
###############################################################
Path 1: VIOLATED (-0.023 ns) Late Output Delay Assertion
               View: slow_0p9v_125c_cmax_func
              Group: reg2out
         Startpoint: (R) operand_b_i_sr_reg_2/CK
              Clock: (R) clk_i
           Endpoint: (R) result_o[47]
              Clock: (R) clk_i_virtual

                       Capture       Launch
         Clock Edge:+    5.000        0.000
         Drv Adjust:+    0.000        0.011
        Src Latency:+    0.000       -0.137
        Net Latency:+    0.000 (I)    0.140 (P)
            Arrival:=    5.000        0.014

       Output Delay:-    1.500
        Uncertainty:-    0.055
        Cppr Adjust:+    0.000
      Required Time:=    3.445
       Launch Clock:=    0.014
          Data Path:+    3.453
              Slack:=   -0.023

#-----------------------------------------------------------------------------------------------------------------------------------
# Timing Point                                  Net  Cell        Fanout   Load  Trans   Delay    Incr  Arrival  Edge  User    Power  
#                                                                         (pf)   (ns)    (ns)   Delay     (ns)        Derate  Domain  
#-----------------------------------------------------------------------------------------------------------------------------------
  clk_i                                         -    (arrival)        1  0.004  0.050   0.000   0.000   -0.125  R     -       pd_aon  
  clk_i                                         -    (net)            1  0.004      -       -       -        -  R     -       -  
  CTS_ccl_a_inv_00012/Y                         -    CLKINVX6         3  0.011  0.050   0.067   0.000   -0.058  F      1.030  pd_aon  
  CTS_4                                         -    (net)            3  0.011      -       -       -        -  F     -       -  
  CTS_ccl_a_inv_00007/Y                         -    CLKINVX6        24  0.014  0.067   0.072   0.000    0.014  R      1.030  pd_aon  
  CTS_1                                         -    (net)           24  0.014      -       -       -        -  R     -       -  
  operand_b_i_sr_reg_2/Q                        -    SDFFSRHQX4       7  0.008  0.068   0.319   0.000    0.333  R      1.079  pd_aon  
  operand_b_i_sr_2                              -    (net)            7  0.008      -       -       -        -  R     -       -  
  cts_FE_OFC56_operand_b_i_sr_2/Y               -    INVX1            6  0.004  0.059   0.107   0.007    0.440  F      1.079  pd_aon  
  FE_OFN144_operand_b_i_sr_2                    -    (net)            6  0.004      -       -       -        -  F     -       -  
  WALLACE_CSA_DUMMY_OP_groupi58_g3652__2802/Y   -    NOR2X1           4  0.002  0.117   0.155   0.000    0.595  R      1.079  pd_aon  
  WALLACE_CSA_DUMMY_OP_groupi58_n_174           -    (net)            4  0.002      -       -       -        -  R     -       -  
  WALLACE_CSA_DUMMY_OP_groupi58_g3585__8246/Y   -    NOR2XL           1  0.001  0.125   0.141   0.000    0.735  F      1.079  pd_aon  
  WALLACE_CSA_DUMMY_OP_groupi58_n_194           -    (net)            1  0.001      -       -       -        -  F     -       -  
  WALLACE_CSA_DUMMY_OP_groupi58_g3544__1705/Y   -    OAI21X1          1  0.002  0.066   0.125   0.013    0.860  R      1.079  pd_aon  
  WALLACE_CSA_DUMMY_OP_groupi58_n_230           -    (net)            1  0.002      -       -       -        -  R     -       -  
  WALLACE_CSA_DUMMY_OP_groupi58_g3439__7098/S   -    ADDFX1           1  0.001  0.118   0.393   0.000    1.254  F      1.079  pd_aon  
  WALLACE_CSA_DUMMY_OP_groupi58_n_361           -    (net)            1  0.001      -       -       -        -  F     -       -  
  WALLACE_CSA_DUMMY_OP_groupi58_g3413__7410/S   -    ADDFXL           2  0.001  0.055   0.305   0.000    1.559  R      1.079  pd_aon  
  WALLACE_CSA_DUMMY_OP_groupi58_n_404           -    (net)            2  0.001      -       -       -        -  R     -       -  
  WALLACE_CSA_DUMMY_OP_groupi58_g3401__5115/Y   -    XNOR2X1          2  0.001  0.068   0.175   0.000    1.733  F      1.079  pd_aon  
  WALLACE_CSA_DUMMY_OP_groupi58_n_412           -    (net)            2  0.001      -       -       -        -  F     -       -  
  WALLACE_CSA_DUMMY_OP_groupi58_g3381__5107/Y   -    NOR2X2           3  0.002  0.051   0.076   0.000    1.809  R      1.079  pd_aon  
  WALLACE_CSA_DUMMY_OP_groupi58_n_435           -    (net)            3  0.002      -       -       -        -  R     -       -  
  WALLACE_CSA_DUMMY_OP_groupi58_g3375__1666/Y   -    NOR2X1           1  0.001  0.070   0.087   0.000    1.896  F      1.079  pd_aon  
  WALLACE_CSA_DUMMY_OP_groupi58_n_440           -    (net)            1  0.001      -       -       -        -  F     -       -  
  prects_FE_RC_35_0/Y                           -    NOR3X2           2  0.002  0.056   0.129   0.000    2.025  R      1.079  pd_aon  
  WALLACE_CSA_DUMMY_OP_groupi58_n_456           -    (net)            2  0.002      -       -       -        -  R     -       -  
  prects_FE_RC_21_0/Y                           -    OAI21X2          1  0.001  0.108   0.129   0.000    2.154  F      1.079  pd_aon  
  WALLACE_CSA_DUMMY_OP_groupi58_n_468           -    (net)            1  0.001      -       -       -        -  F     -       -  
  WALLACE_CSA_DUMMY_OP_groupi58_g3334__4733/CO  -    ADDFX1           2  0.001  0.068   0.215   0.000    2.369  F      1.079  pd_aon  
  WALLACE_CSA_DUMMY_OP_groupi58_n_490           -    (net)            2  0.001      -       -       -        -  F     -       -  
  fopt3907/Y                                    -    INVX2            2  0.002  0.060   0.061   0.000    2.430  R      1.079  pd_aon  
  n_685                                         -    (net)            2  0.002      -       -       -        -  R     -       -  
  prects_FE_RC_40_0/Y                           -    OAI31X4          3  0.002  0.040   0.088   0.000    2.517  F      1.079  pd_aon  
  WALLACE_CSA_DUMMY_OP_groupi58_n_496           -    (net)            3  0.002      -       -       -        -  F     -       -  
  FE_RC_182_0/Y                                 -    NAND2BX2         1  0.001  0.093   0.077   0.000    2.594  R      1.079  pd_aon  
  FE_RN_130_0                                   -    (net)            1  0.001      -       -       -        -  R     -       -  
  FE_RC_180_0/Y                                 -    NAND2BX2         3  0.002  0.037   0.073   0.002    2.667  F      1.079  pd_aon  
  WALLACE_CSA_DUMMY_OP_groupi58_n_498           -    (net)            3  0.002      -       -       -        -  F     -       -  
  FE_RC_293_0/Y                                 -    NAND2X2          1  0.002  0.082   0.076   0.000    2.743  R      1.079  pd_aon  
  FE_RN_218_0                                   -    (net)            1  0.002      -       -       -        -  R     -       -  
  FE_RC_292_0/Y                                 -    NAND2X4          3  0.002  0.045   0.072   0.000    2.815  F      1.079  pd_aon  
  WALLACE_CSA_DUMMY_OP_groupi58_n_500           -    (net)            3  0.002      -       -       -        -  F     -       -  
  FE_RC_3_0/Y                                   -    NAND2X2          1  0.002  0.064   0.064   0.000    2.879  R      1.079  pd_aon  
  FE_RN_5_0                                     -    (net)            1  0.002      -       -       -        -  R     -       -  
  FE_RC_2_0/Y                                   -    NAND2X4          5  0.002  0.043   0.077   0.000    2.957  F      1.079  pd_aon  
  WALLACE_CSA_DUMMY_OP_groupi58_n_502           -    (net)            5  0.002      -       -       -        -  F     -       -  
  FE_RC_221_0/Y                                 -    NAND2X2          1  0.001  0.072   0.065   0.000    3.022  R      1.079  pd_aon  
  FE_RN_181_0                                   -    (net)            1  0.001      -       -       -        -  R     -       -  
  FE_RC_282_0/Y                                 -    NAND3X2          2  0.001  0.036   0.097   0.000    3.119  F      1.079  pd_aon  
  WALLACE_CSA_DUMMY_OP_groupi58_n_506           -    (net)            2  0.001      -       -       -        -  F     -       -  
  FE_RC_34_0/Y                                  -    NOR2X1           1  0.000  0.121   0.114   0.000    3.233  R      1.079  pd_aon  
  FE_RN_21_0                                    -    (net)            1  0.000      -       -       -        -  R     -       -  
  prects_FE_RC_24_0/Y                           -    INVX1            1  0.001  0.057   0.067   0.000    3.301  F      1.079  pd_aon  
  FE_RN_12_1                                    -    (net)            1  0.001      -       -       -        -  F     -       -  
  prects_FE_RC_23_0/Y                           -    NAND2X2          1  0.002  0.044   0.052   0.000    3.353  R      1.079  pd_aon  
  FE_OFN170_result_o_47                         -    (net)            1  0.002      -       -       -        -  R     -       -  
  cts_FE_OFC23_FE_OFN170_result_o_47/Y          -    CLKBUFX16        1  0.012  0.048   0.115   0.000    3.468  R      1.079  pd_aon  
  result_o[47]                                  -    (net)            1  0.012      -       -       -        -  R     -       -  
  result_o[47]                                  -    -                1  0.012  0.041   0.000   0.000    3.468  R      1.070  pd_aon  
#-----------------------------------------------------------------------------------------------------------------------------------

