###############################################################
#  Generated by:      Cadence Innovus 23.15-s106_1
#  OS:                Linux x86_64(Host ID ASIC-vm)
#  Generated on:      Fri Nov 14 15:13:05 2025
#  Design:            matmul_sync
#  Command:           report_constraint -late -all_violators -drv_violation_type {max_capacitance max_transition max_fanout} > reports/postroute/setup.all_violators.rpt
###############################################################
# format : frame 0 : split 0

max_delay/setup
---------------------------
      -------------------------------------------------------------------------------------------------------------------------------------------  
       End Point                                  Slack                                         Cause                                       View   
      -------------------------------------------------------------------------------------------------------------------------------------------  
      result_o[47] r                             -0.023     VIOLATED                                   slow_0p9v_125c_cmax_func
      result_o[63] f                             -0.014     VIOLATED                                   slow_0p9v_125c_cmax_func
      result_o[31] f                             -0.001     VIOLATED                                   slow_0p9v_125c_cmax_func
      -------------------------------------------------------------------------------------------------------------------------------------------

Check type : max_capacitance
---------------------------
 No Violations found

Check type : max_transition
---------------------------
 No Violations found

Check type : max_fanout
---------------------------
 No Violations found
