============================================================
  Generated by:           Genus(TM) Synthesis Solution 23.15-s099_1
  Generated on:           Nov 14 2025  02:45:40 pm
  Module:                 matmul_sync
  Operating conditions:   PVT_0P9V_125C 
  Operating conditions:   _nominal_ 
  Interconnect mode:      placement
  Area mode:              physical library
============================================================

-------------------------------------------------------------------------------
Timing exceptions with no effect

The following timing exceptions are not currently affecting timing in the       
design in mode 'slow_0p9v_125c_cmax_scan_capture'.  Either no paths in the      
design satisfy the exception's path specification, or all paths that satisfy    
the path specification also satisfy an exception with a higher priority.  You   
can improve runtime and memory usage by removing these exceptions if they are   
not truly needed.  To see if there is a path in the design that satisfies the   
path specification for an exception, or to see what other exception is          
overriding an exception because of priority, use the command:                   
  report timing -paths [eval [::legacy::get_attribute paths <exception>]]

exception:matmul_sync/slow_0p9v_125c_cmax_scan_capture/scan_capture.sdc.gz_line_758
-------------------------------------------------------------------------------


Lint summary
 Unconnected/logic driven clocks                                                           0
 Sequential data pins driven by a clock signal                                             0
 Sequential clock pins without clock waveform                                              0
 Sequential clock pins with multiple clock waveforms                                       0
 Generated clocks without clock waveform                                                   0
 Generated clocks with incompatible options                                                0
 Generated clocks with multi-master clock                                                  0
 Generated clocks with master clock not reaching the generated clock target                0
 Paths constrained with different clocks                                                   0
 Loop-breaking cells for combinational feedback                                            0
 Nets with multiple drivers                                                                0
 Timing exceptions with no effect                                                          1
 Suspicious multi_cycle exceptions                                                         0
 Pins/ports with conflicting case constants                                                0
 Inputs without clocked external delays                                                    0
 Outputs without clocked external delays                                                   0
 Inputs without external driver/transition                                                 0
 Outputs without external load                                                             0
 Exceptions with invalid timing start-/endpoints                                           0

                                                                           Total:          1

