============================================================
  Generated by:           Genus(TM) Synthesis Solution 23.15-s099_1
  Generated on:           Nov 14 2025  02:45:40 pm
  Module:                 matmul_sync
  Operating conditions:   PVT_0P9V_125C 
  Operating conditions:   _nominal_ 
  Interconnect mode:      placement
  Area mode:              physical library
============================================================


 Clock Description
 ----------------- 

                                      Clock                                 Clock               No of   
              Mode                    Name        Period   Rise    Fall     Domain  Pin/Port  Registers 
--------------------------------------------------------------------------------------------------------
slow_0p9v_125c_cmax_func          clk_i_virtual    5000.0   0.0   2500.0   domain_1               0     
slow_0p9v_125c_cmax_func          clk_i            5000.0   0.0   2500.0   domain_1   clk_i      65     
slow_0p9v_125c_cmax_scan_capture  clk_i_virtual   10000.0   0.0   5000.0   domain_1               0     
slow_0p9v_125c_cmax_scan_capture  clk_i           10000.0   0.0   5000.0   domain_1   clk_i      65     
slow_0p9v_125c_cmax_scan_shift    clk_i_virtual   10000.0   0.0   5000.0   domain_1               0     
slow_0p9v_125c_cmax_scan_shift    clk_i           10000.0   0.0   5000.0   domain_1   clk_i      65     

 Clock Network Latency / Setup Uncertainty
 ----------------------------------------- 

                                                 Network   Network   Source       Source        Setup        Setup    
                                     Clock       Latency   Latency  Latency      Latency     Uncertainty  Uncertainty 
              Mode                    Name        Rise      Fall      Rise        Fall           Rise         Fall    
----------------------------------------------------------------------------------------------------------------------
slow_0p9v_125c_cmax_func         clk_i_virtual       0.0       0.0      0.0             0.0         55.0         55.0 
slow_0p9v_125c_cmax_func         clk_i               0.0       0.0      0.0 (-100.0, 100.0)         55.0         55.0 
slow_0p9v_125c_cmax_scan_capture clk_i_virtual       0.0       0.0      0.0             0.0        205.0        205.0 
slow_0p9v_125c_cmax_scan_capture clk_i               0.0       0.0      0.0 (-500.0, 500.0)        205.0        205.0 
slow_0p9v_125c_cmax_scan_shift   clk_i_virtual       0.0       0.0      0.0             0.0        205.0        205.0 
slow_0p9v_125c_cmax_scan_shift   clk_i               0.0       0.0      0.0 (-500.0, 500.0)        205.0        205.0 

 Clock Relationship (with uncertainty & latency)
 ----------------------------------------------- 

                Mode                      From             To         R->R     R->F     F->R     F->F  
-------------------------------------------------------------------------------------------------------
  slow_0p9v_125c_cmax_func           clk_i_virtual   clk_i_virtual   4945.0   2445.0   2445.0   4945.0 
  slow_0p9v_125c_cmax_func           clk_i_virtual   clk_i           4945.0   2345.0   2445.0   4845.0 
  slow_0p9v_125c_cmax_func           clk_i           clk_i_virtual   4945.0   2445.0   2345.0   4845.0 
  slow_0p9v_125c_cmax_func           clk_i           clk_i           4945.0   2345.0   2345.0   4745.0 
  slow_0p9v_125c_cmax_scan_capture   clk_i_virtual   clk_i_virtual   9795.0   4795.0   4795.0   9795.0 
  slow_0p9v_125c_cmax_scan_capture   clk_i_virtual   clk_i           9795.0   4295.0   4795.0   9295.0 
  slow_0p9v_125c_cmax_scan_capture   clk_i           clk_i_virtual   9795.0   4795.0   4295.0   9295.0 
  slow_0p9v_125c_cmax_scan_capture   clk_i           clk_i           9795.0   4295.0   4295.0   8795.0 
  slow_0p9v_125c_cmax_scan_shift     clk_i_virtual   clk_i_virtual   9795.0   4795.0   4795.0   9795.0 
  slow_0p9v_125c_cmax_scan_shift     clk_i_virtual   clk_i           9795.0   4295.0   4795.0   9295.0 
  slow_0p9v_125c_cmax_scan_shift     clk_i           clk_i_virtual   9795.0   4795.0   4295.0   9295.0 
  slow_0p9v_125c_cmax_scan_shift     clk_i           clk_i           9795.0   4295.0   4295.0   8795.0 
