============================================================
  Generated by:           Genus(TM) Synthesis Solution 23.15-s099_1
  Generated on:           Nov 14 2025  02:45:39 pm
  Module:                 matmul_sync
  Operating conditions:   PVT_0P9V_125C 
  Operating conditions:   _nominal_ 
  Interconnect mode:      placement
  Area mode:              physical library
============================================================

                                  Leakage   Internal                 Library 
   Gate     Instances    Area   Power (mW) Power (mW)     Library     Domain 
-----------------------------------------------------------------------------
ACHCONX2            4    50.616      0.000      0.002    slow_vdd1v0       0 
ADDFHX2             1     8.208      0.000      0.001    slow_vdd1v0       0 
ADDFHXL             6    45.144      0.000      0.001    slow_vdd1v0       0 
ADDFX1             93   477.090      0.000      0.012    slow_vdd1v0       0 
ADDFXL            215  1470.600      0.000      0.021    slow_vdd1v0       0 
ADDHXL             35   167.580      0.000      0.002    slow_vdd1v0       0 
AND2X1              4     5.472      0.000      0.000    slow_vdd1v0       0 
AND2XL            244   333.792      0.000      0.005    slow_vdd1v0       0 
AO21X1              1     2.394      0.000      0.000    slow_vdd1v0       0 
AO21X4              1     3.420      0.000      0.001    slow_vdd1v0       0 
AO21XL              4     9.576      0.000      0.000    slow_vdd1v0       0 
AOI211X2            1     3.420      0.000      0.000    slow_vdd1v0       0 
AOI21X1            17    29.070      0.000      0.001    slow_vdd1v0       0 
AOI21X2             4    10.944      0.000      0.001    slow_vdd1v0       0 
AOI21XL             3     5.130      0.000      0.000    slow_vdd1v0       0 
AOI22XL             1     2.052      0.000      0.000    slow_vdd1v0       0 
AOI2BB1XL           8    16.416      0.000      0.001    slow_vdd1v0       0 
AOI2BB2X1           2     6.840      0.000      0.000    slow_vdd1v0       0 
BUFX2              57    97.470      0.000      0.012    slow_vdd1v0       0 
BUFX3               1     2.052      0.000      0.000    slow_vdd1v0       0 
BUFX4               1     2.394      0.000      0.000    slow_vdd1v0       0 
BUFX6               1     3.078      0.000      0.000    slow_vdd1v0       0 
CLKAND2X2           3     6.156      0.000      0.000    slow_vdd1v0       0 
CLKBUFX20          62   508.896      0.000      0.127    slow_vdd1v0       0 
CLKINVX20           3    19.494      0.000      0.005    slow_vdd1v0       0 
CLKINVX4            2     3.420      0.000      0.000    slow_vdd1v0       0 
CLKXOR2X1           8    21.888      0.000      0.001    slow_vdd1v0       0 
INVX1              50    34.200      0.000      0.001    slow_vdd1v0       0 
INVX2              45    46.170      0.000      0.001    slow_vdd1v0       0 
INVX3               8    10.944      0.000      0.000    slow_vdd1v0       0 
INVXL             159   108.756      0.000      0.002    slow_vdd1v0       0 
MXI2X1              3     8.208      0.000      0.000    slow_vdd1v0       0 
MXI2XL             29    69.426      0.000      0.002    slow_vdd1v0       0 
NAND2BX1           12    16.416      0.000      0.001    slow_vdd1v0       0 
NAND2BX2            6    14.364      0.000      0.002    slow_vdd1v0       0 
NAND2BX4            1     3.762      0.000      0.001    slow_vdd1v0       0 
NAND2BXL           47    64.296      0.000      0.004    slow_vdd1v0       0 
NAND2X1            35    35.910      0.000      0.002    slow_vdd1v0       0 
NAND2X2            18    30.780      0.000      0.003    slow_vdd1v0       0 
NAND2X4             4    13.680      0.000      0.002    slow_vdd1v0       0 
NAND2XL            89    91.314      0.000      0.002    slow_vdd1v0       0 
NAND3X2             1     2.736      0.000      0.000    slow_vdd1v0       0 
NAND3X4             1     4.788      0.000      0.001    slow_vdd1v0       0 
NOR2BX1            42    57.456      0.000      0.002    slow_vdd1v0       0 
NOR2BXL            16    27.360      0.000      0.000    slow_vdd1v0       0 
NOR2X1             65    66.690      0.000      0.001    slow_vdd1v0       0 
NOR2X2             12    20.520      0.000      0.001    slow_vdd1v0       0 
NOR2XL            283   290.358      0.000      0.003    slow_vdd1v0       0 
NOR3BX2             1     3.420      0.000      0.000    slow_vdd1v0       0 
NOR3X1              1     1.710      0.000      0.000    slow_vdd1v0       0 
NOR3X2              1     2.736      0.000      0.000    slow_vdd1v0       0 
NOR3X4              2    10.260      0.000      0.000    slow_vdd1v0       0 
OAI21X1            16    27.360      0.000      0.001    slow_vdd1v0       0 
OAI21X2            10    30.780      0.000      0.004    slow_vdd1v0       0 
OAI21X4             3    14.364      0.000      0.002    slow_vdd1v0       0 
OAI21XL            46    78.660      0.000      0.003    slow_vdd1v0       0 
OAI22XL             1     2.052      0.000      0.000    slow_vdd1v0       0 
OAI2BB1X1           8    13.680      0.000      0.002    slow_vdd1v0       0 
OAI2BB1XL           9    18.468      0.000      0.001    slow_vdd1v0       0 
OAI31X2             2     7.524      0.000      0.001    slow_vdd1v0       0 
OAI31X4             1     6.840      0.000      0.001    slow_vdd1v0       0 
OR2X1               1     1.368      0.000      0.000    slow_vdd1v0       0 
OR2XL              50    68.400      0.000      0.003    slow_vdd1v0       0 
SDFFRHQX1           1     8.208      0.000      0.001    slow_vdd1v0       0 
SDFFRHQX2           2    19.836      0.000      0.001    slow_vdd1v0       0 
SDFFRHQX4           1    12.312      0.000      0.001    slow_vdd1v0       0 
SDFFSRHQX1          4    53.352      0.000      0.003    slow_vdd1v0       0 
SDFFSRHQX2         32   448.704      0.000      0.023    slow_vdd1v0       0 
SDFFSRHQX4         20   294.120      0.000      0.015    slow_vdd1v0       0 
SDFFSRX1            2    25.308      0.000      0.001    slow_vdd1v0       0 
SDFFSRX2            1    16.074      0.000      0.001    slow_vdd1v0       0 
SDFFSRX4            1    16.416      0.000      0.001    slow_vdd1v0       0 
TLATNXL             1     5.472      0.000      0.000    slow_vdd1v0       0 
XNOR2X1            29    69.426      0.000      0.004    slow_vdd1v0       0 
XNOR2XL            25    68.400      0.000      0.002    slow_vdd1v0       0 
XNOR3X1             1     7.524      0.000      0.000    slow_vdd1v0       0 
XNOR3XL             7    52.668      0.000      0.001    slow_vdd1v0       0 
XOR2XL             63   172.368      0.000      0.005    slow_vdd1v0       0 
XOR3XL              4    30.096      0.000      0.000    slow_vdd1v0       0 
-----------------------------------------------------------------------------
total            2054  5918.652      0.000      0.301                


                                           Leakage  Leakage  Internal  Internal 
     Type      Instances   Area   Area % Power (mW) Power % Power (mW)  Power % 
--------------------------------------------------------------------------------
sequential            65  899.802   15.2      0.000    11.6      0.047     15.5 
inverter             267  222.984    3.8      0.000     5.1      0.010      3.3 
buffer               122  613.890   10.4      0.000    30.9      0.140     46.3 
logic               1600 4181.976   70.7      0.000    52.4      0.105     34.9 
physical_cells         0    0.000    0.0      0.000     0.0      0.000      0.0 
--------------------------------------------------------------------------------
total               2054 5918.652  100.0      0.000   100.0      0.301    100.0 

