============================================================
  Generated by:           Genus(TM) Synthesis Solution 23.15-s099_1
  Generated on:           Nov 14 2025  02:45:34 pm
  Module:                 matmul_sync
  Library domain:         slow_0p9v_125c
    Domain index:         0
    Technology library:   slow_vdd1v0 1.0
  Library domain:         fast_1p1v_0c
    Domain index:         1
    Technology library:   fast_vdd1v0 1.0
  Operating conditions:   PVT_0P9V_125C 
  Operating conditions:   _nominal_ 
  Interconnect mode:      placement
  Area mode:              physical library
============================================================

Timing
--------

          Analysis view              Clock      Period 
-------------------------------------------------------
slow_0p9v_125c_cmax_func         clk_i          5000.0 
                                 clk_i_virtual  5000.0 
slow_0p9v_125c_cmax_scan_capture clk_i         10000.0 
                                 clk_i_virtual 10000.0 
slow_0p9v_125c_cmax_scan_shift   clk_i         10000.0 
                                 clk_i_virtual 10000.0 


            Analysis                  Cost      Critical        Violating 
              View                   Group     Path Slack  TNS    Paths   
--------------------------------------------------------------------------
slow_0p9v_125c_cmax_func                 clk_i     1154.2  0.0          0 
                                 clk_i_virtual        7.0  0.0          0 
                                       default   No paths  0.0          0 
--------------------------------------------------------------------------
Total                                                     -0.0          0 
                                                                          
slow_0p9v_125c_cmax_scan_capture         clk_i     8217.5  0.0          0 
                                 clk_i_virtual     5357.0  0.0          0 
                                       default   No paths  0.0          0 
--------------------------------------------------------------------------
Total                                                     -0.0          0 
                                                                          
slow_0p9v_125c_cmax_scan_shift           clk_i     1047.6  0.0          0 
                                 clk_i_virtual      138.7  0.0          0 
                                       default   No paths  0.0          0 
--------------------------------------------------------------------------
Total                                                     -0.0          0 
                                                                          

Instance Count
--------------
Leaf Instance Count             2054 
Physical Instance count            0 
Sequential Instance Count         65 
Combinational Instance Count    1989 
Hierarchical Instance Count        0 

Area
----
Cell Area                          5918.652
Physical Cell Area                 0.000
Total Cell Area (Cell+Physical)    5918.652
Net Area                           2159.794
Total Area (Cell+Physical+Net)     8078.446

Power
-----
Leakage Power                      0.000 mW
Dynamic Power                      0.488 mW
Total Power                        0.489 mW

Floorplan Utilization              66.46%
Max Fanout                         65 (clk_i)
Min Fanout                         0 (UNCONNECTED)
Average Fanout                     1.8
Terms to net ratio                 2.7829
Terms to instance ratio            3.3574
Runtime                            88.937693 seconds
Elapsed Runtime                    286 seconds
Genus peak memory usage            2918.99 
Innovus peak memory usage          5642.101562 
Hostname                           ASIC-vm

Physical Data
-------------
Total Net Length                   26997.43 um
Average Net Length                 10.90 um
Routing Congestion                 H: 0.00% V: 0.04%
