        Initializing DRC engine.
============================================================
  Generated by:           Genus(TM) Synthesis Solution 23.15-s099_1
  Generated on:           Nov 14 2025  02:45:40 pm
  Module:                 matmul_sync
  Operating conditions:   PVT_0P9V_125C 
  Operating conditions:   _nominal_ 
  Interconnect mode:      placement
  Area mode:              physical library
============================================================

Mode slow_0p9v_125c_cmax_func:
Max_transition design rule: no violations.


Max_capacitance design rule (violation total = 357.3)
Pin                                       Load (ff)           Max     Violation
---------------------------------------------------------------------------------
FE_OFC277_result_o_28/Y                        10.6         300.0           0.0
  --> Other violations on net                           5.6
FE_OFC280_result_o_62/Y                        10.5         300.0           0.0
  --> Other violations on net                           5.5
FE_OFC279_result_o_44/Y                        10.5         300.0           0.0
  --> Other violations on net                           5.5
FE_OFC12_result_o_60/Y                         10.5         300.0           0.0
  --> Other violations on net                           5.5
FE_OFC275_result_o_15/Y                        10.5         300.0           0.0
  --> Other violations on net                           5.5
FE_OFC274_result_o_30/Y                        10.5         300.0           0.0
  --> Other violations on net                           5.5
FE_OFC273_result_o_46/Y                        10.5         300.0           0.0
  --> Other violations on net                           5.5
FE_OFC271_result_o_48/Y                        10.5         300.0           0.0
  --> Other violations on net                           5.5
FE_OFC270_result_o_49/Y                        10.5         300.0           0.0
  --> Other violations on net                           5.5
FE_OFC269_result_o_17/Y                        10.5         300.0           0.0
  --> Other violations on net                           5.5
FE_OFC268_result_o_33/Y                        10.5         300.0           0.0
  --> Other violations on net                           5.5
FE_OFC267_result_o_18/Y                        10.5         300.0           0.0
  --> Other violations on net                           5.5
FE_OFC266_result_o_16/Y                        10.5         300.0           0.0
  --> Other violations on net                           5.5
FE_OFC265_result_o_22/Y                        10.5         300.0           0.0
  --> Other violations on net                           5.5
FE_OFC264_result_o_50/Y                        10.5         300.0           0.0
  --> Other violations on net                           5.5
FE_OFC263_result_o_19/Y                        10.5         300.0           0.0
  --> Other violations on net                           5.5
FE_OFC262_result_o_51/Y                        10.5         300.0           0.0
  --> Other violations on net                           5.5
FE_OFC261_result_o_55/Y                        10.5         300.0           0.0
  --> Other violations on net                           5.5
FE_OFC260_result_o_23/Y                        10.5         300.0           0.0
  --> Other violations on net                           5.5
FE_OFC259_result_o_24/Y                        10.5         300.0           0.0
  --> Other violations on net                           5.5
FE_OFC258_result_o_52/Y                        10.5         300.0           0.0
  --> Other violations on net                           5.5
FE_OFC257_result_o_25/Y                        10.5         300.0           0.0
  --> Other violations on net                           5.5
FE_OFC256_result_o_20/Y                        10.5         300.0           0.0
  --> Other violations on net                           5.5
FE_OFC255_result_o_53/Y                        10.5         300.0           0.0
  --> Other violations on net                           5.5
FE_OFC254_result_o_54/Y                        10.5         300.0           0.0
  --> Other violations on net                           5.5
FE_OFC253_result_o_7/Y                         10.5         300.0           0.0
  --> Other violations on net                           5.5
FE_OFC252_result_o_57/Y                        10.5         300.0           0.0
  --> Other violations on net                           5.5
FE_OFC251_result_o_21/Y                        10.5         300.0           0.0
  --> Other violations on net                           5.5
FE_OFC249_result_o_56/Y                        10.5         300.0           0.0
  --> Other violations on net                           5.5
FE_OFC248_result_o_4/Y                         10.5         300.0           0.0
  --> Other violations on net                           5.5
FE_OFC247_result_o_36/Y                        10.5         300.0           0.0
  --> Other violations on net                           5.5
FE_OFC246_result_o_10/Y                        10.5         300.0           0.0
  --> Other violations on net                           5.5
FE_OFC245_result_o_38/Y                        10.5         300.0           0.0
  --> Other violations on net                           5.5
FE_OFC244_result_o_9/Y                         10.5         300.0           0.0
  --> Other violations on net                           5.5
FE_OFC243_scan_out_matmul_sync_0/Y             10.5         300.0           0.0
  --> Other violations on net                           5.5
FE_OFC242_result_o_41/Y                        10.5         300.0           0.0
  --> Other violations on net                           5.5
FE_OFC241_result_o_8/Y                         10.5         300.0           0.0
  --> Other violations on net                           5.5
FE_OFC240_result_o_6/Y                         10.5         300.0           0.0
  --> Other violations on net                           5.5
FE_OFC239_result_o_5/Y                         10.5         300.0           0.0
  --> Other violations on net                           5.5
FE_OFC238_result_o_37/Y                        10.5         300.0           0.0
  --> Other violations on net                           5.5
FE_OFC237_result_o_40/Y                        10.5         300.0           0.0
  --> Other violations on net                           5.5
FE_OFC236_result_o_26/Y                        10.5         300.0           0.0
  --> Other violations on net                           5.5
FE_OFC235_result_o_58/Y                        10.5         300.0           0.0
  --> Other violations on net                           5.5
FE_OFC234_result_o_27/Y                        10.5         300.0           0.0
  --> Other violations on net                           5.5
FE_OFC233_result_o_59/Y                        10.5         300.0           0.0
  --> Other violations on net                           5.5
FE_OFC232_result_o_61/Y                        10.5         300.0           0.0
  --> Other violations on net                           5.5
FE_OFC231_result_o_13/Y                        10.5         300.0           0.0
  --> Other violations on net                           5.5
FE_OFC229_result_o_11/Y                        10.5         300.0           0.0
  --> Other violations on net                           5.5
FE_OFC228_result_o_45/Y                        10.5         300.0           0.0
  --> Other violations on net                           5.5
FE_OFC226_result_o_42/Y                        10.5         300.0           0.0
  --> Other violations on net                           5.5
FE_OFC225_result_o_12/Y                        10.5         300.0           0.0
  --> Other violations on net                           5.5
FE_OFC223_result_o_47/Y                        10.5         300.0           0.0
  --> Other violations on net                           5.5
FE_OFC121_result_o_29/Y                        10.5         300.0           0.0
  --> Other violations on net                           5.5
FE_OFC113_result_o_0/Y                         10.5         300.0           0.0
  --> Other violations on net                           5.5
FE_OFC112_result_o_1/Y                         10.5         300.0           0.0
  --> Other violations on net                           5.5
FE_OFC84_result_o_2/Y                          10.5         300.0           0.0
  --> Other violations on net                           5.5
FE_OFC83_result_o_3/Y                          10.5         300.0           0.0
  --> Other violations on net                           5.5
FE_OFC281_result_o_63/Y                        10.5         300.0           0.0
  --> Other violations on net                           5.5
FE_OFC33_result_o_43/Y                         10.5         300.0           0.0
  --> Other violations on net                           5.5
FE_OFC44_result_o_32/Y                         10.5         300.0           0.0
  --> Other violations on net                           5.5
FE_OFC42_result_o_34/Y                         10.5         300.0           0.0
  --> Other violations on net                           5.5
FE_OFC41_result_o_35/Y                         10.5         300.0           0.0
  --> Other violations on net                           5.5
FE_OFC37_result_o_39/Y                         10.5         300.0           0.0
  --> Other violations on net                           5.5
FE_OFC72_result_o_14/Y                         10.4         300.0           0.0
  --> Other violations on net                           5.4
FE_OFC45_result_o_31/Y                         10.3         300.0           0.0
  --> Other violations on net                           5.3


Max_fanout design rule: no violations.


Mode slow_0p9v_125c_cmax_scan_capture:
Max_transition design rule: no violations.


Max_capacitance design rule (violation total = 357.3)
Pin                                       Load (ff)           Max     Violation
---------------------------------------------------------------------------------
FE_OFC277_result_o_28/Y                        10.6         300.0           0.0
  --> Other violations on net                           5.6
FE_OFC280_result_o_62/Y                        10.5         300.0           0.0
  --> Other violations on net                           5.5
FE_OFC279_result_o_44/Y                        10.5         300.0           0.0
  --> Other violations on net                           5.5
FE_OFC12_result_o_60/Y                         10.5         300.0           0.0
  --> Other violations on net                           5.5
FE_OFC275_result_o_15/Y                        10.5         300.0           0.0
  --> Other violations on net                           5.5
FE_OFC274_result_o_30/Y                        10.5         300.0           0.0
  --> Other violations on net                           5.5
FE_OFC273_result_o_46/Y                        10.5         300.0           0.0
  --> Other violations on net                           5.5
FE_OFC271_result_o_48/Y                        10.5         300.0           0.0
  --> Other violations on net                           5.5
FE_OFC270_result_o_49/Y                        10.5         300.0           0.0
  --> Other violations on net                           5.5
FE_OFC269_result_o_17/Y                        10.5         300.0           0.0
  --> Other violations on net                           5.5
FE_OFC268_result_o_33/Y                        10.5         300.0           0.0
  --> Other violations on net                           5.5
FE_OFC267_result_o_18/Y                        10.5         300.0           0.0
  --> Other violations on net                           5.5
FE_OFC266_result_o_16/Y                        10.5         300.0           0.0
  --> Other violations on net                           5.5
FE_OFC265_result_o_22/Y                        10.5         300.0           0.0
  --> Other violations on net                           5.5
FE_OFC264_result_o_50/Y                        10.5         300.0           0.0
  --> Other violations on net                           5.5
FE_OFC263_result_o_19/Y                        10.5         300.0           0.0
  --> Other violations on net                           5.5
FE_OFC262_result_o_51/Y                        10.5         300.0           0.0
  --> Other violations on net                           5.5
FE_OFC261_result_o_55/Y                        10.5         300.0           0.0
  --> Other violations on net                           5.5
FE_OFC260_result_o_23/Y                        10.5         300.0           0.0
  --> Other violations on net                           5.5
FE_OFC259_result_o_24/Y                        10.5         300.0           0.0
  --> Other violations on net                           5.5
FE_OFC258_result_o_52/Y                        10.5         300.0           0.0
  --> Other violations on net                           5.5
FE_OFC257_result_o_25/Y                        10.5         300.0           0.0
  --> Other violations on net                           5.5
FE_OFC256_result_o_20/Y                        10.5         300.0           0.0
  --> Other violations on net                           5.5
FE_OFC255_result_o_53/Y                        10.5         300.0           0.0
  --> Other violations on net                           5.5
FE_OFC254_result_o_54/Y                        10.5         300.0           0.0
  --> Other violations on net                           5.5
FE_OFC253_result_o_7/Y                         10.5         300.0           0.0
  --> Other violations on net                           5.5
FE_OFC252_result_o_57/Y                        10.5         300.0           0.0
  --> Other violations on net                           5.5
FE_OFC251_result_o_21/Y                        10.5         300.0           0.0
  --> Other violations on net                           5.5
FE_OFC249_result_o_56/Y                        10.5         300.0           0.0
  --> Other violations on net                           5.5
FE_OFC248_result_o_4/Y                         10.5         300.0           0.0
  --> Other violations on net                           5.5
FE_OFC247_result_o_36/Y                        10.5         300.0           0.0
  --> Other violations on net                           5.5
FE_OFC246_result_o_10/Y                        10.5         300.0           0.0
  --> Other violations on net                           5.5
FE_OFC245_result_o_38/Y                        10.5         300.0           0.0
  --> Other violations on net                           5.5
FE_OFC244_result_o_9/Y                         10.5         300.0           0.0
  --> Other violations on net                           5.5
FE_OFC243_scan_out_matmul_sync_0/Y             10.5         300.0           0.0
  --> Other violations on net                           5.5
FE_OFC242_result_o_41/Y                        10.5         300.0           0.0
  --> Other violations on net                           5.5
FE_OFC241_result_o_8/Y                         10.5         300.0           0.0
  --> Other violations on net                           5.5
FE_OFC240_result_o_6/Y                         10.5         300.0           0.0
  --> Other violations on net                           5.5
FE_OFC239_result_o_5/Y                         10.5         300.0           0.0
  --> Other violations on net                           5.5
FE_OFC238_result_o_37/Y                        10.5         300.0           0.0
  --> Other violations on net                           5.5
FE_OFC237_result_o_40/Y                        10.5         300.0           0.0
  --> Other violations on net                           5.5
FE_OFC236_result_o_26/Y                        10.5         300.0           0.0
  --> Other violations on net                           5.5
FE_OFC235_result_o_58/Y                        10.5         300.0           0.0
  --> Other violations on net                           5.5
FE_OFC234_result_o_27/Y                        10.5         300.0           0.0
  --> Other violations on net                           5.5
FE_OFC233_result_o_59/Y                        10.5         300.0           0.0
  --> Other violations on net                           5.5
FE_OFC232_result_o_61/Y                        10.5         300.0           0.0
  --> Other violations on net                           5.5
FE_OFC231_result_o_13/Y                        10.5         300.0           0.0
  --> Other violations on net                           5.5
FE_OFC229_result_o_11/Y                        10.5         300.0           0.0
  --> Other violations on net                           5.5
FE_OFC228_result_o_45/Y                        10.5         300.0           0.0
  --> Other violations on net                           5.5
FE_OFC226_result_o_42/Y                        10.5         300.0           0.0
  --> Other violations on net                           5.5
FE_OFC225_result_o_12/Y                        10.5         300.0           0.0
  --> Other violations on net                           5.5
FE_OFC223_result_o_47/Y                        10.5         300.0           0.0
  --> Other violations on net                           5.5
FE_OFC121_result_o_29/Y                        10.5         300.0           0.0
  --> Other violations on net                           5.5
FE_OFC113_result_o_0/Y                         10.5         300.0           0.0
  --> Other violations on net                           5.5
FE_OFC112_result_o_1/Y                         10.5         300.0           0.0
  --> Other violations on net                           5.5
FE_OFC84_result_o_2/Y                          10.5         300.0           0.0
  --> Other violations on net                           5.5
FE_OFC83_result_o_3/Y                          10.5         300.0           0.0
  --> Other violations on net                           5.5
FE_OFC281_result_o_63/Y                        10.5         300.0           0.0
  --> Other violations on net                           5.5
FE_OFC33_result_o_43/Y                         10.5         300.0           0.0
  --> Other violations on net                           5.5
FE_OFC44_result_o_32/Y                         10.5         300.0           0.0
  --> Other violations on net                           5.5
FE_OFC42_result_o_34/Y                         10.5         300.0           0.0
  --> Other violations on net                           5.5
FE_OFC41_result_o_35/Y                         10.5         300.0           0.0
  --> Other violations on net                           5.5
FE_OFC37_result_o_39/Y                         10.5         300.0           0.0
  --> Other violations on net                           5.5
FE_OFC72_result_o_14/Y                         10.4         300.0           0.0
  --> Other violations on net                           5.4
FE_OFC45_result_o_31/Y                         10.3         300.0           0.0
  --> Other violations on net                           5.3


Max_fanout design rule: no violations.


Mode slow_0p9v_125c_cmax_scan_shift:
Max_transition design rule: no violations.


Max_capacitance design rule (violation total = 357.3)
Pin                                       Load (ff)           Max     Violation
---------------------------------------------------------------------------------
FE_OFC277_result_o_28/Y                        10.6         300.0           0.0
  --> Other violations on net                           5.6
FE_OFC280_result_o_62/Y                        10.5         300.0           0.0
  --> Other violations on net                           5.5
FE_OFC279_result_o_44/Y                        10.5         300.0           0.0
  --> Other violations on net                           5.5
FE_OFC12_result_o_60/Y                         10.5         300.0           0.0
  --> Other violations on net                           5.5
FE_OFC275_result_o_15/Y                        10.5         300.0           0.0
  --> Other violations on net                           5.5
FE_OFC274_result_o_30/Y                        10.5         300.0           0.0
  --> Other violations on net                           5.5
FE_OFC273_result_o_46/Y                        10.5         300.0           0.0
  --> Other violations on net                           5.5
FE_OFC271_result_o_48/Y                        10.5         300.0           0.0
  --> Other violations on net                           5.5
FE_OFC270_result_o_49/Y                        10.5         300.0           0.0
  --> Other violations on net                           5.5
FE_OFC269_result_o_17/Y                        10.5         300.0           0.0
  --> Other violations on net                           5.5
FE_OFC268_result_o_33/Y                        10.5         300.0           0.0
  --> Other violations on net                           5.5
FE_OFC267_result_o_18/Y                        10.5         300.0           0.0
  --> Other violations on net                           5.5
FE_OFC266_result_o_16/Y                        10.5         300.0           0.0
  --> Other violations on net                           5.5
FE_OFC265_result_o_22/Y                        10.5         300.0           0.0
  --> Other violations on net                           5.5
FE_OFC264_result_o_50/Y                        10.5         300.0           0.0
  --> Other violations on net                           5.5
FE_OFC263_result_o_19/Y                        10.5         300.0           0.0
  --> Other violations on net                           5.5
FE_OFC262_result_o_51/Y                        10.5         300.0           0.0
  --> Other violations on net                           5.5
FE_OFC261_result_o_55/Y                        10.5         300.0           0.0
  --> Other violations on net                           5.5
FE_OFC260_result_o_23/Y                        10.5         300.0           0.0
  --> Other violations on net                           5.5
FE_OFC259_result_o_24/Y                        10.5         300.0           0.0
  --> Other violations on net                           5.5
FE_OFC258_result_o_52/Y                        10.5         300.0           0.0
  --> Other violations on net                           5.5
FE_OFC257_result_o_25/Y                        10.5         300.0           0.0
  --> Other violations on net                           5.5
FE_OFC256_result_o_20/Y                        10.5         300.0           0.0
  --> Other violations on net                           5.5
FE_OFC255_result_o_53/Y                        10.5         300.0           0.0
  --> Other violations on net                           5.5
FE_OFC254_result_o_54/Y                        10.5         300.0           0.0
  --> Other violations on net                           5.5
FE_OFC253_result_o_7/Y                         10.5         300.0           0.0
  --> Other violations on net                           5.5
FE_OFC252_result_o_57/Y                        10.5         300.0           0.0
  --> Other violations on net                           5.5
FE_OFC251_result_o_21/Y                        10.5         300.0           0.0
  --> Other violations on net                           5.5
FE_OFC249_result_o_56/Y                        10.5         300.0           0.0
  --> Other violations on net                           5.5
FE_OFC248_result_o_4/Y                         10.5         300.0           0.0
  --> Other violations on net                           5.5
FE_OFC247_result_o_36/Y                        10.5         300.0           0.0
  --> Other violations on net                           5.5
FE_OFC246_result_o_10/Y                        10.5         300.0           0.0
  --> Other violations on net                           5.5
FE_OFC245_result_o_38/Y                        10.5         300.0           0.0
  --> Other violations on net                           5.5
FE_OFC244_result_o_9/Y                         10.5         300.0           0.0
  --> Other violations on net                           5.5
FE_OFC243_scan_out_matmul_sync_0/Y             10.5         300.0           0.0
  --> Other violations on net                           5.5
FE_OFC242_result_o_41/Y                        10.5         300.0           0.0
  --> Other violations on net                           5.5
FE_OFC241_result_o_8/Y                         10.5         300.0           0.0
  --> Other violations on net                           5.5
FE_OFC240_result_o_6/Y                         10.5         300.0           0.0
  --> Other violations on net                           5.5
FE_OFC239_result_o_5/Y                         10.5         300.0           0.0
  --> Other violations on net                           5.5
FE_OFC238_result_o_37/Y                        10.5         300.0           0.0
  --> Other violations on net                           5.5
FE_OFC237_result_o_40/Y                        10.5         300.0           0.0
  --> Other violations on net                           5.5
FE_OFC236_result_o_26/Y                        10.5         300.0           0.0
  --> Other violations on net                           5.5
FE_OFC235_result_o_58/Y                        10.5         300.0           0.0
  --> Other violations on net                           5.5
FE_OFC234_result_o_27/Y                        10.5         300.0           0.0
  --> Other violations on net                           5.5
FE_OFC233_result_o_59/Y                        10.5         300.0           0.0
  --> Other violations on net                           5.5
FE_OFC232_result_o_61/Y                        10.5         300.0           0.0
  --> Other violations on net                           5.5
FE_OFC231_result_o_13/Y                        10.5         300.0           0.0
  --> Other violations on net                           5.5
FE_OFC229_result_o_11/Y                        10.5         300.0           0.0
  --> Other violations on net                           5.5
FE_OFC228_result_o_45/Y                        10.5         300.0           0.0
  --> Other violations on net                           5.5
FE_OFC226_result_o_42/Y                        10.5         300.0           0.0
  --> Other violations on net                           5.5
FE_OFC225_result_o_12/Y                        10.5         300.0           0.0
  --> Other violations on net                           5.5
FE_OFC223_result_o_47/Y                        10.5         300.0           0.0
  --> Other violations on net                           5.5
FE_OFC121_result_o_29/Y                        10.5         300.0           0.0
  --> Other violations on net                           5.5
FE_OFC113_result_o_0/Y                         10.5         300.0           0.0
  --> Other violations on net                           5.5
FE_OFC112_result_o_1/Y                         10.5         300.0           0.0
  --> Other violations on net                           5.5
FE_OFC84_result_o_2/Y                          10.5         300.0           0.0
  --> Other violations on net                           5.5
FE_OFC83_result_o_3/Y                          10.5         300.0           0.0
  --> Other violations on net                           5.5
FE_OFC281_result_o_63/Y                        10.5         300.0           0.0
  --> Other violations on net                           5.5
FE_OFC33_result_o_43/Y                         10.5         300.0           0.0
  --> Other violations on net                           5.5
FE_OFC44_result_o_32/Y                         10.5         300.0           0.0
  --> Other violations on net                           5.5
FE_OFC42_result_o_34/Y                         10.5         300.0           0.0
  --> Other violations on net                           5.5
FE_OFC41_result_o_35/Y                         10.5         300.0           0.0
  --> Other violations on net                           5.5
FE_OFC37_result_o_39/Y                         10.5         300.0           0.0
  --> Other violations on net                           5.5
FE_OFC72_result_o_14/Y                         10.4         300.0           0.0
  --> Other violations on net                           5.4
FE_OFC45_result_o_31/Y                         10.3         300.0           0.0
  --> Other violations on net                           5.3


Max_fanout design rule: no violations.



