
Design Name
===========
    matmul_sync

Scan Style
==========
    muxed_scan
Design has a valid DFT rule check status

Global Constraints
==================
    Minimum number of scan chains: 1
    Maximum length of scan chains: 300
    Lock-up element type: level_sensitive
    Mix clock edges in scan chain: true
    Prefix for unnamed scan objects: DFT_matmul_sync_

Test signal objects
===================
    test_mode: 
          object name: scan_mode_matmul_sync 
          pin name: scan_mode_matmul_sync 
          hookup_pin: scan_mode_matmul_sync 
          hookup_polarity: non_inverted 
          function: test_mode 
          active: high 
          ideal: false 
          user defined: true

    shift_enable: 
          object name: scan_enable_matmul_sync 
          pin name: scan_enable_matmul_sync 
          hookup_pin: scan_enable_matmul_sync 
          hookup_polarity: non_inverted 
          function: shift_enable 
          active: high 
          ideal: false 
          user defined: true

    test_mode: 
          object name: scan_reset_matmul_sync 
          pin name: rst_ni 
          hookup_pin: rst_ni 
          hookup_polarity: non_inverted 
          function: async_set_reset 
          active: high 
          ideal: false 
          user defined: true


Test clock objects
==================
    test_clock:
          object name: jtag_tck_matmul_sync 
          test_clock_domain: scan_jtag 
          user defined: true 
          source: clk_i  
          root source: clk_i  
          root source polarity: non_inverting
          hookup_pin: clk_i 
          period: 50000.0


DFT controllable objects
========================

DFT don't scan objects
======================
    Instance: DFT_matmul_sync_lockup_latch_neg_edge

DFT abstract don't scan objects
===============================

DFT scan segment constraints
============================

DFT scan chain constraints
==========================
    User Chain: 
          object name: scan_chain_matmul_sync_0 
          scan-in: scan_in_matmul_sync_0 
          scan-in hookup_pin: scan_in_matmul_sync_0
          scan-out: scan_out_matmul_sync_0 
          scan-out hookup_pin: scan_out_matmul_sync_0
          shared out: false 
          shift_enable object name: none
          max length: no_value
          terminal_lockup: level_sensitive
          complete: false


DFT actual scan chains
======================
    Actual Chain:
          object name: scan_chain_matmul_sync_0 
          scan-in: scan_in_matmul_sync_0 
          scan-in hookup_pin: scan_in_matmul_sync_0 
          scan-out: scan_out_matmul_sync_0 
          scan-out hookup_pin: scan_out_matmul_sync_0 
          shared out: false
          shift_enable: scan_enable_matmul_sync 
          length: 64
          segment objects: none
          terminal_lockup: DFT_matmul_sync_lockup_latch_neg_edge
          analyzed: true
          test_clock domain: scan_jtag
          test_clock edge: rise

