============================================================
  Generated by:           Genus(TM) Synthesis Solution 23.15-s099_1
  Generated on:           Nov 14 2025  02:45:36 pm
  Module:                 matmul_sync
  Operating conditions:   PVT_0P9V_125C 
  Operating conditions:   _nominal_ 
  Interconnect mode:      placement
  Area mode:              physical library
============================================================


Path 1: MET (7 ps) Late External Delay Assertion at pin result_o[31]
           View: slow_0p9v_125c_cmax_func
          Group: clk_i_virtual
     Startpoint: (R) operand_a_i_sr_reg_0/CK
          Clock: (R) clk_i
       Endpoint: (F) result_o[31]
          Clock: (R) clk_i_virtual

                     Capture       Launch     
        Clock Edge:+    5000            0     
       Src Latency:+       0            0     
       Net Latency:+       0 (I)        0 (I) 
           Arrival:=    5000            0     
                                              
      Output Delay:-    1500                  
       Uncertainty:-      55                  
     Required Time:=    3445                  
      Launch Clock:-       0                  
         Data Path:-    3438                  
             Slack:=       7                  

Exceptions/Constraints:
  output_delay             1500            func.sdc.gz_line_773   

Launch clock path:
#---------------------------------------------------------------------------------------------------------------------
#      Timing Point        Flags    Arc   Edge    Cell      Power  Fanout Load Trans Delay Arrival      Instance      
#                                                           Domain        (fF)  (ps)  (ps)   (ps)       Location      
#---------------------------------------------------------------------------------------------------------------------
  clk_i                   (i)       -     R     (arrival)   pd_aon     65  0.0     0     0      -4              (-,-) 
  clk_i                   -         -     -     (net)       -           -    -     -     -       -              (-,-) 
  clk_i                   -         -     -     (net)       -           -    -     -     -       -              (-,-) 
  operand_a_i_sr_reg_0/CK <<< (p,m) -     R     SDFFSRHQX2  pd_aon     65    -     0     0      -4  (15.8000,46.1700) 
#---------------------------------------------------------------------------------------------------------------------

#----------------------------------------------------------------------------------------------------------------------------------------
#                Timing Point                  Flags   Arc   Edge    Cell      Power  Fanout Load Trans Delay Arrival      Instance      
#                                                                              Domain        (fF)  (ps)  (ps)   (ps)       Location      
#----------------------------------------------------------------------------------------------------------------------------------------
  operand_a_i_sr_reg_0/CK                      -       -     R     (arrival)   pd_aon     65    -     0     0       0              (-,-) 
  operand_a_i_sr_reg_0/Q                       (@,p,m) CK->Q F     SDFFSRHQX2  pd_aon      6  8.2   119   320     320  (15.8000,46.1700) 
  operand_a_i_sr_0                             -       -     -     (net)       -           -    -     -     -       -              (-,-) 
  fopt4059/Y                                   (@,m)   A->Y  R     INVX2       pd_aon     12  9.8   126   136     456  (66.4000,51.3000) 
  n_933                                        -       -     -     (net)       -           -    -     -     -       -              (-,-) 
  WALLACE_CSA_DUMMY_OP_groupi57_g3605__4319/Y  (@,m)   B->Y  F     NOR2XL      pd_aon      2  0.7    74   124     580  (78.0000,61.5600) 
  WALLACE_CSA_DUMMY_OP_groupi57_n_188          -       -     -     (net)       -           -    -     -     -       -              (-,-) 
  fopt3872/Y                                   (@,m)   A->Y  R     INVX1       pd_aon      2  0.7    35    63     644  (79.6000,61.5600) 
  n_629                                        -       -     -     (net)       -           -    -     -     -       -              (-,-) 
  WALLACE_CSA_DUMMY_OP_groupi57_g3572__7098/Y  (@,m)   A->Y  F     MXI2XL      pd_aon      1  0.8   155   145     789  (78.6000,59.8500) 
  WALLACE_CSA_DUMMY_OP_groupi57_n_204          -       -     -     (net)       -           -    -     -     -       -              (-,-) 
  WALLACE_CSA_DUMMY_OP_groupi57_g3546__2346/Y  (@,m)   B->Y  F     XNOR2XL     pd_aon      2  1.2    70   195     984  (82.2000,58.1400) 
  WALLACE_CSA_DUMMY_OP_groupi57_n_229          -       -     -     (net)       -           -    -     -     -       -              (-,-) 
  WALLACE_CSA_DUMMY_OP_groupi57_g3475__5477/S  (@,m)   A->S  R     ADDHXL      pd_aon      1  0.9    49   222    1206  (83.4000,53.0100) 
  WALLACE_CSA_DUMMY_OP_groupi57_n_331          -       -     -     (net)       -           -    -     -     -       -              (-,-) 
  WALLACE_CSA_DUMMY_OP_groupi57_g3799__6131/Y  (@,m)   S0->Y R     MXI2X1      pd_aon      1  1.4   109   130    1335  (80.2000,53.0100) 
  WALLACE_CSA_DUMMY_OP_groupi57_n_19           -       -     -     (net)       -           -    -     -     -       -              (-,-) 
  WALLACE_CSA_DUMMY_OP_groupi57_g3398__7410/CO (@,m)   B->CO R     ADDFX1      pd_aon      2  1.5    58   265    1600  (72.4000,51.3000) 
  WALLACE_CSA_DUMMY_OP_groupi57_n_417          -       -     -     (net)       -           -    -     -     -       -              (-,-) 
  WALLACE_CSA_DUMMY_OP_groupi57_g3391__9315/Y  (@,m)   A->Y  F     NAND2XL     pd_aon      2  0.8   123   132    1732  (86.4000,51.3000) 
  WALLACE_CSA_DUMMY_OP_groupi57_n_424          -       -     -     (net)       -           -    -     -     -       -              (-,-) 
  WALLACE_CSA_DUMMY_OP_groupi57_g3375__3680/Y  (@,m)   B->Y  R     NOR2X1      pd_aon      1  1.6   116   143    1875  (89.4000,53.0100) 
  WALLACE_CSA_DUMMY_OP_groupi57_n_440          -       -     -     (net)       -           -    -     -     -       -              (-,-) 
  WALLACE_CSA_DUMMY_OP_groupi57_g3363__1666/Y  (@,m)   C->Y  F     NOR3X4      pd_aon      2  2.6    57    88    1963  (89.8000,56.4300) 
  WALLACE_CSA_DUMMY_OP_groupi57_n_456          -       -     -     (net)       -           -    -     -     -       -              (-,-) 
  FE_RC_242_0/Y                                (@,m)   A1->Y R     OAI21X4     pd_aon      3  2.1    62    75    2038  (86.8000,68.4000) 
  WALLACE_CSA_DUMMY_OP_groupi57_n_468          -       -     -     (net)       -           -    -     -     -       -              (-,-) 
  FE_RC_104_0/Y                                (@,m)   B->Y  F     NAND2BX2    pd_aon      1  0.7    64    80    2118  (81.6000,75.2400) 
  FE_RN_82_0                                   -       -     -     (net)       -           -    -     -     -       -              (-,-) 
  FE_RC_103_0/Y                                (@,m)   B->Y  R     NAND2X2     pd_aon      2  1.3    45    56    2174  (81.6000,75.2400) 
  WALLACE_CSA_DUMMY_OP_groupi57_n_490          -       -     -     (net)       -           -    -     -     -       -              (-,-) 
  fopt3910/Y                                   (@,m)   A->Y  F     INVX1       pd_aon      2  1.3    49    59    2232  (83.6000,82.0800) 
  n_688                                        -       -     -     (net)       -           -    -     -     -       -              (-,-) 
  FE_RC_149_0/Y                                (@,m)   C->Y  R     NOR3BX2     pd_aon      2  1.0    92    86    2319  (80.8000,83.7900) 
  FE_RN_109_0                                  -       -     -     (net)       -           -    -     -     -       -              (-,-) 
  FE_RC_148_0/Y                                (@,m)   B->Y  F     NOR2X2      pd_aon      1  2.0    54    82    2401  (80.4000,85.5000) 
  FE_RN_110_0                                  -       -     -     (net)       -           -    -     -     -       -              (-,-) 
  FE_RC_147_0/Y                                (@,m)   A1->Y R     OAI21X4     pd_aon      3  3.1    72    80    2481  (71.4000,87.2100) 
  WALLACE_CSA_DUMMY_OP_groupi57_n_498          -       -     -     (net)       -           -    -     -     -       -              (-,-) 
  FE_RC_244_0/Y                                (@,m)   B->Y  F     NAND2X2     pd_aon      1  0.7    64    84    2566  (61.0000,95.7600) 
  FE_RN_189_0                                  -       -     -     (net)       -           -    -     -     -       -              (-,-) 
  FE_RC_243_0/Y                                (@,m)   B->Y  R     NAND2X2     pd_aon      3  1.9    50    58    2624  (61.0000,95.7600) 
  WALLACE_CSA_DUMMY_OP_groupi57_n_500          -       -     -     (net)       -           -    -     -     -       -              (-,-) 
  FE_RC_271_0/Y                                (@,m)   B->Y  F     NAND2X1     pd_aon      1  0.7    79    86    2710  (55.8000,95.7600) 
  FE_RN_204_0                                  -       -     -     (net)       -           -    -     -     -       -              (-,-) 
  FE_RC_270_0/Y                                (@,m)   B->Y  R     NAND2X2     pd_aon      3  2.1    53    68    2779  (55.8000,95.7600) 
  WALLACE_CSA_DUMMY_OP_groupi57_n_502          -       -     -     (net)       -           -    -     -     -       -              (-,-) 
  FE_RC_285_0/Y                                (@,m)   B->Y  F     NAND2X2     pd_aon      1  1.3    80    86    2864  (53.6000,97.4700) 
  FE_RN_211_0                                  -       -     -     (net)       -           -    -     -     -       -              (-,-) 
  FE_RC_284_0/Y                                (@,m)   B->Y  R     NAND2X4     pd_aon      4  3.5    49    63    2928  (53.6000,97.4700) 
  WALLACE_CSA_DUMMY_OP_groupi57_n_504          -       -     -     (net)       -           -    -     -     -       -              (-,-) 
  FE_RC_161_0/Y                                (@,m)   B->Y  F     NOR2XL      pd_aon      1  0.9    71    73    3001  (50.0000,97.4700) 
  FE_RN_116_0                                  -       -     -     (net)       -           -    -     -     -       -              (-,-) 
  FE_RC_156_0/Y                                (@,m)   C0->Y R     AOI211X2    pd_aon      1  1.7   120   123    3124  (49.2000,95.7600) 
  FE_RN_121_0                                  -       -     -     (net)       -           -    -     -     -       -              (-,-) 
  FE_RC_155_0/Y                                (@,m)   B->Y  F     NAND2X4     pd_aon      1  7.7   156   158    3282  (47.0000,95.7600) 
  FE_OFN45_result_o_31                         -       -     -     (net)       -           -    -     -     -       -              (-,-) 
  FE_OFC45_result_o_31/Y                       (@,m)   A->Y  F     CLKBUFX20   pd_aon      1 10.3    40   155    3438   (50.2000,3.4200) 
  result_o[31]                                 -       -     -     (net)       -           -    -     -     -       -              (-,-) 
  result_o[31]                                 <<<     -     F     (port)      pd_aon      -    -     -     0    3438              (-,-) 
#----------------------------------------------------------------------------------------------------------------------------------------

(p) : Instance is preserved but may be resized
(@) : Annotated capacitance.
(m) : Attribute cell_delay_multiplier is modified for this library cell.


