============================================================
  Generated by:           Genus(TM) Synthesis Solution 23.15-s099_1
  Generated on:           Nov 14 2025  02:45:34 pm
  Module:                 matmul_sync
  Library domain:         slow_0p9v_125c
    Domain index:         0
    Technology library:   slow_vdd1v0 1.0
  Library domain:         fast_1p1v_0c
    Domain index:         1
    Technology library:   fast_vdd1v0 1.0
  Operating conditions:   PVT_0P9V_125C 
  Operating conditions:   _nominal_ 
  Interconnect mode:      placement
  Area mode:              physical library
============================================================

# SETUP                                      WNS   TNS    FEP 
# --------------------------------------------------------------
 View: ALL                                   7.0   0.0      0 
    Group : in2out                           N/A   N/A    N/A 
    Group : in2reg                        1047.6   0.0      0 
    Group : reg2out                          7.0   0.0      0 
    Group : reg2reg                       4960.2   0.0      0 

 View: slow_0p9v_125c_cmax_func              7.0  -0.0      0 
    Group : in2out                           N/A   N/A    N/A 
    Group : in2reg                        1154.2   0.0      0 
    Group : reg2out                          7.0   0.0      0 
    Group : reg2reg                          N/A   N/A    N/A 

 View: slow_0p9v_125c_cmax_scan_capture   5357.0  -0.0      0 
    Group : in2out                           N/A   N/A    N/A 
    Group : in2reg                        8217.5   0.0      0 
    Group : reg2out                       5357.0   0.0      0 
    Group : reg2reg                          N/A   N/A    N/A 

 View: slow_0p9v_125c_cmax_scan_shift      138.7  -0.0      0 
    Group : in2out                           N/A   N/A    N/A 
    Group : in2reg                        1047.6   0.0      0 
    Group : reg2out                        138.7   0.0      0 
    Group : reg2reg                       4960.2   0.0      0 

# --------------------------------------------------------------
# DRV                                      WNS     TNS   FEP 
# -------------------------------------------------------------
 View: ALL                                                   
    Check: max_transition                  N/A     N/A     0 
    Check: max_capacitance                -5.6  -357.3    65 
    Check: max_fanout                      N/A     N/A     0 

 View: slow_0p9v_125c_cmax_func                              
    Check: max_transition                  N/A     N/A     0 
    Check: max_capacitance                -5.6  -357.3    65 
    Check: max_fanout                      N/A     N/A     0 

 View: slow_0p9v_125c_cmax_scan_capture                      
    Check: max_transition                  N/A     N/A     0 
    Check: max_capacitance                -5.6  -357.3    65 
    Check: max_fanout                      N/A     N/A     0 

 View: slow_0p9v_125c_cmax_scan_shift                        
    Check: max_transition                  N/A     N/A     0 
    Check: max_capacitance                -5.6  -357.3    65 
    Check: max_fanout                      N/A     N/A     0 

# -------------------------------------------------------------
