###############################################################
#  Generated by:      Cadence Tempus 23.15-s108_1
#  OS:                Linux x86_64(Host ID ASIC-vm)
#  Generated on:      Fri Nov 14 15:46:05 2025
#  Design:            matmul_sync
#  Command:           report_analysis_coverage     > [file join [get_db flow_report_directory] [get_db flow_report_name] [get_db flow_report_prefix]check.coverage.rpt]
###############################################################
    -------------------------------------------------------------------------------------------  
                                   TIMING CHECK COVERAGE SUMMARY                                  
    -------------------------------------------------------------------------------------------  
     Check Type                      No. of   Met              Violated         Untested         
                                     Checks                                                      
    -------------------------------------------------------------------------------------------  
    DataCheckHold                  60        0 (0%)           0 (0%)           60 (100%)
    DataCheckSetup                 60        0 (0%)           0 (0%)           60 (100%)
    ExternalDelay (Early)          65        65 (100%)        0 (0%)           0 (0%)
    ExternalDelay (Late)           65        65 (100%)        0 (0%)           0 (0%)
    Hold                           193       129 (66%)        0 (0%)           64 (33%)
    PulseWidth                     253       129 (50%)        0 (0%)           124 (49%)
    Recovery                       124       64 (51%)         0 (0%)           60 (48%)
    Removal                        124       64 (51%)         0 (0%)           60 (48%)
    Setup                          192       128 (66%)        0 (0%)           64 (33%)
    TimeBorrow                     1         1 (100%)         0 (0%)           0 (0%)
    -------------------------------------------------------------------------------------------
