####################################################################
# report_annotated_parasitics: Fri Nov 14 15:46:05 2025
#   view: slow_0p9v_125c_cmax_func
#   -list_not_annotated
####################################################################
#
# list syntax: type: net_name [nrCap Cap nrXCap XCap nrRes Res]
# unit: pF, Ohm

# Summary of Annotated Parasitics:
+------------------------------------------------------------------------------+
|    Net Type         |    Count   |   Annotated (%)     | Not Annotated (%)   |
+---------------------+------------+---------------------+---------------------+
| total               |       2436 |       2434 99.92%   |          2  0.08%   |
+---------------------+------------+---------------------+---------------------+
| 1-term:no load      |          2 |          0  0.00%   |          2 100.00%   |
| real net (complete) |       2434 |       2434 100.00%   |          0  0.00%   |
| real net (broken)   |          0 |          0  0.00%   |          0  0.00%   |
| zero capacitance net|          0 |          0  0.00%   |          0  0.00%   |
+------------------------------------------------------------------------------+

+-----------------------------------------------------------------+
| Annotated |    Res (KOhm)   |    Cap (pF)     |    XCap (pF)    |
+-----------+-----------------+-----------------+-----------------+
| Count     |         11311   |         11349   |          1764   |
| Value     |       85.5688   |        2.1008   |        0.2915   |
+-----------------------------------------------------------------+
