###############################################################
#  Generated by:      Cadence Tempus 23.15-s108_1
#  OS:                Linux x86_64(Host ID ASIC-vm)
#  Generated on:      Fri Nov 14 15:46:05 2025
#  Design:            matmul_sync
#  Command:           check_netlist -out_file reports/opt_signoff.sta/check.netlist.rpt
###############################################################


==============================
Top Level Netlist Check
==============================
    ------------------------------
    Floating Port
    ------------------------------
    scan_mode_matmul_sync  
    Floating Ports  1  
Ports Connect to multiple Pads: 0  
    ------------------------------
    Port connected to core instances
    ------------------------------
    Port name  # of connections  
    scan_out_matmul_sync_0  1  
    scan_in_matmul_sync_0  1  
    scan_enable_matmul_sync  4  
    result_o[0]  1  
    result_o[1]  1  
    result_o[2]  1  
    result_o[3]  1  
    result_o[4]  1  
    result_o[5]  1  
    result_o[6]  1  
    result_o[7]  1  
    result_o[8]  1  
    result_o[9]  1  
    result_o[10]  1  
    result_o[11]  1  
    result_o[12]  1  
    result_o[13]  1  
    result_o[14]  1  
    result_o[15]  1  
    result_o[16]  1  
    result_o[17]  1  
    result_o[18]  1  
    result_o[19]  1  
    result_o[20]  1  
    result_o[21]  1  
    result_o[22]  1  
    result_o[23]  1  
    result_o[24]  1  
    result_o[25]  1  
    result_o[26]  1  
    result_o[27]  1  
    result_o[28]  1  
    result_o[29]  1  
    result_o[30]  1  
    result_o[31]  1  
    result_o[32]  1  
    result_o[33]  1  
    result_o[34]  1  
    result_o[35]  1  
    result_o[36]  1  
    result_o[37]  1  
    result_o[38]  1  
    result_o[39]  1  
    result_o[40]  1  
    result_o[41]  1  
    result_o[42]  1  
    result_o[43]  1  
    result_o[44]  1  
    result_o[45]  1  
    result_o[46]  1  
    result_o[47]  1  
    result_o[48]  1  
    result_o[49]  1  
    result_o[50]  1  
    result_o[51]  1  
    result_o[52]  1  
    result_o[53]  1  
    result_o[54]  1  
    result_o[55]  1  
    result_o[56]  1  
    result_o[57]  1  
    result_o[58]  1  
    result_o[59]  1  
    result_o[60]  1  
    result_o[61]  1  
    result_o[62]  1  
    result_o[63]  1  
    operand_b_i[0]  1  
    operand_b_i[1]  1  
    operand_b_i[2]  1  
    operand_b_i[3]  1  
    operand_b_i[4]  1  
    operand_b_i[5]  1  
    operand_b_i[6]  1  
    operand_b_i[7]  1  
    operand_b_i[8]  1  
    operand_b_i[9]  1  
    operand_b_i[10]  1  
    operand_b_i[11]  1  
    operand_b_i[12]  1  
    operand_b_i[13]  1  
    operand_b_i[14]  1  
    operand_b_i[15]  1  
    operand_b_i[16]  1  
    operand_b_i[17]  1  
    operand_b_i[18]  1  
    operand_b_i[19]  1  
    operand_b_i[20]  1  
    operand_b_i[21]  1  
    operand_b_i[22]  1  
    operand_b_i[23]  1  
    operand_b_i[24]  1  
    operand_b_i[25]  1  
    operand_b_i[26]  1  
    operand_b_i[27]  1  
    operand_b_i[28]  1  
    operand_b_i[29]  1  
    operand_b_i[30]  1  
    operand_b_i[31]  1  
    operand_a_i[0]  1  
    operand_a_i[1]  1  
    operand_a_i[2]  1  
    operand_a_i[3]  1  
    operand_a_i[4]  1  
    operand_a_i[5]  1  
    operand_a_i[6]  1  
    operand_a_i[7]  1  
    operand_a_i[8]  1  
    operand_a_i[9]  1  
    operand_a_i[10]  1  
    operand_a_i[11]  1  
    operand_a_i[12]  1  
    operand_a_i[13]  1  
    operand_a_i[14]  1  
    operand_a_i[15]  1  
    operand_a_i[16]  1  
    operand_a_i[17]  1  
    operand_a_i[18]  1  
    operand_a_i[19]  1  
    operand_a_i[20]  1  
    operand_a_i[21]  1  
    operand_a_i[22]  1  
    operand_a_i[23]  1  
    operand_a_i[24]  1  
    operand_a_i[25]  1  
    operand_a_i[26]  1  
    operand_a_i[27]  1  
    operand_a_i[28]  1  
    operand_a_i[29]  1  
    operand_a_i[30]  1  
    operand_a_i[31]  1  
    rst_ni  1  
    clk_i  1  
    Ports connected to core instances  133  

==============================
Instance Pin Check
==============================
    Output pins connected to Power Ground net  0  
    Instances with input pins tied together  0  
    TieHi/Lo term nets not connected to instance's PG terms  0  
    Floating Instance terminals  0  
    Floating IO terms  0  
    Tie Hi/Lo output terms floating  0  
    Output term shorted to Power Ground net  0  
    Pin without shape  0  

==============================
Primitive Net DRC Check
==============================
Nets with tri-state driver: 0  
Nets with parallel drivers: 0  
Nets with multiple drivers: 0  
Nets with no driver (No FanIn): 0  
    ------------------------------
    No FanOut Net
    ------------------------------
    UNCONNECTED  
    scan_mode_matmul_sync  
    Output Floating nets (No FanOut)  2  
High Fanout nets (>50): 0  

==============================
Sub Module Port Definition Check
==============================
Tie Hi/Lo instances connected to output: 0  
Verilog nets with multiple drivers: 0  

==============================
Dont Use Cells Used in Design
==============================
Dont use cells in design: 0  
