###############################################################
#  Generated by:      Cadence Tempus 23.15-s108_1
#  OS:                Linux x86_64(Host ID ASIC-vm)
#  Generated on:      Fri Nov 14 15:46:15 2025
#  Design:            matmul_sync
#  Command:           report_constraint -early -all_violators -drv_violation_type {min_capacitance min_transition min_fanout} > reports/opt_signoff.sta/hold.all_violators.rpt
###############################################################
# format : frame 0 : split 0

min_delay/hold
---------------------------
No paths found

Check type : min_capacitance
---------------------------
 No Violations found

Check type : min_transition
---------------------------
 No Violations found

Check type : min_fanout
---------------------------
 No Violations found
