###############################################################
#  Generated by:      Cadence Tempus 23.15-s108_1
#  OS:                Linux x86_64(Host ID ASIC-vm)
#  Generated on:      Fri Nov 14 15:46:15 2025
#  Design:            matmul_sync
#  Command:           report_timing_summary -checks {hold drv} -expand_views -expand_clocks launch_capture  > [file join [get_db flow_report_directory] [get_db flow_report_name] [get_db flow_report_prefix]hold.group_summary.rpt]
###############################################################
# HOLD                                      WNS    TNS   FEP   
#-------------------------------------------------------------
 View : ALL                               0.039  0.000     0  
    Group : Async                         0.822  0.000     0  
    Group : in2out                          N/A    N/A     0  
    Group : reg2out                       1.163  0.000     0  
    Group : in2reg                        0.821    0.0     0  
    Group : reg2reg                       0.039    0.0     0  
                                                              
 View : slow_0p9v_125c_cmax_func          1.321  0.000     0  
    Group : Async                         3.322  0.000     0  
    Group : in2reg                        1.321    0.0     0  
       Clock : clk_i_virtual->clk_i       1.321  0.000     0  
    Group : reg2reg                         N/A    N/A     0  
    Group : in2out                          N/A    N/A     0  
    Group : reg2out                       2.283  0.000     0  
       Clock : clk_i->clk_i_virtual       2.283  0.000     0  
                                                              
 View : slow_0p9v_125c_cmax_scan_capture  0.821  0.000     0  
    Group : Async                         0.822  0.000     0  
    Group : in2reg                        0.821    0.0     0  
       Clock : clk_i_virtual->clk_i       0.821  0.000     0  
    Group : reg2reg                         N/A    N/A     0  
    Group : in2out                          N/A    N/A     0  
    Group : reg2out                       1.783  0.000     0  
       Clock : clk_i->clk_i_virtual       1.783  0.000     0  
                                                              
 View : slow_0p9v_125c_cmax_scan_shift    0.287  0.000     0  
    Group : Async                         0.822  0.000     0  
    Group : in2reg                        0.828    0.0     0  
       Clock : clk_i_virtual->clk_i       0.828  0.000     0  
    Group : reg2reg                       0.287    0.0     0  
       Clock : clk_i->clk_i               0.287  0.000     0  
    Group : in2out                          N/A    N/A     0  
    Group : reg2out                       1.783  0.000     0  
       Clock : clk_i->clk_i_virtual       1.783  0.000     0  
                                                              
 View : fast_1p1v_0c_cmin_func            1.423  0.000     0  
    Group : Async                         3.428  0.000     0  
    Group : in2reg                        1.423    0.0     0  
       Clock : clk_i_virtual->clk_i       1.423  0.000     0  
    Group : reg2reg                         N/A    N/A     0  
    Group : in2out                          N/A    N/A     0  
    Group : reg2out                       1.663  0.000     0  
       Clock : clk_i->clk_i_virtual       1.663  0.000     0  
                                                              
 View : fast_1p1v_0c_cmin_scan_capture    0.923  0.000     0  
    Group : Async                         0.928  0.000     0  
    Group : in2reg                        0.923    0.0     0  
       Clock : clk_i_virtual->clk_i       0.923  0.000     0  
    Group : reg2reg                         N/A    N/A     0  
    Group : in2out                          N/A    N/A     0  
    Group : reg2out                       1.163  0.000     0  
       Clock : clk_i->clk_i_virtual       1.163  0.000     0  
                                                              
 View : fast_1p1v_0c_cmin_scan_shift      0.039  0.000     0  
    Group : Async                         0.928  0.000     0  
    Group : in2reg                        0.924    0.0     0  
       Clock : clk_i_virtual->clk_i       0.924  0.000     0  
    Group : reg2reg                       0.039    0.0     0  
       Clock : clk_i->clk_i               0.039  0.000     0  
    Group : in2out                          N/A    N/A     0  
    Group : reg2out                       1.163  0.000     0  
       Clock : clk_i->clk_i_virtual       1.163  0.000     0  
                                                              
#-------------------------------------------------------------
 
# DRV                                      WNS   TNS   FEP   
#-----------------------------------------------------------
 View : ALL                                                 
    Check : max_transition                 N/A   N/A     0  
    Check : min_transition                 N/A   N/A     0  
    Check : max_capacitance                N/A   N/A     0  
    Check : min_capacitance                N/A   N/A     0  
    Check : max_fanout                     N/A   N/A     0  
    Check : min_fanout                     N/A   N/A     0  
                                                            
 View : slow_0p9v_125c_cmax_func                            
    Check : max_transition                 N/A   N/A     0  
    Check : min_transition                 N/A   N/A     0  
    Check : max_capacitance                N/A   N/A     0  
    Check : min_capacitance                N/A   N/A     0  
    Check : max_fanout                     N/A   N/A     0  
    Check : min_fanout                     N/A   N/A     0  
                                                            
 View : slow_0p9v_125c_cmax_scan_capture                    
    Check : max_transition                 N/A   N/A     0  
    Check : min_transition                 N/A   N/A     0  
    Check : max_capacitance                N/A   N/A     0  
    Check : min_capacitance                N/A   N/A     0  
    Check : max_fanout                     N/A   N/A     0  
    Check : min_fanout                     N/A   N/A     0  
                                                            
 View : slow_0p9v_125c_cmax_scan_shift                      
    Check : max_transition                 N/A   N/A     0  
    Check : min_transition                 N/A   N/A     0  
    Check : max_capacitance                N/A   N/A     0  
    Check : min_capacitance                N/A   N/A     0  
    Check : max_fanout                     N/A   N/A     0  
    Check : min_fanout                     N/A   N/A     0  
                                                            
 View : slow_0p9v_125c_cmax_func                            
    Check : max_transition                 N/A   N/A     0  
    Check : min_transition                 N/A   N/A     0  
    Check : max_capacitance                N/A   N/A     0  
    Check : min_capacitance                N/A   N/A     0  
    Check : max_fanout                     N/A   N/A     0  
    Check : min_fanout                     N/A   N/A     0  
                                                            
 View : slow_0p9v_125c_cmax_scan_capture                    
    Check : max_transition                 N/A   N/A     0  
    Check : min_transition                 N/A   N/A     0  
    Check : max_capacitance                N/A   N/A     0  
    Check : min_capacitance                N/A   N/A     0  
    Check : max_fanout                     N/A   N/A     0  
    Check : min_fanout                     N/A   N/A     0  
                                                            
 View : slow_0p9v_125c_cmax_scan_shift                      
    Check : max_transition                 N/A   N/A     0  
    Check : min_transition                 N/A   N/A     0  
    Check : max_capacitance                N/A   N/A     0  
    Check : min_capacitance                N/A   N/A     0  
    Check : max_fanout                     N/A   N/A     0  
    Check : min_fanout                     N/A   N/A     0  
                                                            
 View : fast_1p1v_0c_cmin_func                              
    Check : max_transition                 N/A   N/A     0  
    Check : min_transition                 N/A   N/A     0  
    Check : max_capacitance                N/A   N/A     0  
    Check : min_capacitance                N/A   N/A     0  
    Check : max_fanout                     N/A   N/A     0  
    Check : min_fanout                     N/A   N/A     0  
                                                            
 View : fast_1p1v_0c_cmin_scan_capture                      
    Check : max_transition                 N/A   N/A     0  
    Check : min_transition                 N/A   N/A     0  
    Check : max_capacitance                N/A   N/A     0  
    Check : min_capacitance                N/A   N/A     0  
    Check : max_fanout                     N/A   N/A     0  
    Check : min_fanout                     N/A   N/A     0  
                                                            
 View : fast_1p1v_0c_cmin_scan_shift                        
    Check : max_transition                 N/A   N/A     0  
    Check : min_transition                 N/A   N/A     0  
    Check : max_capacitance                N/A   N/A     0  
    Check : min_capacitance                N/A   N/A     0  
    Check : max_fanout                     N/A   N/A     0  
    Check : min_fanout                     N/A   N/A     0  
                                                            
#-----------------------------------------------------------
 
