###############################################################
#  Generated by:      Cadence Tempus 23.15-s108_1
#  OS:                Linux x86_64(Host ID ASIC-vm)
#  Generated on:      Fri Nov 14 15:46:15 2025
#  Design:            matmul_sync
#  Command:           report_timing_summary -checks {hold drv} > [file join [get_db flow_report_directory] [get_db flow_report_name] [get_db flow_report_prefix]hold.analysis_summary.rpt]
###############################################################
# HOLD                 WNS    TNS   FEP   
#----------------------------------------
 View : ALL          0.039  0.000     0  
    Group : Async    0.822  0.000     0  
    Group : in2out     N/A    N/A     0  
    Group : reg2out  1.163  0.000     0  
    Group : in2reg   0.821    0.0     0  
    Group : reg2reg  0.039    0.0     0  
                                         
#----------------------------------------
 
# DRV                         WNS   TNS   FEP   
#----------------------------------------------
 View : ALL                                    
    Check : max_transition    N/A   N/A     0  
    Check : min_transition    N/A   N/A     0  
    Check : max_capacitance   N/A   N/A     0  
    Check : min_capacitance   N/A   N/A     0  
    Check : max_fanout        N/A   N/A     0  
    Check : min_fanout        N/A   N/A     0  
                                               
#----------------------------------------------
 
