###############################################################
#  Generated by:      Cadence Tempus 23.15-s108_1
#  OS:                Linux x86_64(Host ID ASIC-vm)
#  Generated on:      Fri Nov 14 15:46:19 2025
#  Design:            matmul_sync
#  Command:           report_timing -early -max_paths 1   -nworst 1 -path_type full_clock -net > [get_db flow_report_directory]/[get_db flow_report_name]/hold.worst.rpt
###############################################################
Path 1: MET (0.039 ns) Hold Check with Pin operand_a_i_sr_reg_2/CK->SI
               View: fast_1p1v_0c_cmin_scan_shift
              Group: clk_i
         Startpoint: (R) operand_a_i_sr_reg_3/CK
              Clock: (R) clk_i
           Endpoint: (F) operand_a_i_sr_reg_2/SI
              Clock: (R) clk_i

                       Capture       Launch
         Clock Edge:+    0.000        0.000
         Drv Adjust:+    0.005        0.004
        Src Latency:+    0.000        0.000
        Net Latency:+    0.043 (P)    0.034 (P)
            Arrival:=    0.047        0.038

               Hold:+   -0.014
        Uncertainty:+    0.040
        Cppr Adjust:-    0.010
      Required Time:=    0.064
       Launch Clock:=    0.038
          Data Path:+    0.065
              Slack:=    0.039
     Timing Path:

#--------------------------------------------------------------------------------------------------
# Timing Point             Net  Edge  Cell        User    Trans   Load   Delay  Arrival         Arc  
#                                                 Derate   (ns)   (pf)    (ns)     (ns)  Annotation  
#--------------------------------------------------------------------------------------------------
  clk_i                    -    R     (arrival)   -       0.012  0.004   0.000    0.004        SPEF  
  clk_i                    -    R     (net)       -           -  0.004       -        -        SPEF  
  CTS_ccl_a_inv_00012/Y    -    F     CLKINVX6     1.000  0.012  0.011   0.016    0.019        SPEF  
  CTS_4                    -    F     (net)       -           -  0.011       -        -        SPEF  
  CTS_ccl_a_inv_00009/Y    -    R     CLKINVX6     1.000  0.018  0.015   0.018    0.038        SPEF  
  CTS_3                    -    R     (net)       -           -  0.015       -        -        SPEF  
  operand_a_i_sr_reg_3/Q   -    F     SDFFSRHQX1   1.000  0.022  0.002   0.065    0.102        SPEF  
  operand_a_i_sr_3         -    F     (net)       -           -  0.002       -        -        SPEF  
  operand_a_i_sr_reg_2/SI  -    F     SDFFSRHQX4   1.000  0.019  0.002   0.000    0.102        SPEF  
#--------------------------------------------------------------------------------------------------
     Other End Path:

#--------------------------------------------------------------------------------------------------
# Timing Point             Net  Edge  Cell        User    Trans   Load   Delay  Arrival         Arc  
#                                                 Derate   (ns)   (pf)    (ns)     (ns)  Annotation  
#--------------------------------------------------------------------------------------------------
  clk_i                    -    R     (arrival)   -       0.035  0.004   0.000    0.005        SPEF  
  clk_i                    -    R     (net)       -           -  0.004       -        -        SPEF  
  CTS_ccl_a_inv_00012/Y    -    F     CLKINVX6     1.051  0.035  0.012   0.022    0.027        SPEF  
  CTS_4                    -    F     (net)       -           -  0.012       -        -        SPEF  
  CTS_ccl_a_inv_00009/Y    -    R     CLKINVX6     1.051  0.024  0.015   0.020    0.047        SPEF  
  CTS_3                    -    R     (net)       -           -  0.015       -        -        SPEF  
  operand_a_i_sr_reg_2/CK  -    R     SDFFSRHQX4   1.000  0.023  0.015   0.000    0.047        SPEF  
#--------------------------------------------------------------------------------------------------

