###############################################################
#  Generated by:      Cadence Tempus 23.15-s108_1
#  OS:                Linux x86_64(Host ID ASIC-vm)
#  Generated on:      Fri Nov 14 15:46:05 2025
#  Design:            matmul_sync
#  Command:           report_case_analysis         > [file join [get_db flow_report_directory] [get_db flow_report_name] [get_db flow_report_prefix]report.case_analysis.rpt]
###############################################################
      ---------------------------------------------------------------------------------  
       Pin name                                             User       View Name         
                                                            case                         
                                                            analysis                     
                                                            value                        
      ---------------------------------------------------------------------------------  
      scan_mode_matmul_sync                                1          fast_1p1v_0c_cmin_scan_shift
      scan_mode_matmul_sync                                1          slow_0p9v_125c_cmax_scan_shift
      scan_mode_matmul_sync                                0          fast_1p1v_0c_cmin_func
      scan_mode_matmul_sync                                0          slow_0p9v_125c_cmax_func
      scan_mode_matmul_sync                                1          fast_1p1v_0c_cmin_scan_capture
      scan_mode_matmul_sync                                1          slow_0p9v_125c_cmax_scan_capture
      scan_enable_matmul_sync                              1          fast_1p1v_0c_cmin_scan_shift
      scan_enable_matmul_sync                              1          slow_0p9v_125c_cmax_scan_shift
      scan_enable_matmul_sync                              0          fast_1p1v_0c_cmin_func
      scan_enable_matmul_sync                              0          slow_0p9v_125c_cmax_func
      scan_enable_matmul_sync                              0          fast_1p1v_0c_cmin_scan_capture
      scan_enable_matmul_sync                              0          slow_0p9v_125c_cmax_scan_capture
      ---------------------------------------------------------------------------------
