###############################################################
#  Generated by:      Cadence Tempus 23.15-s108_1
#  OS:                Linux x86_64(Host ID ASIC-vm)
#  Generated on:      Fri Nov 14 15:46:05 2025
#  Design:            matmul_sync
#  Command:           report_clocks                > [file join [get_db flow_report_directory] [get_db flow_report_name] [get_db flow_report_prefix]report.clocks.rpt]
###############################################################
      -------------------------------------------------------------------------------------------------------------  
                                                      Clock Descriptions                                                  
      -------------------------------------------------------------------------------------------------------------  
                                                                                                  Attributes          
      -------------------------------------------------------------------------------------------------------------  
        Clock Name     Source                 View                 Period    Lead   Trail   Generated   Propagated   
      -------------------------------------------------------------------------------------------------------------  
         clk_i        clk_i        fast_1p1v_0c_cmin_func         5.000   0.000   2.500       n           y        
         clk_i        clk_i     fast_1p1v_0c_cmin_scan_shift     10.000   0.000   5.000       n           y        
         clk_i        clk_i       slow_0p9v_125c_cmax_func        5.000   0.000   2.500       n           y        
         clk_i        clk_i    slow_0p9v_125c_cmax_scan_shift    10.000   0.000   5.000       n           y        
         clk_i        clk_i    fast_1p1v_0c_cmin_scan_capture    10.000   0.000   5.000       n           y        
         clk_i        clk_i   slow_0p9v_125c_cmax_scan_capture   10.000   0.000   5.000       n           y        
       clk_i_virtual     -       slow_0p9v_125c_cmax_scan_shift    10.000   0.000   5.000       n           n        
       clk_i_virtual     -        fast_1p1v_0c_cmin_scan_shift     10.000   0.000   5.000       n           n        
       clk_i_virtual     -           fast_1p1v_0c_cmin_func         5.000   0.000   2.500       n           n        
       clk_i_virtual     -          slow_0p9v_125c_cmax_func        5.000   0.000   2.500       n           n        
       clk_i_virtual     -      slow_0p9v_125c_cmax_scan_capture   10.000   0.000   5.000       n           n        
       clk_i_virtual     -       fast_1p1v_0c_cmin_scan_capture    10.000   0.000   5.000       n           n        
      -------------------------------------------------------------------------------------------------------------  
