###############################################################
#  Generated by:      Cadence Tempus 23.15-s108_1
#  OS:                Linux x86_64(Host ID ASIC-vm)
#  Generated on:      Fri Nov 14 15:46:09 2025
#  Design:            matmul_sync
#  Command:           report_constraint > reports/opt_signoff.sta/report_constraint.summary.rpt
###############################################################
# format : frame 0 : split 0

max_delay/setup
---------------------------
      -------------------------------------------------------------------------------------------------------------------------------------------  
       End Point                                  Slack                                         Cause                                       View   
      -------------------------------------------------------------------------------------------------------------------------------------------  
      result_o[63] f                             0.003      MET                                        slow_0p9v_125c_cmax_func
      -------------------------------------------------------------------------------------------------------------------------------------------

min_delay/hold
---------------------------
      -------------------------------------------------------------------------------------------------------------------------------------------  
       End Point                                  Slack                                         Cause                                       View   
      -------------------------------------------------------------------------------------------------------------------------------------------  
      operand_a_i_sr_reg_2/SI f                  0.039      MET                                        fast_1p1v_0c_cmin_scan_shift
      -------------------------------------------------------------------------------------------------------------------------------------------

Check type : clock_period
---------------------------
No paths found

Check type : skew
---------------------------
No paths found

Check type : pulse_width
---------------------------
   ----------------------------------------------------------------------------------------------  
                           SEQUENTIAL CLOCK PULSE WIDTH                                            
   ----------------------------------------------------------------------------------------------  
    Pin                                Required     Actual Pulse      Slack       View Name        
                                      Pulse Width      Width                                       
   ----------------------------------------------------------------------------------------------  
   operand_b_i_sr_reg_14/CK (low)    0.303          2.343          2.040          slow_0p9v_125c_cmax_func
   ----------------------------------------------------------------------------------------------

Check type : max_transition
---------------------------
  Pin : result_o[10] 	 View : slow_0p9v_125c_cmax_func
 
   max_transition :     0.045
- Transition Time:     0.045
-----------------------------------------------------
  slack          :     0.000 

Check type : min_transition
---------------------------
 No Check found

Check type : max_capacitance
---------------------------
  Pin : clk_i 	 View : slow_0p9v_125c_cmax_func
 
   max_capacitance :     0.005
- Capacitance     :     0.004
-----------------------------------------------------
  slack          :     0.001 

Check type : min_capacitance
---------------------------
 No Check found

Check type : max_fanout
---------------------------
  Pin : pd_aon_LTIEHI/Y 	 View : slow_0p9v_125c_cmax_func
 
   max_fanout     :    32.000
- fanout         :    32.000
-----------------------------------------------------
  slack          :     0.000 

Check type : min_fanout
---------------------------
 No Check found

Check type : pulse_clock_max_transition_rise_transitive_fanout
---------------------------
 No Check found

Check type : pulse_clock_max_transition_fall_transitive_fanout
---------------------------
 No Check found

Check type : pulse_clock_max_transition_rise
---------------------------
 No Check found

Check type : pulse_clock_max_transition_fall
---------------------------
 No Check found

Check type : pulse_clock_min_transition_rise_transitive_fanout
---------------------------
 No Check found

Check type : pulse_clock_min_transition_fall_transitive_fanout
---------------------------
 No Check found

Check type : pulse_clock_min_transition_rise
---------------------------
 No Check found

Check type : pulse_clock_min_transition_fall
---------------------------
 No Check found
