###############################################################
#  Generated by:      Cadence Tempus 23.15-s108_1
#  OS:                Linux x86_64(Host ID ASIC-vm)
#  Generated on:      Fri Nov 14 15:46:08 2025
#  Design:            matmul_sync
#  Command:           report_timing_summary -checks {setup drv} -expand_views -expand_clocks launch_capture  > [file join [get_db flow_report_directory] [get_db flow_report_name] [get_db flow_report_prefix]setup.group_summary.rpt]
###############################################################
# SETUP                                     WNS    TNS   FEP   
#-------------------------------------------------------------
 View : ALL                               0.003  0.000     0  
    Group : Async                         5.927  0.000     0  
    Group : in2out                          N/A    N/A     0  
    Group : reg2out                       0.003  0.000     0  
    Group : in2reg                        1.194    0.0     0  
    Group : reg2reg                       3.950    0.0     0  
                                                              
 View : slow_0p9v_125c_cmax_func          0.003  0.000     0  
    Group : Async                         5.927  0.000     0  
    Group : in2reg                        1.304    0.0     0  
       Clock : clk_i_virtual->clk_i       1.304  0.000     0  
    Group : reg2reg                         N/A    N/A     0  
    Group : in2out                          N/A    N/A     0  
    Group : reg2out                       0.003  0.000     0  
       Clock : clk_i->clk_i_virtual       0.003  0.000     0  
                                                              
 View : slow_0p9v_125c_cmax_scan_capture  5.308  0.000     0  
    Group : Async                         8.277  0.000     0  
    Group : in2reg                        8.654    0.0     0  
       Clock : clk_i_virtual->clk_i       8.654  0.000     0  
    Group : reg2reg                         N/A    N/A     0  
    Group : in2out                          N/A    N/A     0  
    Group : reg2out                       5.308  0.000     0  
       Clock : clk_i->clk_i_virtual       5.308  0.000     0  
                                                              
 View : slow_0p9v_125c_cmax_scan_shift    0.030  0.000     0  
    Group : Async                         8.277  0.000     0  
    Group : in2reg                        1.194    0.0     0  
       Clock : clk_i_virtual->clk_i       1.194  0.000     0  
    Group : reg2reg                       3.950    0.0     0  
       Clock : clk_i->clk_i               3.950  0.000     0  
    Group : in2out                          N/A    N/A     0  
    Group : reg2out                       0.030  0.000     0  
       Clock : clk_i->clk_i_virtual       0.030  0.000     0  
                                                              
#-------------------------------------------------------------
 
# DRV                                      WNS   TNS   FEP   
#-----------------------------------------------------------
 View : ALL                                                 
    Check : max_transition                 N/A   N/A     0  
    Check : min_transition                 N/A   N/A     0  
    Check : max_capacitance                N/A   N/A     0  
    Check : min_capacitance                N/A   N/A     0  
    Check : max_fanout                     N/A   N/A     0  
    Check : min_fanout                     N/A   N/A     0  
                                                            
 View : slow_0p9v_125c_cmax_func                            
    Check : max_transition                 N/A   N/A     0  
    Check : min_transition                 N/A   N/A     0  
    Check : max_capacitance                N/A   N/A     0  
    Check : min_capacitance                N/A   N/A     0  
    Check : max_fanout                     N/A   N/A     0  
    Check : min_fanout                     N/A   N/A     0  
                                                            
 View : slow_0p9v_125c_cmax_scan_capture                    
    Check : max_transition                 N/A   N/A     0  
    Check : min_transition                 N/A   N/A     0  
    Check : max_capacitance                N/A   N/A     0  
    Check : min_capacitance                N/A   N/A     0  
    Check : max_fanout                     N/A   N/A     0  
    Check : min_fanout                     N/A   N/A     0  
                                                            
 View : slow_0p9v_125c_cmax_scan_shift                      
    Check : max_transition                 N/A   N/A     0  
    Check : min_transition                 N/A   N/A     0  
    Check : max_capacitance                N/A   N/A     0  
    Check : min_capacitance                N/A   N/A     0  
    Check : max_fanout                     N/A   N/A     0  
    Check : min_fanout                     N/A   N/A     0  
                                                            
 View : slow_0p9v_125c_cmax_func                            
    Check : max_transition                 N/A   N/A     0  
    Check : min_transition                 N/A   N/A     0  
    Check : max_capacitance                N/A   N/A     0  
    Check : min_capacitance                N/A   N/A     0  
    Check : max_fanout                     N/A   N/A     0  
    Check : min_fanout                     N/A   N/A     0  
                                                            
 View : slow_0p9v_125c_cmax_scan_capture                    
    Check : max_transition                 N/A   N/A     0  
    Check : min_transition                 N/A   N/A     0  
    Check : max_capacitance                N/A   N/A     0  
    Check : min_capacitance                N/A   N/A     0  
    Check : max_fanout                     N/A   N/A     0  
    Check : min_fanout                     N/A   N/A     0  
                                                            
 View : slow_0p9v_125c_cmax_scan_shift                      
    Check : max_transition                 N/A   N/A     0  
    Check : min_transition                 N/A   N/A     0  
    Check : max_capacitance                N/A   N/A     0  
    Check : min_capacitance                N/A   N/A     0  
    Check : max_fanout                     N/A   N/A     0  
    Check : min_fanout                     N/A   N/A     0  
                                                            
 View : fast_1p1v_0c_cmin_func                              
    Check : max_transition                 N/A   N/A     0  
    Check : min_transition                 N/A   N/A     0  
    Check : max_capacitance                N/A   N/A     0  
    Check : min_capacitance                N/A   N/A     0  
    Check : max_fanout                     N/A   N/A     0  
    Check : min_fanout                     N/A   N/A     0  
                                                            
 View : fast_1p1v_0c_cmin_scan_capture                      
    Check : max_transition                 N/A   N/A     0  
    Check : min_transition                 N/A   N/A     0  
    Check : max_capacitance                N/A   N/A     0  
    Check : min_capacitance                N/A   N/A     0  
    Check : max_fanout                     N/A   N/A     0  
    Check : min_fanout                     N/A   N/A     0  
                                                            
 View : fast_1p1v_0c_cmin_scan_shift                        
    Check : max_transition                 N/A   N/A     0  
    Check : min_transition                 N/A   N/A     0  
    Check : max_capacitance                N/A   N/A     0  
    Check : min_capacitance                N/A   N/A     0  
    Check : max_fanout                     N/A   N/A     0  
    Check : min_fanout                     N/A   N/A     0  
                                                            
#-----------------------------------------------------------
 
