###############################################################
#  Generated by:      Cadence Tempus 23.15-s108_1
#  OS:                Linux x86_64(Host ID ASIC-vm)
#  Generated on:      Fri Nov 14 15:46:12 2025
#  Design:            matmul_sync
#  Command:           report_timing -max_paths 1   -nworst 1 -path_type full_clock -net > [get_db flow_report_directory]/[get_db flow_report_name]/setup.worst.rpt
###############################################################
Path 1: MET (0.003 ns) Late Output Delay Assertion
               View: slow_0p9v_125c_cmax_func
              Group: clk_i_virtual
         Startpoint: (R) operand_a_i_sr_reg_29/CK
              Clock: (R) clk_i
           Endpoint: (F) result_o[63]
              Clock: (R) clk_i_virtual

                       Capture       Launch
         Clock Edge:+    5.000        0.000
         Drv Adjust:+    0.000        0.012
        Src Latency:+    0.000        0.000
        Net Latency:+    0.000 (I)    0.141 (P)
            Arrival:=    5.000        0.152

       Output Delay:-    1.500
        Uncertainty:-    0.055
        Cppr Adjust:+    0.000
      Required Time:=    3.445
       Launch Clock:=    0.152
          Data Path:+    3.290
              Slack:=    0.003

#-----------------------------------------------------------------------------------------------------------------------------
# Timing Point                                        Net  Edge  Cell        User    Trans   Load   Delay  Arrival         Arc  
#                                                                            Derate   (ns)   (pf)    (ns)     (ns)  Annotation  
#-----------------------------------------------------------------------------------------------------------------------------
  clk_i                                               -    R     (arrival)   -       0.051  0.004   0.000    0.012        SPEF  
  clk_i                                               -    R     (net)       -           -  0.004       -        -        SPEF  
  CTS_ccl_a_inv_00012/Y                               -    F     CLKINVX6     1.037  0.051  0.011   0.067    0.078        SPEF  
  CTS_4                                               -    F     (net)       -           -  0.011       -        -        SPEF  
  CTS_ccl_a_inv_00008/Y                               -    R     CLKINVX6     1.037  0.066  0.015   0.074    0.152        SPEF  
  CTS_2                                               -    R     (net)       -           -  0.015       -        -        SPEF  
  operand_a_i_sr_reg_29/Q                             -    R     SDFFSRHQX4   1.000  0.071  0.013   0.312    0.464        SPEF  
  operand_a_i_sr_29                                   -    R     (net)       -           -  0.013       -        -        SPEF  
  cts_FE_OFC47_operand_a_i_sr_29/Y                    -    F     INVX1        1.000  0.084  0.003   0.120    0.584        SPEF  
  FE_OCPN38_operand_a_i_sr_29                         -    F     (net)       -           -  0.003       -        -        SPEF  
  WALLACE_CSA_DUMMY_OP_groupi59_g3687__1617/Y         -    R     NOR2X1       1.000  0.092  0.001   0.100    0.684        SPEF  
  WALLACE_CSA_DUMMY_OP_groupi59_n_108                 -    R     (net)       -           -  0.001       -        -        SPEF  
  WALLACE_CSA_DUMMY_OP_groupi59_g3559__1881/CO        -    R     ADDHX1       1.000  0.072  0.002   0.188    0.872        SPEF  
  WALLACE_CSA_DUMMY_OP_groupi59_n_220                 -    R     (net)       -           -  0.002       -        -        SPEF  
  WALLACE_CSA_DUMMY_OP_groupi59_g3520__6131/CO        -    R     ADDFX1       1.000  0.061  0.002   0.221    1.094        SPEF  
  WALLACE_CSA_DUMMY_OP_groupi59_n_287                 -    R     (net)       -           -  0.002       -        -        SPEF  
  WALLACE_CSA_DUMMY_OP_groupi59_g3489__7410/Y         -    F     NOR2XL       1.000  0.072  0.000   0.089    1.182        SPEF  
  WALLACE_CSA_DUMMY_OP_groupi59_n_302                 -    F     (net)       -           -  0.000       -        -        SPEF  
  WALLACE_CSA_DUMMY_OP_groupi59_g3463__8428/Y         -    R     NOR2X1       1.000  0.056  0.001   0.082    1.265        SPEF  
  WALLACE_CSA_DUMMY_OP_groupi59_n_335                 -    R     (net)       -           -  0.001       -        -        SPEF  
  WALLACE_CSA_DUMMY_OP_groupi59_g3457__5477/Y         -    F     NOR2X1       1.000  0.063  0.002   0.081    1.345        SPEF  
  WALLACE_CSA_DUMMY_OP_groupi59_n_346                 -    F     (net)       -           -  0.002       -        -        SPEF  
  cts_FE_OFC32_WALLACE_CSA_DUMMY_OP_groupi59_n_346/Y  -    R     INVX1        1.000  0.071  0.001   0.076    1.422        SPEF  
  WALLACE_CSA_DUMMY_OP_groupi59_n_381                 -    R     (net)       -           -  0.001       -        -        SPEF  
  prects_FE_RC_29_0/Y                                 -    F     MXI2X1       1.000  0.051  0.001   0.111    1.532        SPEF  
  WALLACE_CSA_DUMMY_OP_groupi59_n_387                 -    F     (net)       -           -  0.001       -        -        SPEF  
  WALLACE_CSA_DUMMY_OP_groupi59_g3383__5477/Y         -    R     XNOR2X1      1.000  0.094  0.002   0.208    1.740        SPEF  
  WALLACE_CSA_DUMMY_OP_groupi59_n_434                 -    R     (net)       -           -  0.002       -        -        SPEF  
  WALLACE_CSA_DUMMY_OP_groupi59_g3350__5477/Y         -    F     MXI2XL       1.000  0.052  0.000   0.126    1.866        SPEF  
  WALLACE_CSA_DUMMY_OP_groupi59_n_471                 -    F     (net)       -           -  0.000       -        -        SPEF  
  WALLACE_CSA_DUMMY_OP_groupi59_g3346__2346/Y         -    R     CLKXOR2X1    1.000  0.111  0.001   0.232    2.098        SPEF  
  WALLACE_CSA_DUMMY_OP_groupi59_n_476                 -    R     (net)       -           -  0.001       -        -        SPEF  
  WALLACE_CSA_DUMMY_OP_groupi59_g2__9945/Y            -    R     OR2X1        1.000  0.038  0.002   0.105    2.204        SPEF  
  WALLACE_CSA_DUMMY_OP_groupi59_n_26                  -    R     (net)       -           -  0.002       -        -        SPEF  
  WALLACE_CSA_DUMMY_OP_groupi59_g3338/Y               -    F     INVX1        1.000  0.052  0.002   0.083    2.286        SPEF  
  WALLACE_CSA_DUMMY_OP_groupi59_n_484                 -    F     (net)       -           -  0.002       -        -        SPEF  
  FE_RC_20_0/Y                                        -    R     OAI31X4      1.000  0.072  0.002   0.143    2.429        SPEF  
  WALLACE_CSA_DUMMY_OP_groupi59_n_496                 -    R     (net)       -           -  0.002       -        -        SPEF  
  FE_RC_116_0/Y                                       -    F     NAND2BX4     1.000  0.104  0.002   0.099    2.528        SPEF  
  FE_RN_92_0                                          -    F     (net)       -           -  0.002       -        -        SPEF  
  FE_RC_115_0/Y                                       -    R     NAND2X4      1.000  0.072  0.004   0.061    2.589        SPEF  
  WALLACE_CSA_DUMMY_OP_groupi59_n_498                 -    R     (net)       -           -  0.004       -        -        SPEF  
  FE_RC_81_0/Y                                        -    F     NAND2X4      1.000  0.054  0.002   0.072    2.660        SPEF  
  FE_RN_63_0                                          -    F     (net)       -           -  0.002       -        -        SPEF  
  FE_RC_80_0/Y                                        -    R     NAND2X4      1.000  0.064  0.004   0.056    2.716        SPEF  
  WALLACE_CSA_DUMMY_OP_groupi59_n_500                 -    R     (net)       -           -  0.004       -        -        SPEF  
  FE_RC_25_0/Y                                        -    F     NAND2X4      1.000  0.054  0.002   0.077    2.793        SPEF  
  FE_RN_20_0                                          -    F     (net)       -           -  0.002       -        -        SPEF  
  FE_RC_24_0/Y                                        -    R     NAND2X6      1.000  0.074  0.003   0.056    2.849        SPEF  
  WALLACE_CSA_DUMMY_OP_groupi59_n_502                 -    R     (net)       -           -  0.003       -        -        SPEF  
  FE_RC_215_0/Y                                       -    F     NAND2X4      1.000  0.055  0.002   0.072    2.920        SPEF  
  FE_RN_158_0                                         -    F     (net)       -           -  0.002       -        -        SPEF  
  FE_RC_214_0/Y                                       -    R     NAND2X4      1.000  0.063  0.003   0.053    2.974        SPEF  
  WALLACE_CSA_DUMMY_OP_groupi59_n_504                 -    R     (net)       -           -  0.003       -        -        SPEF  
  cts_FE_RC_12_0/Y                                    -    F     NAND2X4      1.000  0.062  0.002   0.075    3.049        SPEF  
  FE_RN_5_2                                           -    F     (net)       -           -  0.002       -        -        SPEF  
  cts_FE_RC_11_0/Y                                    -    R     NAND2X4      1.000  0.064  0.002   0.050    3.099        SPEF  
  WALLACE_CSA_DUMMY_OP_groupi59_n_506                 -    R     (net)       -           -  0.002       -        -        SPEF  
  FE_RC_78_0/Y                                        -    F     NOR2X1       1.000  0.043  0.001   0.049    3.148        SPEF  
  FE_RN_57_0                                          -    F     (net)       -           -  0.001       -        -        SPEF  
  FE_RC_178_0/Y                                       -    F     AO21X4       1.000  0.041  0.006   0.181    3.328        SPEF  
  FE_OFN169_result_o_63                               -    F     (net)       -           -  0.006       -        -        SPEF  
  FE_OFC281_result_o_63/Y                             -    F     CLKBUFX16    1.000  0.076  0.011   0.114    3.442        SPEF  
  result_o[63]                                        -    F     (net)       -           -  0.011       -        -        SPEF  
  result_o[63]                                        -    F     -            1.000  0.042  0.011   0.000    3.442        SPEF  
#-----------------------------------------------------------------------------------------------------------------------------

