Status keys: E excellent, G good, B bad, T terrible.
Memory values:
  total = Real memory of host
  progs = Real memory used by processes, including swappable cache
  used =  Real memory used by processes, excluding swappable cache
Started at: 25/11/14 15:21:28
ASIC-vm(0)    TMPDIR is : /home/student/16/ex8/flow_matmul_sync_1/innovus_temp_31818_aa8f1665-02b1-439a-bfbf-abc7d770fa44_ASIC-vm_student_0T0oe7

===========  ========  ========================  ========================
Host         CPU         Memory (GB)             TMPDIR (GB)      (Mb/s)
name(id)     util %    total progs used  %used   total    avail    rate            
===========  ========  ===== ===== ===== ======  ========================
15:21:28
ASIC-vm(0)        6 E     15     9     4   26 E   34.98    18.88 E  N/A
15:22:28
ASIC-vm(0)        9 E     15    14     7   46 E   34.98    16.67 E 2301 E
ASIC-vm(1)        9 E     15    14     7   46 E   34.98    16.67 E 2226 E
15:23:28
ASIC-vm(0)       14 E     15    14     8   53 E   34.98    17.05 E 2301 E
ASIC-vm(1)       14 E     15    14     8   53 E   34.98    17.05 E 2226 E
15:24:28
ASIC-vm(0)       38 E     15    11     6   40 E   34.98    18.74 E 2301 E
15:25:28
ASIC-vm(0)       21 E     15    15    10   66 E   34.98    18.70 E 2301 E
15:26:28
ASIC-vm(0)       15 E     15    15    11   73 E   34.98    18.82 E 2301 E
15:27:28
ASIC-vm(0)       14 E     15    15    12   80 G   34.98    18.83 E 1374 E
15:28:28
ASIC-vm(0)       29 E     15    13    10   66 E   34.98    18.83 E 1374 E
15:29:28
ASIC-vm(0)       58 E     15    13    10   66 E   34.98    18.82 E 1374 E
15:30:28
ASIC-vm(0)       47 E     15    11     8   53 E   34.98    18.82 E 1374 E
15:31:28
ASIC-vm(0)       30 E     15    11     8   53 E   34.98    18.83 E 2089 E
15:32:28
ASIC-vm(0)       22 E     15    15    12   80 G   34.98    18.82 E 2089 E
15:33:28
ASIC-vm(0)       13 E     15    11     8   53 E   34.98    18.77 E 2089 E
15:34:28
ASIC-vm(0)       19 E     15    14    11   73 E   34.98    18.77 E 2089 E
15:35:28
ASIC-vm(0)       14 E     15    15    12   80 G   34.98    18.71 E 2089 E
15:36:28
ASIC-vm(0)       10 E     15    15    12   80 G   34.98    18.71 E 2438 E
15:37:28
ASIC-vm(0)       11 E     15    12     8   53 E   34.98    17.35 E 2438 E
15:38:29
ASIC-vm(0)       18 E     15    15    12   80 G   34.98    17.34 E 2438 E
15:39:29
ASIC-vm(0)       35 E     15    14    11   73 E   34.98    17.47 E 2438 E
15:40:29
ASIC-vm(0)       49 E     15    15    12   80 G   34.98    16.33 E 2438 E
15:41:29
ASIC-vm(0)       46 E     15    14    13   86 B   34.98    16.29 E 2250 E
15:42:29
ASIC-vm(0)       26 E     15    13    11   73 E   34.98    16.31 E 2250 E
15:43:29
ASIC-vm(0)       28 E     15    12     9   60 E   34.98    17.41 E 2250 E
