-------------------------------------------------------------------------------
Name     : Shielded net name
Length   : Shielded net length
Shield   : Total length of shielding wire
Ratio    : Average shielding ratio
-------------------------------------------------------------------------------
Name          Length    Shield    Ratio   
                                         Layer:      Length     Shield  Ratio
-------------------------------------------------------------------------------
CTS_3:   preferred: Metal2 - Metal7
                74.2      98.1    0.661
                                         Metal2:       44.8       52.1  0.583
                                         Metal3:       29.4       45.9  0.781
CTS_1:   preferred: Metal2 - Metal7
                73.5     110.4    0.751
                                         Metal2:       54.3       75.6  0.696
                                         Metal3:       19.2       34.9  0.908
CTS_2:   preferred: Metal2 - Metal7
                78.1     129.9    0.832
                                         Metal2:       44.1       67.5  0.766
                                         Metal3:       34.0       62.4  0.917
CTS_4:   preferred: Metal7 - Metal8
                41.6      78.6    0.944
                                         Metal2:        1.3        1.8  0.653
                                         Metal4:        0.8        1.5  1.000
                                         Metal7:        4.2        4.6  0.552
                                         Metal8:       35.3       70.7  1.000
clk_i:   preferred: Metal7 - Metal8
                10.2      19.6    0.967
                                         Metal4:        0.4        0.4  0.500
                                         Metal5:        9.8       19.2  0.985
-------------------------------------------------------------------------------

 Average ratio:                   0.787
                                         Metal2:         28.9       39.4  0.682
                                         Metal3:         16.5       28.6  0.866
                                         Metal4:          0.2        0.4  0.833
                                         Metal5:          2.0        3.9  0.985
                                         Metal7:          0.8        0.9  0.552
                                         Metal8:          7.1       14.1  1.000


