Status keys: E excellent, G good, B bad, T terrible.
Memory values:
  total = Real memory of host
  progs = Real memory used by processes, including swappable cache
  used =  Real memory used by processes, excluding swappable cache
Started at: 25/11/14 16:53:47
ASIC-vm(0)    TMPDIR is : /home/student/16/ex8/flow_datapath_top_1/innovus_temp_134034_1f75853f-0191-4486-a3cc-00761d9ff595_ASIC-vm_student_oJInk3

===========  ========  ========================  ========================
Host         CPU         Memory (GB)             TMPDIR (GB)      (Mb/s)
name(id)     util %    total progs used  %used   total    avail    rate            
===========  ========  ===== ===== ===== ======  ========================
16:53:47
ASIC-vm(0)        3 E     15     9     5   33 E   34.98    18.07 E  N/A
16:54:48
ASIC-vm(0)       12 E     15    14     9   60 E   34.98    16.71 E 2133 E
ASIC-vm(1)       12 E     15    14     9   60 E   34.98    16.71 E 1932 E
16:55:48
ASIC-vm(0)       26 E     15    14     9   60 E   34.98    16.02 E 2133 E
ASIC-vm(1)       26 E     15    14     9   60 E   34.98    16.02 E 1932 E
16:56:48
ASIC-vm(0)       35 E     15    10     6   40 E   34.98    17.72 E 2133 E
16:57:48
ASIC-vm(0)       57 E     15    12     8   53 E   34.98    17.74 E 2133 E
16:58:48
ASIC-vm(0)      136 T     15    14    10   66 E   34.98    17.70 E 2133 E
16:59:48
ASIC-vm(0)      161 T     15    14    10   66 E   34.98    17.94 E  825 E
17:00:48
ASIC-vm(0)      181 T     15    15    11   73 E   34.98    17.94 E  825 E
17:01:48
ASIC-vm(0)      181 T     15    14    10   66 E   34.98    17.94 E  825 E
17:02:48
ASIC-vm(0)      187 T     15    15    12   80 G   34.98    17.94 E  825 E
17:03:48
ASIC-vm(0)      194 T     15    13    10   66 E   34.98    17.94 E 1393 E
17:04:48
ASIC-vm(0)      161 T     15    11     8   53 E   34.98    17.94 E 1393 E
17:05:48
ASIC-vm(0)       74 E     15    11     8   53 E   34.98    17.92 E 1393 E
17:06:48
ASIC-vm(0)       28 E     15    11     8   53 E   34.98    17.90 E 1393 E
17:07:48
ASIC-vm(0)       28 E     15    12     8   53 E   34.98    17.84 E 1393 E
17:08:48
ASIC-vm(0)       17 E     15    12     8   53 E   34.98    17.84 E 3011 E
17:09:48
ASIC-vm(0)       17 E     15    12     8   53 E   34.98    17.84 E 3011 E
17:10:48
ASIC-vm(0)        9 E     15    12     8   53 E   34.98    17.81 E 3011 E
17:11:49
ASIC-vm(0)        4 E     15    12     8   53 E   34.98    17.77 E 3011 E
17:12:49
ASIC-vm(0)        5 E     15    10     7   46 E   34.98    17.88 E 3011 E
17:13:49
ASIC-vm(0)       17 E     15    13     9   60 E   34.98    16.62 E 3056 E
ASIC-vm(1)       17 E     15    13     9   60 E   34.98    16.62 E 1575 E
17:14:49
ASIC-vm(0)       21 E     15    13     9   60 E   34.98    16.58 E 3056 E
ASIC-vm(1)       21 E     15    13     9   60 E   34.98    16.58 E 1575 E
17:15:49
ASIC-vm(0)       20 E     15    13     9   60 E   34.98    16.45 E 3056 E
ASIC-vm(1)       20 E     15    13     9   60 E   34.98    16.45 E 1575 E
17:16:49
ASIC-vm(0)       20 E     15    15    10   66 E   34.98    15.34 E 3056 E
ASIC-vm(1)       20 E     15    15    10   66 E   34.98    15.34 E 1575 E
17:17:49
ASIC-vm(0)       18 E     15    14    10   66 E   34.98    16.58 E 3056 E
ASIC-vm(1)       18 E     15    14    10   66 E   34.98    16.58 E 1575 E
17:18:49
ASIC-vm(0)       21 E     15     9     5   33 E   34.98    17.79 E 1750 E
17:19:49
ASIC-vm(0)        8 E     15    11     7   46 E   34.98    17.78 E 1750 E
17:20:49
ASIC-vm(0)        5 E     15    11     7   46 E   34.98    17.70 E 1750 E
17:21:49
ASIC-vm(0)        7 E     15    12     8   53 E   34.98    17.84 E 1750 E
17:22:49
ASIC-vm(0)        8 E     15    12     8   53 E   34.98    17.84 E 1750 E
17:23:49
ASIC-vm(0)        9 E     15    12     8   53 E   34.98    17.83 E 2409 E
17:24:49
ASIC-vm(0)        4 E     15    12     8   53 E   34.98    17.81 E 2409 E
17:25:49
ASIC-vm(0)        2 E     15     9     5   33 E   34.98    17.89 E 2409 E
17:26:49
ASIC-vm(0)        8 E     15    10     6   40 E   34.98    17.91 E 2409 E
17:27:49
ASIC-vm(0)        4 E     15    12     8   53 E   34.98    17.88 E 2409 E
17:28:49
ASIC-vm(0)        3 E     15    12     8   53 E   34.98    17.81 E 2438 E
17:29:49
ASIC-vm(0)        2 E     15    12     8   53 E   34.98    17.83 E 2438 E
17:30:49
ASIC-vm(0)        1 E     15    12     8   53 E   34.98    17.83 E 2438 E
17:31:49
ASIC-vm(0)        2 E     15    12     8   53 E   34.98    17.77 E 2438 E
17:32:49
ASIC-vm(0)        3 E     15    13     9   60 E   34.98    17.77 E 2438 E
17:33:49
ASIC-vm(0)        1 E     15    10     6   40 E   34.98    17.84 E 2226 E
17:34:50
ASIC-vm(0)       16 E     15    13     8   53 E   34.98    16.57 E 2226 E
17:35:50
ASIC-vm(0)        6 E     15    13     8   53 E   34.98    16.55 E 2226 E
17:36:50
ASIC-vm(0)        2 E     15    14     9   60 E   34.98    16.47 E 2226 E
17:37:50
ASIC-vm(0)        7 E     15    14     9   60 E   34.98    16.50 E 2226 E
17:38:50
ASIC-vm(0)        7 E     15    14     9   60 E   34.98    16.50 E 3150 E
17:39:50
ASIC-vm(0)       10 E     15    14     9   60 E   34.98    16.75 E 3150 E
17:40:50
ASIC-vm(0)        5 E     15    14     9   60 E   34.98    16.70 E 3150 E
17:41:50
ASIC-vm(0)       10 E     15    11     6   40 E   34.98    16.56 E 3150 E
17:42:50
ASIC-vm(0)        9 E     15    11     6   40 E   34.98    16.53 E 3150 E
