                          CONFORMAL (R)
                   Version 23.10-s300 (30-Aug-2023) (64 bit executable)
   Copyright (c) Cadence Design Systems, Inc., 1997-2023. All Rights Reserved


This program is proprietary and confidential information belonging to
Cadence Design Systems, Inc., and may be used and disclosed only as authorized
in a license agreement controlling such use and disclosure.

// Warning: This version is 806 days old. You can download the latest version from http://downloads.cadence.com.

0
// Command: info hostname
ASIC-vm
// Command: date
Fri Nov 14 14:48:27 EET 2025
// Command: usage -auto -elapse
CPU time     : 0.10    seconds
Elapse time  : 13      seconds
Memory usage : 85.98   M bytes
0
// Command: set_dofile_abort exit
0
// Command: set_undefined_cell Black_box -noascend
0
// Command: set_rule_handling -limit 1000 *
0
// Command: read_lef_file -both $lef_files
// Parsing file '/opt/soc/tech/cadence/gsclib045_all_v4.8/gsclib045/lef/gsclib045_tech.lef' . .
// Parsing file '/opt/soc/tech/cadence/gsclib045_all_v4.8/gsclib045/lef/gsclib045_macro.lef' . .
// Note: (LEF_PARSE1a) No LEF macros defined (occurrence:1)
// Note: (LEF1) No power and no ground pins defined for macro (occurrence:2)
0
// Command: read_library -liberty -replace -both $lib_files
// Parsing file /opt/soc/tech/GPDK045/gsclib045/timing/slow_vdd1v0_basicCells.lib ...
// Parsing file /opt/soc/tech/GPDK045/gsclib045/timing/fast_vdd1v0_basicCells.lib ...
// Warning: (RTL9.17) Cell doesn't have any output pins or all output pins are undriven (blackboxed) (occurrence:20)
// Note: (RTL9.26) Liberty pin with internal_node use default input_map (occurrence:32)
// Warning: (IGN3.2) Duplicate modules/entities are detected. Subsequent modules/entities are ignored (occurrence:489)
// Note: Read Liberty library successfully
0
CPU time     : 0.47    seconds
Elapse time  : 13      seconds
Memory usage : 121.10  M bytes
// Command: read_design -verilog -replace -golden $golden_verilog_files
// Parsing file /home/student/16/ex8/flow_matmul_sync_1/dbs/syn_opt.cdb/cmn/matmul_sync.v.gz ...
// Golden root module is set to 'matmul_sync'
// Warning: (RTL14) Signal has input but it has no output (occurrence:1)
// Warning: (HRC3.10a) An input port is declared, but it is not completely used in the module (occurrence:1)
// Note: Read VERILOG design successfully
0
// Command: read_design -verilog -replace -revised $revised_verilog_files
// Parsing file fv/matmul_sync/floorplan/matmul_sync.revised.v.gz ...
// Revised root module is set to 'matmul_sync'
// Warning: (RTL14) Signal has input but it has no output (occurrence:1)
// Warning: (HRC3.10a) An input port is declared, but it is not completely used in the module (occurrence:1)
// Note: Read VERILOG design successfully
0
// Command: report_design_data
============================================
Summary           Golden         Revised
============================================
Design-modules         1               1
Library-cells       2054            2054
============================================
Primitives      Golden              Revised
============================================
INPUT               69                   69
OUTPUT              65                   65
--------------------------------------------
AND               1540                 1540
BUF                122                  122
DFF                 64                   64
DLAT                 1                    1
INV                727                  727
NAND               310                  310
NOR                495                  495
OR                 533                  533
XNOR                62                   62
XOR                425                  425
--------------------------------------------
Total             4279                 4279

0
// Command: report_black_box -detail
0
// Command: report_floating_signals
Undriven nets in Golden:
Undriven pins in Golden:
Undriven nets in Revised:
Undriven pins in Revised:
0
// Command: report_environment
Golden:
  Root module             : matmul_sync (*)
  Undriven signal         : TIEZ
  X conversion            : DC
  Undefined cell          : black_box (enable auto assignment) (decending) (*)
  Undefined port          : error
  Wire resolution         : AND
  Naming Style            : "LEC"
  Register naming         : "%s_reg"
  Tristate naming         : "%s_tri"
  Parameter naming        : "_%s"
  Value Format of Parameter: "LEC"
  Array delimiter         : "["  "]"
  Record field delimiter  : "["  "]"
  Interface item delimiter: "_"  ""
  Hierarchical separator  : "/"
  Ungroup separator       : "/"
  Instance naming         : "%L.%s" "%L[%d].%s" "%s"
  Variable naming         : "%L.%s" "%L[%d].%s" "%s"
  VHDL Instance naming    : "%s" "%s_%d" "%s"
  VHDL Variable naming    : "%s" "%s" "%s"
  Instance Array naming   : "%s[%d]"
  Instance Array Range reset   : "NONE"
  Module Port Flatten     : NO
  Module Port Bitblast    : NO
  Unnamed Block Naming    : YES
  VHDL Process Name       : NO
  Max Parameter Module Length  : 4096
  Module Parameter        : USE_ANYWAY
  Inverted pin extension  : "NONE"
  Datapath instance       : "NONE"
  Multiplier impl.        : AUTO
  Divider implementation  : RPL
  String format           : "DEFAULT"
Revised:
  Root module             : matmul_sync (*)
  Undriven signal         : TIEZ
  X conversion            : E
  Undefined cell          : black_box (enable auto assignment) (decending) (*)
  Undefined port          : error
  Wire resolution         : AND
  Naming Style            : "LEC"
  Register naming         : "%s_reg"
  Tristate naming         : "%s_tri"
  Parameter naming        : "_%s"
  Value Format of Parameter: "LEC"
  Array delimiter         : "["  "]"
  Record field delimiter  : "["  "]"
  Interface item delimiter: "_"  ""
  Hierarchical separator  : "/"
  Ungroup separator       : "/"
  Instance naming         : "%L.%s" "%L[%d].%s" "%s"
  Variable naming         : "%L.%s" "%L[%d].%s" "%s"
  VHDL Instance naming    : "%s" "%s_%d" "%s"
  VHDL Variable naming    : "%s" "%s" "%s"
  Instance Array naming   : "%s[%d]"
  Instance Array Range reset   : "NONE"
  Module Port Flatten     : NO
  Module Port Bitblast    : NO
  Unnamed Block Naming    : YES
  VHDL Process Name       : NO
  Max Parameter Module Length  : 4096
  Module Parameter        : USE_ANYWAY
  Inverted pin extension  : "NONE"
  Datapath instance       : "NONE"
  Multiplier impl.        : AUTO
  Divider implementation  : RPL
  String format           : "DEFAULT"
Logfile                   : logs/lec.floorplan.log (*)
Screen display            : ON
Case sensitivity          : ON
System mode               : SETUP
DW Definition             : USER_FIRST
Flatten model:
  Latch folding                        : OFF
  Latch transparent                    : OFF
  Sequential constant                  : OFF
  Sequential merging                   : OFF
  Sequential redundant                 : OFF
  Gated clock                          : OFF
  Pin keep                             : OFF
  Automatic mapping                    : ON
  Ignore power ground pins             : ON
  check constraint to offon iso control: OFF
Gate report               : primitive
  Dynamic constraint      : ON
  Fanin cone              : function
Mapping method:
  NAME USAGE                     : name first
  INVERTED MAPPING               : not used
  CASE SENSITIVITY               : OFF
  NAME_EFFORT                    : HIGH
  ALIAS_NAME                     : OFF
  UNREACH                        : OFF
  REPORT_UNREACH                 : ON
  NETS                           : OFF
  BBOX_NAME_MATCH                : ON
  IGNORE_BBOX_UNMAPPED_FEEDTHROUGH_INPUT: OFF
  E_GATE_ID_ORDER                : OFF
  E_GATE_CONTEXT                 : ON
  FUNCTIONAL_E_MAP               : OFF
  REPORT_SUMMARY_SHOW_ZERO_COUNT : OFF
  TIMEOUT_MINUTES                : 0
  PHASEMODEL                     : OFF
  MEM                            : OFF
  SKIP_GATED_CLOCK_DLAT          : OFF
  SKIP_SEQ_CONSTANT              : OFF
  MAPPING_FILE                   : ON
  SEARCH_IN_MAPPING_FILE         : OFF
  MAPPING_FILE_NOPIPO            : OFF
  MAP_UNREACH_IN_MAPPING_FILE    : OFF
  DONOTMAP_PATTERN               : ON
  Z_NAMEMAP_EXCLUDE              : 
Total time limit          : 525600 minutes
Elapsed time limit        : 525600 minutes
Compare effort            : low
Diagnosis candidates      : 10
Function default value    : 0
Low Power:
  From set_lowpower_option:
    -native_1801 (Native 1801 flow): OFF
    -golden_netlist_style (Golden netlist style): Logical
    -revised_netlist_style (Revised netlist style): Logical
    -isolate_tied_constant (Isolate tied constant): ON
    -bbox_macro_models (Blackbox macro models): ON
    -replace_lib_macro (Uses the CPF model to replace Liberty macros): ON
0
// Command: set_parallel_option -threads 4 -norelease_license
// Number of threads is set to 4,4.
0
// Command: set_analyze_option -auto -report_map -mapping_file $mapping_file
// Reading mapping information file fv/matmul_sync/floorplan/matmul_sync.map.mp ...
// 0 mapping information records are added
0
// Command: set_mapping_method -search_in_mapping_file
0
// Command: set_flatten_model -seq_constant
0
// Command: set_flatten_model -gated_clock
0
// Command: add_pin_constraints 0 scan_mode_matmul_sync -both
0
// Command: add_pin_constraints 0 scan_enable_matmul_sync -both
0
// Command: set_system_mode lec
// Processing Golden ...
// Modeling Golden ...
// Processing Revised ...
// Modeling Revised ...
// Balanced modeling (auto) mapped 130 out of 130 DFF/DLATs
// Mapping key points ...
================================================================================
Mapped points: SYSTEM class
--------------------------------------------------------------------------------
Mapped points     PI     PO     DFF    DLAT      Total   
--------------------------------------------------------------------------------
Golden            67     65     64     1         197     
--------------------------------------------------------------------------------
Revised           67     65     64     1         197     
================================================================================
// Running automatic setup...
================================================================================
Mapped points: SYSTEM class
--------------------------------------------------------------------------------
Mapped points     PI     PO     DFF    DLAT      Total   
--------------------------------------------------------------------------------
Golden            67     65     64     1         197     
--------------------------------------------------------------------------------
Revised           67     65     64     1         197     
================================================================================
// Automatic setup finished.
0
// Command: report_mapped_points -summary
================================================================================
Mapped points: SYSTEM class
--------------------------------------------------------------------------------
Mapped points     PI     PO     DFF    DLAT      Total   
--------------------------------------------------------------------------------
Golden            67     65     64     1         197     
--------------------------------------------------------------------------------
Revised           67     65     64     1         197     
================================================================================
0
// Command: report_unmapped_points -notmapped
There is no unmapped point
0
// Command: add_compared_points -all
// 130 compared points added to compare list
0
// Command: compare
================================================================================
Compared points      PO     DFF    DLAT      Total   
--------------------------------------------------------------------------------
Equivalent           65     64     1         130     
================================================================================
0
// Command: report_compare_data -class nonequivalent -class abort -class notcompared
0 Non-equivalent point(s) reported
0 Abort point(s) reported
0 Not-compared point(s) reported
0 compared point(s) reported
================================================================================
Compared points      PO     DFF    DLAT      Total   
--------------------------------------------------------------------------------
Equivalent           65     64     1         130     
================================================================================
0
// Command: report_verification
================================================================================
                            Verification Report
--------------------------------------------------------------------------------
Category                                                                  Count
--------------------------------------------------------------------------------
1. Non-standard modeling options used:                                      0
--------------------------------------------------------------------------------
2. Incomplete verification:                                                 0
--------------------------------------------------------------------------------
3. User modification to design:                                             0
--------------------------------------------------------------------------------
4. Conformal Constraint Designer clock domain crossing checks recommended:  0
--------------------------------------------------------------------------------
5. Design ambiguity:                                                        1
     Duplicate module definition:                              yes
--------------------------------------------------------------------------------
6. Compare Results:                                                        PASS
================================================================================
pass
// Command: report_statistics
Mapping and compare statistics
================================================================================
                     Compare Result       Golden            Revised
--------------------------------------------------------------------------------
Root module name                          matmul_sync       matmul_sync       

Primary inputs                                67                 67
   Mapped                                     67                 67

Primary outputs                               65                 65
   Mapped                                     65                 65
      Equivalent                 65

State key points                              65                 65
   Mapped                                     65                 65
      Equivalent                 65
================================================================================
0
// Command: puts "No of compare points = [get_compare_points -count]"
No of compare points = 130
// Command: puts "No of diff points    = [get_compare_points -NONequivalent -count]"
No of diff points    = 0
// Command: puts "No of abort points   = [get_compare_points -abort -count]"
No of abort points   = 0
// Command: puts "No of unknown points = [get_compare_points -unknown -count]"
No of unknown points = 0
// Command: if {[get_compare_points -count] == 0} {
//              puts "---------------------------------"
//              puts "ERROR: No compare points detected"
//              puts "---------------------------------"
//          }
// Command: if {[get_compare_points -NONequivalent -count] > 0} {
//              puts "------------------------------------"
//              puts "ERROR: Different Key Points detected"
//              puts "------------------------------------"
//          }
// Command: if {[get_compare_points -abort -count] > 0} {
//              puts "-----------------------------"
//              puts "ERROR: Abort Points detected "
//              puts "-----------------------------"
//          }
// Command: if {[get_compare_points -unknown -count] > 0} {
//              puts "----------------------------------"
//              puts "ERROR: Unknown Key Points detected"
//              puts "----------------------------------"
//          }
// Command: exit
