###############################################################
#  Generated by:      Cadence Innovus 23.15-s106_1
#  OS:                Linux x86_64(Host ID ASIC-vm)
#  Generated on:      Fri Nov 14 15:43:26 2025
#  Design:            matmul_sync
#  Command:           report_clock_timing -type summary > [file join [get_db flow_report_directory] [get_db flow_report_name] [get_db flow_report_prefix]clock.summary.rpt]
###############################################################

  Clock: clk_i
  Analysis View: slow_0p9v_125c_cmax_func

        Skew	   Latency	      CPPR	     Clock Pin
---------------------------------------------------------------------------

  Maximum launch latency: 
            	     0.114	          	f    DFT_matmul_sync_lockup_latch_neg_edge/GN

  Minimum capture latency: 
            	    -0.118	          	f    DFT_matmul_sync_lockup_latch_neg_edge/GN

  Maximum skew: 
            	     0.015	          	r    operand_a_i_sr_reg_28/CK
       0.014	    -0.020	    -0.021	r    operand_a_i_sr_reg_27/CK

  Clock: clk_i
  Analysis View: slow_0p9v_125c_cmax_scan_shift

        Skew	   Latency	      CPPR	     Clock Pin
---------------------------------------------------------------------------

  Maximum launch latency: 
            	     0.514	          	f    DFT_matmul_sync_lockup_latch_neg_edge/GN

  Minimum capture latency: 
            	    -0.518	          	f    DFT_matmul_sync_lockup_latch_neg_edge/GN

  Maximum skew: 
            	     0.015	          	r    operand_a_i_sr_reg_28/CK
       0.014	    -0.020	    -0.021	r    operand_a_i_sr_reg_27/CK

  Clock: clk_i
  Analysis View: slow_0p9v_125c_cmax_scan_capture

        Skew	   Latency	      CPPR	     Clock Pin
---------------------------------------------------------------------------

  Maximum launch latency: 
            	     0.514	          	f    DFT_matmul_sync_lockup_latch_neg_edge/GN

  Minimum capture latency: 
            	    -0.518	          	f    DFT_matmul_sync_lockup_latch_neg_edge/GN

  Maximum skew: 
            	     0.015	          	r    operand_a_i_sr_reg_28/CK
       0.014	    -0.020	    -0.021	r    operand_a_i_sr_reg_27/CK

