###############################################################
#  Generated by:      Cadence Innovus 23.15-s106_1
#  OS:                Linux x86_64(Host ID ASIC-vm)
#  Generated on:      Fri Nov 14 15:43:26 2025
#  Design:            matmul_sync
#  Command:           report_clock_timing -type latency > [file join [get_db flow_report_directory] [get_db flow_report_name] [get_db flow_report_prefix]clock.latency.rpt]
###############################################################

  Clock: clk_i
  Analysis View: slow_0p9v_125c_cmax_func

        ---Latency---
    Source        Network          Total         Clock Pin
---------------------------------------------------------------------------
      0.100         0.014          0.114	f    DFT_matmul_sync_lockup_latch_neg_edge/GN

  Clock: clk_i
  Analysis View: slow_0p9v_125c_cmax_scan_shift

        ---Latency---
    Source        Network          Total         Clock Pin
---------------------------------------------------------------------------
      0.500         0.014          0.514	f    DFT_matmul_sync_lockup_latch_neg_edge/GN

  Clock: clk_i
  Analysis View: slow_0p9v_125c_cmax_scan_capture

        ---Latency---
    Source        Network          Total         Clock Pin
---------------------------------------------------------------------------
      0.500         0.014          0.514	f    DFT_matmul_sync_lockup_latch_neg_edge/GN

