###############################################################
#  Generated by:      Cadence Innovus 23.15-s106_1
#  OS:                Linux x86_64(Host ID ASIC-vm)
#  Generated on:      Fri Nov 14 15:37:09 2025
#  Design:            matmul_sync
#  Command:           report_timing_summary -checks {hold drv} > [file join [get_db flow_report_directory] [get_db flow_report_name] [get_db flow_report_prefix]hold.analysis_summary.rpt]
###############################################################
# HOLD                 WNS    TNS   FEP   
#----------------------------------------
 View : ALL          0.030  0.000     0  
    Group : in2reg   0.958  0.000     0  
    Group : reg2out  1.095  0.000     0  
    Group : reg2reg  0.030  0.000     0  
    Group : Default  0.031  0.000     0  
                                         
#----------------------------------------
 
# DRV                         WNS   TNS   FEP   
#----------------------------------------------
 View : ALL                                    
    Check : max_transition    N/A   N/A     0  
    Check : min_transition    N/A   N/A     0  
    Check : max_capacitance   N/A   N/A     0  
    Check : min_capacitance   N/A   N/A     0  
    Check : max_fanout        N/A   N/A     0  
    Check : min_fanout        N/A   N/A     0  
                                               
#----------------------------------------------
 
