----------------------------------------------------------------------------------
                      time_design_signoff Summary
----------------------------------------------------------------------------------

+--------------------+------------+------------+------------+------------+------------+------------+
|     Setup mode     |    all     |  default   |  in2out    |  in2reg    |  reg2out   |  reg2reg   |
+--------------------+------------+------------+------------+------------+------------+------------+
|           WNS (ns):|     -0.007 |      0.124 |        N/A |      1.048 |     -0.007 |      9.007 |
|           TNS (ns):|     -0.007 |      0.000 |        N/A |      0.000 |     -0.007 |      0.000 |
|    Violating Paths:|          1 |          0 |          0 |          0 |          1 |          0 |
+--------------------+------------+------------+------------+------------+------------+------------+
|slow_0p9v_125c_cmax_func
|                    |     -0.007 |        N/A |        N/A |      1.157 |     -0.007 |        N/A |
|                    |     -0.007 |        N/A |        N/A |      0.000 |     -0.007 |        N/A |
|                    |          1 |          0 |          0 |          0 |          1 |          0 |
+--------------------+------------+------------+------------+------------+------------+------------+
|slow_0p9v_125c_cmax_scan_capture
|                    |      5.119 |        N/A |        N/A |      8.093 |      5.119 |        N/A |
|                    |      0.000 |        N/A |        N/A |      0.000 |      0.000 |        N/A |
|                    |          0 |          0 |          0 |          0 |          0 |          0 |
+--------------------+------------+------------+------------+------------+------------+------------+
|slow_0p9v_125c_cmax_scan_shift
|                    |      0.124 |      0.124 |        N/A |      1.048 |      5.119 |      9.007 |
|                    |      0.000 |      0.000 |        N/A |      0.000 |      0.000 |      0.000 |
|                    |          0 |          0 |          0 |          0 |          0 |          0 |
+--------------------+------------+------------+------------+------------+------------+------------+

+----------------+-------------------------------+-------------------------------+
|                |         Signal nets           |            Clock nets         |
|    DRVs        +------------------+------------+------------------+------------+
|                |  Nr nets(terms)  | Worst Vio  |  Nr nets(terms)  | Worst Vio  |
+----------------+------------------+------------+------------------+------------+
|   max_cap      |      0 (      0) |          0 |      0 (      0) |          0 |
|   max_tran     |      0 (      0) |          0 |      0 (      0) |          0 |
|   max_fanout   |      0 (      0) |          0 |      0 (      0) |          0 |
+----------------+------------------+------------+------------------+------------+

+--------------------+------------+------------+------------+------------+------------+------------+
|      Hold mode     |    all     |  default   |  in2out    |  in2reg    |  reg2out   |  reg2reg   |
+--------------------+------------+------------+------------+------------+------------+------------+
|           WNS (ns):|      0.039 |      0.041 |        N/A |      0.959 |      1.123 |      0.039 |
|           TNS (ns):|      0.000 |      0.000 |        N/A |      0.000 |      0.000 |      0.000 |
|    Violating Paths:|          0 |          0 |          0 |          0 |          0 |          0 |
+--------------------+------------+------------+------------+------------+------------+------------+
|slow_0p9v_125c_cmax_func
|                    |      1.459 |        N/A |        N/A |      1.459 |      2.164 |        N/A |
|                    |      0.000 |        N/A |        N/A |      0.000 |      0.000 |        N/A |
|                    |          0 |          0 |          0 |          0 |          0 |          0 |
+--------------------+------------+------------+------------+------------+------------+------------+
|slow_0p9v_125c_cmax_scan_capture
|                    |      0.959 |        N/A |        N/A |      0.959 |      1.664 |        N/A |
|                    |      0.000 |        N/A |        N/A |      0.000 |      0.000 |        N/A |
|                    |          0 |          0 |          0 |          0 |          0 |          0 |
+--------------------+------------+------------+------------+------------+------------+------------+
|slow_0p9v_125c_cmax_scan_shift
|                    |      0.282 |      0.296 |        N/A |      0.959 |      1.664 |      0.282 |
|                    |      0.000 |      0.000 |        N/A |      0.000 |      0.000 |      0.000 |
|                    |          0 |          0 |          0 |          0 |          0 |          0 |
+--------------------+------------+------------+------------+------------+------------+------------+
|fast_1p1v_0c_cmin_func
|                    |      1.467 |        N/A |        N/A |      1.467 |      1.623 |        N/A |
|                    |      0.000 |        N/A |        N/A |      0.000 |      0.000 |        N/A |
|                    |          0 |          0 |          0 |          0 |          0 |          0 |
+--------------------+------------+------------+------------+------------+------------+------------+
|fast_1p1v_0c_cmin_scan_capture
|                    |      0.967 |        N/A |        N/A |      0.967 |      1.123 |        N/A |
|                    |      0.000 |        N/A |        N/A |      0.000 |      0.000 |        N/A |
|                    |          0 |          0 |          0 |          0 |          0 |          0 |
+--------------------+------------+------------+------------+------------+------------+------------+
|fast_1p1v_0c_cmin_scan_shift
|                    |      0.039 |      0.041 |        N/A |      0.969 |      1.123 |      0.039 |
|                    |      0.000 |      0.000 |        N/A |      0.000 |      0.000 |      0.000 |
|                    |          0 |          0 |          0 |          0 |          0 |          0 |
+--------------------+------------+------------+------------+------------+------------+------------+


+----------------+-------------+
| Glitch report  |     all     |
+----------------+-------------+
|         WGS (V)|       0.000 |
|         TGS (V)|       0.000 |
|         Nr Nets|           0 |
+----------------+-------------+
View: fast_1p1v_0c_cmin_scan_shift
  WGS (V): 0.000
  TGS (V): 0.000
  Nr Nets: 0
View: fast_1p1v_0c_cmin_func
  WGS (V): 0.000
  TGS (V): 0.000
  Nr Nets: 0
View: slow_0p9v_125c_cmax_scan_shift
  WGS (V): 0.000
  TGS (V): 0.000
  Nr Nets: 0
View: fast_1p1v_0c_cmin_scan_capture
  WGS (V): 0.000
  TGS (V): 0.000
  Nr Nets: 0
View: slow_0p9v_125c_cmax_scan_capture
  WGS (V): 0.000
  TGS (V): 0.000
  Nr Nets: 0
View: slow_0p9v_125c_cmax_func
  WGS (V): 0.000
  TGS (V): 0.000
  Nr Nets: 0
