*----------------------------------------------------------------------------------------
*	Innovus 23.15-s106_1 (64bit) 07/16/2025 17:15 (Linux 3.10.0-693.el7.x86_64)
*	
*
* 	Date & Time:	2025-Nov-14 15:43:51 (2025-Nov-14 13:43:51 GMT)
*
*----------------------------------------------------------------------------------------
*
*	Design: matmul_sync
*
*	Liberty Libraries used: 
*	        /opt/soc/tech/cadence/gsclib045_all_v4.8/gsclib045/timing/fast_vdd1v0_basicCells.lib
*	        /opt/soc/tech/cadence/gsclib045_all_v4.8/gsclib045/timing/slow_vdd1v0_basicCells.lib
*
*	Power Domain used: 
*              Rail:        VDD      Voltage:        0.9 
*
*       Dynamic View: slow_0p9v_125c_cmax_func
*
*       Leakage View: slow_0p9v_125c_cmax_func
*
*       User-Defined Activity : N.A.
*
*       Activity File: N.A.
*
*       Hierarchical Global Activity: N.A.
*
*       Global Activity: N.A.
*
*       Sequential Element Activity: 0.200000
*
*       Primary Input Activity: 0.200000
*
*       Default icg ratio: N.A.
*
*       Global Comb ClockGate Ratio: N.A.
*
*	Power Units = 1mW
*
*	Time Units = 1e-09 secs 
*
*       report_power -outfile reports/opt_signoff/power.all.rpt -no_wrap
*
-----------------------------------------------------------------------------------------


Total Power 
-----------------------------------------------------------------------------------------
Total Internal Power:        0.28932674 	   59.4842%
Total Switching Power:       0.19685775 	   40.4730%
Total Leakage Power:         0.00020806 	    0.0428%
Total Power:                 0.48639255 
-----------------------------------------------------------------------------------------


Group                           Internal   Switching     Leakage       Total  Percentage 
                                Power      Power         Power         Power  (%)        
-----------------------------------------------------------------------------------------
Sequential                        0.0476     0.01082   1.814e-05     0.05844       12.01 
Macro                                  0           0           0           0           0 
IO                                     0           0           0           0           0 
Physical-Only                          0           0   6.662e-05   6.662e-05      0.0137 
Combinational                     0.2397      0.1771   0.0001227      0.4169       85.71 
Clock (Combinational)           0.002071    0.008937   5.783e-07     0.01101       2.263 
Clock (Sequential)                     0           0           0           0           0 
-----------------------------------------------------------------------------------------
Total                             0.2893      0.1969   0.0002081      0.4864         100 
-----------------------------------------------------------------------------------------


Rail                  Voltage   Internal   Switching     Leakage       Total  Percentage 
                                Power      Power         Power         Power  (%)        
-----------------------------------------------------------------------------------------
VDD                       0.9     0.2893      0.1969   0.0002081      0.4864         100 


Clock                           Internal   Switching     Leakage       Total  Percentage 
                                Power      Power         Power         Power  (%)        
-----------------------------------------------------------------------------------------
clk_i                           0.002071    0.008937   5.783e-07     0.01101       2.263 
-----------------------------------------------------------------------------------------
Total (excluding duplicates)    0.002071    0.008937   5.783e-07     0.01101       2.263 
-----------------------------------------------------------------------------------------
Clock: clk_i
Clock Period: 0.005000 usec 
Clock Toggle Rate:   400.0000 Mhz 
Clock Static Probability:  0.5000



-----------------------------------------------------------------------------------------
*	Power Distribution Summary: 
*                Highest Average Power: prects_FE_OFC11_result_o_44 (CLKBUFX20):         0.004889 
*                Highest Leakage Power: prects_FE_OFC1_result_o_45 (CLKBUFX20):        6.199e-07 
*          Total Cap:      4.75021e-12 F
*          Total instances in design:  2600
*          Total instances in design with no power:     0
*          Total instances in design with no activity:     0
*          Total Fillers and Decap:   586
-----------------------------------------------------------------------------------------

