###############################################################
#  Generated by:      Cadence Innovus 23.15-s106_1
#  OS:                Linux x86_64(Host ID ASIC-vm)
#  Generated on:      Fri Nov 14 15:44:01 2025
#  Design:            matmul_sync
#  Command:           check_drc -check_only regular -out_file reports/opt_signoff/route.regular.drc.rpt
###############################################################

SPACING: ( ViaInPin ) Regular Wire of Net WALLACE_CSA_DUMMY_OP_groupi57_n_502  ( Metal1 )
Bounds : ( 63.635, 82.840 ) ( 63.765, 82.920 )


SPACING: ( ViaInPin ) Regular Wire of Net FE_RN_204_0  ( Metal1 )
Bounds : ( 65.035, 82.840 ) ( 65.165, 82.920 )


SPACING: ( ViaInPin ) Regular Wire of Net FE_RN_189_0  ( Metal1 )
Bounds : ( 68.435, 77.775 ) ( 68.565, 77.855 )


SPACING: ( ViaInPin ) Regular Wire of Net WALLACE_CSA_DUMMY_OP_groupi57_n_498  ( Metal1 )
Bounds : ( 70.635, 77.775 ) ( 70.765, 77.855 )


SPACING: ( ParallelRunLength Spacing ) Regular Wire of Net WALLACE_CSA_DUMMY_OP_groupi57_n_502 & Pin of Cell FE_RC_270_0  ( Metal1 )
Bounds : ( 63.610, 82.840 ) ( 63.635, 82.920 )


SPACING: ( ParallelRunLength Spacing ) Regular Wire of Net FE_RN_204_0 & Pin of Cell FE_RC_271_0  ( Metal1 )
Bounds : ( 65.010, 82.840 ) ( 65.035, 82.920 )


SPACING: ( ParallelRunLength Spacing ) Regular Wire of Net FE_RN_189_0 & Pin of Cell FE_RC_243_0  ( Metal1 )
Bounds : ( 68.435, 77.725 ) ( 68.565, 77.775 )


SPACING: ( ParallelRunLength Spacing ) Regular Wire of Net FE_RN_189_0 & Pin of Cell FE_RC_243_0  ( Metal1 )
Bounds : ( 68.565, 77.845 ) ( 68.595, 77.855 )


SPACING: ( ParallelRunLength Spacing ) Regular Wire of Net WALLACE_CSA_DUMMY_OP_groupi57_n_498 & Pin of Cell FE_RC_244_0  ( Metal1 )
Bounds : ( 70.635, 77.725 ) ( 70.765, 77.775 )


SPACING: ( ParallelRunLength Spacing ) Regular Wire of Net WALLACE_CSA_DUMMY_OP_groupi57_n_498 & Pin of Cell FE_RC_244_0  ( Metal1 )
Bounds : ( 70.765, 77.845 ) ( 70.795, 77.855 )


SPACING: ( ViaInPin ) Regular Wire of Net FE_RN_120_0  ( Metal1 )
Bounds : ( 53.435, 86.505 ) ( 53.565, 86.585 )


SPACING: ( ViaInPin ) Regular Wire of Net FE_RN_121_0  ( Metal1 )
Bounds : ( 52.035, 87.985 ) ( 52.165, 88.065 )


SPACING: ( ViaInPin ) Regular Wire of Net FE_RN_111_0  ( Metal1 )
Bounds : ( 54.225, 84.225 ) ( 54.355, 84.305 )


SPACING: ( ViaInPin ) Regular Wire of Net FE_RN_211_0  ( Metal1 )
Bounds : ( 57.835, 84.615 ) ( 57.965, 84.695 )


SPACING: ( ParallelRunLength Spacing ) Regular Wire of Net FE_RN_211_0 & Pin of Cell FE_RC_284_0  ( Metal1 )
Bounds : ( 57.835, 84.565 ) ( 57.965, 84.615 )


SPACING: ( ViaInPin ) Regular Wire of Net WALLACE_CSA_DUMMY_OP_groupi57_n_111  ( Metal1 )
Bounds : ( 52.635, 79.665 ) ( 52.765, 79.745 )


SPACING: ( ViaInPin ) Regular Wire of Net WALLACE_CSA_DUMMY_OP_groupi57_n_136  ( Metal1 )
Bounds : ( 51.635, 79.665 ) ( 51.765, 79.745 )


SPACING: ( ViaInPin ) Regular Wire of Net WALLACE_CSA_DUMMY_OP_groupi57_n_103  ( Metal1 )
Bounds : ( 54.035, 79.665 ) ( 54.165, 79.745 )


SPACING: ( ViaInPin ) Regular Wire of Net WALLACE_CSA_DUMMY_OP_groupi57_n_73  ( Metal1 )
Bounds : ( 55.635, 79.665 ) ( 55.765, 79.745 )


SPACING: ( ViaInPin ) Regular Wire of Net FE_RN_211_0  ( Metal1 )
Bounds : ( 58.235, 82.845 ) ( 58.365, 82.925 )


SPACING: ( ViaInPin ) Regular Wire of Net FE_OFN49_result_o_29  ( Metal1 )
Bounds : ( 60.235, 82.840 ) ( 60.365, 82.920 )


SPACING: ( ParallelRunLength Spacing ) Regular Wire of Net FE_RN_211_0 & Pin of Cell FE_RC_285_0  ( Metal1 )
Bounds : ( 58.210, 82.845 ) ( 58.235, 82.925 )


SPACING: ( ParallelRunLength Spacing ) Regular Wire of Net FE_OFN49_result_o_29 & Pin of Cell prects_FE_RC_15_0  ( Metal1 )
Bounds : ( 60.210, 82.840 ) ( 60.235, 82.920 )


SPACING: ( ViaInPin ) Regular Wire of Net FE_OFN52_result_o_28  ( Metal1 )
Bounds : ( 63.235, 77.500 ) ( 63.365, 77.580 )


SPACING: ( ViaInPin ) Regular Wire of Net WALLACE_CSA_DUMMY_OP_groupi57_n_379  ( Metal1 )
Bounds : ( 76.435, 62.755 ) ( 76.565, 62.835 )


SPACING: ( ViaInPin ) Regular Wire of Net WALLACE_CSA_DUMMY_OP_groupi57_n_380  ( Metal1 )
Bounds : ( 78.435, 62.755 ) ( 78.565, 62.835 )


SPACING: ( ViaInPin ) Regular Wire of Net FE_RN_107_0  ( Metal1 )
Bounds : ( 76.635, 55.500 ) ( 76.765, 55.580 )


SPACING: ( ViaInPin ) Regular Wire of Net FE_RN_109_0  ( Metal1 )
Bounds : ( 76.835, 55.630 ) ( 76.965, 55.710 )


SPACING: ( ViaInPin ) Regular Wire of Net FE_RN_107_0  ( Metal1 )
Bounds : ( 80.235, 55.155 ) ( 80.365, 55.235 )


SPACING: ( ViaInPin ) Regular Wire of Net WALLACE_CSA_DUMMY_OP_groupi57_n_485  ( Metal1 )
Bounds : ( 80.235, 57.055 ) ( 80.365, 57.135 )


SPACING: ( ViaInPin ) Regular Wire of Net WALLACE_CSA_DUMMY_OP_groupi57_n_484  ( Metal1 )
Bounds : ( 81.035, 55.630 ) ( 81.165, 55.710 )


SPACING: ( ParallelRunLength Spacing ) Regular Wire of Net FE_RN_107_0 & Pin of Cell FE_RC_148_0  ( Metal1 )
Bounds : ( 76.635, 55.450 ) ( 76.765, 55.500 )


SPACING: ( ParallelRunLength Spacing ) Regular Wire of Net FE_RN_107_0 & Pin of Cell FE_RC_148_0  ( Metal1 )
Bounds : ( 76.635, 55.580 ) ( 76.765, 55.630 )


SPACING: ( ViaInPin ) Regular Wire of Net FE_RN_105_0  ( Metal1 )
Bounds : ( 77.435, 54.015 ) ( 77.565, 54.095 )


SPACING: ( ViaInPin ) Regular Wire of Net WALLACE_CSA_DUMMY_OP_groupi57_n_480  ( Metal1 )
Bounds : ( 78.835, 51.735 ) ( 78.965, 51.815 )


SPACING: ( ViaInPin ) Regular Wire of Net WALLACE_CSA_DUMMY_OP_groupi57_n_496  ( Metal1 )
Bounds : ( 76.625, 53.445 ) ( 76.755, 53.525 )


SPACING: ( ViaInPin ) Regular Wire of Net FE_RN_108_0  ( Metal1 )
Bounds : ( 80.035, 53.840 ) ( 80.165, 53.920 )


SPACING: ( ViaInPin ) Regular Wire of Net FE_RN_2_1  ( Metal1 )
Bounds : ( 81.235, 53.850 ) ( 81.365, 53.930 )


SPACING: ( ViaInPin ) Regular Wire of Net n_688  ( Metal1 )
Bounds : ( 82.045, 53.730 ) ( 82.175, 53.810 )


SPACING: ( ParallelRunLength Spacing ) Regular Wire of Net FE_RN_105_0 & Pin of Cell cts_FE_OFC27_FE_RN_109_0  ( Metal1 )
Bounds : ( 77.390, 54.015 ) ( 77.435, 54.095 )


SPACING: ( ParallelRunLength Spacing ) Regular Wire of Net FE_RN_108_0 & Pin of Cell FE_RC_150_0  ( Metal1 )
Bounds : ( 79.990, 53.920 ) ( 80.035, 53.920 )


SPACING: ( ViaInPin ) Regular Wire of Net WALLACE_CSA_DUMMY_OP_groupi57_n_315  ( Metal1 )
Bounds : ( 64.250, 72.635 ) ( 64.380, 72.715 )


SPACING: ( ViaInPin ) Regular Wire of Net FE_OFN55_result_o_27  ( Metal1 )
Bounds : ( 70.850, 72.065 ) ( 70.980, 72.145 )


SPACING: ( ViaInPin ) Regular Wire of Net WALLACE_CSA_DUMMY_OP_groupi57_n_16  ( Metal1 )
Bounds : ( 71.035, 65.795 ) ( 71.165, 65.875 )


SPACING: ( ViaInPin ) Regular Wire of Net WALLACE_CSA_DUMMY_OP_groupi57_n_381  ( Metal1 )
Bounds : ( 72.835, 67.885 ) ( 72.965, 67.965 )


SPACING: ( ParallelRunLength Spacing ) Regular Wire of Net WALLACE_CSA_DUMMY_OP_groupi57_n_315 & Pin of Cell WALLACE_CSA_DUMMY_OP_groupi57_g3476__2398  ( Metal1 )
Bounds : ( 64.195, 72.635 ) ( 64.250, 72.715 )


SPACING: ( ViaInPin ) Regular Wire of Net WALLACE_CSA_DUMMY_OP_groupi57_n_139  ( Metal1 )
Bounds : ( 58.035, 72.825 ) ( 58.165, 72.905 )


SPACING: ( ViaInPin ) Regular Wire of Net WALLACE_CSA_DUMMY_OP_groupi57_n_80  ( Metal1 )
Bounds : ( 59.235, 72.635 ) ( 59.365, 72.715 )


SPACING: ( ViaInPin ) Regular Wire of Net WALLACE_CSA_DUMMY_OP_groupi57_n_96  ( Metal1 )
Bounds : ( 59.435, 76.055 ) ( 59.565, 76.135 )


SPACING: ( ViaInPin ) Regular Wire of Net WALLACE_CSA_DUMMY_OP_groupi57_n_157  ( Metal1 )
Bounds : ( 59.835, 74.535 ) ( 59.965, 74.615 )


SPACING: ( ParallelRunLength Spacing ) Regular Wire of Net WALLACE_CSA_DUMMY_OP_groupi57_n_157 & Blockage of Cell WALLACE_CSA_DUMMY_OP_groupi57_g3624__2883  ( Metal1 )
Bounds : ( 59.780, 74.535 ) ( 59.835, 74.535 )


SPACING: ( ViaInPin ) Regular Wire of Net WALLACE_CSA_DUMMY_OP_groupi57_n_142  ( Metal1 )
Bounds : ( 53.635, 76.245 ) ( 53.765, 76.325 )


SPACING: ( ParallelRunLength Spacing ) Regular Wire of Net WALLACE_CSA_DUMMY_OP_groupi57_n_154 & Blockage of Cell WALLACE_CSA_DUMMY_OP_groupi57_g3628__6417  ( Metal1 )
Bounds : ( 50.780, 74.535 ) ( 50.835, 74.535 )


SPACING: ( ViaInPin ) Regular Wire of Net WALLACE_CSA_DUMMY_OP_groupi57_n_154  ( Metal1 )
Bounds : ( 50.835, 74.535 ) ( 50.965, 74.615 )


SPACING: ( ViaInPin ) Regular Wire of Net WALLACE_CSA_DUMMY_OP_groupi57_n_95  ( Metal1 )
Bounds : ( 54.435, 76.245 ) ( 54.565, 76.325 )


SPACING: ( ViaInPin ) Regular Wire of Net WALLACE_CSA_DUMMY_OP_groupi57_n_146  ( Metal1 )
Bounds : ( 55.035, 74.535 ) ( 55.165, 74.615 )


SPACING: ( ViaInPin ) Regular Wire of Net WALLACE_CSA_DUMMY_OP_groupi57_n_77  ( Metal1 )
Bounds : ( 55.435, 76.245 ) ( 55.565, 76.325 )


SPACING: ( ViaInPin ) Regular Wire of Net WALLACE_CSA_DUMMY_OP_groupi57_n_109  ( Metal1 )
Bounds : ( 56.035, 74.535 ) ( 56.165, 74.615 )


SPACING: ( ParallelRunLength Spacing ) Regular Wire of Net WALLACE_CSA_DUMMY_OP_groupi57_n_146 & Blockage of Cell WALLACE_CSA_DUMMY_OP_groupi57_g3639__1617  ( Metal1 )
Bounds : ( 54.980, 74.535 ) ( 55.035, 74.535 )


SPACING: ( ParallelRunLength Spacing ) Regular Wire of Net WALLACE_CSA_DUMMY_OP_groupi57_n_109 & Blockage of Cell WALLACE_CSA_DUMMY_OP_groupi57_g3686__9945  ( Metal1 )
Bounds : ( 55.980, 74.535 ) ( 56.035, 74.535 )


SPACING: ( ViaInPin ) Regular Wire of Net WALLACE_CSA_DUMMY_OP_groupi57_n_166  ( Metal1 )
Bounds : ( 53.435, 70.925 ) ( 53.565, 71.005 )


SPACING: ( ViaInPin ) Regular Wire of Net WALLACE_CSA_DUMMY_OP_groupi57_n_120  ( Metal1 )
Bounds : ( 52.435, 70.735 ) ( 52.565, 70.815 )


SPACING: ( ViaInPin ) Regular Wire of Net WALLACE_CSA_DUMMY_OP_groupi57_n_89  ( Metal1 )
Bounds : ( 51.235, 72.445 ) ( 51.365, 72.525 )


SPACING: ( ViaInPin ) Regular Wire of Net WALLACE_CSA_DUMMY_OP_groupi57_n_119  ( Metal1 )
Bounds : ( 54.635, 71.115 ) ( 54.765, 71.195 )


SPACING: ( ViaInPin ) Regular Wire of Net WALLACE_CSA_DUMMY_OP_groupi57_n_82  ( Metal1 )
Bounds : ( 55.835, 70.735 ) ( 55.965, 70.815 )


SPACING: ( ParallelRunLength Spacing ) Regular Wire of Net WALLACE_CSA_DUMMY_OP_groupi57_n_89 & Blockage of Cell WALLACE_CSA_DUMMY_OP_groupi57_g3710__1881  ( Metal1 )
Bounds : ( 51.180, 72.525 ) ( 51.235, 72.525 )


SPACING: ( ParallelRunLength Spacing ) Regular Wire of Net WALLACE_CSA_DUMMY_OP_groupi57_n_119 & Blockage of Cell WALLACE_CSA_DUMMY_OP_groupi57_g3675__1705  ( Metal1 )
Bounds : ( 54.580, 71.115 ) ( 54.635, 71.115 )


SPACING: ( ViaInPin ) Regular Wire of Net WALLACE_CSA_DUMMY_OP_groupi57_n_70  ( Metal1 )
Bounds : ( 57.035, 67.695 ) ( 57.165, 67.775 )


SPACING: ( ViaInPin ) Regular Wire of Net WALLACE_CSA_DUMMY_OP_groupi57_n_97  ( Metal1 )
Bounds : ( 58.835, 67.695 ) ( 58.965, 67.775 )


SPACING: ( ParallelRunLength Spacing ) Regular Wire of Net WALLACE_CSA_DUMMY_OP_groupi57_n_70 & Blockage of Cell WALLACE_CSA_DUMMY_OP_groupi57_g3730__6783  ( Metal1 )
Bounds : ( 56.980, 67.695 ) ( 57.035, 67.695 )


SPACING: ( ParallelRunLength Spacing ) Regular Wire of Net WALLACE_CSA_DUMMY_OP_groupi57_n_97 & Blockage of Cell WALLACE_CSA_DUMMY_OP_groupi57_g3701__3680  ( Metal1 )
Bounds : ( 58.780, 67.695 ) ( 58.835, 67.695 )


SPACING: ( ParallelRunLength Spacing ) Regular Wire of Net WALLACE_CSA_DUMMY_OP_groupi57_n_43 & Pin of Cell cts_FE_OFC4_WALLACE_CSA_DUMMY_OP_groupi57_n_202  ( Metal1 )
Bounds : ( 62.590, 64.165 ) ( 62.635, 64.180 )


SPACING: ( ParallelRunLength Spacing ) Regular Wire of Net WALLACE_CSA_DUMMY_OP_groupi57_n_43 & Pin of Cell cts_FE_OFC4_WALLACE_CSA_DUMMY_OP_groupi57_n_202  ( Metal1 )
Bounds : ( 62.650, 64.165 ) ( 62.670, 64.180 )


SPACING: ( ViaInPin ) Regular Wire of Net WALLACE_CSA_DUMMY_OP_groupi57_n_144  ( Metal1 )
Bounds : ( 54.835, 69.405 ) ( 54.965, 69.485 )


SPACING: ( ViaInPin ) Regular Wire of Net WALLACE_CSA_DUMMY_OP_groupi57_n_75  ( Metal1 )
Bounds : ( 54.435, 64.275 ) ( 54.565, 64.355 )


SPACING: ( ViaInPin ) Regular Wire of Net WALLACE_CSA_DUMMY_OP_groupi57_n_91  ( Metal1 )
Bounds : ( 54.035, 69.215 ) ( 54.165, 69.295 )


SPACING: ( ViaInPin ) Regular Wire of Net WALLACE_CSA_DUMMY_OP_groupi57_n_101  ( Metal1 )
Bounds : ( 54.035, 65.985 ) ( 54.165, 66.065 )


SPACING: ( ViaInPin ) Regular Wire of Net WALLACE_CSA_DUMMY_OP_groupi57_n_85  ( Metal1 )
Bounds : ( 52.635, 65.985 ) ( 52.765, 66.065 )


SPACING: ( ViaInPin ) Regular Wire of Net WALLACE_CSA_DUMMY_OP_groupi57_n_107  ( Metal1 )
Bounds : ( 52.435, 67.505 ) ( 52.565, 67.585 )


SPACING: ( ViaInPin ) Regular Wire of Net WALLACE_CSA_DUMMY_OP_groupi57_n_115  ( Metal1 )
Bounds : ( 55.435, 65.935 ) ( 55.565, 66.015 )


SPACING: ( ViaInPin ) Regular Wire of Net WALLACE_CSA_DUMMY_OP_groupi57_n_104  ( Metal1 )
Bounds : ( 55.635, 69.215 ) ( 55.765, 69.295 )


SPACING: ( ParallelRunLength Spacing ) Regular Wire of Net WALLACE_CSA_DUMMY_OP_groupi57_n_75 & Blockage of Cell WALLACE_CSA_DUMMY_OP_groupi57_g3724__5107  ( Metal1 )
Bounds : ( 54.380, 64.275 ) ( 54.435, 64.275 )


SPACING: ( ViaInPin ) Regular Wire of Net WALLACE_CSA_DUMMY_OP_groupi57_n_343  ( Metal1 )
Bounds : ( 66.250, 54.395 ) ( 66.380, 54.475 )


SPACING: ( ViaInPin ) Regular Wire of Net FE_RN_103_0  ( Metal1 )
Bounds : ( 68.835, 54.205 ) ( 68.965, 54.285 )


SPACING: ( ViaInPin ) Regular Wire of Net WALLACE_CSA_DUMMY_OP_groupi57_n_220  ( Metal1 )
Bounds : ( 69.635, 53.635 ) ( 69.765, 53.715 )


SPACING: ( ViaInPin ) Regular Wire of Net FE_OFN58_result_o_26  ( Metal1 )
Bounds : ( 75.225, 52.305 ) ( 75.355, 52.385 )


SPACING: ( ParallelRunLength Spacing ) Regular Wire of Net FE_OFN58_result_o_26 & Blockage of Cell FE_RC_39_0  ( Metal1 )
Bounds : ( 75.355, 52.305 ) ( 75.400, 52.385 )


SPACING: ( ViaInPin ) Regular Wire of Net WALLACE_CSA_DUMMY_OP_groupi57_n_105  ( Metal1 )
Bounds : ( 60.235, 60.475 ) ( 60.365, 60.555 )


SPACING: ( ViaInPin ) Regular Wire of Net WALLACE_CSA_DUMMY_OP_groupi57_n_81  ( Metal1 )
Bounds : ( 59.435, 60.665 ) ( 59.565, 60.745 )


SPACING: ( ViaInPin ) Regular Wire of Net n_792  ( Metal1 )
Bounds : ( 60.635, 62.565 ) ( 60.765, 62.645 )


SPACING: ( ViaInPin ) Regular Wire of Net WALLACE_CSA_DUMMY_OP_groupi57_n_92  ( Metal1 )
Bounds : ( 63.035, 62.375 ) ( 63.165, 62.455 )


SPACING: ( ViaInPin ) Regular Wire of Net WALLACE_CSA_DUMMY_OP_groupi57_n_83  ( Metal1 )
Bounds : ( 56.035, 59.145 ) ( 56.165, 59.225 )


SPACING: ( ViaInPin ) Regular Wire of Net FE_OCPN33_operand_b_i_sr_29  ( Metal1 )
Bounds : ( 55.435, 62.755 ) ( 55.565, 62.835 )


SPACING: ( ViaInPin ) Regular Wire of Net WALLACE_CSA_DUMMY_OP_groupi57_n_129  ( Metal1 )
Bounds : ( 55.035, 62.565 ) ( 55.165, 62.645 )


SPACING: ( ViaInPin ) Regular Wire of Net WALLACE_CSA_DUMMY_OP_groupi57_n_153  ( Metal1 )
Bounds : ( 53.435, 63.895 ) ( 53.565, 63.975 )


SPACING: ( ViaInPin ) Regular Wire of Net WALLACE_CSA_DUMMY_OP_groupi57_n_175  ( Metal1 )
Bounds : ( 51.235, 60.475 ) ( 51.365, 60.555 )


SPACING: ( ViaInPin ) Regular Wire of Net WALLACE_CSA_DUMMY_OP_groupi57_n_176  ( Metal1 )
Bounds : ( 51.635, 60.285 ) ( 51.765, 60.365 )


SPACING: ( ViaInPin ) Regular Wire of Net WALLACE_CSA_DUMMY_OP_groupi57_n_230  ( Metal1 )
Bounds : ( 52.645, 56.675 ) ( 52.775, 56.755 )


SPACING: ( ViaInPin ) Regular Wire of Net n_629  ( Metal1 )
Bounds : ( 53.035, 53.780 ) ( 53.165, 53.860 )


SPACING: ( ViaInPin ) Regular Wire of Net FE_OCPN51_operand_a_i_sr_14  ( Metal1 )
Bounds : ( 59.235, 56.865 ) ( 59.365, 56.945 )


SPACING: ( ViaInPin ) Regular Wire of Net WALLACE_CSA_DUMMY_OP_groupi57_n_43  ( Metal1 )
Bounds : ( 62.635, 64.085 ) ( 62.765, 64.165 )


SPACING: ( ViaInPin ) Regular Wire of Net WALLACE_CSA_DUMMY_OP_groupi59_n_502  ( Metal1 )
Bounds : ( 25.235, 91.775 ) ( 25.365, 91.855 )


SPACING: ( ViaInPin ) Regular Wire of Net FE_RN_20_0  ( Metal1 )
Bounds : ( 26.435, 91.455 ) ( 26.565, 91.535 )


SPACING: ( ViaInPin ) Regular Wire of Net WALLACE_CSA_DUMMY_OP_groupi59_n_500  ( Metal1 )
Bounds : ( 28.435, 91.455 ) ( 28.565, 91.535 )


SPACING: ( ViaInPin ) Regular Wire of Net FE_RN_63_0  ( Metal1 )
Bounds : ( 30.835, 91.455 ) ( 30.965, 91.535 )


SPACING: ( ParallelRunLength Spacing ) Regular Wire of Net WALLACE_CSA_DUMMY_OP_groupi59_n_500 & Pin of Cell FE_RC_25_0  ( Metal1 )
Bounds : ( 28.435, 91.405 ) ( 28.565, 91.455 )


SPACING: ( ParallelRunLength Spacing ) Regular Wire of Net WALLACE_CSA_DUMMY_OP_groupi59_n_500 & Pin of Cell FE_RC_25_0  ( Metal1 )
Bounds : ( 28.565, 91.525 ) ( 28.595, 91.535 )


SPACING: ( ParallelRunLength Spacing ) Regular Wire of Net WALLACE_CSA_DUMMY_OP_groupi59_n_498 & Pin of Cell FE_RC_81_0  ( Metal1 )
Bounds : ( 30.235, 89.805 ) ( 30.365, 89.855 )


SPACING: ( ParallelRunLength Spacing ) Regular Wire of Net FE_RN_63_0 & Pin of Cell FE_RC_80_0  ( Metal1 )
Bounds : ( 30.835, 91.405 ) ( 30.965, 91.455 )


SPACING: ( ViaInPin ) Regular Wire of Net WALLACE_CSA_DUMMY_OP_groupi57_n_149  ( Metal1 )
Bounds : ( 45.435, 81.185 ) ( 45.565, 81.265 )


SPACING: ( ViaInPin ) Regular Wire of Net WALLACE_CSA_DUMMY_OP_groupi57_n_102  ( Metal1 )
Bounds : ( 46.435, 81.375 ) ( 46.565, 81.455 )


SPACING: ( ViaInPin ) Regular Wire of Net WALLACE_CSA_DUMMY_OP_groupi57_n_86  ( Metal1 )
Bounds : ( 47.435, 79.665 ) ( 47.565, 79.745 )


SPACING: ( ViaInPin ) Regular Wire of Net WALLACE_CSA_DUMMY_OP_groupi57_n_137  ( Metal1 )
Bounds : ( 47.435, 81.375 ) ( 47.565, 81.455 )


SPACING: ( ViaInPin ) Regular Wire of Net WALLACE_CSA_DUMMY_OP_groupi57_n_113  ( Metal1 )
Bounds : ( 48.235, 79.665 ) ( 48.365, 79.745 )


SPACING: ( ViaInPin ) Regular Wire of Net WALLACE_CSA_DUMMY_OP_groupi57_n_98  ( Metal1 )
Bounds : ( 49.235, 79.285 ) ( 49.365, 79.365 )


SPACING: ( ViaInPin ) Regular Wire of Net WALLACE_CSA_DUMMY_OP_groupi57_n_71  ( Metal1 )
Bounds : ( 50.235, 79.665 ) ( 50.365, 79.745 )


SPACING: ( ParallelRunLength Spacing ) Regular Wire of Net WALLACE_CSA_DUMMY_OP_groupi57_n_102 & Blockage of Cell WALLACE_CSA_DUMMY_OP_groupi57_g3696__6260  ( Metal1 )
Bounds : ( 46.380, 81.375 ) ( 46.435, 81.375 )


SPACING: ( ParallelRunLength Spacing ) Regular Wire of Net WALLACE_CSA_DUMMY_OP_groupi57_n_137 & Blockage of Cell WALLACE_CSA_DUMMY_OP_groupi57_g3654__2883  ( Metal1 )
Bounds : ( 47.380, 81.375 ) ( 47.435, 81.375 )


SPACING: ( ParallelRunLength Spacing ) Regular Wire of Net WALLACE_CSA_DUMMY_OP_groupi57_n_98 & Blockage of Cell WALLACE_CSA_DUMMY_OP_groupi57_g3700__6783  ( Metal1 )
Bounds : ( 49.180, 79.365 ) ( 49.235, 79.365 )


SPACING: ( ViaInPin ) Regular Wire of Net WALLACE_CSA_DUMMY_OP_groupi59_n_70  ( Metal1 )
Bounds : ( 42.835, 77.575 ) ( 42.965, 77.655 )


SPACING: ( ViaInPin ) Regular Wire of Net WALLACE_CSA_DUMMY_OP_groupi59_n_82  ( Metal1 )
Bounds : ( 39.435, 79.475 ) ( 39.565, 79.555 )


SPACING: ( ViaInPin ) Regular Wire of Net WALLACE_CSA_DUMMY_OP_groupi59_n_115  ( Metal1 )
Bounds : ( 40.235, 79.475 ) ( 40.365, 79.555 )


SPACING: ( ViaInPin ) Regular Wire of Net WALLACE_CSA_DUMMY_OP_groupi59_n_91  ( Metal1 )
Bounds : ( 41.235, 77.765 ) ( 41.365, 77.845 )


SPACING: ( ViaInPin ) Regular Wire of Net WALLACE_CSA_DUMMY_OP_groupi59_n_101  ( Metal1 )
Bounds : ( 42.035, 77.765 ) ( 42.165, 77.845 )


SPACING: ( ViaInPin ) Regular Wire of Net FE_OFN13_result_o_59  ( Metal1 )
Bounds : ( 25.835, 86.580 ) ( 25.965, 86.660 )


SPACING: ( ViaInPin ) Regular Wire of Net WALLACE_CSA_DUMMY_OP_groupi59_n_488  ( Metal1 )
Bounds : ( 35.235, 88.080 ) ( 35.365, 88.160 )


SPACING: ( ParallelRunLength Spacing ) Regular Wire of Net WALLACE_CSA_DUMMY_OP_groupi59_n_498 & Pin of Cell FE_RC_81_0  ( Metal1 )
Bounds : ( 30.365, 89.725 ) ( 30.395, 89.735 )


SPACING: ( ParallelRunLength Spacing ) Regular Wire of Net WALLACE_CSA_DUMMY_OP_groupi59_n_488 & Pin of Cell prects_FE_RC_0_0  ( Metal1 )
Bounds : ( 35.210, 88.080 ) ( 35.235, 88.160 )


SPACING: ( ViaInPin ) Regular Wire of Net WALLACE_CSA_DUMMY_OP_groupi59_n_89  ( Metal1 )
Bounds : ( 31.835, 77.765 ) ( 31.965, 77.845 )


SPACING: ( ViaInPin ) Regular Wire of Net WALLACE_CSA_DUMMY_OP_groupi59_n_166  ( Metal1 )
Bounds : ( 32.635, 77.765 ) ( 32.765, 77.845 )


SPACING: ( ViaInPin ) Regular Wire of Net WALLACE_CSA_DUMMY_OP_groupi59_n_96  ( Metal1 )
Bounds : ( 33.435, 77.575 ) ( 33.565, 77.655 )


SPACING: ( ViaInPin ) Regular Wire of Net WALLACE_CSA_DUMMY_OP_groupi59_n_107  ( Metal1 )
Bounds : ( 34.435, 79.665 ) ( 34.565, 79.745 )


SPACING: ( ViaInPin ) Regular Wire of Net WALLACE_CSA_DUMMY_OP_groupi59_n_85  ( Metal1 )
Bounds : ( 34.835, 81.185 ) ( 34.965, 81.265 )


SPACING: ( ViaInPin ) Regular Wire of Net WALLACE_CSA_DUMMY_OP_groupi59_n_120  ( Metal1 )
Bounds : ( 35.635, 79.475 ) ( 35.765, 79.555 )


SPACING: ( ViaInPin ) Regular Wire of Net WALLACE_CSA_DUMMY_OP_groupi59_n_140  ( Metal1 )
Bounds : ( 35.835, 81.185 ) ( 35.965, 81.265 )


SPACING: ( ViaInPin ) Regular Wire of Net WALLACE_CSA_DUMMY_OP_groupi59_n_144  ( Metal1 )
Bounds : ( 37.235, 77.765 ) ( 37.365, 77.845 )


SPACING: ( ViaInPin ) Regular Wire of Net WALLACE_CSA_DUMMY_OP_groupi59_n_93  ( Metal1 )
Bounds : ( 27.635, 80.995 ) ( 27.765, 81.075 )


SPACING: ( ViaInPin ) Regular Wire of Net WALLACE_CSA_DUMMY_OP_groupi59_n_117  ( Metal1 )
Bounds : ( 26.635, 80.995 ) ( 26.765, 81.075 )


SPACING: ( ViaInPin ) Regular Wire of Net WALLACE_CSA_DUMMY_OP_groupi59_n_111  ( Metal1 )
Bounds : ( 25.635, 81.185 ) ( 25.765, 81.265 )


SPACING: ( ViaInPin ) Regular Wire of Net WALLACE_CSA_DUMMY_OP_groupi59_n_119  ( Metal1 )
Bounds : ( 27.235, 77.765 ) ( 27.365, 77.845 )


SPACING: ( ViaInPin ) Regular Wire of Net WALLACE_CSA_DUMMY_OP_groupi59_n_142  ( Metal1 )
Bounds : ( 26.235, 77.765 ) ( 26.365, 77.845 )


SPACING: ( ViaInPin ) Regular Wire of Net WALLACE_CSA_DUMMY_OP_groupi59_n_154  ( Metal1 )
Bounds : ( 25.435, 77.765 ) ( 25.565, 77.845 )


SPACING: ( ViaInPin ) Regular Wire of Net WALLACE_CSA_DUMMY_OP_groupi59_n_73  ( Metal1 )
Bounds : ( 28.635, 79.665 ) ( 28.765, 79.745 )


SPACING: ( ViaInPin ) Regular Wire of Net WALLACE_CSA_DUMMY_OP_groupi59_n_95  ( Metal1 )
Bounds : ( 29.635, 79.665 ) ( 29.765, 79.745 )


SPACING: ( ViaInPin ) Regular Wire of Net WALLACE_CSA_DUMMY_OP_groupi59_n_77  ( Metal1 )
Bounds : ( 30.635, 79.665 ) ( 30.765, 79.745 )


SPACING: ( ViaInPin ) Regular Wire of Net WALLACE_CSA_DUMMY_OP_groupi59_n_109  ( Metal1 )
Bounds : ( 31.035, 77.765 ) ( 31.165, 77.845 )


SPACING: ( ViaInPin ) Regular Wire of Net WALLACE_CSA_DUMMY_OP_groupi59_n_498  ( Metal1 )
Bounds : ( 30.235, 89.725 ) ( 30.365, 89.805 )


SPACING: ( ViaInPin ) Regular Wire of Net WALLACE_CSA_DUMMY_OP_groupi59_n_502  ( Metal1 )
Bounds : ( 20.235, 91.455 ) ( 20.365, 91.535 )


SPACING: ( ParallelRunLength Spacing ) Regular Wire of Net WALLACE_CSA_DUMMY_OP_groupi59_n_504 & Pin of Cell cts_FE_RC_12_0  ( Metal1 )
Bounds : ( 15.235, 89.805 ) ( 15.365, 89.855 )


SPACING: ( ParallelRunLength Spacing ) Regular Wire of Net FE_RN_5_2 & Pin of Cell cts_FE_RC_11_0  ( Metal1 )
Bounds : ( 17.235, 89.805 ) ( 17.365, 89.855 )


SPACING: ( ParallelRunLength Spacing ) Regular Wire of Net WALLACE_CSA_DUMMY_OP_groupi59_n_502 & Pin of Cell FE_RC_215_0  ( Metal1 )
Bounds : ( 20.235, 91.405 ) ( 20.365, 91.455 )


SPACING: ( ParallelRunLength Spacing ) Regular Wire of Net WALLACE_CSA_DUMMY_OP_groupi59_n_502 & Pin of Cell FE_RC_215_0  ( Metal1 )
Bounds : ( 20.365, 91.525 ) ( 20.395, 91.535 )


SPACING: ( ParallelRunLength Spacing ) Regular Wire of Net FE_RN_158_0 & Pin of Cell FE_RC_214_0  ( Metal1 )
Bounds : ( 20.635, 89.805 ) ( 20.765, 89.855 )


SPACING: ( ViaInPin ) Regular Wire of Net FE_RN_0_2  ( Metal1 )
Bounds : ( 16.025, 88.310 ) ( 16.155, 88.390 )


SPACING: ( ParallelRunLength Spacing ) Regular Wire of Net WALLACE_CSA_DUMMY_OP_groupi59_n_504 & Pin of Cell cts_FE_RC_12_0  ( Metal1 )
Bounds : ( 15.365, 89.725 ) ( 15.395, 89.735 )


SPACING: ( ParallelRunLength Spacing ) Regular Wire of Net FE_RN_5_2 & Pin of Cell cts_FE_RC_11_0  ( Metal1 )
Bounds : ( 17.365, 89.725 ) ( 17.395, 89.735 )


SPACING: ( ViaInPin ) Regular Wire of Net WALLACE_CSA_DUMMY_OP_groupi59_n_71  ( Metal1 )
Bounds : ( 20.435, 82.895 ) ( 20.565, 82.975 )


SPACING: ( ViaInPin ) Regular Wire of Net WALLACE_CSA_DUMMY_OP_groupi59_n_137  ( Metal1 )
Bounds : ( 13.435, 83.085 ) ( 13.565, 83.165 )


SPACING: ( ViaInPin ) Regular Wire of Net WALLACE_CSA_DUMMY_OP_groupi59_n_102  ( Metal1 )
Bounds : ( 13.835, 80.995 ) ( 13.965, 81.075 )


SPACING: ( ViaInPin ) Regular Wire of Net WALLACE_CSA_DUMMY_OP_groupi59_n_149  ( Metal1 )
Bounds : ( 18.035, 83.085 ) ( 18.165, 83.165 )


SPACING: ( ViaInPin ) Regular Wire of Net WALLACE_CSA_DUMMY_OP_groupi59_n_113  ( Metal1 )
Bounds : ( 18.835, 83.085 ) ( 18.965, 83.165 )


SPACING: ( ViaInPin ) Regular Wire of Net WALLACE_CSA_DUMMY_OP_groupi59_n_86  ( Metal1 )
Bounds : ( 19.635, 82.895 ) ( 19.765, 82.975 )


SPACING: ( ViaInPin ) Regular Wire of Net WALLACE_CSA_DUMMY_OP_groupi59_n_106  ( Metal1 )
Bounds : ( 22.435, 81.185 ) ( 22.565, 81.265 )


SPACING: ( ViaInPin ) Regular Wire of Net WALLACE_CSA_DUMMY_OP_groupi59_n_98  ( Metal1 )
Bounds : ( 23.235, 81.185 ) ( 23.365, 81.265 )


SPACING: ( ViaInPin ) Regular Wire of Net WALLACE_CSA_DUMMY_OP_groupi59_n_159  ( Metal1 )
Bounds : ( 24.035, 80.995 ) ( 24.165, 81.075 )


SPACING: ( ViaInPin ) Regular Wire of Net WALLACE_CSA_DUMMY_OP_groupi59_n_136  ( Metal1 )
Bounds : ( 24.635, 79.475 ) ( 24.765, 79.555 )


SPACING: ( ParallelRunLength Spacing ) Regular Wire of Net WALLACE_CSA_DUMMY_OP_groupi59_n_103 & Blockage of Cell WALLACE_CSA_DUMMY_OP_groupi59_g3695__1881  ( Metal1 )
Bounds : ( 24.780, 81.315 ) ( 24.835, 81.355 )


SPACING: ( ViaInPin ) Regular Wire of Net WALLACE_CSA_DUMMY_OP_groupi59_n_504  ( Metal1 )
Bounds : ( 15.235, 89.725 ) ( 15.365, 89.805 )


SPACING: ( ViaInPin ) Regular Wire of Net FE_RN_5_2  ( Metal1 )
Bounds : ( 17.235, 89.725 ) ( 17.365, 89.805 )


SPACING: ( ViaInPin ) Regular Wire of Net FE_RN_158_0  ( Metal1 )
Bounds : ( 20.635, 89.725 ) ( 20.765, 89.805 )


SPACING: ( ViaInPin ) Regular Wire of Net WALLACE_CSA_DUMMY_OP_groupi59_n_103  ( Metal1 )
Bounds : ( 24.835, 81.275 ) ( 24.965, 81.355 )


SPACING: ( ParallelRunLength Spacing ) Regular Wire of Net WALLACE_CSA_DUMMY_OP_groupi59_n_103 & Pin of Cell WALLACE_CSA_DUMMY_OP_groupi59_g3695__1881  ( Metal1 )
Bounds : ( 24.850, 81.355 ) ( 24.860, 81.400 )


SPACING: ( ViaInPin ) Regular Wire of Net WALLACE_CSA_DUMMY_OP_groupi57_n_93  ( Metal1 )
Bounds : ( 49.835, 76.245 ) ( 49.965, 76.325 )


SPACING: ( ViaInPin ) Regular Wire of Net WALLACE_CSA_DUMMY_OP_groupi57_n_117  ( Metal1 )
Bounds : ( 49.635, 74.535 ) ( 49.765, 74.615 )


SPACING: ( ViaInPin ) Regular Wire of Net WALLACE_CSA_DUMMY_OP_groupi57_n_106  ( Metal1 )
Bounds : ( 49.035, 76.245 ) ( 49.165, 76.325 )


SPACING: ( ViaInPin ) Regular Wire of Net WALLACE_CSA_DUMMY_OP_groupi57_n_159  ( Metal1 )
Bounds : ( 48.235, 76.245 ) ( 48.365, 76.325 )


SPACING: ( ViaInPin ) Regular Wire of Net WALLACE_CSA_DUMMY_OP_groupi59_n_74  ( Metal1 )
Bounds : ( 48.035, 74.345 ) ( 48.165, 74.425 )


SPACING: ( ViaInPin ) Regular Wire of Net WALLACE_CSA_DUMMY_OP_groupi59_n_16  ( Metal1 )
Bounds : ( 46.235, 70.735 ) ( 46.365, 70.815 )


SPACING: ( ViaInPin ) Regular Wire of Net WALLACE_CSA_DUMMY_OP_groupi59_n_104  ( Metal1 )
Bounds : ( 44.235, 76.055 ) ( 44.365, 76.135 )


SPACING: ( ViaInPin ) Regular Wire of Net WALLACE_CSA_DUMMY_OP_groupi57_n_74  ( Metal1 )
Bounds : ( 50.235, 72.825 ) ( 50.365, 72.905 )


SPACING: ( ParallelRunLength Spacing ) Regular Wire of Net WALLACE_CSA_DUMMY_OP_groupi57_n_117 & Blockage of Cell WALLACE_CSA_DUMMY_OP_groupi57_g3677__8246  ( Metal1 )
Bounds : ( 49.580, 74.535 ) ( 49.635, 74.535 )


SPACING: ( ViaInPin ) Regular Wire of Net WALLACE_CSA_DUMMY_OP_groupi59_n_315  ( Metal1 )
Bounds : ( 41.435, 74.080 ) ( 41.565, 74.160 )


SPACING: ( ViaInPin ) Regular Wire of Net WALLACE_CSA_DUMMY_OP_groupi59_n_381  ( Metal1 )
Bounds : ( 39.235, 74.155 ) ( 39.365, 74.235 )


SPACING: ( ViaInPin ) Regular Wire of Net WALLACE_CSA_DUMMY_OP_groupi59_n_43  ( Metal1 )
Bounds : ( 38.035, 72.255 ) ( 38.165, 72.335 )


SPACING: ( ViaInPin ) Regular Wire of Net WALLACE_CSA_DUMMY_OP_groupi59_n_380  ( Metal1 )
Bounds : ( 38.035, 69.595 ) ( 38.165, 69.675 )


SPACING: ( ViaInPin ) Regular Wire of Net WALLACE_CSA_DUMMY_OP_groupi59_n_153  ( Metal1 )
Bounds : ( 42.035, 67.505 ) ( 42.165, 67.585 )


SPACING: ( ViaInPin ) Regular Wire of Net WALLACE_CSA_DUMMY_OP_groupi59_n_97  ( Metal1 )
Bounds : ( 48.035, 67.505 ) ( 48.165, 67.585 )


SPACING: ( ViaInPin ) Regular Wire of Net FE_OFN128_operand_b_i_sr_11  ( Metal1 )
Bounds : ( 49.635, 67.885 ) ( 49.765, 67.965 )


SPACING: ( ViaInPin ) Regular Wire of Net WALLACE_CSA_DUMMY_OP_groupi57_n_140  ( Metal1 )
Bounds : ( 50.235, 69.215 ) ( 50.365, 69.295 )


SPACING: ( ViaInPin ) Regular Wire of Net n_558  ( Metal1 )
Bounds : ( 36.635, 74.155 ) ( 36.765, 74.235 )


SPACING: ( ViaInPin ) Regular Wire of Net WALLACE_CSA_DUMMY_OP_groupi59_n_80  ( Metal1 )
Bounds : ( 34.435, 74.345 ) ( 34.565, 74.425 )


SPACING: ( ViaInPin ) Regular Wire of Net WALLACE_CSA_DUMMY_OP_groupi59_n_485  ( Metal1 )
Bounds : ( 31.435, 70.735 ) ( 31.565, 70.815 )


SPACING: ( ParallelRunLength Spacing ) Regular Wire of Net FE_RN_92_0 & Pin of Cell FE_RC_115_0  ( Metal1 )
Bounds : ( 25.635, 76.125 ) ( 25.765, 76.175 )


SPACING: ( ViaInPin ) Regular Wire of Net WALLACE_CSA_DUMMY_OP_groupi59_n_139  ( Metal1 )
Bounds : ( 30.435, 76.245 ) ( 30.565, 76.325 )


SPACING: ( ViaInPin ) Regular Wire of Net WALLACE_CSA_DUMMY_OP_groupi59_n_484  ( Metal1 )
Bounds : ( 30.435, 70.545 ) ( 30.565, 70.625 )


SPACING: ( ViaInPin ) Regular Wire of Net WALLACE_CSA_DUMMY_OP_groupi59_n_146  ( Metal1 )
Bounds : ( 29.435, 76.245 ) ( 29.565, 76.325 )


SPACING: ( ViaInPin ) Regular Wire of Net FE_RN_92_0  ( Metal1 )
Bounds : ( 25.635, 76.045 ) ( 25.765, 76.125 )


SPACING: ( ViaInPin ) Regular Wire of Net FE_RN_89_0  ( Metal1 )
Bounds : ( 27.435, 72.825 ) ( 27.565, 72.905 )


SPACING: ( ParallelRunLength Spacing ) Regular Wire of Net FE_RN_92_0 & Pin of Cell FE_RC_115_0  ( Metal1 )
Bounds : ( 25.765, 76.045 ) ( 25.795, 76.055 )


SPACING: ( ViaInPin ) Regular Wire of Net WALLACE_CSA_DUMMY_OP_groupi59_n_157  ( Metal1 )
Bounds : ( 31.235, 74.345 ) ( 31.365, 74.425 )


SPACING: ( ViaInPin ) Regular Wire of Net WALLACE_CSA_DUMMY_OP_groupi59_n_132  ( Metal1 )
Bounds : ( 28.835, 65.795 ) ( 28.965, 65.875 )


SPACING: ( ViaInPin ) Regular Wire of Net WALLACE_CSA_DUMMY_OP_groupi59_n_41  ( Metal1 )
Bounds : ( 31.835, 67.400 ) ( 31.965, 67.480 )


SPACING: ( ViaInPin ) Regular Wire of Net WALLACE_CSA_DUMMY_OP_groupi59_n_379  ( Metal1 )
Bounds : ( 37.435, 69.595 ) ( 37.565, 69.675 )


SPACING: ( ViaInPin ) Regular Wire of Net n_665  ( Metal1 )
Bounds : ( 48.235, 54.205 ) ( 48.365, 54.285 )


SPACING: ( ViaInPin ) Regular Wire of Net WALLACE_CSA_DUMMY_OP_groupi59_n_129  ( Metal1 )
Bounds : ( 47.435, 57.055 ) ( 47.565, 57.135 )


SPACING: ( ViaInPin ) Regular Wire of Net n_997  ( Metal1 )
Bounds : ( 46.235, 61.995 ) ( 46.365, 62.075 )


SPACING: ( ViaInPin ) Regular Wire of Net WALLACE_CSA_DUMMY_OP_groupi59_n_72  ( Metal1 )
Bounds : ( 44.835, 55.435 ) ( 44.965, 55.515 )


SPACING: ( ViaInPin ) Regular Wire of Net WALLACE_CSA_DUMMY_OP_groupi59_n_75  ( Metal1 )
Bounds : ( 44.635, 63.895 ) ( 44.765, 63.975 )


SPACING: ( ViaInPin ) Regular Wire of Net WALLACE_CSA_DUMMY_OP_groupi59_n_81  ( Metal1 )
Bounds : ( 43.835, 63.895 ) ( 43.965, 63.975 )


SPACING: ( ViaInPin ) Regular Wire of Net WALLACE_CSA_DUMMY_OP_groupi59_n_230  ( Metal1 )
Bounds : ( 39.445, 52.685 ) ( 39.575, 52.765 )


SPACING: ( ViaInPin ) Regular Wire of Net WALLACE_CSA_DUMMY_OP_groupi57_n_72  ( Metal1 )
Bounds : ( 50.235, 55.725 ) ( 50.365, 55.805 )


SPACING: ( ParallelRunLength Spacing ) Regular Wire of Net WALLACE_CSA_DUMMY_OP_groupi59_n_72 & Blockage of Cell WALLACE_CSA_DUMMY_OP_groupi59_g3727__4733  ( Metal1 )
Bounds : ( 44.780, 55.435 ) ( 44.835, 55.485 )


SPACING: ( ParallelRunLength Spacing ) Regular Wire of Net WALLACE_CSA_DUMMY_OP_groupi59_n_72 & Pin of Cell WALLACE_CSA_DUMMY_OP_groupi59_g3727__4733  ( Metal1 )
Bounds : ( 44.850, 55.400 ) ( 44.860, 55.435 )


SPACING: ( ViaInPin ) Regular Wire of Net WALLACE_CSA_DUMMY_OP_groupi59_n_105  ( Metal1 )
Bounds : ( 34.435, 60.515 ) ( 34.565, 60.595 )


SPACING: ( ViaInPin ) Regular Wire of Net WALLACE_CSA_DUMMY_OP_groupi59_n_150  ( Metal1 )
Bounds : ( 31.235, 60.475 ) ( 31.365, 60.555 )


SPACING: ( ViaInPin ) Regular Wire of Net WALLACE_CSA_DUMMY_OP_groupi59_n_112  ( Metal1 )
Bounds : ( 20.635, 57.340 ) ( 20.765, 57.420 )


SPACING: ( ParallelRunLength Spacing ) Regular Wire of Net WALLACE_CSA_DUMMY_OP_groupi59_n_112 & Blockage of Cell WALLACE_CSA_DUMMY_OP_groupi59_g3683__8428  ( Metal1 )
Bounds : ( 20.580, 57.375 ) ( 20.635, 57.420 )


SPACING: ( ParallelRunLength Spacing ) Regular Wire of Net WALLACE_CSA_DUMMY_OP_groupi59_n_112 & Pin of Cell WALLACE_CSA_DUMMY_OP_groupi59_g3683__8428  ( Metal1 )
Bounds : ( 20.650, 57.420 ) ( 20.660, 57.460 )


SPACING: ( ParallelRunLength Spacing ) Regular Wire of Net WALLACE_CSA_DUMMY_OP_groupi57_n_490 & Pin of Cell FE_RC_103_0  ( Metal1 )
Bounds : ( 77.270, 50.450 ) ( 77.290, 50.460 )


SPACING: ( ParallelRunLength Spacing ) Regular Wire of Net WALLACE_CSA_DUMMY_OP_groupi57_n_490 & Pin of Cell FE_RC_103_0  ( Metal1 )
Bounds : ( 77.210, 50.440 ) ( 77.255, 50.450 )


SPACING: ( ViaInPin ) Regular Wire of Net WALLACE_CSA_DUMMY_OP_groupi57_n_490  ( Metal1 )
Bounds : ( 77.255, 50.370 ) ( 77.385, 50.450 )


SPACING: ( ParallelRunLength Spacing ) Regular Wire of Net FE_RN_125_0 & Blockage of Cell FE_RC_173_0  ( Metal1 )
Bounds : ( 83.755, 43.565 ) ( 83.800, 43.645 )


SPACING: ( ParallelRunLength Spacing ) Regular Wire of Net FE_RN_125_0 & Pin of Cell FE_RC_173_0  ( Metal1 )
Bounds : ( 83.625, 43.525 ) ( 83.660, 43.565 )


SPACING: ( ViaInPin ) Regular Wire of Net FE_RN_4_1  ( Metal1 )
Bounds : ( 88.235, 43.185 ) ( 88.365, 43.265 )


SPACING: ( ViaInPin ) Regular Wire of Net FE_RN_5_1  ( Metal1 )
Bounds : ( 87.240, 42.235 ) ( 87.370, 42.315 )


SPACING: ( ViaInPin ) Regular Wire of Net WALLACE_CSA_DUMMY_OP_groupi_n_343  ( Metal1 )
Bounds : ( 87.045, 39.005 ) ( 87.175, 39.085 )


SPACING: ( ViaInPin ) Regular Wire of Net WALLACE_CSA_DUMMY_OP_groupi_n_363  ( Metal1 )
Bounds : ( 85.250, 43.565 ) ( 85.380, 43.645 )


SPACING: ( ViaInPin ) Regular Wire of Net FE_RN_125_0  ( Metal1 )
Bounds : ( 83.625, 43.565 ) ( 83.755, 43.645 )


SPACING: ( ViaInPin ) Regular Wire of Net FE_RN_128_0  ( Metal1 )
Bounds : ( 83.050, 43.755 ) ( 83.180, 43.835 )


SPACING: ( ParallelRunLength Spacing ) Regular Wire of Net WALLACE_CSA_DUMMY_OP_groupi_n_363 & Pin of Cell cts_FE_RC_19_0  ( Metal1 )
Bounds : ( 85.195, 43.565 ) ( 85.250, 43.645 )


SPACING: ( ViaInPin ) Regular Wire of Net WALLACE_CSA_DUMMY_OP_groupi_n_72  ( Metal1 )
Bounds : ( 76.635, 33.305 ) ( 76.765, 33.385 )


SPACING: ( ViaInPin ) Regular Wire of Net WALLACE_CSA_DUMMY_OP_groupi_n_167  ( Metal1 )
Bounds : ( 76.835, 26.315 ) ( 76.965, 26.395 )


SPACING: ( ViaInPin ) Regular Wire of Net WALLACE_CSA_DUMMY_OP_groupi_n_176  ( Metal1 )
Bounds : ( 82.435, 35.205 ) ( 82.565, 35.285 )


SPACING: ( ViaInPin ) Regular Wire of Net WALLACE_CSA_DUMMY_OP_groupi_n_230  ( Metal1 )
Bounds : ( 83.250, 37.295 ) ( 83.380, 37.375 )


SPACING: ( ViaInPin ) Regular Wire of Net FE_OFN56_result_o_27  ( Metal1 )
Bounds : ( 68.035, 46.605 ) ( 68.165, 46.685 )


SPACING: ( ViaInPin ) Regular Wire of Net WALLACE_CSA_DUMMY_OP_groupi57_n_382  ( Metal1 )
Bounds : ( 67.635, 46.795 ) ( 67.765, 46.875 )


SPACING: ( ViaInPin ) Regular Wire of Net WALLACE_CSA_DUMMY_OP_groupi57_n_60  ( Metal1 )
Bounds : ( 66.035, 49.075 ) ( 66.165, 49.155 )


SPACING: ( ViaInPin ) Regular Wire of Net WALLACE_CSA_DUMMY_OP_groupi57_n_186  ( Metal1 )
Bounds : ( 63.435, 50.025 ) ( 63.565, 50.105 )


SPACING: ( ViaInPin ) Regular Wire of Net FE_RN_75_0  ( Metal1 )
Bounds : ( 71.825, 48.670 ) ( 71.955, 48.750 )


SPACING: ( ViaInPin ) Regular Wire of Net WALLACE_CSA_DUMMY_OP_groupi_n_379  ( Metal1 )
Bounds : ( 75.235, 45.655 ) ( 75.365, 45.735 )


SPACING: ( ViaInPin ) Regular Wire of Net WALLACE_CSA_DUMMY_OP_groupi_n_380  ( Metal1 )
Bounds : ( 75.635, 45.655 ) ( 75.765, 45.735 )


SPACING: ( ParallelRunLength Spacing ) Regular Wire of Net FE_RN_75_0 & Blockage of Cell FE_RC_112_0  ( Metal1 )
Bounds : ( 71.955, 48.670 ) ( 72.000, 48.750 )


SPACING: ( ViaInPin ) Regular Wire of Net n_653  ( Metal1 )
Bounds : ( 65.035, 42.045 ) ( 65.165, 42.125 )


SPACING: ( ViaInPin ) Regular Wire of Net WALLACE_CSA_DUMMY_OP_groupi_n_129  ( Metal1 )
Bounds : ( 64.635, 40.145 ) ( 64.765, 40.225 )


SPACING: ( ViaInPin ) Regular Wire of Net WALLACE_CSA_DUMMY_OP_groupi57_n_150  ( Metal1 )
Bounds : ( 63.835, 43.375 ) ( 63.965, 43.455 )


SPACING: ( ViaInPin ) Regular Wire of Net WALLACE_CSA_DUMMY_OP_groupi_n_100  ( Metal1 )
Bounds : ( 63.635, 39.955 ) ( 63.765, 40.035 )


SPACING: ( ViaInPin ) Regular Wire of Net WALLACE_CSA_DUMMY_OP_groupi_n_141  ( Metal1 )
Bounds : ( 68.435, 40.145 ) ( 68.565, 40.225 )


SPACING: ( ViaInPin ) Regular Wire of Net WALLACE_CSA_DUMMY_OP_groupi57_n_167  ( Metal1 )
Bounds : ( 50.835, 41.855 ) ( 50.965, 41.935 )


SPACING: ( ViaInPin ) Regular Wire of Net WALLACE_CSA_DUMMY_OP_groupi57_n_313  ( Metal1 )
Bounds : ( 53.450, 48.520 ) ( 53.580, 48.600 )


SPACING: ( ViaInPin ) Regular Wire of Net WALLACE_CSA_DUMMY_OP_groupi57_n_112  ( Metal1 )
Bounds : ( 56.035, 50.420 ) ( 56.165, 50.500 )


SPACING: ( ViaInPin ) Regular Wire of Net WALLACE_CSA_DUMMY_OP_groupi_n_83  ( Metal1 )
Bounds : ( 57.835, 38.625 ) ( 57.965, 38.705 )


SPACING: ( ViaInPin ) Regular Wire of Net WALLACE_CSA_DUMMY_OP_groupi57_n_173  ( Metal1 )
Bounds : ( 58.635, 43.375 ) ( 58.765, 43.455 )


SPACING: ( ViaInPin ) Regular Wire of Net WALLACE_CSA_DUMMY_OP_groupi57_n_410  ( Metal1 )
Bounds : ( 59.425, 44.990 ) ( 59.555, 45.070 )


SPACING: ( ViaInPin ) Regular Wire of Net FE_OFN53_result_o_28  ( Metal1 )
Bounds : ( 59.635, 50.025 ) ( 59.765, 50.105 )


SPACING: ( ViaInPin ) Regular Wire of Net WALLACE_CSA_DUMMY_OP_groupi57_n_22  ( Metal1 )
Bounds : ( 60.225, 44.990 ) ( 60.355, 45.070 )


SPACING: ( ViaInPin ) Regular Wire of Net WALLACE_CSA_DUMMY_OP_groupi57_n_393  ( Metal1 )
Bounds : ( 61.050, 47.175 ) ( 61.180, 47.255 )


SPACING: ( ViaInPin ) Regular Wire of Net WALLACE_CSA_DUMMY_OP_groupi_n_81  ( Metal1 )
Bounds : ( 64.435, 35.205 ) ( 64.565, 35.285 )


SPACING: ( ViaInPin ) Regular Wire of Net WALLACE_CSA_DUMMY_OP_groupi_n_150  ( Metal1 )
Bounds : ( 64.635, 33.115 ) ( 64.765, 33.195 )


SPACING: ( ViaInPin ) Regular Wire of Net WALLACE_CSA_DUMMY_OP_groupi58_n_46  ( Metal1 )
Bounds : ( 67.235, 32.925 ) ( 67.365, 33.005 )


SPACING: ( ViaInPin ) Regular Wire of Net WALLACE_CSA_DUMMY_OP_groupi_n_75  ( Metal1 )
Bounds : ( 68.035, 36.535 ) ( 68.165, 36.615 )


SPACING: ( ViaInPin ) Regular Wire of Net n_1012  ( Metal1 )
Bounds : ( 72.035, 38.055 ) ( 72.165, 38.135 )


SPACING: ( ViaInPin ) Regular Wire of Net FE_OFN124_operand_a_i_sr_12  ( Metal1 )
Bounds : ( 72.635, 35.395 ) ( 72.765, 35.475 )


SPACING: ( ViaInPin ) Regular Wire of Net WALLACE_CSA_DUMMY_OP_groupi_n_16  ( Metal1 )
Bounds : ( 72.435, 31.785 ) ( 72.565, 31.865 )


SPACING: ( ParallelRunLength Spacing ) Regular Wire of Net operand_b_i_sr_22  ( Metal2 )
Bounds : ( 64.460, 28.090 ) ( 64.540, 28.150 )


SPACING: ( ViaInPin ) Regular Wire of Net WALLACE_CSA_DUMMY_OP_groupi_n_115  ( Metal1 )
Bounds : ( 66.635, 28.175 ) ( 66.765, 28.255 )


SPACING: ( ViaInPin ) Regular Wire of Net FE_OFN141_operand_b_i_sr_1  ( Metal1 )
Bounds : ( 66.435, 29.505 ) ( 66.565, 29.585 )


SPACING: ( ViaInPin ) Regular Wire of Net WALLACE_CSA_DUMMY_OP_groupi_n_97  ( Metal1 )
Bounds : ( 65.835, 28.365 ) ( 65.965, 28.445 )


SPACING: ( ViaInPin ) Regular Wire of Net FE_OFN127_WALLACE_CSA_DUMMY_OP_groupi58_n_33  ( Metal1 )
Bounds : ( 65.635, 31.785 ) ( 65.765, 31.865 )


SPACING: ( ViaInPin ) Regular Wire of Net WALLACE_CSA_DUMMY_OP_groupi_n_144  ( Metal1 )
Bounds : ( 65.035, 28.175 ) ( 65.165, 28.255 )


SPACING: ( ViaInPin ) Regular Wire of Net WALLACE_CSA_DUMMY_OP_groupi_n_101  ( Metal1 )
Bounds : ( 64.635, 26.465 ) ( 64.765, 26.545 )


SPACING: ( ViaInPin ) Regular Wire of Net WALLACE_CSA_DUMMY_OP_groupi_n_91  ( Metal1 )
Bounds : ( 64.235, 28.365 ) ( 64.365, 28.445 )


SPACING: ( ViaInPin ) Regular Wire of Net WALLACE_CSA_DUMMY_OP_groupi_n_82  ( Metal1 )
Bounds : ( 63.835, 26.465 ) ( 63.965, 26.545 )


SPACING: ( ViaInPin ) Regular Wire of Net WALLACE_CSA_DUMMY_OP_groupi_n_42  ( Metal1 )
Bounds : ( 56.235, 35.120 ) ( 56.365, 35.200 )


SPACING: ( ViaInPin ) Regular Wire of Net WALLACE_CSA_DUMMY_OP_groupi_n_157  ( Metal1 )
Bounds : ( 56.835, 33.115 ) ( 56.965, 33.195 )


SPACING: ( ViaInPin ) Regular Wire of Net WALLACE_CSA_DUMMY_OP_groupi_n_43  ( Metal1 )
Bounds : ( 60.235, 34.635 ) ( 60.365, 34.715 )


SPACING: ( ViaInPin ) Regular Wire of Net WALLACE_CSA_DUMMY_OP_groupi_n_202  ( Metal1 )
Bounds : ( 60.635, 36.535 ) ( 60.765, 36.615 )


SPACING: ( ViaInPin ) Regular Wire of Net WALLACE_CSA_DUMMY_OP_groupi_n_142  ( Metal1 )
Bounds : ( 57.035, 26.470 ) ( 57.165, 26.550 )


SPACING: ( ViaInPin ) Regular Wire of Net WALLACE_CSA_DUMMY_OP_groupi_n_139  ( Metal1 )
Bounds : ( 57.635, 29.695 ) ( 57.765, 29.775 )


SPACING: ( ViaInPin ) Regular Wire of Net WALLACE_CSA_DUMMY_OP_groupi_n_140  ( Metal1 )
Bounds : ( 58.835, 28.365 ) ( 58.965, 28.445 )


SPACING: ( ViaInPin ) Regular Wire of Net WALLACE_CSA_DUMMY_OP_groupi_n_120  ( Metal1 )
Bounds : ( 59.435, 29.695 ) ( 59.565, 29.775 )


SPACING: ( ViaInPin ) Regular Wire of Net WALLACE_CSA_DUMMY_OP_groupi_n_104  ( Metal1 )
Bounds : ( 59.635, 28.175 ) ( 59.765, 28.255 )


SPACING: ( ViaInPin ) Regular Wire of Net WALLACE_CSA_DUMMY_OP_groupi_n_70  ( Metal1 )
Bounds : ( 60.435, 28.175 ) ( 60.565, 28.255 )


SPACING: ( ViaInPin ) Regular Wire of Net WALLACE_CSA_DUMMY_OP_groupi_n_80  ( Metal1 )
Bounds : ( 60.835, 31.785 ) ( 60.965, 31.865 )


SPACING: ( ViaInPin ) Regular Wire of Net WALLACE_CSA_DUMMY_OP_groupi_n_117  ( Metal1 )
Bounds : ( 53.435, 28.175 ) ( 53.565, 28.255 )


SPACING: ( ViaInPin ) Regular Wire of Net WALLACE_CSA_DUMMY_OP_groupi_n_74  ( Metal1 )
Bounds : ( 53.235, 26.465 ) ( 53.365, 26.545 )


SPACING: ( ViaInPin ) Regular Wire of Net WALLACE_CSA_DUMMY_OP_groupi_n_89  ( Metal1 )
Bounds : ( 52.435, 26.275 ) ( 52.565, 26.355 )


SPACING: ( ViaInPin ) Regular Wire of Net WALLACE_CSA_DUMMY_OP_groupi_n_109  ( Metal1 )
Bounds : ( 54.235, 28.365 ) ( 54.365, 28.445 )


SPACING: ( ViaInPin ) Regular Wire of Net WALLACE_CSA_DUMMY_OP_groupi_n_146  ( Metal1 )
Bounds : ( 55.035, 28.175 ) ( 55.165, 28.255 )


SPACING: ( ViaInPin ) Regular Wire of Net FE_OFN131_operand_b_i_sr_7  ( Metal1 )
Bounds : ( 55.235, 29.695 ) ( 55.365, 29.775 )


SPACING: ( ViaInPin ) Regular Wire of Net WALLACE_CSA_DUMMY_OP_groupi_n_166  ( Metal1 )
Bounds : ( 56.835, 29.695 ) ( 56.965, 29.775 )


SPACING: ( ViaInPin ) Regular Wire of Net WALLACE_CSA_DUMMY_OP_groupi_n_153  ( Metal1 )
Bounds : ( 64.835, 38.435 ) ( 64.965, 38.515 )


SPACING: ( ViaInPin ) Regular Wire of Net WALLACE_CSA_DUMMY_OP_groupi_n_132  ( Metal1 )
Bounds : ( 72.835, 38.420 ) ( 72.965, 38.500 )


SPACING: ( ViaInPin ) Regular Wire of Net FE_RN_52_0  ( Metal1 )
Bounds : ( 89.235, 14.115 ) ( 89.365, 14.195 )


SPACING: ( ViaInPin ) Regular Wire of Net WALLACE_CSA_DUMMY_OP_groupi_n_410  ( Metal1 )
Bounds : ( 81.225, 21.240 ) ( 81.355, 21.320 )


SPACING: ( ViaInPin ) Regular Wire of Net WALLACE_CSA_DUMMY_OP_groupi_n_22  ( Metal1 )
Bounds : ( 82.025, 21.240 ) ( 82.155, 21.320 )


SPACING: ( ViaInPin ) Regular Wire of Net WALLACE_CSA_DUMMY_OP_groupi_n_485  ( Metal1 )
Bounds : ( 82.835, 16.205 ) ( 82.965, 16.285 )


SPACING: ( ViaInPin ) Regular Wire of Net WALLACE_CSA_DUMMY_OP_groupi_n_393  ( Metal1 )
Bounds : ( 84.250, 23.045 ) ( 84.380, 23.125 )


SPACING: ( ViaInPin ) Regular Wire of Net WALLACE_CSA_DUMMY_OP_groupi_n_382  ( Metal1 )
Bounds : ( 88.635, 25.135 ) ( 88.765, 25.215 )


SPACING: ( ParallelRunLength Spacing ) Regular Wire of Net WALLACE_CSA_DUMMY_OP_groupi_n_410 & Blockage of Cell WALLACE_CSA_DUMMY_OP_groupi_g3404__8246  ( Metal1 )
Bounds : ( 81.355, 21.240 ) ( 81.400, 21.320 )


SPACING: ( ParallelRunLength Spacing ) Regular Wire of Net WALLACE_CSA_DUMMY_OP_groupi_n_22 & Blockage of Cell WALLACE_CSA_DUMMY_OP_groupi_g3796__2883  ( Metal1 )
Bounds : ( 82.155, 21.240 ) ( 82.200, 21.320 )


SPACING: ( ParallelRunLength Spacing ) Regular Wire of Net WALLACE_CSA_DUMMY_OP_groupi_n_393 & Pin of Cell WALLACE_CSA_DUMMY_OP_groupi_g3416__2883  ( Metal1 )
Bounds : ( 84.195, 23.045 ) ( 84.250, 23.125 )


SPACING: ( ParallelRunLength Spacing ) Regular Wire of Net WALLACE_CSA_DUMMY_OP_groupi_n_95 & Blockage of Cell WALLACE_CSA_DUMMY_OP_groupi_g3703__9315  ( Metal1 )
Bounds : ( 64.580, 21.225 ) ( 64.635, 21.270 )


SPACING: ( ParallelRunLength Spacing ) Regular Wire of Net WALLACE_CSA_DUMMY_OP_groupi_n_73 & Blockage of Cell WALLACE_CSA_DUMMY_OP_groupi_g3726__6131  ( Metal1 )
Bounds : ( 63.380, 21.225 ) ( 63.435, 21.270 )


SPACING: ( ViaInPin ) Regular Wire of Net WALLACE_CSA_DUMMY_OP_groupi_n_173  ( Metal1 )
Bounds : ( 73.835, 24.945 ) ( 73.965, 25.025 )


SPACING: ( ViaInPin ) Regular Wire of Net WALLACE_CSA_DUMMY_OP_groupi_n_381  ( Metal1 )
Bounds : ( 72.235, 20.005 ) ( 72.365, 20.085 )


SPACING: ( ViaInPin ) Regular Wire of Net WALLACE_CSA_DUMMY_OP_groupi_n_315  ( Metal1 )
Bounds : ( 69.050, 20.955 ) ( 69.180, 21.035 )


SPACING: ( ViaInPin ) Regular Wire of Net WALLACE_CSA_DUMMY_OP_groupi_n_96  ( Metal1 )
Bounds : ( 66.835, 22.855 ) ( 66.965, 22.935 )


SPACING: ( ViaInPin ) Regular Wire of Net WALLACE_CSA_DUMMY_OP_groupi_n_77  ( Metal1 )
Bounds : ( 65.635, 22.855 ) ( 65.765, 22.935 )


SPACING: ( ViaInPin ) Regular Wire of Net WALLACE_CSA_DUMMY_OP_groupi_n_95  ( Metal1 )
Bounds : ( 64.635, 21.190 ) ( 64.765, 21.270 )


SPACING: ( ViaInPin ) Regular Wire of Net WALLACE_CSA_DUMMY_OP_groupi_n_73  ( Metal1 )
Bounds : ( 63.435, 21.190 ) ( 63.565, 21.270 )


SPACING: ( ParallelRunLength Spacing ) Regular Wire of Net FE_RN_46_0 & Pin of Cell FE_RC_58_0  ( Metal1 )
Bounds : ( 67.285, 13.195 ) ( 67.290, 13.245 )


SPACING: ( ParallelRunLength Spacing ) Regular Wire of Net FE_RN_46_0 & Pin of Cell FE_RC_58_0  ( Metal1 )
Bounds : ( 67.235, 13.195 ) ( 67.285, 13.245 )


SPACING: ( ViaInPin ) Regular Wire of Net FE_RN_46_0  ( Metal1 )
Bounds : ( 67.235, 13.115 ) ( 67.365, 13.195 )


SPACING: ( ViaInPin ) Regular Wire of Net WALLACE_CSA_DUMMY_OP_groupi_n_107  ( Metal1 )
Bounds : ( 61.235, 23.045 ) ( 61.365, 23.125 )


SPACING: ( ViaInPin ) Regular Wire of Net WALLACE_CSA_DUMMY_OP_groupi_n_85  ( Metal1 )
Bounds : ( 60.235, 23.045 ) ( 60.365, 23.125 )


SPACING: ( ParallelRunLength Spacing ) Regular Wire of Net WALLACE_CSA_DUMMY_OP_groupi_n_98 & Blockage of Cell WALLACE_CSA_DUMMY_OP_groupi_g3700__7482  ( Metal1 )
Bounds : ( 58.580, 21.225 ) ( 58.635, 21.270 )


SPACING: ( ViaInPin ) Regular Wire of Net WALLACE_CSA_DUMMY_OP_groupi_n_93  ( Metal1 )
Bounds : ( 62.435, 21.145 ) ( 62.565, 21.225 )


SPACING: ( ViaInPin ) Regular Wire of Net WALLACE_CSA_DUMMY_OP_groupi_n_119  ( Metal1 )
Bounds : ( 61.435, 21.145 ) ( 61.565, 21.225 )


SPACING: ( ViaInPin ) Regular Wire of Net WALLACE_CSA_DUMMY_OP_groupi_n_159  ( Metal1 )
Bounds : ( 60.435, 21.145 ) ( 60.565, 21.225 )


SPACING: ( ViaInPin ) Regular Wire of Net WALLACE_CSA_DUMMY_OP_groupi_n_106  ( Metal1 )
Bounds : ( 59.635, 21.190 ) ( 59.765, 21.270 )


SPACING: ( ViaInPin ) Regular Wire of Net WALLACE_CSA_DUMMY_OP_groupi_n_98  ( Metal1 )
Bounds : ( 58.635, 21.190 ) ( 58.765, 21.270 )


SPACING: ( ViaInPin ) Regular Wire of Net WALLACE_CSA_DUMMY_OP_groupi_n_113  ( Metal1 )
Bounds : ( 57.835, 21.525 ) ( 57.965, 21.605 )


SPACING: ( ParallelRunLength Spacing ) Regular Wire of Net WALLACE_CSA_DUMMY_OP_groupi_n_106 & Blockage of Cell WALLACE_CSA_DUMMY_OP_groupi_g3691__1617  ( Metal1 )
Bounds : ( 59.580, 21.225 ) ( 59.635, 21.270 )


SPACING: ( ParallelRunLength Spacing ) Regular Wire of Net WALLACE_CSA_DUMMY_OP_groupi_n_159 & Blockage of Cell WALLACE_CSA_DUMMY_OP_groupi_g3622__4319  ( Metal1 )
Bounds : ( 60.380, 21.225 ) ( 60.435, 21.225 )


SPACING: ( ParallelRunLength Spacing ) Regular Wire of Net WALLACE_CSA_DUMMY_OP_groupi_n_119 & Blockage of Cell WALLACE_CSA_DUMMY_OP_groupi_g3675__9945  ( Metal1 )
Bounds : ( 61.380, 21.225 ) ( 61.435, 21.225 )


SPACING: ( ParallelRunLength Spacing ) Regular Wire of Net WALLACE_CSA_DUMMY_OP_groupi_n_93 & Blockage of Cell WALLACE_CSA_DUMMY_OP_groupi_g3705__2883  ( Metal1 )
Bounds : ( 62.380, 21.225 ) ( 62.435, 21.225 )


SPACING: ( ViaInPin ) Regular Wire of Net WALLACE_CSA_DUMMY_OP_groupi_n_136  ( Metal1 )
Bounds : ( 53.835, 21.335 ) ( 53.965, 21.415 )


SPACING: ( ViaInPin ) Regular Wire of Net WALLACE_CSA_DUMMY_OP_groupi_n_137  ( Metal1 )
Bounds : ( 54.835, 21.335 ) ( 54.965, 21.415 )


SPACING: ( ViaInPin ) Regular Wire of Net WALLACE_CSA_DUMMY_OP_groupi_n_103  ( Metal1 )
Bounds : ( 54.835, 23.045 ) ( 54.965, 23.125 )


SPACING: ( ViaInPin ) Regular Wire of Net WALLACE_CSA_DUMMY_OP_groupi_n_102  ( Metal1 )
Bounds : ( 55.635, 21.335 ) ( 55.765, 21.415 )


SPACING: ( ViaInPin ) Regular Wire of Net WALLACE_CSA_DUMMY_OP_groupi_n_111  ( Metal1 )
Bounds : ( 56.035, 22.855 ) ( 56.165, 22.935 )


SPACING: ( ViaInPin ) Regular Wire of Net WALLACE_CSA_DUMMY_OP_groupi_n_149  ( Metal1 )
Bounds : ( 56.635, 21.335 ) ( 56.765, 21.415 )


SPACING: ( ViaInPin ) Regular Wire of Net WALLACE_CSA_DUMMY_OP_groupi_n_86  ( Metal1 )
Bounds : ( 56.835, 19.625 ) ( 56.965, 19.705 )


SPACING: ( ViaInPin ) Regular Wire of Net WALLACE_CSA_DUMMY_OP_groupi_n_71  ( Metal1 )
Bounds : ( 58.635, 17.900 ) ( 58.765, 17.980 )


SPACING: ( ViaInPin ) Regular Wire of Net WALLACE_CSA_DUMMY_OP_groupi_n_504  ( Metal1 )
Bounds : ( 62.435, 13.115 ) ( 62.565, 13.195 )


SPACING: ( ParallelRunLength Spacing ) Regular Wire of Net WALLACE_CSA_DUMMY_OP_groupi_n_504 & Pin of Cell FE_RC_57_0  ( Metal1 )
Bounds : ( 62.435, 13.195 ) ( 62.485, 13.245 )


SPACING: ( ParallelRunLength Spacing ) Regular Wire of Net WALLACE_CSA_DUMMY_OP_groupi_n_504 & Pin of Cell FE_RC_57_0  ( Metal1 )
Bounds : ( 62.485, 13.195 ) ( 62.490, 13.245 )


SPACING: ( ViaInPin ) Regular Wire of Net FE_OFN51_result_o_29  ( Metal1 )
Bounds : ( 54.435, 8.985 ) ( 54.565, 9.065 )


SPACING: ( ViaInPin ) Regular Wire of Net FE_RN_135_0  ( Metal1 )
Bounds : ( 69.835, 9.080 ) ( 69.965, 9.160 )


SPACING: ( ViaInPin ) Regular Wire of Net FE_RN_148_0  ( Metal1 )
Bounds : ( 72.025, 12.405 ) ( 72.155, 12.485 )


SPACING: ( ViaInPin ) Regular Wire of Net FE_RN_132_0  ( Metal1 )
Bounds : ( 72.235, 8.985 ) ( 72.365, 9.065 )


SPACING: ( ViaInPin ) Regular Wire of Net FE_RN_152_0  ( Metal1 )
Bounds : ( 73.835, 11.065 ) ( 73.965, 11.145 )


SPACING: ( ViaInPin ) Regular Wire of Net FE_OFN75_result_o_11  ( Metal1 )
Bounds : ( 75.045, 8.795 ) ( 75.175, 8.875 )


SPACING: ( ViaInPin ) Regular Wire of Net FE_RN_13_0  ( Metal1 )
Bounds : ( 75.835, 11.065 ) ( 75.965, 11.145 )


SPACING: ( ParallelRunLength Spacing ) Regular Wire of Net FE_RN_152_0 & Pin of Cell FE_RC_184_0  ( Metal1 )
Bounds : ( 73.835, 11.145 ) ( 73.965, 11.195 )


SPACING: ( ParallelRunLength Spacing ) Regular Wire of Net FE_RN_152_0 & Pin of Cell FE_RC_184_0  ( Metal1 )
Bounds : ( 73.965, 11.065 ) ( 73.995, 11.075 )


SPACING: ( ParallelRunLength Spacing ) Regular Wire of Net FE_RN_13_0 & Pin of Cell FE_RC_10_0  ( Metal1 )
Bounds : ( 75.835, 11.145 ) ( 75.965, 11.195 )


SPACING: ( ParallelRunLength Spacing ) Regular Wire of Net FE_RN_13_0 & Pin of Cell FE_RC_10_0  ( Metal1 )
Bounds : ( 75.965, 11.065 ) ( 75.995, 11.075 )


SPACING: ( ViaInPin ) Regular Wire of Net WALLACE_CSA_DUMMY_OP_groupi59_n_223  ( Metal1 )
Bounds : ( 40.235, 50.255 ) ( 40.365, 50.335 )


SPACING: ( ViaInPin ) Regular Wire of Net FE_OCPN38_operand_a_i_sr_29  ( Metal1 )
Bounds : ( 40.435, 43.375 ) ( 40.565, 43.455 )


SPACING: ( ViaInPin ) Regular Wire of Net WALLACE_CSA_DUMMY_OP_groupi59_n_167  ( Metal1 )
Bounds : ( 41.435, 43.565 ) ( 41.565, 43.645 )


SPACING: ( ViaInPin ) Regular Wire of Net WALLACE_CSA_DUMMY_OP_groupi59_n_176  ( Metal1 )
Bounds : ( 42.635, 50.370 ) ( 42.765, 50.450 )


SPACING: ( ViaInPin ) Regular Wire of Net WALLACE_CSA_DUMMY_OP_groupi59_n_313  ( Metal1 )
Bounds : ( 44.850, 50.405 ) ( 44.980, 50.485 )


SPACING: ( ViaInPin ) Regular Wire of Net WALLACE_CSA_DUMMY_OP_groupi58_n_223  ( Metal1 )
Bounds : ( 46.635, 38.485 ) ( 46.765, 38.565 )


SPACING: ( ParallelRunLength Spacing ) Regular Wire of Net WALLACE_CSA_DUMMY_OP_groupi59_n_176 & Pin of Cell WALLACE_CSA_DUMMY_OP_groupi59_g3598  ( Metal1 )
Bounds : ( 42.650, 50.450 ) ( 42.670, 50.500 )


SPACING: ( ParallelRunLength Spacing ) Regular Wire of Net WALLACE_CSA_DUMMY_OP_groupi59_n_313 & Pin of Cell WALLACE_CSA_DUMMY_OP_groupi59_g3477__1881  ( Metal1 )
Bounds : ( 44.795, 50.405 ) ( 44.850, 50.485 )


SPACING: ( ViaInPin ) Regular Wire of Net WALLACE_CSA_DUMMY_OP_groupi59_n_448  ( Metal1 )
Bounds : ( 27.635, 45.220 ) ( 27.765, 45.300 )


SPACING: ( ViaInPin ) Regular Wire of Net FE_RN_197_0  ( Metal1 )
Bounds : ( 27.835, 50.415 ) ( 27.965, 50.495 )


SPACING: ( ViaInPin ) Regular Wire of Net WALLACE_CSA_DUMMY_OP_groupi59_n_382  ( Metal1 )
Bounds : ( 31.035, 48.315 ) ( 31.165, 48.395 )


SPACING: ( ViaInPin ) Regular Wire of Net WALLACE_CSA_DUMMY_OP_groupi59_n_22  ( Metal1 )
Bounds : ( 31.625, 43.185 ) ( 31.755, 43.265 )


SPACING: ( ViaInPin ) Regular Wire of Net WALLACE_CSA_DUMMY_OP_groupi59_n_410  ( Metal1 )
Bounds : ( 32.425, 43.185 ) ( 32.555, 43.265 )


SPACING: ( ViaInPin ) Regular Wire of Net WALLACE_CSA_DUMMY_OP_groupi59_n_393  ( Metal1 )
Bounds : ( 33.250, 45.085 ) ( 33.380, 45.165 )


SPACING: ( ViaInPin ) Regular Wire of Net WALLACE_CSA_DUMMY_OP_groupi58_n_202  ( Metal1 )
Bounds : ( 35.835, 38.625 ) ( 35.965, 38.705 )


SPACING: ( ViaInPin ) Regular Wire of Net WALLACE_CSA_DUMMY_OP_groupi59_n_173  ( Metal1 )
Bounds : ( 36.635, 43.375 ) ( 36.765, 43.455 )


SPACING: ( ParallelRunLength Spacing ) Regular Wire of Net WALLACE_CSA_DUMMY_OP_groupi59_n_448 & Pin of Cell WALLACE_CSA_DUMMY_OP_groupi59_g3369__5115  ( Metal1 )
Bounds : ( 27.610, 45.220 ) ( 27.635, 45.300 )


SPACING: ( ParallelRunLength Spacing ) Regular Wire of Net FE_RN_197_0 & Pin of Cell FE_RC_253_0  ( Metal1 )
Bounds : ( 27.835, 50.365 ) ( 27.965, 50.415 )


SPACING: ( ViaInPin ) Regular Wire of Net WALLACE_CSA_DUMMY_OP_groupi58_n_100  ( Metal1 )
Bounds : ( 45.435, 36.725 ) ( 45.565, 36.805 )


SPACING: ( ViaInPin ) Regular Wire of Net WALLACE_CSA_DUMMY_OP_groupi58_n_83  ( Metal1 )
Bounds : ( 43.635, 38.315 ) ( 43.765, 38.395 )


SPACING: ( ViaInPin ) Regular Wire of Net WALLACE_CSA_DUMMY_OP_groupi58_n_81  ( Metal1 )
Bounds : ( 39.035, 35.015 ) ( 39.165, 35.095 )


SPACING: ( ViaInPin ) Regular Wire of Net FE_OFN108_operand_a_i_sr_28  ( Metal1 )
Bounds : ( 37.835, 36.345 ) ( 37.965, 36.425 )


SPACING: ( ViaInPin ) Regular Wire of Net WALLACE_CSA_DUMMY_OP_groupi59_n_52  ( Metal1 )
Bounds : ( 45.835, 33.685 ) ( 45.965, 33.765 )


SPACING: ( ViaInPin ) Regular Wire of Net WALLACE_CSA_DUMMY_OP_groupi58_n_230  ( Metal1 )
Bounds : ( 47.645, 36.155 ) ( 47.775, 36.235 )


SPACING: ( ViaInPin ) Regular Wire of Net WALLACE_CSA_DUMMY_OP_groupi58_n_176  ( Metal1 )
Bounds : ( 49.635, 37.105 ) ( 49.765, 37.185 )


SPACING: ( ParallelRunLength Spacing ) Regular Wire of Net WALLACE_CSA_DUMMY_OP_groupi58_n_83 & Blockage of Cell WALLACE_CSA_DUMMY_OP_groupi58_g3716__4733  ( Metal1 )
Bounds : ( 43.580, 38.325 ) ( 43.635, 38.385 )


SPACING: ( ParallelRunLength Spacing ) Regular Wire of Net WALLACE_CSA_DUMMY_OP_groupi58_n_83 & Pin of Cell WALLACE_CSA_DUMMY_OP_groupi58_g3716__4733  ( Metal1 )
Bounds : ( 43.650, 38.300 ) ( 43.660, 38.315 )


SPACING: ( ViaInPin ) Regular Wire of Net WALLACE_CSA_DUMMY_OP_groupi58_n_112  ( Metal1 )
Bounds : ( 44.635, 28.175 ) ( 44.765, 28.255 )


SPACING: ( ViaInPin ) Regular Wire of Net WALLACE_CSA_DUMMY_OP_groupi58_n_92  ( Metal1 )
Bounds : ( 40.035, 31.595 ) ( 40.165, 31.675 )


SPACING: ( ViaInPin ) Regular Wire of Net WALLACE_CSA_DUMMY_OP_groupi58_n_72  ( Metal1 )
Bounds : ( 47.235, 29.695 ) ( 47.365, 29.775 )


SPACING: ( ViaInPin ) Regular Wire of Net WALLACE_CSA_DUMMY_OP_groupi58_n_167  ( Metal1 )
Bounds : ( 48.635, 26.275 ) ( 48.765, 26.355 )


SPACING: ( ViaInPin ) Regular Wire of Net FE_OFN144_operand_b_i_sr_2  ( Metal1 )
Bounds : ( 48.835, 30.265 ) ( 48.965, 30.345 )


SPACING: ( ViaInPin ) Regular Wire of Net WALLACE_CSA_DUMMY_OP_groupi58_n_96  ( Metal1 )
Bounds : ( 28.435, 36.770 ) ( 28.565, 36.850 )


SPACING: ( ViaInPin ) Regular Wire of Net WALLACE_CSA_DUMMY_OP_groupi58_n_43  ( Metal1 )
Bounds : ( 30.835, 38.055 ) ( 30.965, 38.135 )


SPACING: ( ViaInPin ) Regular Wire of Net FE_OFN149_operand_b_i_sr_21  ( Metal1 )
Bounds : ( 32.035, 35.395 ) ( 32.165, 35.475 )


SPACING: ( ViaInPin ) Regular Wire of Net FE_OFN133_operand_a_i_sr_19  ( Metal1 )
Bounds : ( 33.035, 32.925 ) ( 33.165, 33.005 )


SPACING: ( ViaInPin ) Regular Wire of Net WALLACE_CSA_DUMMY_OP_groupi58_n_129  ( Metal1 )
Bounds : ( 35.235, 35.015 ) ( 35.365, 35.095 )


SPACING: ( ParallelRunLength Spacing ) Regular Wire of Net WALLACE_CSA_DUMMY_OP_groupi58_n_96 & Blockage of Cell WALLACE_CSA_DUMMY_OP_groupi58_g3702__5526  ( Metal1 )
Bounds : ( 28.380, 36.850 ) ( 28.435, 36.855 )


SPACING: ( ViaInPin ) Regular Wire of Net WALLACE_CSA_DUMMY_OP_groupi58_n_101  ( Metal1 )
Bounds : ( 31.435, 28.175 ) ( 31.565, 28.255 )


SPACING: ( ViaInPin ) Regular Wire of Net WALLACE_CSA_DUMMY_OP_groupi58_n_153  ( Metal1 )
Bounds : ( 32.435, 28.175 ) ( 32.565, 28.255 )


SPACING: ( ViaInPin ) Regular Wire of Net WALLACE_CSA_DUMMY_OP_groupi58_n_104  ( Metal1 )
Bounds : ( 33.235, 30.075 ) ( 33.365, 30.155 )


SPACING: ( ViaInPin ) Regular Wire of Net WALLACE_CSA_DUMMY_OP_groupi58_n_75  ( Metal1 )
Bounds : ( 34.435, 29.695 ) ( 34.565, 29.775 )


SPACING: ( ViaInPin ) Regular Wire of Net FE_OFN125_operand_a_i_sr_21  ( Metal1 )
Bounds : ( 35.435, 29.505 ) ( 35.565, 29.585 )


SPACING: ( ViaInPin ) Regular Wire of Net FE_OFN105_operand_a_i_sr_27  ( Metal1 )
Bounds : ( 35.435, 31.215 ) ( 35.565, 31.295 )


SPACING: ( ViaInPin ) Regular Wire of Net WALLACE_CSA_DUMMY_OP_groupi58_n_141  ( Metal1 )
Bounds : ( 36.835, 27.985 ) ( 36.965, 28.065 )


SPACING: ( ParallelRunLength Spacing ) Regular Wire of Net WALLACE_CSA_DUMMY_OP_groupi58_n_104 & Blockage of Cell WALLACE_CSA_DUMMY_OP_groupi58_g3694__7482  ( Metal1 )
Bounds : ( 33.180, 30.075 ) ( 33.235, 30.075 )


SPACING: ( ParallelRunLength Spacing ) Regular Wire of Net WALLACE_CSA_DUMMY_OP_groupi58_n_141 & Blockage of Cell WALLACE_CSA_DUMMY_OP_groupi58_g3647__5526  ( Metal1 )
Bounds : ( 36.780, 28.065 ) ( 36.835, 28.065 )


SPACING: ( ViaInPin ) Regular Wire of Net WALLACE_CSA_DUMMY_OP_groupi58_n_89  ( Metal1 )
Bounds : ( 26.035, 27.985 ) ( 26.165, 28.065 )


SPACING: ( ViaInPin ) Regular Wire of Net WALLACE_CSA_DUMMY_OP_groupi58_n_107  ( Metal1 )
Bounds : ( 27.035, 28.365 ) ( 27.165, 28.445 )


SPACING: ( ViaInPin ) Regular Wire of Net WALLACE_CSA_DUMMY_OP_groupi58_n_140  ( Metal1 )
Bounds : ( 28.235, 27.985 ) ( 28.365, 28.065 )


SPACING: ( ViaInPin ) Regular Wire of Net WALLACE_CSA_DUMMY_OP_groupi58_n_120  ( Metal1 )
Bounds : ( 28.635, 31.785 ) ( 28.765, 31.865 )


SPACING: ( ViaInPin ) Regular Wire of Net WALLACE_CSA_DUMMY_OP_groupi58_n_70  ( Metal1 )
Bounds : ( 29.235, 27.985 ) ( 29.365, 28.065 )


SPACING: ( ViaInPin ) Regular Wire of Net WALLACE_CSA_DUMMY_OP_groupi58_n_315  ( Metal1 )
Bounds : ( 29.650, 31.025 ) ( 29.780, 31.105 )


SPACING: ( ViaInPin ) Regular Wire of Net WALLACE_CSA_DUMMY_OP_groupi58_n_91  ( Metal1 )
Bounds : ( 30.435, 27.985 ) ( 30.565, 28.065 )


SPACING: ( ParallelRunLength Spacing ) Regular Wire of Net WALLACE_CSA_DUMMY_OP_groupi58_n_89 & Blockage of Cell WALLACE_CSA_DUMMY_OP_groupi58_g3710__8246  ( Metal1 )
Bounds : ( 25.980, 28.065 ) ( 26.035, 28.065 )


SPACING: ( ParallelRunLength Spacing ) Regular Wire of Net WALLACE_CSA_DUMMY_OP_groupi58_n_140 & Blockage of Cell WALLACE_CSA_DUMMY_OP_groupi58_g3648__6783  ( Metal1 )
Bounds : ( 28.180, 28.065 ) ( 28.235, 28.065 )


SPACING: ( ParallelRunLength Spacing ) Regular Wire of Net WALLACE_CSA_DUMMY_OP_groupi58_n_70 & Blockage of Cell WALLACE_CSA_DUMMY_OP_groupi58_g3730__4319  ( Metal1 )
Bounds : ( 29.180, 28.065 ) ( 29.235, 28.065 )


SPACING: ( ParallelRunLength Spacing ) Regular Wire of Net WALLACE_CSA_DUMMY_OP_groupi58_n_91 & Blockage of Cell WALLACE_CSA_DUMMY_OP_groupi58_g3707__1705  ( Metal1 )
Bounds : ( 30.380, 28.065 ) ( 30.435, 28.065 )


SPACING: ( ViaInPin ) Regular Wire of Net WALLACE_CSA_DUMMY_OP_groupi58_n_139  ( Metal1 )
Bounds : ( 21.635, 34.825 ) ( 21.765, 34.905 )


SPACING: ( ViaInPin ) Regular Wire of Net WALLACE_CSA_DUMMY_OP_groupi58_n_144  ( Metal1 )
Bounds : ( 23.435, 33.305 ) ( 23.565, 33.385 )


SPACING: ( ViaInPin ) Regular Wire of Net WALLACE_CSA_DUMMY_OP_groupi58_n_82  ( Metal1 )
Bounds : ( 24.235, 33.305 ) ( 24.365, 33.385 )


SPACING: ( ParallelRunLength Spacing ) Regular Wire of Net WALLACE_CSA_DUMMY_OP_groupi58_n_139 & Blockage of Cell WALLACE_CSA_DUMMY_OP_groupi58_g3651__1617  ( Metal1 )
Bounds : ( 21.580, 34.905 ) ( 21.635, 34.905 )


SPACING: ( ViaInPin ) Regular Wire of Net WALLACE_CSA_DUMMY_OP_groupi58_n_166  ( Metal1 )
Bounds : ( 24.235, 29.695 ) ( 24.365, 29.775 )


SPACING: ( ViaInPin ) Regular Wire of Net WALLACE_CSA_DUMMY_OP_groupi58_n_80  ( Metal1 )
Bounds : ( 22.635, 31.785 ) ( 22.765, 31.865 )


SPACING: ( ViaInPin ) Regular Wire of Net FE_OFN132_operand_b_i_sr_7  ( Metal1 )
Bounds : ( 20.035, 29.885 ) ( 20.165, 29.965 )


SPACING: ( ViaInPin ) Regular Wire of Net WALLACE_CSA_DUMMY_OP_groupi58_n_146  ( Metal1 )
Bounds : ( 18.635, 31.595 ) ( 18.765, 31.675 )


SPACING: ( ViaInPin ) Regular Wire of Net WALLACE_CSA_DUMMY_OP_groupi58_n_74  ( Metal1 )
Bounds : ( 24.235, 31.580 ) ( 24.365, 31.660 )


SPACING: ( ParallelRunLength Spacing ) Regular Wire of Net FE_OFN132_operand_b_i_sr_7 & Pin of Cell prects_FE_OFC70_n_981  ( Metal1 )
Bounds : ( 19.990, 29.965 ) ( 20.035, 29.980 )


SPACING: ( ParallelRunLength Spacing ) Regular Wire of Net FE_OFN132_operand_b_i_sr_7 & Pin of Cell prects_FE_OFC70_n_981  ( Metal1 )
Bounds : ( 20.050, 29.965 ) ( 20.070, 29.980 )


SPACING: ( ViaInPin ) Regular Wire of Net WALLACE_CSA_DUMMY_OP_groupi58_n_109  ( Metal1 )
Bounds : ( 21.835, 28.365 ) ( 21.965, 28.445 )


SPACING: ( ViaInPin ) Regular Wire of Net WALLACE_CSA_DUMMY_OP_groupi58_n_117  ( Metal1 )
Bounds : ( 20.835, 28.365 ) ( 20.965, 28.445 )


SPACING: ( ViaInPin ) Regular Wire of Net WALLACE_CSA_DUMMY_OP_groupi58_n_142  ( Metal1 )
Bounds : ( 19.835, 28.030 ) ( 19.965, 28.110 )


SPACING: ( ViaInPin ) Regular Wire of Net WALLACE_CSA_DUMMY_OP_groupi58_n_95  ( Metal1 )
Bounds : ( 18.835, 28.175 ) ( 18.965, 28.255 )


SPACING: ( ParallelRunLength Spacing ) Regular Wire of Net WALLACE_CSA_DUMMY_OP_groupi58_n_142 & Blockage of Cell WALLACE_CSA_DUMMY_OP_groupi58_g3646__8428  ( Metal1 )
Bounds : ( 19.780, 28.065 ) ( 19.835, 28.110 )


SPACING: ( ViaInPin ) Regular Wire of Net WALLACE_CSA_DUMMY_OP_groupi58_n_98  ( Metal1 )
Bounds : ( 17.435, 26.275 ) ( 17.565, 26.355 )


SPACING: ( ViaInPin ) Regular Wire of Net WALLACE_CSA_DUMMY_OP_groupi58_n_106  ( Metal1 )
Bounds : ( 17.635, 28.365 ) ( 17.765, 28.445 )


SPACING: ( ViaInPin ) Regular Wire of Net WALLACE_CSA_DUMMY_OP_groupi58_n_154  ( Metal1 )
Bounds : ( 18.435, 26.465 ) ( 18.565, 26.545 )


SPACING: ( ViaInPin ) Regular Wire of Net WALLACE_CSA_DUMMY_OP_groupi58_n_157  ( Metal1 )
Bounds : ( 23.635, 38.435 ) ( 23.765, 38.515 )


SPACING: ( ViaInPin ) Regular Wire of Net WALLACE_CSA_DUMMY_OP_groupi58_n_343  ( Metal1 )
Bounds : ( 44.650, 24.185 ) ( 44.780, 24.265 )


SPACING: ( ViaInPin ) Regular Wire of Net WALLACE_CSA_DUMMY_OP_groupi58_n_132  ( Metal1 )
Bounds : ( 43.835, 24.945 ) ( 43.965, 25.025 )


SPACING: ( ViaInPin ) Regular Wire of Net FE_RN_99_0  ( Metal1 )
Bounds : ( 42.250, 20.005 ) ( 42.380, 20.085 )


SPACING: ( ViaInPin ) Regular Wire of Net FE_RN_97_0  ( Metal1 )
Bounds : ( 41.825, 21.115 ) ( 41.955, 21.195 )


SPACING: ( ViaInPin ) Regular Wire of Net WALLACE_CSA_DUMMY_OP_groupi58_n_173  ( Metal1 )
Bounds : ( 49.035, 24.755 ) ( 49.165, 24.835 )


SPACING: ( ViaInPin ) Regular Wire of Net WALLACE_CSA_DUMMY_OP_groupi58_n_313  ( Metal1 )
Bounds : ( 49.450, 21.205 ) ( 49.580, 21.285 )


SPACING: ( ParallelRunLength Spacing ) Regular Wire of Net FE_RN_97_0 & Pin of Cell FE_RC_130_0  ( Metal1 )
Bounds : ( 41.785, 21.080 ) ( 41.825, 21.115 )


SPACING: ( ParallelRunLength Spacing ) Regular Wire of Net FE_RN_97_0 & Pin of Cell FE_RC_130_0  ( Metal1 )
Bounds : ( 41.825, 21.080 ) ( 41.860, 21.115 )


SPACING: ( ParallelRunLength Spacing ) Regular Wire of Net FE_RN_97_0 & Blockage of Cell FE_RC_130_0  ( Metal1 )
Bounds : ( 41.955, 21.195 ) ( 42.000, 21.205 )


SPACING: ( ViaInPin ) Regular Wire of Net WALLACE_CSA_DUMMY_OP_groupi58_n_402  ( Metal1 )
Bounds : ( 43.850, 17.345 ) ( 43.980, 17.425 )


SPACING: ( ViaInPin ) Regular Wire of Net WALLACE_CSA_DUMMY_OP_groupi58_n_481  ( Metal1 )
Bounds : ( 39.035, 14.495 ) ( 39.165, 14.575 )


SPACING: ( ViaInPin ) Regular Wire of Net WALLACE_CSA_DUMMY_OP_groupi58_n_24  ( Metal1 )
Bounds : ( 45.635, 14.495 ) ( 45.765, 14.575 )


SPACING: ( ViaInPin ) Regular Wire of Net WALLACE_CSA_DUMMY_OP_groupi58_n_393  ( Metal1 )
Bounds : ( 48.850, 16.775 ) ( 48.980, 16.855 )


SPACING: ( ViaInPin ) Regular Wire of Net WALLACE_CSA_DUMMY_OP_groupi58_n_93  ( Metal1 )
Bounds : ( 25.035, 24.565 ) ( 25.165, 24.645 )


SPACING: ( ViaInPin ) Regular Wire of Net WALLACE_CSA_DUMMY_OP_groupi58_n_97  ( Metal1 )
Bounds : ( 25.835, 24.945 ) ( 25.965, 25.025 )


SPACING: ( ViaInPin ) Regular Wire of Net WALLACE_CSA_DUMMY_OP_groupi58_n_85  ( Metal1 )
Bounds : ( 26.635, 24.945 ) ( 26.765, 25.025 )


SPACING: ( ViaInPin ) Regular Wire of Net FE_RN_218_0  ( Metal1 )
Bounds : ( 28.035, 12.840 ) ( 28.165, 12.920 )


SPACING: ( ViaInPin ) Regular Wire of Net WALLACE_CSA_DUMMY_OP_groupi58_n_16  ( Metal1 )
Bounds : ( 33.435, 22.855 ) ( 33.565, 22.935 )


SPACING: ( ViaInPin ) Regular Wire of Net WALLACE_CSA_DUMMY_OP_groupi58_n_115  ( Metal1 )
Bounds : ( 34.035, 24.755 ) ( 34.165, 24.835 )


SPACING: ( ViaInPin ) Regular Wire of Net WALLACE_CSA_DUMMY_OP_groupi58_n_150  ( Metal1 )
Bounds : ( 34.435, 22.855 ) ( 34.565, 22.935 )


SPACING: ( ViaInPin ) Regular Wire of Net WALLACE_CSA_DUMMY_OP_groupi58_n_105  ( Metal1 )
Bounds : ( 34.835, 24.945 ) ( 34.965, 25.025 )


SPACING: ( ViaInPin ) Regular Wire of Net WALLACE_CSA_DUMMY_OP_groupi58_n_379  ( Metal1 )
Bounds : ( 35.835, 19.245 ) ( 35.965, 19.325 )


SPACING: ( ParallelRunLength Spacing ) Regular Wire of Net WALLACE_CSA_DUMMY_OP_groupi58_n_93 & Blockage of Cell WALLACE_CSA_DUMMY_OP_groupi58_g3705__1617  ( Metal1 )
Bounds : ( 24.980, 24.645 ) ( 25.035, 24.645 )


SPACING: ( ParallelRunLength Spacing ) Regular Wire of Net FE_RN_218_0 & Pin of Cell FE_RC_293_0  ( Metal1 )
Bounds : ( 28.010, 12.840 ) ( 28.035, 12.920 )


SPACING: ( ViaInPin ) Regular Wire of Net WALLACE_CSA_DUMMY_OP_groupi58_n_485  ( Metal1 )
Bounds : ( 37.635, 14.495 ) ( 37.765, 14.575 )


SPACING: ( ViaInPin ) Regular Wire of Net FE_OFN33_result_o_43  ( Metal1 )
Bounds : ( 30.035, 12.520 ) ( 30.165, 12.600 )


SPACING: ( ViaInPin ) Regular Wire of Net FE_OFN65_result_o_48  ( Metal1 )
Bounds : ( 31.235, 4.235 ) ( 31.365, 4.315 )


SPACING: ( ViaInPin ) Regular Wire of Net FE_OFN49_result_o_48  ( Metal1 )
Bounds : ( 31.635, 4.615 ) ( 31.765, 4.695 )


SPACING: ( ViaInPin ) Regular Wire of Net WALLACE_CSA_DUMMY_OP_groupi58_n_484  ( Metal1 )
Bounds : ( 37.035, 12.595 ) ( 37.165, 12.675 )


SPACING: ( ViaInPin ) Regular Wire of Net WALLACE_CSA_DUMMY_OP_groupi58_n_410  ( Metal1 )
Bounds : ( 47.625, 12.405 ) ( 47.755, 12.485 )


SPACING: ( ViaInPin ) Regular Wire of Net WALLACE_CSA_DUMMY_OP_groupi58_n_22  ( Metal1 )
Bounds : ( 48.425, 12.405 ) ( 48.555, 12.485 )


SPACING: ( ParallelRunLength Spacing ) Regular Wire of Net FE_RN_218_0 & Pin of Cell FE_RC_292_0  ( Metal1 )
Bounds : ( 25.835, 12.745 ) ( 25.965, 12.795 )


SPACING: ( ParallelRunLength Spacing ) Regular Wire of Net FE_OFN65_result_o_48 & Pin of Cell prects_FE_OFC104_result_o_48  ( Metal1 )
Bounds : ( 31.190, 4.220 ) ( 31.235, 4.235 )


SPACING: ( ParallelRunLength Spacing ) Regular Wire of Net FE_OFN65_result_o_48 & Pin of Cell prects_FE_OFC104_result_o_48  ( Metal1 )
Bounds : ( 31.250, 4.220 ) ( 31.270, 4.235 )


SPACING: ( ViaInPin ) Regular Wire of Net FE_RN_218_0  ( Metal1 )
Bounds : ( 25.835, 12.795 ) ( 25.965, 12.875 )


SPACING: ( ViaInPin ) Regular Wire of Net WALLACE_CSA_DUMMY_OP_groupi58_n_136  ( Metal1 )
Bounds : ( 18.835, 21.245 ) ( 18.965, 21.325 )


SPACING: ( ViaInPin ) Regular Wire of Net WALLACE_CSA_DUMMY_OP_groupi58_n_159  ( Metal1 )
Bounds : ( 19.635, 24.755 ) ( 19.765, 24.835 )


SPACING: ( ViaInPin ) Regular Wire of Net WALLACE_CSA_DUMMY_OP_groupi58_n_119  ( Metal1 )
Bounds : ( 20.435, 24.565 ) ( 20.565, 24.645 )


SPACING: ( ViaInPin ) Regular Wire of Net WALLACE_CSA_DUMMY_OP_groupi58_n_77  ( Metal1 )
Bounds : ( 21.235, 24.705 ) ( 21.365, 24.785 )


SPACING: ( ViaInPin ) Regular Wire of Net WALLACE_CSA_DUMMY_OP_groupi58_n_73  ( Metal1 )
Bounds : ( 23.835, 22.855 ) ( 23.965, 22.935 )


SPACING: ( ParallelRunLength Spacing ) Regular Wire of Net WALLACE_CSA_DUMMY_OP_groupi58_n_136 & Blockage of Cell WALLACE_CSA_DUMMY_OP_groupi58_g3655__8246  ( Metal1 )
Bounds : ( 18.780, 21.245 ) ( 18.835, 21.285 )


SPACING: ( ParallelRunLength Spacing ) Regular Wire of Net WALLACE_CSA_DUMMY_OP_groupi58_n_136 & Pin of Cell WALLACE_CSA_DUMMY_OP_groupi58_g3655__8246  ( Metal1 )
Bounds : ( 18.850, 21.200 ) ( 18.860, 21.245 )


SPACING: ( ParallelRunLength Spacing ) Regular Wire of Net WALLACE_CSA_DUMMY_OP_groupi58_n_119 & Blockage of Cell WALLACE_CSA_DUMMY_OP_groupi58_g3675__5477  ( Metal1 )
Bounds : ( 20.380, 24.645 ) ( 20.435, 24.645 )


SPACING: ( ParallelRunLength Spacing ) Regular Wire of Net WALLACE_CSA_DUMMY_OP_groupi58_n_77 & Blockage of Cell WALLACE_CSA_DUMMY_OP_groupi58_g3722__1666  ( Metal1 )
Bounds : ( 21.180, 24.705 ) ( 21.235, 24.705 )


SPACING: ( ViaInPin ) Regular Wire of Net WALLACE_CSA_DUMMY_OP_groupi58_n_71  ( Metal1 )
Bounds : ( 17.435, 22.855 ) ( 17.565, 22.935 )


SPACING: ( ViaInPin ) Regular Wire of Net WALLACE_CSA_DUMMY_OP_groupi58_n_113  ( Metal1 )
Bounds : ( 15.835, 22.855 ) ( 15.965, 22.935 )


SPACING: ( ViaInPin ) Regular Wire of Net WALLACE_CSA_DUMMY_OP_groupi58_n_86  ( Metal1 )
Bounds : ( 15.435, 24.755 ) ( 15.565, 24.835 )


SPACING: ( ParallelRunLength Spacing ) Regular Wire of Net WALLACE_CSA_DUMMY_OP_groupi58_n_102 & Pin of Cell WALLACE_CSA_DUMMY_OP_groupi58_g3696__6161  ( Metal1 )
Bounds : ( 16.850, 21.200 ) ( 16.860, 21.245 )


SPACING: ( ParallelRunLength Spacing ) Regular Wire of Net WALLACE_CSA_DUMMY_OP_groupi58_n_102 & Blockage of Cell WALLACE_CSA_DUMMY_OP_groupi58_g3696__6161  ( Metal1 )
Bounds : ( 16.780, 21.245 ) ( 16.835, 21.285 )


SPACING: ( ParallelRunLength Spacing ) Regular Wire of Net WALLACE_CSA_DUMMY_OP_groupi58_n_137 & Pin of Cell WALLACE_CSA_DUMMY_OP_groupi58_g3654__5122  ( Metal1 )
Bounds : ( 15.850, 21.200 ) ( 15.860, 21.245 )


SPACING: ( ParallelRunLength Spacing ) Regular Wire of Net WALLACE_CSA_DUMMY_OP_groupi58_n_137 & Blockage of Cell WALLACE_CSA_DUMMY_OP_groupi58_g3654__5122  ( Metal1 )
Bounds : ( 15.780, 21.245 ) ( 15.835, 21.285 )


SPACING: ( ViaInPin ) Regular Wire of Net WALLACE_CSA_DUMMY_OP_groupi58_n_103  ( Metal1 )
Bounds : ( 17.835, 21.145 ) ( 17.965, 21.225 )


SPACING: ( ViaInPin ) Regular Wire of Net WALLACE_CSA_DUMMY_OP_groupi58_n_102  ( Metal1 )
Bounds : ( 16.835, 21.245 ) ( 16.965, 21.325 )


SPACING: ( ViaInPin ) Regular Wire of Net WALLACE_CSA_DUMMY_OP_groupi58_n_137  ( Metal1 )
Bounds : ( 15.835, 21.245 ) ( 15.965, 21.325 )


SPACING: ( ViaInPin ) Regular Wire of Net WALLACE_CSA_DUMMY_OP_groupi58_n_149  ( Metal1 )
Bounds : ( 14.435, 21.320 ) ( 14.565, 21.400 )


SPACING: ( ParallelRunLength Spacing ) Regular Wire of Net WALLACE_CSA_DUMMY_OP_groupi58_n_103 & Blockage of Cell WALLACE_CSA_DUMMY_OP_groupi58_g3695__4733  ( Metal1 )
Bounds : ( 17.780, 21.225 ) ( 17.835, 21.225 )


SPACING: ( ViaInPin ) Regular Wire of Net WALLACE_CSA_DUMMY_OP_groupi58_n_111  ( Metal1 )
Bounds : ( 18.435, 22.855 ) ( 18.565, 22.935 )


SPACING: ( ViaInPin ) Regular Wire of Net FE_RN_5_0  ( Metal1 )
Bounds : ( 22.835, 13.115 ) ( 22.965, 13.195 )


SPACING: ( ParallelRunLength Spacing ) Regular Wire of Net FE_RN_5_0 & Pin of Cell FE_RC_2_0  ( Metal1 )
Bounds : ( 21.165, 12.865 ) ( 21.195, 12.875 )


SPACING: ( ParallelRunLength Spacing ) Regular Wire of Net FE_RN_5_0 & Pin of Cell FE_RC_3_0  ( Metal1 )
Bounds : ( 22.965, 13.195 ) ( 22.965, 13.245 )


SPACING: ( ViaInPin ) Regular Wire of Net FE_OFN92_scan_out_matmul_sync_0  ( Metal1 )
Bounds : ( 11.635, 12.405 ) ( 11.765, 12.485 )


SPACING: ( ViaInPin ) Regular Wire of Net FE_OFN170_result_o_47  ( Metal1 )
Bounds : ( 13.435, 7.605 ) ( 13.565, 7.685 )


SPACING: ( ViaInPin ) Regular Wire of Net FE_RN_12_1  ( Metal1 )
Bounds : ( 14.435, 9.175 ) ( 14.565, 9.255 )


SPACING: ( ViaInPin ) Regular Wire of Net FE_RN_180_0  ( Metal1 )
Bounds : ( 16.835, 11.075 ) ( 16.965, 11.155 )


SPACING: ( ViaInPin ) Regular Wire of Net FE_RN_181_0  ( Metal1 )
Bounds : ( 17.435, 11.180 ) ( 17.565, 11.260 )


SPACING: ( ViaInPin ) Regular Wire of Net FE_OFN30_result_o_46  ( Metal1 )
Bounds : ( 18.250, 7.085 ) ( 18.380, 7.165 )


SPACING: ( ParallelRunLength Spacing ) Regular Wire of Net FE_OFN170_result_o_47 & Pin of Cell prects_FE_RC_23_0  ( Metal1 )
Bounds : ( 13.410, 7.605 ) ( 13.435, 7.685 )


SPACING: ( ParallelRunLength Spacing ) Regular Wire of Net FE_RN_5_0 & Pin of Cell FE_RC_2_0  ( Metal1 )
Bounds : ( 21.035, 12.745 ) ( 21.165, 12.795 )


SPACING: ( ViaInPin ) Regular Wire of Net FE_RN_5_0  ( Metal1 )
Bounds : ( 21.035, 12.795 ) ( 21.165, 12.875 )


  Total Violations : 495 Viols.
