###############################################################
#  Generated by:      Cadence Innovus 23.15-s106_1
#  OS:                Linux x86_64(Host ID ASIC-vm)
#  Generated on:      Fri Nov 14 15:44:03 2025
#  Design:            matmul_sync
#  Command:           check_connectivity -out_file reports/opt_signoff/route.open.rpt
###############################################################
Verify Connectivity Report is created on Fri Nov 14 15:44:03 2025




Multi-CPU acceleration using 8 CPU


Use pthread

Net VSS: has special routes with opens at (4.000, 99.055) (97.000, 99.400)
Net VSS: has special routes with opens at (4.000, 95.635) (97.000, 95.980)
Net VSS: has special routes with opens at (4.000, 91.460) (97.000, 93.220)
Net VSS: has special routes with opens at (4.000, 88.040) (97.000, 89.800)
Net VSS: has special routes with opens at (4.000, 84.620) (97.000, 86.380)
Net VSS: has special routes with opens at (4.000, 81.200) (97.000, 82.960)
Net VDD: has special routes with opens at (0.000, 0.000) (101.000, 102.600)
Net VDD: has special routes with opens at (100.460, 97.345) (100.540, 97.595)
Net VDD: has special routes with opens at (100.460, 93.925) (100.540, 94.175)
Net VDD: has special routes with opens at (100.460, 90.505) (100.540, 90.755)
Net VDD: has special routes with opens at (100.460, 87.085) (100.540, 87.335)
Net VDD: has special routes with opens at (100.460, 83.665) (100.540, 83.915)
Net VDD: has special routes with opens at (100.460, 80.245) (100.540, 80.495)
Net VSS: has special routes with opens at (4.000, 77.780) (97.000, 79.540)
Net VDD: has special routes with opens at (100.460, 76.825) (100.540, 77.075)
Net VDD: has special routes with opens at (100.460, 73.405) (100.540, 73.655)
Net VDD: has special routes with opens at (100.460, 69.985) (100.540, 70.235)
Net VDD: has special routes with opens at (100.460, 66.565) (100.540, 66.815)
Net VDD: has special routes with opens at (100.460, 63.145) (100.540, 63.395)
Net VDD: has special routes with opens at (100.460, 59.725) (100.540, 59.975)
Net VDD: has special routes with opens at (100.460, 56.305) (100.540, 56.555)
Net VDD: has special routes with opens at (100.460, 52.885) (100.540, 53.135)
Net VDD: has special routes with opens at (100.460, 49.465) (100.540, 49.715)
Net VDD: has special routes with opens at (100.460, 46.045) (100.540, 46.295)
Net VDD: has special routes with opens at (100.460, 42.625) (100.540, 42.875)
Net VDD: has special routes with opens at (100.460, 39.205) (100.540, 39.455)
Net VDD: has special routes with opens at (100.460, 35.785) (100.540, 36.035)
Net VDD: has special routes with opens at (100.460, 32.365) (100.540, 32.615)
Net VDD: has special routes with opens at (100.460, 28.945) (100.540, 29.195)
Net VDD: has special routes with opens at (100.460, 25.525) (100.540, 25.775)
Net VDD: has special routes with opens at (100.460, 22.105) (100.540, 22.355)
Net VDD: has special routes with opens at (100.460, 18.685) (100.540, 18.935)
Net VDD: has special routes with opens at (100.460, 15.265) (100.540, 15.515)
Net VDD: has special routes with opens at (100.460, 11.845) (100.540, 12.095)
Net VDD: has special routes with opens at (100.460, 8.425) (100.540, 8.675)
Net VDD: has special routes with opens at (100.460, 5.005) (100.540, 5.255)
Net VDD: dangling Wire at (97.000, 97.470) (97.000, 97.470) on layer: Metal1
Net VDD: dangling Wire at (97.000, 94.050) (97.000, 94.050) on layer: Metal1
Net VDD: dangling Wire at (97.000, 90.630) (97.000, 90.630) on layer: Metal1
Net VDD: dangling Wire at (97.000, 87.210) (97.000, 87.210) on layer: Metal1
Net VDD: dangling Wire at (97.000, 83.790) (97.000, 83.790) on layer: Metal1
Net VDD: dangling Wire at (97.000, 80.370) (97.000, 80.370) on layer: Metal1
Net VDD: dangling Wire at (97.000, 76.950) (97.000, 76.950) on layer: Metal1
Net VDD: dangling Wire at (97.000, 73.530) (97.000, 73.530) on layer: Metal1
Net VDD: dangling Wire at (97.000, 70.110) (97.000, 70.110) on layer: Metal1
Net VDD: dangling Wire at (97.000, 66.690) (97.000, 66.690) on layer: Metal1
Net VDD: dangling Wire at (97.000, 63.270) (97.000, 63.270) on layer: Metal1
Net VDD: dangling Wire at (97.000, 59.850) (97.000, 59.850) on layer: Metal1
Net VDD: dangling Wire at (97.000, 56.430) (97.000, 56.430) on layer: Metal1
Net VDD: dangling Wire at (97.000, 53.010) (97.000, 53.010) on layer: Metal1
Net VDD: dangling Wire at (97.000, 49.590) (97.000, 49.590) on layer: Metal1
Net VDD: dangling Wire at (97.000, 46.170) (97.000, 46.170) on layer: Metal1
Net VDD: dangling Wire at (97.000, 42.750) (97.000, 42.750) on layer: Metal1
Net VDD: dangling Wire at (97.000, 39.330) (97.000, 39.330) on layer: Metal1
Net VDD: dangling Wire at (97.000, 35.910) (97.000, 35.910) on layer: Metal1
Net VDD: dangling Wire at (97.000, 32.490) (97.000, 32.490) on layer: Metal1
Net VDD: dangling Wire at (97.000, 29.070) (97.000, 29.070) on layer: Metal1
Net VDD: dangling Wire at (97.000, 25.650) (97.000, 25.650) on layer: Metal1
Net VDD: dangling Wire at (97.000, 22.230) (97.000, 22.230) on layer: Metal1
Net VDD: dangling Wire at (97.000, 18.810) (97.000, 18.810) on layer: Metal1
Net VDD: dangling Wire at (97.000, 15.390) (97.000, 15.390) on layer: Metal1
Net VDD: dangling Wire at (97.000, 11.970) (97.000, 11.970) on layer: Metal1
Net VDD: dangling Wire at (97.000, 8.550) (97.000, 8.550) on layer: Metal1
Net VDD: dangling Wire at (97.000, 5.130) (97.000, 5.130) on layer: Metal1
Net VDD: dangling Wire at (4.500, 97.345) (4.500, 97.345) on layer: Metal2
Net VDD: dangling Wire at (4.500, 93.925) (4.500, 93.925) on layer: Metal2
Net VDD: dangling Wire at (4.500, 90.505) (4.500, 90.505) on layer: Metal2
Net VDD: dangling Wire at (4.500, 87.085) (4.500, 87.085) on layer: Metal2
Net VDD: dangling Wire at (4.500, 83.665) (4.500, 83.665) on layer: Metal2
Net VDD: dangling Wire at (4.500, 80.245) (4.500, 80.245) on layer: Metal2
Net VDD: dangling Wire at (4.500, 76.825) (4.500, 76.825) on layer: Metal2
Net VDD: dangling Wire at (4.500, 73.405) (4.500, 73.405) on layer: Metal2
Net VDD: dangling Wire at (4.500, 69.985) (4.500, 69.985) on layer: Metal2
Net VDD: dangling Wire at (4.500, 66.565) (4.500, 66.565) on layer: Metal2
Net VDD: dangling Wire at (4.500, 63.145) (4.500, 63.145) on layer: Metal2
Net VDD: dangling Wire at (4.500, 59.725) (4.500, 59.725) on layer: Metal2
Net VDD: dangling Wire at (4.500, 56.305) (4.500, 56.305) on layer: Metal2
Net VDD: dangling Wire at (4.500, 52.885) (4.500, 52.885) on layer: Metal2
Net VDD: dangling Wire at (4.500, 49.465) (4.500, 49.465) on layer: Metal2
Net VDD: dangling Wire at (4.500, 46.045) (4.500, 46.045) on layer: Metal2
Net VDD: dangling Wire at (4.500, 42.625) (4.500, 42.625) on layer: Metal2
Net VDD: dangling Wire at (4.500, 39.205) (4.500, 39.205) on layer: Metal2
Net VDD: dangling Wire at (4.500, 35.785) (4.500, 35.785) on layer: Metal2
Net VDD: dangling Wire at (4.500, 32.365) (4.500, 32.365) on layer: Metal2
Net VDD: dangling Wire at (4.500, 28.945) (4.500, 28.945) on layer: Metal2
Net VDD: dangling Wire at (4.500, 25.525) (4.500, 25.525) on layer: Metal2
Net VDD: dangling Wire at (4.500, 22.105) (4.500, 22.105) on layer: Metal2
Net VDD: dangling Wire at (4.500, 18.685) (4.500, 18.685) on layer: Metal2
Net VDD: dangling Wire at (4.500, 15.265) (4.500, 15.265) on layer: Metal2
Net VDD: dangling Wire at (4.500, 11.845) (4.500, 11.845) on layer: Metal2
Net VDD: dangling Wire at (4.500, 8.425) (4.500, 8.425) on layer: Metal2
Net VDD: dangling Wire at (100.500, 97.345) (100.500, 97.345) on layer: Metal2
Net VDD: dangling Wire at (100.500, 97.595) (100.500, 97.595) on layer: Metal2
Net VDD: dangling Wire at (100.500, 93.925) (100.500, 93.925) on layer: Metal2
Net VDD: dangling Wire at (100.500, 94.175) (100.500, 94.175) on layer: Metal2
Net VDD: dangling Wire at (100.500, 90.505) (100.500, 90.505) on layer: Metal2
Net VDD: dangling Wire at (100.500, 90.755) (100.500, 90.755) on layer: Metal2
Net VDD: dangling Wire at (100.500, 87.085) (100.500, 87.085) on layer: Metal2
Net VDD: dangling Wire at (100.500, 87.335) (100.500, 87.335) on layer: Metal2
Net VDD: dangling Wire at (100.500, 83.665) (100.500, 83.665) on layer: Metal2
Net VDD: dangling Wire at (100.500, 83.915) (100.500, 83.915) on layer: Metal2
Net VDD: dangling Wire at (100.500, 80.245) (100.500, 80.245) on layer: Metal2
Net VDD: dangling Wire at (100.500, 80.495) (100.500, 80.495) on layer: Metal2
Net VDD: dangling Wire at (100.500, 76.825) (100.500, 76.825) on layer: Metal2
Net VDD: dangling Wire at (100.500, 77.075) (100.500, 77.075) on layer: Metal2
Net VDD: dangling Wire at (100.500, 73.405) (100.500, 73.405) on layer: Metal2
Net VDD: dangling Wire at (100.500, 73.655) (100.500, 73.655) on layer: Metal2
Net VDD: dangling Wire at (100.500, 69.985) (100.500, 69.985) on layer: Metal2
Net VDD: dangling Wire at (100.500, 70.235) (100.500, 70.235) on layer: Metal2
Net VDD: dangling Wire at (100.500, 66.565) (100.500, 66.565) on layer: Metal2
Net VDD: dangling Wire at (100.500, 66.815) (100.500, 66.815) on layer: Metal2
Net VDD: dangling Wire at (100.500, 63.145) (100.500, 63.145) on layer: Metal2
Net VDD: dangling Wire at (100.500, 63.395) (100.500, 63.395) on layer: Metal2
Net VDD: dangling Wire at (100.500, 59.725) (100.500, 59.725) on layer: Metal2
Net VDD: dangling Wire at (100.500, 59.975) (100.500, 59.975) on layer: Metal2
Net VDD: dangling Wire at (100.500, 56.305) (100.500, 56.305) on layer: Metal2
Net VDD: dangling Wire at (100.500, 56.555) (100.500, 56.555) on layer: Metal2
Net VDD: dangling Wire at (100.500, 52.885) (100.500, 52.885) on layer: Metal2
Net VDD: dangling Wire at (100.500, 53.135) (100.500, 53.135) on layer: Metal2
Net VDD: dangling Wire at (100.500, 49.465) (100.500, 49.465) on layer: Metal2
Net VDD: dangling Wire at (100.500, 49.715) (100.500, 49.715) on layer: Metal2
Net VDD: dangling Wire at (100.500, 46.045) (100.500, 46.045) on layer: Metal2
Net VDD: dangling Wire at (100.500, 46.295) (100.500, 46.295) on layer: Metal2
Net VDD: dangling Wire at (100.500, 42.625) (100.500, 42.625) on layer: Metal2
Net VDD: dangling Wire at (100.500, 42.875) (100.500, 42.875) on layer: Metal2
Net VDD: dangling Wire at (100.500, 39.205) (100.500, 39.205) on layer: Metal2
Net VDD: dangling Wire at (100.500, 39.455) (100.500, 39.455) on layer: Metal2
Net VDD: dangling Wire at (100.500, 35.785) (100.500, 35.785) on layer: Metal2
Net VDD: dangling Wire at (100.500, 36.035) (100.500, 36.035) on layer: Metal2
Net VDD: dangling Wire at (100.500, 32.365) (100.500, 32.365) on layer: Metal2
Net VDD: dangling Wire at (100.500, 32.615) (100.500, 32.615) on layer: Metal2
Net VDD: dangling Wire at (100.500, 28.945) (100.500, 28.945) on layer: Metal2
Net VDD: dangling Wire at (100.500, 29.195) (100.500, 29.195) on layer: Metal2
Net VDD: dangling Wire at (100.500, 25.525) (100.500, 25.525) on layer: Metal2
Net VDD: dangling Wire at (100.500, 25.775) (100.500, 25.775) on layer: Metal2
Net VDD: dangling Wire at (100.500, 22.105) (100.500, 22.105) on layer: Metal2
Net VDD: dangling Wire at (100.500, 22.355) (100.500, 22.355) on layer: Metal2
Net VDD: dangling Wire at (100.500, 18.685) (100.500, 18.685) on layer: Metal2
Net VDD: dangling Wire at (100.500, 18.935) (100.500, 18.935) on layer: Metal2
Net VDD: dangling Wire at (100.500, 15.265) (100.500, 15.265) on layer: Metal2
Net VDD: dangling Wire at (100.500, 15.515) (100.500, 15.515) on layer: Metal2
Net VDD: dangling Wire at (100.500, 11.845) (100.500, 11.845) on layer: Metal2
Net VDD: dangling Wire at (100.500, 12.095) (100.500, 12.095) on layer: Metal2
Net VDD: dangling Wire at (100.500, 8.425) (100.500, 8.425) on layer: Metal2
Net VDD: dangling Wire at (100.500, 8.675) (100.500, 8.675) on layer: Metal2
Net VDD: dangling Wire at (100.500, 5.005) (100.500, 5.005) on layer: Metal2
Net VDD: dangling Wire at (100.500, 5.255) (100.500, 5.255) on layer: Metal2
Net VDD: dangling Wire at (84.500, 97.345) (84.500, 97.345) on layer: Metal2
Net VDD: dangling Wire at (84.500, 93.925) (84.500, 93.925) on layer: Metal2
Net VDD: dangling Wire at (84.500, 90.505) (84.500, 90.505) on layer: Metal2
Net VDD: dangling Wire at (84.500, 87.085) (84.500, 87.085) on layer: Metal2
Net VDD: dangling Wire at (84.500, 83.665) (84.500, 83.665) on layer: Metal2
Net VDD: dangling Wire at (84.500, 80.245) (84.500, 80.245) on layer: Metal2
Net VDD: dangling Wire at (84.500, 76.825) (84.500, 76.825) on layer: Metal2
Net VDD: dangling Wire at (84.500, 73.405) (84.500, 73.405) on layer: Metal2
Net VDD: dangling Wire at (84.500, 69.985) (84.500, 69.985) on layer: Metal2
Net VDD: dangling Wire at (84.500, 66.565) (84.500, 66.565) on layer: Metal2
Net VDD: dangling Wire at (84.500, 63.145) (84.500, 63.145) on layer: Metal2
Net VDD: dangling Wire at (84.500, 59.725) (84.500, 59.725) on layer: Metal2
Net VDD: dangling Wire at (84.500, 56.305) (84.500, 56.305) on layer: Metal2
Net VDD: dangling Wire at (84.500, 52.885) (84.500, 52.885) on layer: Metal2
Net VDD: dangling Wire at (84.500, 49.465) (84.500, 49.465) on layer: Metal2
Net VDD: dangling Wire at (84.500, 46.045) (84.500, 46.045) on layer: Metal2
Net VDD: dangling Wire at (84.500, 42.625) (84.500, 42.625) on layer: Metal2
Net VDD: dangling Wire at (84.500, 39.205) (84.500, 39.205) on layer: Metal2
Net VDD: dangling Wire at (84.500, 35.785) (84.500, 35.785) on layer: Metal2
Net VDD: dangling Wire at (84.500, 32.365) (84.500, 32.365) on layer: Metal2
Net VDD: dangling Wire at (84.500, 28.945) (84.500, 28.945) on layer: Metal2
Net VDD: dangling Wire at (84.500, 25.525) (84.500, 25.525) on layer: Metal2
Net VDD: dangling Wire at (84.500, 22.105) (84.500, 22.105) on layer: Metal2
Net VDD: dangling Wire at (84.500, 18.685) (84.500, 18.685) on layer: Metal2
Net VDD: dangling Wire at (84.500, 15.265) (84.500, 15.265) on layer: Metal2
Net VDD: dangling Wire at (84.500, 11.845) (84.500, 11.845) on layer: Metal2
Net VDD: dangling Wire at (84.500, 8.425) (84.500, 8.425) on layer: Metal2
Net VDD: dangling Wire at (84.500, 5.005) (84.500, 5.005) on layer: Metal2
Net VDD: dangling Wire at (68.500, 97.345) (68.500, 97.345) on layer: Metal2
Net VDD: dangling Wire at (68.500, 93.925) (68.500, 93.925) on layer: Metal2
Net VDD: dangling Wire at (68.500, 90.505) (68.500, 90.505) on layer: Metal2
Net VDD: dangling Wire at (68.500, 87.085) (68.500, 87.085) on layer: Metal2
Net VDD: dangling Wire at (68.500, 83.665) (68.500, 83.665) on layer: Metal2
Net VSS: has special routes with opens at (4.000, 74.360) (97.000, 76.120)
Net VDD: dangling Wire at (68.500, 80.245) (68.500, 80.245) on layer: Metal2
Net VDD: dangling Wire at (68.500, 76.825) (68.500, 76.825) on layer: Metal2
Net VDD: dangling Wire at (68.500, 73.405) (68.500, 73.405) on layer: Metal2
Net VDD: dangling Wire at (68.500, 69.985) (68.500, 69.985) on layer: Metal2
Net VDD: dangling Wire at (68.500, 66.565) (68.500, 66.565) on layer: Metal2
Net VSS: has special routes with opens at (4.000, 69.640) (97.000, 72.700)
Net VSS: has special routes with opens at (4.000, 62.160) (97.000, 70.805)
Net VDD: dangling Wire at (68.500, 63.145) (68.500, 63.145) on layer: Metal2
Net VDD: dangling Wire at (68.500, 59.725) (68.500, 59.725) on layer: Metal2
Net VDD: dangling Wire at (68.500, 56.305) (68.500, 56.305) on layer: Metal2
Net VDD: dangling Wire at (68.500, 52.885) (68.500, 52.885) on layer: Metal2
Net VDD: dangling Wire at (68.500, 49.465) (68.500, 49.465) on layer: Metal2
Net VDD: dangling Wire at (68.500, 46.045) (68.500, 46.045) on layer: Metal2
Net VDD: dangling Wire at (68.500, 42.625) (68.500, 42.625) on layer: Metal2
Net VDD: dangling Wire at (68.500, 39.205) (68.500, 39.205) on layer: Metal2
Net VDD: dangling Wire at (68.500, 35.785) (68.500, 35.785) on layer: Metal2
Net VDD: dangling Wire at (68.500, 32.365) (68.500, 32.365) on layer: Metal2
Net VDD: dangling Wire at (68.500, 28.945) (68.500, 28.945) on layer: Metal2
Net VDD: dangling Wire at (68.500, 25.525) (68.500, 25.525) on layer: Metal2
Net VDD: dangling Wire at (68.500, 22.105) (68.500, 22.105) on layer: Metal2
Net VDD: dangling Wire at (68.500, 18.685) (68.500, 18.685) on layer: Metal2
Net VDD: dangling Wire at (68.500, 15.265) (68.500, 15.265) on layer: Metal2
Net VDD: dangling Wire at (68.500, 11.845) (68.500, 11.845) on layer: Metal2
Net VDD: dangling Wire at (68.500, 8.425) (68.500, 8.425) on layer: Metal2
Net VDD: dangling Wire at (68.500, 5.005) (68.500, 5.005) on layer: Metal2
Net VDD: dangling Wire at (52.500, 97.345) (52.500, 97.345) on layer: Metal2
Net VDD: dangling Wire at (52.500, 93.925) (52.500, 93.925) on layer: Metal2
Net VDD: dangling Wire at (52.500, 90.505) (52.500, 90.505) on layer: Metal2
Net VDD: dangling Wire at (52.500, 87.085) (52.500, 87.085) on layer: Metal2
Net VDD: dangling Wire at (52.500, 83.665) (52.500, 83.665) on layer: Metal2
Net VDD: dangling Wire at (52.500, 80.245) (52.500, 80.245) on layer: Metal2
Net VDD: dangling Wire at (52.500, 76.825) (52.500, 76.825) on layer: Metal2
Net VDD: dangling Wire at (52.500, 73.405) (52.500, 73.405) on layer: Metal2
Net VDD: dangling Wire at (52.500, 69.985) (52.500, 69.985) on layer: Metal2
Net VDD: dangling Wire at (52.500, 66.565) (52.500, 66.565) on layer: Metal2
Net VDD: dangling Wire at (52.500, 63.145) (52.500, 63.145) on layer: Metal2
Net VDD: dangling Wire at (52.500, 59.725) (52.500, 59.725) on layer: Metal2
Net VDD: dangling Wire at (52.500, 56.305) (52.500, 56.305) on layer: Metal2
Net VDD: dangling Wire at (52.500, 52.885) (52.500, 52.885) on layer: Metal2
Net VDD: dangling Wire at (52.500, 49.465) (52.500, 49.465) on layer: Metal2
Net VDD: dangling Wire at (52.500, 46.045) (52.500, 46.045) on layer: Metal2
Net VDD: dangling Wire at (52.500, 42.625) (52.500, 42.625) on layer: Metal2
Net VDD: dangling Wire at (52.500, 39.205) (52.500, 39.205) on layer: Metal2
Net VDD: dangling Wire at (52.500, 35.785) (52.500, 35.785) on layer: Metal2
Net VDD: dangling Wire at (52.500, 32.365) (52.500, 32.365) on layer: Metal2
Net VDD: dangling Wire at (52.500, 28.945) (52.500, 28.945) on layer: Metal2
Net VDD: dangling Wire at (52.500, 25.525) (52.500, 25.525) on layer: Metal2
Net VDD: dangling Wire at (52.500, 22.105) (52.500, 22.105) on layer: Metal2
Net VDD: dangling Wire at (52.500, 18.685) (52.500, 18.685) on layer: Metal2
Net VDD: dangling Wire at (52.500, 15.265) (52.500, 15.265) on layer: Metal2
Net VDD: dangling Wire at (52.500, 11.845) (52.500, 11.845) on layer: Metal2
Net VDD: dangling Wire at (52.500, 8.425) (52.500, 8.425) on layer: Metal2
Net VDD: dangling Wire at (52.500, 5.005) (52.500, 5.005) on layer: Metal2
Net VDD: dangling Wire at (36.500, 97.345) (36.500, 97.345) on layer: Metal2
Net VDD: dangling Wire at (36.500, 93.925) (36.500, 93.925) on layer: Metal2
Net VDD: dangling Wire at (36.500, 90.505) (36.500, 90.505) on layer: Metal2
Net VDD: dangling Wire at (36.500, 87.085) (36.500, 87.085) on layer: Metal2
Net VDD: dangling Wire at (36.500, 83.665) (36.500, 83.665) on layer: Metal2
Net VDD: dangling Wire at (36.500, 80.245) (36.500, 80.245) on layer: Metal2
Net VDD: dangling Wire at (36.500, 76.825) (36.500, 76.825) on layer: Metal2
Net VDD: dangling Wire at (36.500, 73.405) (36.500, 73.405) on layer: Metal2
Net VDD: dangling Wire at (36.500, 69.985) (36.500, 69.985) on layer: Metal2
Net VDD: dangling Wire at (36.500, 66.565) (36.500, 66.565) on layer: Metal2
Net VDD: dangling Wire at (36.500, 63.145) (36.500, 63.145) on layer: Metal2
Net VDD: dangling Wire at (36.500, 59.725) (36.500, 59.725) on layer: Metal2
Net VDD: dangling Wire at (36.500, 56.305) (36.500, 56.305) on layer: Metal2
Net VDD: dangling Wire at (36.500, 52.885) (36.500, 52.885) on layer: Metal2
Net VDD: dangling Wire at (36.500, 49.465) (36.500, 49.465) on layer: Metal2
Net VDD: dangling Wire at (36.500, 46.045) (36.500, 46.045) on layer: Metal2
Net VDD: dangling Wire at (36.500, 42.625) (36.500, 42.625) on layer: Metal2
Net VDD: dangling Wire at (36.500, 39.205) (36.500, 39.205) on layer: Metal2
Net VDD: dangling Wire at (36.500, 35.785) (36.500, 35.785) on layer: Metal2
Net VDD: dangling Wire at (36.500, 32.365) (36.500, 32.365) on layer: Metal2
Net VDD: dangling Wire at (36.500, 28.945) (36.500, 28.945) on layer: Metal2
Net VDD: dangling Wire at (36.500, 25.525) (36.500, 25.525) on layer: Metal2
Net VDD: dangling Wire at (36.500, 22.105) (36.500, 22.105) on layer: Metal2
Net VDD: dangling Wire at (36.500, 18.685) (36.500, 18.685) on layer: Metal2
Net VDD: dangling Wire at (36.500, 15.265) (36.500, 15.265) on layer: Metal2
Net VDD: dangling Wire at (36.500, 11.845) (36.500, 11.845) on layer: Metal2
Net VDD: dangling Wire at (36.500, 8.425) (36.500, 8.425) on layer: Metal2
Net VDD: dangling Wire at (36.500, 5.005) (36.500, 5.005) on layer: Metal2
Net VDD: dangling Wire at (20.500, 97.345) (20.500, 97.345) on layer: Metal2
Net VDD: dangling Wire at (20.500, 93.925) (20.500, 93.925) on layer: Metal2
Net VDD: dangling Wire at (20.500, 90.505) (20.500, 90.505) on layer: Metal2
Net VDD: dangling Wire at (20.500, 87.085) (20.500, 87.085) on layer: Metal2
Net VDD: dangling Wire at (20.500, 83.665) (20.500, 83.665) on layer: Metal2
Net VDD: dangling Wire at (20.500, 80.245) (20.500, 80.245) on layer: Metal2
Net VDD: dangling Wire at (20.500, 76.825) (20.500, 76.825) on layer: Metal2
Net VDD: dangling Wire at (20.500, 73.405) (20.500, 73.405) on layer: Metal2
Net VDD: dangling Wire at (20.500, 69.985) (20.500, 69.985) on layer: Metal2
Net VDD: dangling Wire at (20.500, 66.565) (20.500, 66.565) on layer: Metal2
Net VDD: dangling Wire at (20.500, 63.145) (20.500, 63.145) on layer: Metal2
Net VDD: dangling Wire at (20.500, 59.725) (20.500, 59.725) on layer: Metal2
Net VDD: dangling Wire at (20.500, 56.305) (20.500, 56.305) on layer: Metal2
Net VDD: dangling Wire at (20.500, 52.885) (20.500, 52.885) on layer: Metal2
Net VDD: dangling Wire at (20.500, 49.465) (20.500, 49.465) on layer: Metal2
Net VDD: dangling Wire at (20.500, 46.045) (20.500, 46.045) on layer: Metal2
Net VDD: dangling Wire at (20.500, 42.625) (20.500, 42.625) on layer: Metal2
Net VDD: dangling Wire at (20.500, 39.205) (20.500, 39.205) on layer: Metal2
Net VDD: dangling Wire at (20.500, 35.785) (20.500, 35.785) on layer: Metal2
Net VDD: dangling Wire at (20.500, 32.365) (20.500, 32.365) on layer: Metal2
Net VDD: dangling Wire at (20.500, 28.945) (20.500, 28.945) on layer: Metal2
Net VDD: dangling Wire at (20.500, 25.525) (20.500, 25.525) on layer: Metal2
Net VDD: dangling Wire at (20.500, 22.105) (20.500, 22.105) on layer: Metal2
Net VDD: dangling Wire at (20.500, 18.685) (20.500, 18.685) on layer: Metal2
Net VDD: dangling Wire at (20.500, 15.265) (20.500, 15.265) on layer: Metal2
Net VDD: dangling Wire at (20.500, 11.845) (20.500, 11.845) on layer: Metal2
Net VDD: dangling Wire at (20.500, 8.425) (20.500, 8.425) on layer: Metal2
Net VDD: dangling Wire at (20.500, 5.005) (20.500, 5.005) on layer: Metal2
Net VDD: dangling Wire at (4.500, 5.005) (4.500, 5.005) on layer: Metal2
Net VDD: dangling Wire at (4.375, 97.565) (4.375, 97.565) on layer: Metal3
Net VDD: dangling Wire at (4.625, 97.565) (4.625, 97.565) on layer: Metal3
Net VDD: dangling Wire at (4.375, 94.145) (4.375, 94.145) on layer: Metal3
Net VDD: dangling Wire at (4.625, 94.145) (4.625, 94.145) on layer: Metal3
Net VDD: dangling Wire at (4.375, 90.725) (4.375, 90.725) on layer: Metal3
Net VDD: dangling Wire at (4.625, 90.725) (4.625, 90.725) on layer: Metal3
Net VDD: dangling Wire at (4.375, 87.305) (4.375, 87.305) on layer: Metal3
Net VDD: dangling Wire at (4.625, 87.305) (4.625, 87.305) on layer: Metal3
Net VDD: dangling Wire at (4.375, 83.885) (4.375, 83.885) on layer: Metal3
Net VDD: dangling Wire at (4.625, 83.885) (4.625, 83.885) on layer: Metal3
Net VDD: dangling Wire at (4.375, 80.465) (4.375, 80.465) on layer: Metal3
Net VDD: dangling Wire at (4.625, 80.465) (4.625, 80.465) on layer: Metal3
Net VDD: dangling Wire at (4.375, 77.045) (4.375, 77.045) on layer: Metal3
Net VDD: dangling Wire at (4.625, 77.045) (4.625, 77.045) on layer: Metal3
Net VDD: dangling Wire at (4.375, 73.625) (4.375, 73.625) on layer: Metal3
Net VDD: dangling Wire at (4.625, 73.625) (4.625, 73.625) on layer: Metal3
Net VDD: dangling Wire at (4.375, 70.205) (4.375, 70.205) on layer: Metal3
Net VDD: dangling Wire at (4.625, 70.205) (4.625, 70.205) on layer: Metal3
Net VDD: dangling Wire at (4.375, 66.785) (4.375, 66.785) on layer: Metal3
Net VDD: dangling Wire at (4.625, 66.785) (4.625, 66.785) on layer: Metal3
Net VDD: dangling Wire at (4.375, 63.365) (4.375, 63.365) on layer: Metal3
Net VDD: dangling Wire at (4.625, 63.365) (4.625, 63.365) on layer: Metal3
Net VDD: dangling Wire at (4.375, 59.945) (4.375, 59.945) on layer: Metal3
Net VDD: dangling Wire at (4.625, 59.945) (4.625, 59.945) on layer: Metal3
Net VDD: dangling Wire at (4.375, 56.525) (4.375, 56.525) on layer: Metal3
Net VDD: dangling Wire at (4.625, 56.525) (4.625, 56.525) on layer: Metal3
Net VDD: dangling Wire at (4.375, 53.105) (4.375, 53.105) on layer: Metal3
Net VDD: dangling Wire at (4.625, 53.105) (4.625, 53.105) on layer: Metal3
Net VDD: dangling Wire at (4.375, 49.685) (4.375, 49.685) on layer: Metal3
Net VDD: dangling Wire at (4.625, 49.685) (4.625, 49.685) on layer: Metal3
Net VDD: dangling Wire at (4.375, 46.265) (4.375, 46.265) on layer: Metal3
Net VDD: dangling Wire at (4.625, 46.265) (4.625, 46.265) on layer: Metal3
Net VDD: dangling Wire at (4.375, 42.845) (4.375, 42.845) on layer: Metal3
Net VDD: dangling Wire at (4.625, 42.845) (4.625, 42.845) on layer: Metal3
Net VDD: dangling Wire at (4.375, 39.425) (4.375, 39.425) on layer: Metal3
Net VDD: dangling Wire at (4.625, 39.425) (4.625, 39.425) on layer: Metal3
Net VDD: dangling Wire at (4.375, 36.005) (4.375, 36.005) on layer: Metal3
Net VDD: dangling Wire at (4.625, 36.005) (4.625, 36.005) on layer: Metal3
Net VDD: dangling Wire at (4.375, 32.585) (4.375, 32.585) on layer: Metal3
Net VDD: dangling Wire at (4.625, 32.585) (4.625, 32.585) on layer: Metal3
Net VDD: dangling Wire at (4.375, 29.165) (4.375, 29.165) on layer: Metal3
Net VDD: dangling Wire at (4.625, 29.165) (4.625, 29.165) on layer: Metal3
Net VDD: dangling Wire at (4.375, 25.745) (4.375, 25.745) on layer: Metal3
Net VDD: dangling Wire at (4.625, 25.745) (4.625, 25.745) on layer: Metal3
Net VDD: dangling Wire at (4.375, 22.325) (4.375, 22.325) on layer: Metal3
Net VDD: dangling Wire at (4.625, 22.325) (4.625, 22.325) on layer: Metal3
Net VDD: dangling Wire at (4.375, 18.905) (4.375, 18.905) on layer: Metal3
Net VDD: dangling Wire at (4.625, 18.905) (4.625, 18.905) on layer: Metal3
Net VDD: dangling Wire at (4.375, 15.485) (4.375, 15.485) on layer: Metal3
Net VDD: dangling Wire at (4.625, 15.485) (4.625, 15.485) on layer: Metal3
Net VDD: dangling Wire at (4.375, 12.065) (4.375, 12.065) on layer: Metal3
Net VDD: dangling Wire at (4.625, 12.065) (4.625, 12.065) on layer: Metal3
Net VDD: dangling Wire at (4.375, 8.645) (4.375, 8.645) on layer: Metal3
Net VDD: dangling Wire at (4.625, 8.645) (4.625, 8.645) on layer: Metal3
Net VDD: dangling Wire at (100.375, 97.565) (100.375, 97.565) on layer: Metal3
Net VDD: dangling Wire at (100.625, 97.565) (100.625, 97.565) on layer: Metal3
Net VDD: dangling Wire at (100.375, 94.145) (100.375, 94.145) on layer: Metal3
Net VDD: dangling Wire at (100.625, 94.145) (100.625, 94.145) on layer: Metal3
Net VDD: dangling Wire at (100.375, 90.725) (100.375, 90.725) on layer: Metal3
Net VDD: dangling Wire at (100.625, 90.725) (100.625, 90.725) on layer: Metal3
Net VDD: dangling Wire at (100.375, 87.305) (100.375, 87.305) on layer: Metal3
Net VDD: dangling Wire at (100.625, 87.305) (100.625, 87.305) on layer: Metal3
Net VDD: dangling Wire at (100.375, 83.885) (100.375, 83.885) on layer: Metal3
Net VDD: dangling Wire at (100.625, 83.885) (100.625, 83.885) on layer: Metal3
Net VDD: dangling Wire at (100.375, 80.465) (100.375, 80.465) on layer: Metal3
Net VDD: dangling Wire at (100.625, 80.465) (100.625, 80.465) on layer: Metal3
Net VDD: dangling Wire at (100.375, 77.045) (100.375, 77.045) on layer: Metal3
Net VDD: dangling Wire at (100.625, 77.045) (100.625, 77.045) on layer: Metal3
Net VDD: dangling Wire at (100.375, 73.625) (100.375, 73.625) on layer: Metal3
Net VDD: dangling Wire at (100.625, 73.625) (100.625, 73.625) on layer: Metal3
Net VDD: dangling Wire at (100.375, 70.205) (100.375, 70.205) on layer: Metal3
Net VDD: dangling Wire at (100.625, 70.205) (100.625, 70.205) on layer: Metal3
Net VDD: dangling Wire at (100.375, 66.785) (100.375, 66.785) on layer: Metal3
Net VDD: dangling Wire at (100.625, 66.785) (100.625, 66.785) on layer: Metal3
Net VDD: dangling Wire at (100.375, 63.365) (100.375, 63.365) on layer: Metal3
Net VDD: dangling Wire at (100.625, 63.365) (100.625, 63.365) on layer: Metal3
Net VDD: dangling Wire at (100.375, 59.945) (100.375, 59.945) on layer: Metal3
Net VDD: dangling Wire at (100.625, 59.945) (100.625, 59.945) on layer: Metal3
Net VDD: dangling Wire at (100.375, 56.525) (100.375, 56.525) on layer: Metal3
Net VDD: dangling Wire at (100.625, 56.525) (100.625, 56.525) on layer: Metal3
Net VDD: dangling Wire at (100.375, 53.105) (100.375, 53.105) on layer: Metal3
Net VDD: dangling Wire at (100.625, 53.105) (100.625, 53.105) on layer: Metal3
Net VDD: dangling Wire at (100.375, 49.685) (100.375, 49.685) on layer: Metal3
Net VDD: dangling Wire at (100.625, 49.685) (100.625, 49.685) on layer: Metal3
Net VDD: dangling Wire at (100.375, 46.265) (100.375, 46.265) on layer: Metal3
Net VDD: dangling Wire at (100.625, 46.265) (100.625, 46.265) on layer: Metal3
Net VDD: dangling Wire at (100.375, 42.845) (100.375, 42.845) on layer: Metal3
Net VDD: dangling Wire at (100.625, 42.845) (100.625, 42.845) on layer: Metal3
Net VDD: dangling Wire at (100.375, 39.425) (100.375, 39.425) on layer: Metal3
Net VDD: dangling Wire at (100.625, 39.425) (100.625, 39.425) on layer: Metal3
Net VDD: dangling Wire at (100.375, 36.005) (100.375, 36.005) on layer: Metal3
Net VDD: dangling Wire at (100.625, 36.005) (100.625, 36.005) on layer: Metal3
Net VDD: dangling Wire at (100.375, 32.585) (100.375, 32.585) on layer: Metal3
Net VDD: dangling Wire at (100.625, 32.585) (100.625, 32.585) on layer: Metal3
Net VDD: dangling Wire at (100.375, 29.165) (100.375, 29.165) on layer: Metal3
Net VDD: dangling Wire at (100.625, 29.165) (100.625, 29.165) on layer: Metal3
Net VDD: dangling Wire at (100.375, 25.745) (100.375, 25.745) on layer: Metal3
Net VDD: dangling Wire at (100.625, 25.745) (100.625, 25.745) on layer: Metal3
Net VDD: dangling Wire at (100.375, 22.325) (100.375, 22.325) on layer: Metal3
Net VDD: dangling Wire at (100.625, 22.325) (100.625, 22.325) on layer: Metal3
Net VDD: dangling Wire at (100.375, 18.905) (100.375, 18.905) on layer: Metal3
Net VDD: dangling Wire at (100.625, 18.905) (100.625, 18.905) on layer: Metal3
Net VDD: dangling Wire at (100.375, 15.485) (100.375, 15.485) on layer: Metal3
Net VDD: dangling Wire at (100.625, 15.485) (100.625, 15.485) on layer: Metal3
Net VDD: dangling Wire at (100.375, 12.065) (100.375, 12.065) on layer: Metal3
Net VDD: dangling Wire at (100.625, 12.065) (100.625, 12.065) on layer: Metal3
Net VDD: dangling Wire at (100.375, 8.645) (100.375, 8.645) on layer: Metal3
Net VDD: dangling Wire at (100.625, 8.645) (100.625, 8.645) on layer: Metal3
Net VDD: dangling Wire at (100.375, 5.225) (100.375, 5.225) on layer: Metal3
Net VDD: dangling Wire at (100.625, 5.225) (100.625, 5.225) on layer: Metal3
Net VDD: dangling Wire at (84.375, 97.565) (84.375, 97.565) on layer: Metal3
Net VDD: dangling Wire at (84.625, 97.565) (84.625, 97.565) on layer: Metal3
Net VDD: dangling Wire at (84.375, 94.145) (84.375, 94.145) on layer: Metal3
Net VDD: dangling Wire at (84.625, 94.145) (84.625, 94.145) on layer: Metal3
Net VDD: dangling Wire at (84.375, 90.725) (84.375, 90.725) on layer: Metal3
Net VDD: dangling Wire at (84.625, 90.725) (84.625, 90.725) on layer: Metal3
Net VDD: dangling Wire at (84.375, 87.305) (84.375, 87.305) on layer: Metal3
Net VDD: dangling Wire at (84.625, 87.305) (84.625, 87.305) on layer: Metal3
Net VDD: dangling Wire at (84.375, 83.885) (84.375, 83.885) on layer: Metal3
Net VDD: dangling Wire at (84.625, 83.885) (84.625, 83.885) on layer: Metal3
Net VDD: dangling Wire at (84.375, 80.465) (84.375, 80.465) on layer: Metal3
Net VDD: dangling Wire at (84.625, 80.465) (84.625, 80.465) on layer: Metal3
Net VDD: dangling Wire at (84.375, 77.045) (84.375, 77.045) on layer: Metal3
Net VDD: dangling Wire at (84.625, 77.045) (84.625, 77.045) on layer: Metal3
Net VDD: dangling Wire at (84.375, 73.625) (84.375, 73.625) on layer: Metal3
Net VDD: dangling Wire at (84.625, 73.625) (84.625, 73.625) on layer: Metal3
Net VDD: dangling Wire at (84.375, 70.205) (84.375, 70.205) on layer: Metal3
Net VDD: dangling Wire at (84.625, 70.205) (84.625, 70.205) on layer: Metal3
Net VDD: dangling Wire at (84.375, 66.785) (84.375, 66.785) on layer: Metal3
Net VDD: dangling Wire at (84.625, 66.785) (84.625, 66.785) on layer: Metal3
Net VDD: dangling Wire at (84.375, 63.365) (84.375, 63.365) on layer: Metal3
Net VDD: dangling Wire at (84.625, 63.365) (84.625, 63.365) on layer: Metal3
Net VDD: dangling Wire at (84.375, 59.945) (84.375, 59.945) on layer: Metal3
Net VDD: dangling Wire at (84.625, 59.945) (84.625, 59.945) on layer: Metal3
Net VDD: dangling Wire at (84.375, 56.525) (84.375, 56.525) on layer: Metal3
Net VDD: dangling Wire at (84.625, 56.525) (84.625, 56.525) on layer: Metal3
Net VDD: dangling Wire at (84.375, 53.105) (84.375, 53.105) on layer: Metal3
Net VDD: dangling Wire at (84.625, 53.105) (84.625, 53.105) on layer: Metal3
Net VDD: dangling Wire at (84.375, 49.685) (84.375, 49.685) on layer: Metal3
Net VDD: dangling Wire at (84.625, 49.685) (84.625, 49.685) on layer: Metal3
Net VDD: dangling Wire at (84.375, 46.265) (84.375, 46.265) on layer: Metal3
Net VDD: dangling Wire at (84.625, 46.265) (84.625, 46.265) on layer: Metal3
Net VDD: dangling Wire at (84.375, 42.845) (84.375, 42.845) on layer: Metal3
Net VDD: dangling Wire at (84.625, 42.845) (84.625, 42.845) on layer: Metal3
Net VDD: dangling Wire at (84.375, 39.425) (84.375, 39.425) on layer: Metal3
Net VDD: dangling Wire at (84.625, 39.425) (84.625, 39.425) on layer: Metal3
Net VDD: dangling Wire at (84.375, 36.005) (84.375, 36.005) on layer: Metal3
Net VDD: dangling Wire at (84.625, 36.005) (84.625, 36.005) on layer: Metal3
Net VDD: dangling Wire at (84.375, 32.585) (84.375, 32.585) on layer: Metal3
Net VDD: dangling Wire at (84.625, 32.585) (84.625, 32.585) on layer: Metal3
Net VDD: dangling Wire at (84.375, 29.165) (84.375, 29.165) on layer: Metal3
Net VDD: dangling Wire at (84.625, 29.165) (84.625, 29.165) on layer: Metal3
Net VDD: dangling Wire at (84.375, 25.745) (84.375, 25.745) on layer: Metal3
Net VDD: dangling Wire at (84.625, 25.745) (84.625, 25.745) on layer: Metal3
Net VDD: dangling Wire at (84.375, 22.325) (84.375, 22.325) on layer: Metal3
Net VDD: dangling Wire at (84.625, 22.325) (84.625, 22.325) on layer: Metal3
Net VDD: dangling Wire at (84.375, 18.905) (84.375, 18.905) on layer: Metal3
Net VDD: dangling Wire at (84.625, 18.905) (84.625, 18.905) on layer: Metal3
Net VDD: dangling Wire at (84.375, 15.485) (84.375, 15.485) on layer: Metal3
Net VDD: dangling Wire at (84.625, 15.485) (84.625, 15.485) on layer: Metal3
Net VDD: dangling Wire at (84.375, 12.065) (84.375, 12.065) on layer: Metal3
Net VDD: dangling Wire at (84.625, 12.065) (84.625, 12.065) on layer: Metal3
Net VDD: dangling Wire at (84.375, 8.645) (84.375, 8.645) on layer: Metal3
Net VDD: dangling Wire at (84.625, 8.645) (84.625, 8.645) on layer: Metal3
Net VDD: dangling Wire at (84.375, 5.225) (84.375, 5.225) on layer: Metal3
Net VDD: dangling Wire at (84.625, 5.225) (84.625, 5.225) on layer: Metal3
Net VDD: dangling Wire at (68.375, 97.565) (68.375, 97.565) on layer: Metal3
Net VDD: dangling Wire at (68.625, 97.565) (68.625, 97.565) on layer: Metal3
Net VDD: dangling Wire at (68.375, 94.145) (68.375, 94.145) on layer: Metal3
Net VDD: dangling Wire at (68.625, 94.145) (68.625, 94.145) on layer: Metal3
Net VDD: dangling Wire at (68.375, 90.725) (68.375, 90.725) on layer: Metal3
Net VDD: dangling Wire at (68.625, 90.725) (68.625, 90.725) on layer: Metal3
Net VDD: dangling Wire at (68.375, 87.305) (68.375, 87.305) on layer: Metal3
Net VDD: dangling Wire at (68.625, 87.305) (68.625, 87.305) on layer: Metal3
Net VDD: dangling Wire at (68.375, 83.885) (68.375, 83.885) on layer: Metal3
Net VDD: dangling Wire at (68.625, 83.885) (68.625, 83.885) on layer: Metal3
Net VDD: dangling Wire at (68.375, 80.465) (68.375, 80.465) on layer: Metal3
Net VDD: dangling Wire at (68.625, 80.465) (68.625, 80.465) on layer: Metal3
Net VDD: dangling Wire at (68.375, 77.045) (68.375, 77.045) on layer: Metal3
Net VDD: dangling Wire at (68.625, 77.045) (68.625, 77.045) on layer: Metal3
Net VDD: dangling Wire at (68.375, 73.625) (68.375, 73.625) on layer: Metal3
Net VDD: dangling Wire at (68.625, 73.625) (68.625, 73.625) on layer: Metal3
Net VDD: dangling Wire at (68.375, 70.205) (68.375, 70.205) on layer: Metal3
Net VDD: dangling Wire at (68.625, 70.205) (68.625, 70.205) on layer: Metal3
Net VDD: dangling Wire at (68.375, 66.785) (68.375, 66.785) on layer: Metal3
Net VSS: has special routes with opens at (4.000, 64.100) (97.000, 65.860)
Net VDD: dangling Wire at (68.625, 66.785) (68.625, 66.785) on layer: Metal3
Net VDD: dangling Wire at (68.375, 63.365) (68.375, 63.365) on layer: Metal3
Net VDD: dangling Wire at (68.625, 63.365) (68.625, 63.365) on layer: Metal3
Net VDD: dangling Wire at (68.375, 59.945) (68.375, 59.945) on layer: Metal3
Net VDD: dangling Wire at (68.625, 59.945) (68.625, 59.945) on layer: Metal3
Net VDD: dangling Wire at (68.375, 56.525) (68.375, 56.525) on layer: Metal3
Net VDD: dangling Wire at (68.625, 56.525) (68.625, 56.525) on layer: Metal3
Net VDD: dangling Wire at (68.375, 53.105) (68.375, 53.105) on layer: Metal3
Net VDD: dangling Wire at (68.625, 53.105) (68.625, 53.105) on layer: Metal3
Net VDD: dangling Wire at (68.375, 49.685) (68.375, 49.685) on layer: Metal3
Net VDD: dangling Wire at (68.625, 49.685) (68.625, 49.685) on layer: Metal3
Net VDD: dangling Wire at (68.375, 46.265) (68.375, 46.265) on layer: Metal3
Net VDD: dangling Wire at (68.625, 46.265) (68.625, 46.265) on layer: Metal3
Net VDD: dangling Wire at (68.375, 42.845) (68.375, 42.845) on layer: Metal3
Net VDD: dangling Wire at (68.625, 42.845) (68.625, 42.845) on layer: Metal3
Net VDD: dangling Wire at (68.375, 39.425) (68.375, 39.425) on layer: Metal3
Net VDD: dangling Wire at (68.625, 39.425) (68.625, 39.425) on layer: Metal3
Net VDD: dangling Wire at (68.375, 36.005) (68.375, 36.005) on layer: Metal3
Net VDD: dangling Wire at (68.625, 36.005) (68.625, 36.005) on layer: Metal3
Net VDD: dangling Wire at (68.375, 32.585) (68.375, 32.585) on layer: Metal3
Net VDD: dangling Wire at (68.625, 32.585) (68.625, 32.585) on layer: Metal3
Net VDD: dangling Wire at (68.375, 29.165) (68.375, 29.165) on layer: Metal3
Net VDD: dangling Wire at (68.625, 29.165) (68.625, 29.165) on layer: Metal3
Net VDD: dangling Wire at (68.375, 25.745) (68.375, 25.745) on layer: Metal3
Net VDD: dangling Wire at (68.625, 25.745) (68.625, 25.745) on layer: Metal3
Net VDD: dangling Wire at (68.375, 22.325) (68.375, 22.325) on layer: Metal3
Net VDD: dangling Wire at (68.625, 22.325) (68.625, 22.325) on layer: Metal3
Net VDD: dangling Wire at (68.375, 18.905) (68.375, 18.905) on layer: Metal3
Net VDD: dangling Wire at (68.625, 18.905) (68.625, 18.905) on layer: Metal3
Net VDD: dangling Wire at (68.375, 15.485) (68.375, 15.485) on layer: Metal3
Net VDD: dangling Wire at (68.625, 15.485) (68.625, 15.485) on layer: Metal3
Net VDD: dangling Wire at (68.375, 12.065) (68.375, 12.065) on layer: Metal3
Net VDD: dangling Wire at (68.625, 12.065) (68.625, 12.065) on layer: Metal3
Net VDD: dangling Wire at (68.375, 8.645) (68.375, 8.645) on layer: Metal3
Net VDD: dangling Wire at (68.625, 8.645) (68.625, 8.645) on layer: Metal3
Net VDD: dangling Wire at (68.375, 5.225) (68.375, 5.225) on layer: Metal3
Net VDD: dangling Wire at (68.625, 5.225) (68.625, 5.225) on layer: Metal3
Net VDD: dangling Wire at (52.375, 97.565) (52.375, 97.565) on layer: Metal3
Net VDD: dangling Wire at (52.625, 97.565) (52.625, 97.565) on layer: Metal3
Net VDD: dangling Wire at (52.375, 94.145) (52.375, 94.145) on layer: Metal3
Net VDD: dangling Wire at (52.625, 94.145) (52.625, 94.145) on layer: Metal3
Net VDD: dangling Wire at (52.375, 90.725) (52.375, 90.725) on layer: Metal3
Net VDD: dangling Wire at (52.625, 90.725) (52.625, 90.725) on layer: Metal3
Net VDD: dangling Wire at (52.375, 87.305) (52.375, 87.305) on layer: Metal3
Net VDD: dangling Wire at (52.625, 87.305) (52.625, 87.305) on layer: Metal3
Net VDD: dangling Wire at (52.375, 83.885) (52.375, 83.885) on layer: Metal3
Net VDD: dangling Wire at (52.625, 83.885) (52.625, 83.885) on layer: Metal3
Net VDD: dangling Wire at (52.375, 80.465) (52.375, 80.465) on layer: Metal3
Net VDD: dangling Wire at (52.625, 80.465) (52.625, 80.465) on layer: Metal3
Net VDD: dangling Wire at (52.375, 77.045) (52.375, 77.045) on layer: Metal3
Net VDD: dangling Wire at (52.625, 77.045) (52.625, 77.045) on layer: Metal3
Net VDD: dangling Wire at (52.375, 73.625) (52.375, 73.625) on layer: Metal3
Net VDD: dangling Wire at (52.625, 73.625) (52.625, 73.625) on layer: Metal3
Net VDD: dangling Wire at (52.375, 70.205) (52.375, 70.205) on layer: Metal3
Net VDD: dangling Wire at (52.625, 70.205) (52.625, 70.205) on layer: Metal3
Net VDD: dangling Wire at (52.375, 66.785) (52.375, 66.785) on layer: Metal3
Net VDD: dangling Wire at (52.625, 66.785) (52.625, 66.785) on layer: Metal3
Net VDD: dangling Wire at (52.375, 63.365) (52.375, 63.365) on layer: Metal3
Net VDD: dangling Wire at (52.625, 63.365) (52.625, 63.365) on layer: Metal3
Net VDD: dangling Wire at (52.375, 59.945) (52.375, 59.945) on layer: Metal3
Net VDD: dangling Wire at (52.625, 59.945) (52.625, 59.945) on layer: Metal3
Net VDD: dangling Wire at (52.375, 56.525) (52.375, 56.525) on layer: Metal3
Net VDD: dangling Wire at (52.625, 56.525) (52.625, 56.525) on layer: Metal3
Net VDD: dangling Wire at (52.375, 53.105) (52.375, 53.105) on layer: Metal3
Net VDD: dangling Wire at (52.625, 53.105) (52.625, 53.105) on layer: Metal3
Net VDD: dangling Wire at (52.375, 49.685) (52.375, 49.685) on layer: Metal3
Net VDD: dangling Wire at (52.625, 49.685) (52.625, 49.685) on layer: Metal3
Net VDD: dangling Wire at (52.375, 46.265) (52.375, 46.265) on layer: Metal3
Net VDD: dangling Wire at (52.625, 46.265) (52.625, 46.265) on layer: Metal3
Net VDD: dangling Wire at (52.375, 42.845) (52.375, 42.845) on layer: Metal3
Net VDD: dangling Wire at (52.625, 42.845) (52.625, 42.845) on layer: Metal3
Net VDD: dangling Wire at (52.375, 39.425) (52.375, 39.425) on layer: Metal3
Net VDD: dangling Wire at (52.625, 39.425) (52.625, 39.425) on layer: Metal3
Net VDD: dangling Wire at (52.375, 36.005) (52.375, 36.005) on layer: Metal3
Net VDD: dangling Wire at (52.625, 36.005) (52.625, 36.005) on layer: Metal3
Net VDD: dangling Wire at (52.375, 32.585) (52.375, 32.585) on layer: Metal3
Net VDD: dangling Wire at (52.625, 32.585) (52.625, 32.585) on layer: Metal3
Net VDD: dangling Wire at (52.375, 29.165) (52.375, 29.165) on layer: Metal3
Net VDD: dangling Wire at (52.625, 29.165) (52.625, 29.165) on layer: Metal3
Net VDD: dangling Wire at (52.375, 25.745) (52.375, 25.745) on layer: Metal3
Net VDD: dangling Wire at (52.625, 25.745) (52.625, 25.745) on layer: Metal3
Net VDD: dangling Wire at (52.375, 22.325) (52.375, 22.325) on layer: Metal3
Net VDD: dangling Wire at (52.625, 22.325) (52.625, 22.325) on layer: Metal3
Net VDD: dangling Wire at (52.375, 18.905) (52.375, 18.905) on layer: Metal3
Net VDD: dangling Wire at (52.625, 18.905) (52.625, 18.905) on layer: Metal3
Net VDD: dangling Wire at (52.375, 15.485) (52.375, 15.485) on layer: Metal3
Net VDD: dangling Wire at (52.625, 15.485) (52.625, 15.485) on layer: Metal3
Net VDD: dangling Wire at (52.375, 12.065) (52.375, 12.065) on layer: Metal3
Net VDD: dangling Wire at (52.625, 12.065) (52.625, 12.065) on layer: Metal3
Net VDD: dangling Wire at (52.375, 8.645) (52.375, 8.645) on layer: Metal3
Net VDD: dangling Wire at (52.625, 8.645) (52.625, 8.645) on layer: Metal3
Net VDD: dangling Wire at (52.375, 5.225) (52.375, 5.225) on layer: Metal3
Net VDD: dangling Wire at (52.625, 5.225) (52.625, 5.225) on layer: Metal3
Net VDD: dangling Wire at (36.375, 97.565) (36.375, 97.565) on layer: Metal3
Net VDD: dangling Wire at (36.625, 97.565) (36.625, 97.565) on layer: Metal3
Net VDD: dangling Wire at (36.375, 94.145) (36.375, 94.145) on layer: Metal3
Net VDD: dangling Wire at (36.625, 94.145) (36.625, 94.145) on layer: Metal3
Net VDD: dangling Wire at (36.375, 90.725) (36.375, 90.725) on layer: Metal3
Net VDD: dangling Wire at (36.625, 90.725) (36.625, 90.725) on layer: Metal3
Net VDD: dangling Wire at (36.375, 87.305) (36.375, 87.305) on layer: Metal3
Net VDD: dangling Wire at (36.625, 87.305) (36.625, 87.305) on layer: Metal3
Net VDD: dangling Wire at (36.375, 83.885) (36.375, 83.885) on layer: Metal3
Net VDD: dangling Wire at (36.625, 83.885) (36.625, 83.885) on layer: Metal3
Net VDD: dangling Wire at (36.375, 80.465) (36.375, 80.465) on layer: Metal3
Net VDD: dangling Wire at (36.625, 80.465) (36.625, 80.465) on layer: Metal3
Net VDD: dangling Wire at (36.375, 77.045) (36.375, 77.045) on layer: Metal3
Net VDD: dangling Wire at (36.625, 77.045) (36.625, 77.045) on layer: Metal3
Net VDD: dangling Wire at (36.375, 73.625) (36.375, 73.625) on layer: Metal3
Net VDD: dangling Wire at (36.625, 73.625) (36.625, 73.625) on layer: Metal3
Net VDD: dangling Wire at (36.375, 70.205) (36.375, 70.205) on layer: Metal3
Net VDD: dangling Wire at (36.625, 70.205) (36.625, 70.205) on layer: Metal3
Net VDD: dangling Wire at (36.375, 66.785) (36.375, 66.785) on layer: Metal3
Net VDD: dangling Wire at (36.625, 66.785) (36.625, 66.785) on layer: Metal3
Net VDD: dangling Wire at (36.375, 63.365) (36.375, 63.365) on layer: Metal3
Net VDD: dangling Wire at (36.625, 63.365) (36.625, 63.365) on layer: Metal3
Net VDD: dangling Wire at (36.375, 59.945) (36.375, 59.945) on layer: Metal3
Net VDD: dangling Wire at (36.625, 59.945) (36.625, 59.945) on layer: Metal3
Net VDD: dangling Wire at (36.375, 56.525) (36.375, 56.525) on layer: Metal3
Net VDD: dangling Wire at (36.625, 56.525) (36.625, 56.525) on layer: Metal3
Net VDD: dangling Wire at (36.375, 53.105) (36.375, 53.105) on layer: Metal3
Net VDD: dangling Wire at (36.625, 53.105) (36.625, 53.105) on layer: Metal3
Net VDD: dangling Wire at (36.375, 49.685) (36.375, 49.685) on layer: Metal3
Net VDD: dangling Wire at (36.625, 49.685) (36.625, 49.685) on layer: Metal3
Net VDD: dangling Wire at (36.375, 46.265) (36.375, 46.265) on layer: Metal3
Net VDD: dangling Wire at (36.625, 46.265) (36.625, 46.265) on layer: Metal3
Net VDD: dangling Wire at (36.375, 42.845) (36.375, 42.845) on layer: Metal3
Net VDD: dangling Wire at (36.625, 42.845) (36.625, 42.845) on layer: Metal3
Net VDD: dangling Wire at (36.375, 39.425) (36.375, 39.425) on layer: Metal3
Net VDD: dangling Wire at (36.625, 39.425) (36.625, 39.425) on layer: Metal3
Net VDD: dangling Wire at (36.375, 36.005) (36.375, 36.005) on layer: Metal3
Net VDD: dangling Wire at (36.625, 36.005) (36.625, 36.005) on layer: Metal3
Net VDD: dangling Wire at (36.375, 32.585) (36.375, 32.585) on layer: Metal3
Net VDD: dangling Wire at (36.625, 32.585) (36.625, 32.585) on layer: Metal3
Net VDD: dangling Wire at (36.375, 29.165) (36.375, 29.165) on layer: Metal3
Net VDD: dangling Wire at (36.625, 29.165) (36.625, 29.165) on layer: Metal3
Net VDD: dangling Wire at (36.375, 25.745) (36.375, 25.745) on layer: Metal3
Net VDD: dangling Wire at (36.625, 25.745) (36.625, 25.745) on layer: Metal3
Net VDD: dangling Wire at (36.375, 22.325) (36.375, 22.325) on layer: Metal3
Net VDD: dangling Wire at (36.625, 22.325) (36.625, 22.325) on layer: Metal3
Net VDD: dangling Wire at (36.375, 18.905) (36.375, 18.905) on layer: Metal3
Net VDD: dangling Wire at (36.625, 18.905) (36.625, 18.905) on layer: Metal3
Net VDD: dangling Wire at (36.375, 15.485) (36.375, 15.485) on layer: Metal3
Net VDD: dangling Wire at (36.625, 15.485) (36.625, 15.485) on layer: Metal3
Net VDD: dangling Wire at (36.375, 12.065) (36.375, 12.065) on layer: Metal3
Net VDD: dangling Wire at (36.625, 12.065) (36.625, 12.065) on layer: Metal3
Net VDD: dangling Wire at (36.375, 8.645) (36.375, 8.645) on layer: Metal3
Net VDD: dangling Wire at (36.625, 8.645) (36.625, 8.645) on layer: Metal3
Net VDD: dangling Wire at (36.375, 5.225) (36.375, 5.225) on layer: Metal3
Net VDD: dangling Wire at (36.625, 5.225) (36.625, 5.225) on layer: Metal3
Net VDD: dangling Wire at (20.375, 97.565) (20.375, 97.565) on layer: Metal3
Net VDD: dangling Wire at (20.625, 97.565) (20.625, 97.565) on layer: Metal3
Net VDD: dangling Wire at (20.375, 94.145) (20.375, 94.145) on layer: Metal3
Net VDD: dangling Wire at (20.625, 94.145) (20.625, 94.145) on layer: Metal3
Net VDD: dangling Wire at (20.375, 90.725) (20.375, 90.725) on layer: Metal3
Net VDD: dangling Wire at (20.625, 90.725) (20.625, 90.725) on layer: Metal3
Net VDD: dangling Wire at (20.375, 87.305) (20.375, 87.305) on layer: Metal3
Net VDD: dangling Wire at (20.625, 87.305) (20.625, 87.305) on layer: Metal3
Net VDD: dangling Wire at (20.375, 83.885) (20.375, 83.885) on layer: Metal3
Net VDD: dangling Wire at (20.625, 83.885) (20.625, 83.885) on layer: Metal3
Net VDD: dangling Wire at (20.375, 80.465) (20.375, 80.465) on layer: Metal3
Net VDD: dangling Wire at (20.625, 80.465) (20.625, 80.465) on layer: Metal3
Net VDD: dangling Wire at (20.375, 77.045) (20.375, 77.045) on layer: Metal3
Net VDD: dangling Wire at (20.625, 77.045) (20.625, 77.045) on layer: Metal3
Net VDD: dangling Wire at (20.375, 73.625) (20.375, 73.625) on layer: Metal3
Net VDD: dangling Wire at (20.625, 73.625) (20.625, 73.625) on layer: Metal3
Net VDD: dangling Wire at (20.375, 70.205) (20.375, 70.205) on layer: Metal3
Net VDD: dangling Wire at (20.625, 70.205) (20.625, 70.205) on layer: Metal3
Net VDD: dangling Wire at (20.375, 66.785) (20.375, 66.785) on layer: Metal3
Net VDD: dangling Wire at (20.625, 66.785) (20.625, 66.785) on layer: Metal3
Net VDD: dangling Wire at (20.375, 63.365) (20.375, 63.365) on layer: Metal3
Net VDD: dangling Wire at (20.625, 63.365) (20.625, 63.365) on layer: Metal3
Net VDD: dangling Wire at (20.375, 59.945) (20.375, 59.945) on layer: Metal3
Net VDD: dangling Wire at (20.625, 59.945) (20.625, 59.945) on layer: Metal3
Net VDD: dangling Wire at (20.375, 56.525) (20.375, 56.525) on layer: Metal3
Net VDD: dangling Wire at (20.625, 56.525) (20.625, 56.525) on layer: Metal3
Net VDD: dangling Wire at (20.375, 53.105) (20.375, 53.105) on layer: Metal3
Net VDD: dangling Wire at (20.625, 53.105) (20.625, 53.105) on layer: Metal3
Net VDD: dangling Wire at (20.375, 49.685) (20.375, 49.685) on layer: Metal3
Net VDD: dangling Wire at (20.625, 49.685) (20.625, 49.685) on layer: Metal3
Net VDD: dangling Wire at (20.375, 46.265) (20.375, 46.265) on layer: Metal3
Net VDD: dangling Wire at (20.625, 46.265) (20.625, 46.265) on layer: Metal3
Net VDD: dangling Wire at (20.375, 42.845) (20.375, 42.845) on layer: Metal3
Net VDD: dangling Wire at (20.625, 42.845) (20.625, 42.845) on layer: Metal3
Net VDD: dangling Wire at (20.375, 39.425) (20.375, 39.425) on layer: Metal3
Net VDD: dangling Wire at (20.625, 39.425) (20.625, 39.425) on layer: Metal3
Net VDD: dangling Wire at (20.375, 36.005) (20.375, 36.005) on layer: Metal3
Net VDD: dangling Wire at (20.625, 36.005) (20.625, 36.005) on layer: Metal3
Net VDD: dangling Wire at (20.375, 32.585) (20.375, 32.585) on layer: Metal3
Net VDD: dangling Wire at (20.625, 32.585) (20.625, 32.585) on layer: Metal3
Net VDD: dangling Wire at (20.375, 29.165) (20.375, 29.165) on layer: Metal3
Net VDD: dangling Wire at (20.625, 29.165) (20.625, 29.165) on layer: Metal3
Net VDD: dangling Wire at (20.375, 25.745) (20.375, 25.745) on layer: Metal3
Net VDD: dangling Wire at (20.625, 25.745) (20.625, 25.745) on layer: Metal3
Net VDD: dangling Wire at (20.375, 22.325) (20.375, 22.325) on layer: Metal3
Net VDD: dangling Wire at (20.625, 22.325) (20.625, 22.325) on layer: Metal3
Net VDD: dangling Wire at (20.375, 18.905) (20.375, 18.905) on layer: Metal3
Net VDD: dangling Wire at (20.625, 18.905) (20.625, 18.905) on layer: Metal3
Net VDD: dangling Wire at (20.375, 15.485) (20.375, 15.485) on layer: Metal3
Net VDD: dangling Wire at (20.625, 15.485) (20.625, 15.485) on layer: Metal3
Net VDD: dangling Wire at (20.375, 12.065) (20.375, 12.065) on layer: Metal3
Net VDD: dangling Wire at (20.625, 12.065) (20.625, 12.065) on layer: Metal3
Net VDD: dangling Wire at (20.375, 8.645) (20.375, 8.645) on layer: Metal3
Net VDD: dangling Wire at (20.625, 8.645) (20.625, 8.645) on layer: Metal3
Net VDD: dangling Wire at (20.375, 5.225) (20.375, 5.225) on layer: Metal3
Net VDD: dangling Wire at (20.625, 5.225) (20.625, 5.225) on layer: Metal3
Net VDD: dangling Wire at (4.375, 5.225) (4.375, 5.225) on layer: Metal3
Net VDD: dangling Wire at (4.625, 5.225) (4.625, 5.225) on layer: Metal3
Net VDD: dangling Wire at (4.500, 97.440) (4.500, 97.440) on layer: Metal4
Net VDD: dangling Wire at (4.500, 97.690) (4.500, 97.690) on layer: Metal4
Net VDD: dangling Wire at (4.500, 94.020) (4.500, 94.020) on layer: Metal4
Net VDD: dangling Wire at (4.500, 94.270) (4.500, 94.270) on layer: Metal4
Net VDD: dangling Wire at (4.500, 90.600) (4.500, 90.600) on layer: Metal4
Net VDD: dangling Wire at (4.500, 90.850) (4.500, 90.850) on layer: Metal4
Net VDD: dangling Wire at (4.500, 87.180) (4.500, 87.180) on layer: Metal4
Net VDD: dangling Wire at (4.500, 87.430) (4.500, 87.430) on layer: Metal4
Net VDD: dangling Wire at (4.500, 83.760) (4.500, 83.760) on layer: Metal4
Net VDD: dangling Wire at (4.500, 84.010) (4.500, 84.010) on layer: Metal4
Net VDD: dangling Wire at (4.500, 80.340) (4.500, 80.340) on layer: Metal4
Net VDD: dangling Wire at (4.500, 80.590) (4.500, 80.590) on layer: Metal4
Net VDD: dangling Wire at (4.500, 76.920) (4.500, 76.920) on layer: Metal4
Net VDD: dangling Wire at (4.500, 77.170) (4.500, 77.170) on layer: Metal4
Net VDD: dangling Wire at (4.500, 73.500) (4.500, 73.500) on layer: Metal4
Net VDD: dangling Wire at (4.500, 73.750) (4.500, 73.750) on layer: Metal4
Net VDD: dangling Wire at (4.500, 70.080) (4.500, 70.080) on layer: Metal4
Net VDD: dangling Wire at (4.500, 70.330) (4.500, 70.330) on layer: Metal4
Net VDD: dangling Wire at (4.500, 66.660) (4.500, 66.660) on layer: Metal4
Net VDD: dangling Wire at (4.500, 66.910) (4.500, 66.910) on layer: Metal4
Net VDD: dangling Wire at (4.500, 63.240) (4.500, 63.240) on layer: Metal4
Net VDD: dangling Wire at (4.500, 63.490) (4.500, 63.490) on layer: Metal4
Net VDD: dangling Wire at (4.500, 59.820) (4.500, 59.820) on layer: Metal4
Net VDD: dangling Wire at (4.500, 60.070) (4.500, 60.070) on layer: Metal4
Net VDD: dangling Wire at (4.500, 56.400) (4.500, 56.400) on layer: Metal4
Net VDD: dangling Wire at (4.500, 56.650) (4.500, 56.650) on layer: Metal4
Net VDD: dangling Wire at (4.500, 52.980) (4.500, 52.980) on layer: Metal4
Net VDD: dangling Wire at (4.500, 53.230) (4.500, 53.230) on layer: Metal4
Net VDD: dangling Wire at (4.500, 49.560) (4.500, 49.560) on layer: Metal4
Net VDD: dangling Wire at (4.500, 49.810) (4.500, 49.810) on layer: Metal4
Net VDD: dangling Wire at (4.500, 46.140) (4.500, 46.140) on layer: Metal4
Net VDD: dangling Wire at (4.500, 46.390) (4.500, 46.390) on layer: Metal4
Net VDD: dangling Wire at (4.500, 42.720) (4.500, 42.720) on layer: Metal4
Net VDD: dangling Wire at (4.500, 42.970) (4.500, 42.970) on layer: Metal4
Net VDD: dangling Wire at (4.500, 39.300) (4.500, 39.300) on layer: Metal4
Net VDD: dangling Wire at (4.500, 39.550) (4.500, 39.550) on layer: Metal4
Net VDD: dangling Wire at (4.500, 35.880) (4.500, 35.880) on layer: Metal4
Net VDD: dangling Wire at (4.500, 36.130) (4.500, 36.130) on layer: Metal4
Net VDD: dangling Wire at (4.500, 32.460) (4.500, 32.460) on layer: Metal4
Net VDD: dangling Wire at (4.500, 32.710) (4.500, 32.710) on layer: Metal4
Net VDD: dangling Wire at (4.500, 29.040) (4.500, 29.040) on layer: Metal4
Net VDD: dangling Wire at (4.500, 29.290) (4.500, 29.290) on layer: Metal4
Net VDD: dangling Wire at (4.500, 25.620) (4.500, 25.620) on layer: Metal4
Net VDD: dangling Wire at (4.500, 25.870) (4.500, 25.870) on layer: Metal4
Net VDD: dangling Wire at (4.500, 22.200) (4.500, 22.200) on layer: Metal4
Net VDD: dangling Wire at (4.500, 22.450) (4.500, 22.450) on layer: Metal4
Net VDD: dangling Wire at (4.500, 18.780) (4.500, 18.780) on layer: Metal4
Net VDD: dangling Wire at (4.500, 19.030) (4.500, 19.030) on layer: Metal4
Net VDD: dangling Wire at (4.500, 15.360) (4.500, 15.360) on layer: Metal4
Net VDD: dangling Wire at (4.500, 15.610) (4.500, 15.610) on layer: Metal4
Net VDD: dangling Wire at (4.500, 11.940) (4.500, 11.940) on layer: Metal4
Net VDD: dangling Wire at (4.500, 12.190) (4.500, 12.190) on layer: Metal4
Net VDD: dangling Wire at (4.500, 8.520) (4.500, 8.520) on layer: Metal4
Net VDD: dangling Wire at (4.500, 8.770) (4.500, 8.770) on layer: Metal4
Net VDD: dangling Wire at (100.500, 97.440) (100.500, 97.440) on layer: Metal4
Net VDD: dangling Wire at (100.500, 97.690) (100.500, 97.690) on layer: Metal4
Net VDD: dangling Wire at (100.500, 94.020) (100.500, 94.020) on layer: Metal4
Net VDD: dangling Wire at (100.500, 94.270) (100.500, 94.270) on layer: Metal4
Net VDD: dangling Wire at (100.500, 90.600) (100.500, 90.600) on layer: Metal4
Net VDD: dangling Wire at (100.500, 90.850) (100.500, 90.850) on layer: Metal4
Net VDD: dangling Wire at (100.500, 87.180) (100.500, 87.180) on layer: Metal4
Net VDD: dangling Wire at (100.500, 87.430) (100.500, 87.430) on layer: Metal4
Net VDD: dangling Wire at (100.500, 83.760) (100.500, 83.760) on layer: Metal4
Net VDD: dangling Wire at (100.500, 84.010) (100.500, 84.010) on layer: Metal4
Net VDD: dangling Wire at (100.500, 80.340) (100.500, 80.340) on layer: Metal4
Net VDD: dangling Wire at (100.500, 80.590) (100.500, 80.590) on layer: Metal4
Net VDD: dangling Wire at (100.500, 76.920) (100.500, 76.920) on layer: Metal4
Net VDD: dangling Wire at (100.500, 77.170) (100.500, 77.170) on layer: Metal4
Net VDD: dangling Wire at (100.500, 73.500) (100.500, 73.500) on layer: Metal4
Net VDD: dangling Wire at (100.500, 73.750) (100.500, 73.750) on layer: Metal4
Net VDD: dangling Wire at (100.500, 70.080) (100.500, 70.080) on layer: Metal4
Net VDD: dangling Wire at (100.500, 70.330) (100.500, 70.330) on layer: Metal4
Net VDD: dangling Wire at (100.500, 66.660) (100.500, 66.660) on layer: Metal4
Net VDD: dangling Wire at (100.500, 66.910) (100.500, 66.910) on layer: Metal4
Net VDD: dangling Wire at (100.500, 63.240) (100.500, 63.240) on layer: Metal4
Net VDD: dangling Wire at (100.500, 63.490) (100.500, 63.490) on layer: Metal4
Net VDD: dangling Wire at (100.500, 59.820) (100.500, 59.820) on layer: Metal4
Net VDD: dangling Wire at (100.500, 60.070) (100.500, 60.070) on layer: Metal4
Net VDD: dangling Wire at (100.500, 56.400) (100.500, 56.400) on layer: Metal4
Net VDD: dangling Wire at (100.500, 56.650) (100.500, 56.650) on layer: Metal4
Net VDD: dangling Wire at (100.500, 52.980) (100.500, 52.980) on layer: Metal4
Net VDD: dangling Wire at (100.500, 53.230) (100.500, 53.230) on layer: Metal4
Net VDD: dangling Wire at (100.500, 49.560) (100.500, 49.560) on layer: Metal4
Net VDD: dangling Wire at (100.500, 49.810) (100.500, 49.810) on layer: Metal4
Net VSS: has special routes with opens at (4.000, 60.680) (97.000, 62.440)
Net VDD: dangling Wire at (100.500, 46.140) (100.500, 46.140) on layer: Metal4
Net VDD: dangling Wire at (100.500, 46.390) (100.500, 46.390) on layer: Metal4
Net VDD: dangling Wire at (100.500, 42.720) (100.500, 42.720) on layer: Metal4
Net VDD: dangling Wire at (100.500, 42.970) (100.500, 42.970) on layer: Metal4
Net VDD: dangling Wire at (100.500, 39.300) (100.500, 39.300) on layer: Metal4
Net VDD: dangling Wire at (100.500, 39.550) (100.500, 39.550) on layer: Metal4
Net VDD: dangling Wire at (100.500, 35.880) (100.500, 35.880) on layer: Metal4
Net VDD: dangling Wire at (100.500, 36.130) (100.500, 36.130) on layer: Metal4
Net VDD: dangling Wire at (100.500, 32.460) (100.500, 32.460) on layer: Metal4
Net VDD: dangling Wire at (100.500, 32.710) (100.500, 32.710) on layer: Metal4
Net VDD: dangling Wire at (100.500, 29.040) (100.500, 29.040) on layer: Metal4
Net VDD: dangling Wire at (100.500, 29.290) (100.500, 29.290) on layer: Metal4
Net VDD: dangling Wire at (100.500, 25.620) (100.500, 25.620) on layer: Metal4
Net VDD: dangling Wire at (100.500, 25.870) (100.500, 25.870) on layer: Metal4
Net VDD: dangling Wire at (100.500, 22.200) (100.500, 22.200) on layer: Metal4
Net VDD: dangling Wire at (100.500, 22.450) (100.500, 22.450) on layer: Metal4
Net VDD: dangling Wire at (100.500, 18.780) (100.500, 18.780) on layer: Metal4
Net VDD: dangling Wire at (100.500, 19.030) (100.500, 19.030) on layer: Metal4
Net VDD: dangling Wire at (100.500, 15.360) (100.500, 15.360) on layer: Metal4
Net VDD: dangling Wire at (100.500, 15.610) (100.500, 15.610) on layer: Metal4
Net VDD: dangling Wire at (100.500, 11.940) (100.500, 11.940) on layer: Metal4
Net VDD: dangling Wire at (100.500, 12.190) (100.500, 12.190) on layer: Metal4
Net VDD: dangling Wire at (100.500, 8.520) (100.500, 8.520) on layer: Metal4
Net VDD: dangling Wire at (100.500, 8.770) (100.500, 8.770) on layer: Metal4
Net VDD: dangling Wire at (100.500, 5.100) (100.500, 5.100) on layer: Metal4
Net VDD: dangling Wire at (100.500, 5.350) (100.500, 5.350) on layer: Metal4
Net VDD: dangling Wire at (84.500, 97.440) (84.500, 97.440) on layer: Metal4
Net VDD: dangling Wire at (84.500, 97.690) (84.500, 97.690) on layer: Metal4
Net VDD: dangling Wire at (84.500, 94.020) (84.500, 94.020) on layer: Metal4
Net VDD: dangling Wire at (84.500, 94.270) (84.500, 94.270) on layer: Metal4
Net VDD: dangling Wire at (84.500, 90.600) (84.500, 90.600) on layer: Metal4
Net VDD: dangling Wire at (84.500, 90.850) (84.500, 90.850) on layer: Metal4
Net VDD: dangling Wire at (84.500, 87.180) (84.500, 87.180) on layer: Metal4
Net VDD: dangling Wire at (84.500, 87.430) (84.500, 87.430) on layer: Metal4
Net VDD: dangling Wire at (84.500, 83.760) (84.500, 83.760) on layer: Metal4
Net VDD: dangling Wire at (84.500, 84.010) (84.500, 84.010) on layer: Metal4
Net VDD: dangling Wire at (84.500, 80.340) (84.500, 80.340) on layer: Metal4
Net VDD: dangling Wire at (84.500, 80.590) (84.500, 80.590) on layer: Metal4
Net VDD: dangling Wire at (84.500, 76.920) (84.500, 76.920) on layer: Metal4
Net VDD: dangling Wire at (84.500, 77.170) (84.500, 77.170) on layer: Metal4
Net VDD: dangling Wire at (84.500, 73.500) (84.500, 73.500) on layer: Metal4
Net VDD: dangling Wire at (84.500, 73.750) (84.500, 73.750) on layer: Metal4
Net VDD: dangling Wire at (84.500, 70.080) (84.500, 70.080) on layer: Metal4
Net VDD: dangling Wire at (84.500, 70.330) (84.500, 70.330) on layer: Metal4
Net VDD: dangling Wire at (84.500, 66.660) (84.500, 66.660) on layer: Metal4
Net VDD: dangling Wire at (84.500, 66.910) (84.500, 66.910) on layer: Metal4
Net VDD: dangling Wire at (84.500, 63.240) (84.500, 63.240) on layer: Metal4
Net VDD: dangling Wire at (84.500, 63.490) (84.500, 63.490) on layer: Metal4
Net VDD: dangling Wire at (84.500, 59.820) (84.500, 59.820) on layer: Metal4
Net VDD: dangling Wire at (84.500, 60.070) (84.500, 60.070) on layer: Metal4
Net VDD: dangling Wire at (84.500, 56.400) (84.500, 56.400) on layer: Metal4
Net VDD: dangling Wire at (84.500, 56.650) (84.500, 56.650) on layer: Metal4
Net VDD: dangling Wire at (84.500, 52.980) (84.500, 52.980) on layer: Metal4
Net VDD: dangling Wire at (84.500, 53.230) (84.500, 53.230) on layer: Metal4
Net VDD: dangling Wire at (84.500, 49.560) (84.500, 49.560) on layer: Metal4
Net VDD: dangling Wire at (84.500, 49.810) (84.500, 49.810) on layer: Metal4
Net VDD: dangling Wire at (84.500, 46.140) (84.500, 46.140) on layer: Metal4
Net VDD: dangling Wire at (84.500, 46.390) (84.500, 46.390) on layer: Metal4
Net VDD: dangling Wire at (84.500, 42.720) (84.500, 42.720) on layer: Metal4
Net VDD: dangling Wire at (84.500, 42.970) (84.500, 42.970) on layer: Metal4
Net VDD: dangling Wire at (84.500, 39.300) (84.500, 39.300) on layer: Metal4
Net VDD: dangling Wire at (84.500, 39.550) (84.500, 39.550) on layer: Metal4
Net VDD: dangling Wire at (84.500, 35.880) (84.500, 35.880) on layer: Metal4
Net VDD: dangling Wire at (84.500, 36.130) (84.500, 36.130) on layer: Metal4
Net VDD: dangling Wire at (84.500, 32.460) (84.500, 32.460) on layer: Metal4
Net VDD: dangling Wire at (84.500, 32.710) (84.500, 32.710) on layer: Metal4
Net VDD: dangling Wire at (84.500, 29.040) (84.500, 29.040) on layer: Metal4
Net VDD: dangling Wire at (84.500, 29.290) (84.500, 29.290) on layer: Metal4
Net VDD: dangling Wire at (84.500, 25.620) (84.500, 25.620) on layer: Metal4
Net VDD: dangling Wire at (84.500, 25.870) (84.500, 25.870) on layer: Metal4
Net VDD: dangling Wire at (84.500, 22.200) (84.500, 22.200) on layer: Metal4
Net VDD: dangling Wire at (84.500, 22.450) (84.500, 22.450) on layer: Metal4
Net VDD: dangling Wire at (84.500, 18.780) (84.500, 18.780) on layer: Metal4
Net VDD: dangling Wire at (84.500, 19.030) (84.500, 19.030) on layer: Metal4
Net VDD: dangling Wire at (84.500, 15.360) (84.500, 15.360) on layer: Metal4
Net VDD: dangling Wire at (84.500, 15.610) (84.500, 15.610) on layer: Metal4
Net VDD: dangling Wire at (84.500, 11.940) (84.500, 11.940) on layer: Metal4
Net VDD: dangling Wire at (84.500, 12.190) (84.500, 12.190) on layer: Metal4
Net VDD: dangling Wire at (84.500, 8.520) (84.500, 8.520) on layer: Metal4
Net VDD: dangling Wire at (84.500, 8.770) (84.500, 8.770) on layer: Metal4
Net VDD: dangling Wire at (84.500, 5.100) (84.500, 5.100) on layer: Metal4
Net VDD: dangling Wire at (84.500, 5.350) (84.500, 5.350) on layer: Metal4
Net VDD: dangling Wire at (68.500, 97.440) (68.500, 97.440) on layer: Metal4
Net VDD: dangling Wire at (68.500, 97.690) (68.500, 97.690) on layer: Metal4
Net VDD: dangling Wire at (68.500, 94.020) (68.500, 94.020) on layer: Metal4
Net VDD: dangling Wire at (68.500, 94.270) (68.500, 94.270) on layer: Metal4
Net VDD: dangling Wire at (68.500, 90.600) (68.500, 90.600) on layer: Metal4
Net VDD: dangling Wire at (68.500, 90.850) (68.500, 90.850) on layer: Metal4
Net VDD: dangling Wire at (68.500, 87.180) (68.500, 87.180) on layer: Metal4
Net VDD: dangling Wire at (68.500, 87.430) (68.500, 87.430) on layer: Metal4
Net VDD: dangling Wire at (68.500, 83.760) (68.500, 83.760) on layer: Metal4
Net VDD: dangling Wire at (68.500, 84.010) (68.500, 84.010) on layer: Metal4
Net VDD: dangling Wire at (68.500, 80.340) (68.500, 80.340) on layer: Metal4
Net VDD: dangling Wire at (68.500, 80.590) (68.500, 80.590) on layer: Metal4
Net VDD: dangling Wire at (68.500, 76.920) (68.500, 76.920) on layer: Metal4
Net VDD: dangling Wire at (68.500, 77.170) (68.500, 77.170) on layer: Metal4
Net VDD: dangling Wire at (68.500, 73.500) (68.500, 73.500) on layer: Metal4
Net VDD: dangling Wire at (68.500, 73.750) (68.500, 73.750) on layer: Metal4
Net VDD: dangling Wire at (68.500, 70.080) (68.500, 70.080) on layer: Metal4
Net VDD: dangling Wire at (68.500, 70.330) (68.500, 70.330) on layer: Metal4
Net VDD: dangling Wire at (68.500, 66.660) (68.500, 66.660) on layer: Metal4
Net VDD: dangling Wire at (68.500, 66.910) (68.500, 66.910) on layer: Metal4
Net VDD: dangling Wire at (68.500, 63.240) (68.500, 63.240) on layer: Metal4
Net VDD: dangling Wire at (68.500, 63.490) (68.500, 63.490) on layer: Metal4
Net VDD: dangling Wire at (68.500, 59.820) (68.500, 59.820) on layer: Metal4
Net VDD: dangling Wire at (68.500, 60.070) (68.500, 60.070) on layer: Metal4
Net VDD: dangling Wire at (68.500, 56.400) (68.500, 56.400) on layer: Metal4
Net VDD: dangling Wire at (68.500, 56.650) (68.500, 56.650) on layer: Metal4
Net VDD: dangling Wire at (68.500, 52.980) (68.500, 52.980) on layer: Metal4
Net VDD: dangling Wire at (68.500, 53.230) (68.500, 53.230) on layer: Metal4
Net VDD: dangling Wire at (68.500, 49.560) (68.500, 49.560) on layer: Metal4
Net VDD: dangling Wire at (68.500, 49.810) (68.500, 49.810) on layer: Metal4
Net VDD: dangling Wire at (68.500, 46.140) (68.500, 46.140) on layer: Metal4
Net VDD: dangling Wire at (68.500, 46.390) (68.500, 46.390) on layer: Metal4
Net VDD: dangling Wire at (68.500, 42.720) (68.500, 42.720) on layer: Metal4
Net VDD: dangling Wire at (68.500, 42.970) (68.500, 42.970) on layer: Metal4
Net VDD: dangling Wire at (68.500, 39.300) (68.500, 39.300) on layer: Metal4
Net VDD: dangling Wire at (68.500, 39.550) (68.500, 39.550) on layer: Metal4
Net VDD: dangling Wire at (68.500, 35.880) (68.500, 35.880) on layer: Metal4
Net VDD: dangling Wire at (68.500, 36.130) (68.500, 36.130) on layer: Metal4
Net VDD: dangling Wire at (68.500, 32.460) (68.500, 32.460) on layer: Metal4
Net VDD: dangling Wire at (68.500, 32.710) (68.500, 32.710) on layer: Metal4
Net VDD: dangling Wire at (68.500, 29.040) (68.500, 29.040) on layer: Metal4
Net VDD: dangling Wire at (68.500, 29.290) (68.500, 29.290) on layer: Metal4
Net VDD: dangling Wire at (68.500, 25.620) (68.500, 25.620) on layer: Metal4
Net VDD: dangling Wire at (68.500, 25.870) (68.500, 25.870) on layer: Metal4
Net VDD: dangling Wire at (68.500, 22.200) (68.500, 22.200) on layer: Metal4
Net VDD: dangling Wire at (68.500, 22.450) (68.500, 22.450) on layer: Metal4
Net VDD: dangling Wire at (68.500, 18.780) (68.500, 18.780) on layer: Metal4
Net VDD: dangling Wire at (68.500, 19.030) (68.500, 19.030) on layer: Metal4
Net VDD: dangling Wire at (68.500, 15.360) (68.500, 15.360) on layer: Metal4
Net VDD: dangling Wire at (68.500, 15.610) (68.500, 15.610) on layer: Metal4
Net VDD: dangling Wire at (68.500, 11.940) (68.500, 11.940) on layer: Metal4
Net VDD: dangling Wire at (68.500, 12.190) (68.500, 12.190) on layer: Metal4
Net VDD: dangling Wire at (68.500, 8.520) (68.500, 8.520) on layer: Metal4
Net VDD: dangling Wire at (68.500, 8.770) (68.500, 8.770) on layer: Metal4
Net VDD: dangling Wire at (68.500, 5.100) (68.500, 5.100) on layer: Metal4
Net VDD: dangling Wire at (68.500, 5.350) (68.500, 5.350) on layer: Metal4
Net VDD: dangling Wire at (52.500, 97.440) (52.500, 97.440) on layer: Metal4
Net VDD: dangling Wire at (52.500, 97.690) (52.500, 97.690) on layer: Metal4
Net VDD: dangling Wire at (52.500, 94.020) (52.500, 94.020) on layer: Metal4
Net VDD: dangling Wire at (52.500, 94.270) (52.500, 94.270) on layer: Metal4
Net VDD: dangling Wire at (52.500, 90.600) (52.500, 90.600) on layer: Metal4
Net VDD: dangling Wire at (52.500, 90.850) (52.500, 90.850) on layer: Metal4
Net VDD: dangling Wire at (52.500, 87.180) (52.500, 87.180) on layer: Metal4
Net VDD: dangling Wire at (52.500, 87.430) (52.500, 87.430) on layer: Metal4
Net VDD: dangling Wire at (52.500, 83.760) (52.500, 83.760) on layer: Metal4
Net VDD: dangling Wire at (52.500, 84.010) (52.500, 84.010) on layer: Metal4
Net VDD: dangling Wire at (52.500, 80.340) (52.500, 80.340) on layer: Metal4
Net VDD: dangling Wire at (52.500, 80.590) (52.500, 80.590) on layer: Metal4
Net VDD: dangling Wire at (52.500, 76.920) (52.500, 76.920) on layer: Metal4
Net VDD: dangling Wire at (52.500, 77.170) (52.500, 77.170) on layer: Metal4
Net VDD: dangling Wire at (52.500, 73.500) (52.500, 73.500) on layer: Metal4
Net VDD: dangling Wire at (52.500, 73.750) (52.500, 73.750) on layer: Metal4
Net VDD: dangling Wire at (52.500, 70.080) (52.500, 70.080) on layer: Metal4
Net VDD: dangling Wire at (52.500, 70.330) (52.500, 70.330) on layer: Metal4
Net VDD: dangling Wire at (52.500, 66.660) (52.500, 66.660) on layer: Metal4
Net VDD: dangling Wire at (52.500, 66.910) (52.500, 66.910) on layer: Metal4
Net VDD: dangling Wire at (52.500, 63.240) (52.500, 63.240) on layer: Metal4
Net VDD: dangling Wire at (52.500, 63.490) (52.500, 63.490) on layer: Metal4
Net VDD: dangling Wire at (52.500, 59.820) (52.500, 59.820) on layer: Metal4
Net VDD: dangling Wire at (52.500, 60.070) (52.500, 60.070) on layer: Metal4
Net VDD: dangling Wire at (52.500, 56.400) (52.500, 56.400) on layer: Metal4
Net VDD: dangling Wire at (52.500, 56.650) (52.500, 56.650) on layer: Metal4
Net VDD: dangling Wire at (52.500, 52.980) (52.500, 52.980) on layer: Metal4
Net VDD: dangling Wire at (52.500, 53.230) (52.500, 53.230) on layer: Metal4
Net VDD: dangling Wire at (52.500, 49.560) (52.500, 49.560) on layer: Metal4
Net VDD: dangling Wire at (52.500, 49.810) (52.500, 49.810) on layer: Metal4
Net VDD: dangling Wire at (52.500, 46.140) (52.500, 46.140) on layer: Metal4
Net VDD: dangling Wire at (52.500, 46.390) (52.500, 46.390) on layer: Metal4
Net VDD: dangling Wire at (52.500, 42.720) (52.500, 42.720) on layer: Metal4
Net VDD: dangling Wire at (52.500, 42.970) (52.500, 42.970) on layer: Metal4
Net VDD: dangling Wire at (52.500, 39.300) (52.500, 39.300) on layer: Metal4
Net VDD: dangling Wire at (52.500, 39.550) (52.500, 39.550) on layer: Metal4
Net VDD: dangling Wire at (52.500, 35.880) (52.500, 35.880) on layer: Metal4
Net VDD: dangling Wire at (52.500, 36.130) (52.500, 36.130) on layer: Metal4
Net VDD: dangling Wire at (52.500, 32.460) (52.500, 32.460) on layer: Metal4
Net VDD: dangling Wire at (52.500, 32.710) (52.500, 32.710) on layer: Metal4
Net VDD: dangling Wire at (52.500, 29.040) (52.500, 29.040) on layer: Metal4
Net VDD: dangling Wire at (52.500, 29.290) (52.500, 29.290) on layer: Metal4
Net VDD: dangling Wire at (52.500, 25.620) (52.500, 25.620) on layer: Metal4
Net VDD: dangling Wire at (52.500, 25.870) (52.500, 25.870) on layer: Metal4
Net VDD: dangling Wire at (52.500, 22.200) (52.500, 22.200) on layer: Metal4
Net VDD: dangling Wire at (52.500, 22.450) (52.500, 22.450) on layer: Metal4
Net VDD: dangling Wire at (52.500, 18.780) (52.500, 18.780) on layer: Metal4
Net VDD: dangling Wire at (52.500, 19.030) (52.500, 19.030) on layer: Metal4
Net VDD: dangling Wire at (52.500, 15.360) (52.500, 15.360) on layer: Metal4
Net VDD: dangling Wire at (52.500, 15.610) (52.500, 15.610) on layer: Metal4
Net VDD: dangling Wire at (52.500, 11.940) (52.500, 11.940) on layer: Metal4
Net VDD: dangling Wire at (52.500, 12.190) (52.500, 12.190) on layer: Metal4
Net VDD: dangling Wire at (52.500, 8.520) (52.500, 8.520) on layer: Metal4
Net VDD: dangling Wire at (52.500, 8.770) (52.500, 8.770) on layer: Metal4
Net VDD: dangling Wire at (52.500, 5.100) (52.500, 5.100) on layer: Metal4
Net VDD: dangling Wire at (52.500, 5.350) (52.500, 5.350) on layer: Metal4
Net VDD: dangling Wire at (36.500, 97.440) (36.500, 97.440) on layer: Metal4
Net VDD: dangling Wire at (36.500, 97.690) (36.500, 97.690) on layer: Metal4
Net VDD: dangling Wire at (36.500, 94.020) (36.500, 94.020) on layer: Metal4
Net VDD: dangling Wire at (36.500, 94.270) (36.500, 94.270) on layer: Metal4
Net VDD: dangling Wire at (36.500, 90.600) (36.500, 90.600) on layer: Metal4
Net VDD: dangling Wire at (36.500, 90.850) (36.500, 90.850) on layer: Metal4
Net VDD: dangling Wire at (36.500, 87.180) (36.500, 87.180) on layer: Metal4
Net VDD: dangling Wire at (36.500, 87.430) (36.500, 87.430) on layer: Metal4
Net VDD: dangling Wire at (36.500, 83.760) (36.500, 83.760) on layer: Metal4
Net VDD: dangling Wire at (36.500, 84.010) (36.500, 84.010) on layer: Metal4
Net VDD: dangling Wire at (36.500, 80.340) (36.500, 80.340) on layer: Metal4
Net VDD: dangling Wire at (36.500, 80.590) (36.500, 80.590) on layer: Metal4
Net VDD: dangling Wire at (36.500, 76.920) (36.500, 76.920) on layer: Metal4
Net VDD: dangling Wire at (36.500, 77.170) (36.500, 77.170) on layer: Metal4
Net VDD: dangling Wire at (36.500, 73.500) (36.500, 73.500) on layer: Metal4
Net VDD: dangling Wire at (36.500, 73.750) (36.500, 73.750) on layer: Metal4
Net VDD: dangling Wire at (36.500, 70.080) (36.500, 70.080) on layer: Metal4
Net VDD: dangling Wire at (36.500, 70.330) (36.500, 70.330) on layer: Metal4
Net VDD: dangling Wire at (36.500, 66.660) (36.500, 66.660) on layer: Metal4
Net VDD: dangling Wire at (36.500, 66.910) (36.500, 66.910) on layer: Metal4
Net VDD: dangling Wire at (36.500, 63.240) (36.500, 63.240) on layer: Metal4
Net VDD: dangling Wire at (36.500, 63.490) (36.500, 63.490) on layer: Metal4
Net VDD: dangling Wire at (36.500, 59.820) (36.500, 59.820) on layer: Metal4
Net VDD: dangling Wire at (36.500, 60.070) (36.500, 60.070) on layer: Metal4
Net VDD: dangling Wire at (36.500, 56.400) (36.500, 56.400) on layer: Metal4
Net VDD: dangling Wire at (36.500, 56.650) (36.500, 56.650) on layer: Metal4
Net VDD: dangling Wire at (36.500, 52.980) (36.500, 52.980) on layer: Metal4
Net VDD: dangling Wire at (36.500, 53.230) (36.500, 53.230) on layer: Metal4
Net VDD: dangling Wire at (36.500, 49.560) (36.500, 49.560) on layer: Metal4
Net VDD: dangling Wire at (36.500, 49.810) (36.500, 49.810) on layer: Metal4
Net VDD: dangling Wire at (36.500, 46.140) (36.500, 46.140) on layer: Metal4
Net VDD: dangling Wire at (36.500, 46.390) (36.500, 46.390) on layer: Metal4
Net VDD: dangling Wire at (36.500, 42.720) (36.500, 42.720) on layer: Metal4
Net VDD: dangling Wire at (36.500, 42.970) (36.500, 42.970) on layer: Metal4
Net VDD: dangling Wire at (36.500, 39.300) (36.500, 39.300) on layer: Metal4
Net VDD: dangling Wire at (36.500, 39.550) (36.500, 39.550) on layer: Metal4
Net VDD: dangling Wire at (36.500, 35.880) (36.500, 35.880) on layer: Metal4
Net VSS: has special routes with opens at (4.000, 57.260) (97.000, 59.020)

Begin Summary
    41 Problem(s) (IMPVFC-200): Special Wires: Pieces of the net are not connected together.
    959 Problem(s) (IMPVFC-94): The net has dangling wire(s).
    1000 total info(s) created.
End Summary
