###############################################################
#  Generated by:      Cadence Innovus 23.15-s106_1
#  OS:                Linux x86_64(Host ID ASIC-vm)
#  Generated on:      Fri Nov 14 15:43:23 2025
#  Design:            matmul_sync
#  Command:           report_timing -max_paths 1   -nworst 1 -path_type full_clock -net > [get_db flow_report_directory]/[get_db flow_report_name]/setup.worst.rpt
###############################################################
Path 1: VIOLATED (-0.069 ns) Late Output Delay Assertion
               View: slow_0p9v_125c_cmax_func
              Group: reg2out
         Startpoint: (R) operand_b_i_sr_reg_17/CK
              Clock: (R) clk_i
           Endpoint: (R) result_o[47]
              Clock: (R) clk_i_virtual

                       Capture       Launch
         Clock Edge:+    5.000        0.000
         Drv Adjust:+    0.000        0.011
        Src Latency:+    0.000       -0.137
        Net Latency:+    0.000 (I)    0.140 (P)
            Arrival:=    5.000        0.015

       Output Delay:-    1.500
        Uncertainty:-    0.055
        Cppr Adjust:+    0.000
      Required Time:=    3.445
       Launch Clock:=    0.015
          Data Path:+    3.499
              Slack:=   -0.069

#----------------------------------------------------------------------------------------------------------------------------------
# Timing Point                                 Net  Cell        Fanout   Load  Trans   Delay    Incr  Arrival  Edge  User    Power  
#                                                                        (pf)   (ns)    (ns)   Delay     (ns)        Derate  Domain  
#----------------------------------------------------------------------------------------------------------------------------------
  clk_i                                        -    (arrival)        1  0.004  0.051   0.000   0.000   -0.125  R     -       pd_aon  
  clk_i                                        -    (net)            1  0.004      -       -       -        -  R     -       -  
  CTS_ccl_a_inv_00012/Y                        -    CLKINVX6         3  0.011  0.051   0.067   0.000   -0.058  F      1.030  pd_aon  
  CTS_4                                        -    (net)            3  0.011      -       -       -        -  F     -       -  
  CTS_ccl_a_inv_00007/Y                        -    CLKINVX6        24  0.015  0.066   0.073   0.000    0.015  R      1.030  pd_aon  
  CTS_1                                        -    (net)           24  0.015      -       -       -        -  R     -       -  
  operand_b_i_sr_reg_17/Q                      -    SDFFSRHQX4       8  0.011  0.069   0.328   0.000    0.343  R      1.079  pd_aon  
  operand_b_i_sr_17                            -    (net)            8  0.011      -       -       -        -  R     -       -  
  cts_FE_OFC45_operand_b_i_sr_17/Y             -    INVX3           10  0.008  0.073   0.096   0.000    0.439  F      1.079  pd_aon  
  FE_OCPN40_operand_b_i_sr_17                  -    (net)           10  0.008      -       -       -        -  F     -       -  
  WALLACE_CSA_DUMMY_OP_groupi58_g3604__6161/Y  -    NOR2XL           2  0.001  0.086   0.144   0.009    0.583  R      1.079  pd_aon  
  WALLACE_CSA_DUMMY_OP_groupi58_n_190          -    (net)            2  0.001      -       -       -        -  R     -       -  
  WALLACE_CSA_DUMMY_OP_groupi58_g3580__1617/Y  -    AND2XL           2  0.001  0.143   0.215   0.000    0.798  R      1.079  pd_aon  
  WALLACE_CSA_DUMMY_OP_groupi58_n_202          -    (net)            2  0.001      -       -       -        -  R     -       -  
  WALLACE_CSA_DUMMY_OP_groupi58_g3556/Y        -    INVX1            3  0.001  0.060   0.070   0.000    0.868  F      1.079  pd_aon  
  WALLACE_CSA_DUMMY_OP_groupi58_n_43           -    (net)            3  0.001      -       -       -        -  F     -       -  
  WALLACE_CSA_DUMMY_OP_groupi58_g3542__1617/Y  -    MXI2XL           1  0.001  0.044   0.116   0.000    0.984  R      1.079  pd_aon  
  WALLACE_CSA_DUMMY_OP_groupi58_n_231          -    (net)            1  0.001      -       -       -        -  R     -       -  
  WALLACE_CSA_DUMMY_OP_groupi58_g3481__2883/Y  -    CLKXOR2X1        2  0.002  0.109   0.228   0.007    1.212  F      1.079  pd_aon  
  WALLACE_CSA_DUMMY_OP_groupi58_n_308          -    (net)            2  0.002      -       -       -        -  F     -       -  
  WALLACE_CSA_DUMMY_OP_groupi58_g3463__3680/Y  -    NOR2XL           1  0.001  0.082   0.105   0.000    1.316  R      1.079  pd_aon  
  WALLACE_CSA_DUMMY_OP_groupi58_n_335          -    (net)            1  0.001      -       -       -        -  R     -       -  
  WALLACE_CSA_DUMMY_OP_groupi58_g3457__6260/Y  -    NOR2X1           2  0.001  0.074   0.088   0.000    1.405  F      1.079  pd_aon  
  WALLACE_CSA_DUMMY_OP_groupi58_n_346          -    (net)            2  0.001      -       -       -        -  F     -       -  
  WALLACE_CSA_DUMMY_OP_groupi58_g3427/Y        -    INVXL            3  0.001  0.061   0.080   0.000    1.485  R      1.079  pd_aon  
  WALLACE_CSA_DUMMY_OP_groupi58_n_381          -    (net)            3  0.001      -       -       -        -  R     -       -  
  WALLACE_CSA_DUMMY_OP_groupi58_g3420__8428/Y  -    MXI2X1           1  0.001  0.059   0.126   0.000    1.611  F      1.079  pd_aon  
  WALLACE_CSA_DUMMY_OP_groupi58_n_387          -    (net)            1  0.001      -       -       -        -  F     -       -  
  WALLACE_CSA_DUMMY_OP_groupi58_g3383__6260/Y  -    XNOR2X1          4  0.002  0.097   0.224   0.000    1.835  R      1.079  pd_aon  
  WALLACE_CSA_DUMMY_OP_groupi58_n_434          -    (net)            4  0.002      -       -       -        -  R     -       -  
  fopt3833/Y                                   -    INVXL            1  0.001  0.050   0.068   0.000    1.903  F      1.079  pd_aon  
  n_561                                        -    (net)            1  0.001      -       -       -        -  F     -       -  
  prects_FE_RC_33_0/Y                          -    AOI22X1          1  0.000  0.045   0.078   0.000    1.981  R      1.079  pd_aon  
  WALLACE_CSA_DUMMY_OP_groupi58_n_471          -    (net)            1  0.000      -       -       -        -  R     -       -  
  FE_RC_137_0/Y                                -    XOR2XL           2  0.001  0.072   0.217   0.000    2.198  F      1.079  pd_aon  
  WALLACE_CSA_DUMMY_OP_groupi58_n_476          -    (net)            2  0.001      -       -       -        -  F     -       -  
  WALLACE_CSA_DUMMY_OP_groupi58_g2__8428/Y     -    OR2X1            2  0.001  0.045   0.135   0.000    2.332  F      1.079  pd_aon  
  WALLACE_CSA_DUMMY_OP_groupi58_n_26           -    (net)            2  0.001      -       -       -        -  F     -       -  
  prects_FE_RC_32_0/Y                          -    AOI21X2          1  0.002  0.048   0.094   0.000    2.427  R      1.079  pd_aon  
  WALLACE_CSA_DUMMY_OP_groupi58_n_493          -    (net)            1  0.002      -       -       -        -  R     -       -  
  prects_FE_RC_40_0/Y                          -    OAI31X4          3  0.002  0.083   0.129   0.000    2.556  F      1.079  pd_aon  
  WALLACE_CSA_DUMMY_OP_groupi58_n_496          -    (net)            3  0.002      -       -       -        -  F     -       -  
  FE_RC_182_0/Y                                -    NAND2BX2         1  0.001  0.093   0.077   0.000    2.633  R      1.079  pd_aon  
  FE_RN_130_0                                  -    (net)            1  0.001      -       -       -        -  R     -       -  
  FE_RC_180_0/Y                                -    NAND2BX2         3  0.002  0.037   0.073   0.002    2.707  F      1.079  pd_aon  
  WALLACE_CSA_DUMMY_OP_groupi58_n_498          -    (net)            3  0.002      -       -       -        -  F     -       -  
  FE_RC_293_0/Y                                -    NAND2X2          1  0.002  0.083   0.077   0.000    2.783  R      1.079  pd_aon  
  FE_RN_218_0                                  -    (net)            1  0.002      -       -       -        -  R     -       -  
  FE_RC_292_0/Y                                -    NAND2X4          3  0.002  0.046   0.072   0.000    2.855  F      1.079  pd_aon  
  WALLACE_CSA_DUMMY_OP_groupi58_n_500          -    (net)            3  0.002      -       -       -        -  F     -       -  
  FE_RC_3_0/Y                                  -    NAND2X2          1  0.002  0.063   0.064   0.000    2.919  R      1.079  pd_aon  
  FE_RN_5_0                                    -    (net)            1  0.002      -       -       -        -  R     -       -  
  FE_RC_2_0/Y                                  -    NAND2X4          5  0.002  0.044   0.078   0.000    2.997  F      1.079  pd_aon  
  WALLACE_CSA_DUMMY_OP_groupi58_n_502          -    (net)            5  0.002      -       -       -        -  F     -       -  
  FE_RC_221_0/Y                                -    NAND2X2          1  0.001  0.072   0.066   0.000    3.063  R      1.079  pd_aon  
  FE_RN_181_0                                  -    (net)            1  0.001      -       -       -        -  R     -       -  
  FE_RC_282_0/Y                                -    NAND3X2          2  0.001  0.036   0.098   0.000    3.161  F      1.079  pd_aon  
  WALLACE_CSA_DUMMY_OP_groupi58_n_506          -    (net)            2  0.001      -       -       -        -  F     -       -  
  FE_RC_34_0/Y                                 -    NOR2X1           1  0.000  0.123   0.115   0.000    3.277  R      1.079  pd_aon  
  FE_RN_21_0                                   -    (net)            1  0.000      -       -       -        -  R     -       -  
  prects_FE_RC_24_0/Y                          -    INVX1            1  0.001  0.058   0.069   0.000    3.346  F      1.079  pd_aon  
  FE_RN_12_1                                   -    (net)            1  0.001      -       -       -        -  F     -       -  
  prects_FE_RC_23_0/Y                          -    NAND2X2          1  0.002  0.045   0.053   0.000    3.399  R      1.079  pd_aon  
  FE_OFN170_result_o_47                        -    (net)            1  0.002      -       -       -        -  R     -       -  
  cts_FE_OFC23_FE_OFN170_result_o_47/Y         -    CLKBUFX16        1  0.012  0.048   0.115   0.000    3.514  R      1.079  pd_aon  
  result_o[47]                                 -    (net)            1  0.012      -       -       -        -  R     -       -  
  result_o[47]                                 -    -                1  0.012  0.041   0.000   0.000    3.514  R      1.070  pd_aon  
#----------------------------------------------------------------------------------------------------------------------------------

