 ---------------------------------------------------------------------------------------------------------------------- 
| Snapshot           | WNS                  | TNS                  | Density (%) | Resource               | DRVs       |
|                    | HEPG (ns) | ALL (ns) | HEPG (ns) | ALL (ns) |             | Real (s) | Memory (MB) | Tran | Cap |
|--------------------+-----------+----------+-----------+----------+-------------+----------+-------------+------+-----|
| initial_summary    |           |   -0.057 |           |       -0 |       62.23 | 0:00:03  |        5836 |    1 |   0 |
| ccopt_pro          |           |          |           |          |             | 0:00:01  |        6233 |      |     |
| drv_eco_fixing     |     0.000 |   -0.055 |         0 |       -0 |       62.29 | 0:00:02  |        6429 |    0 |   0 |
| wns_fixing         |     0.000 |    0.001 |         0 |        0 |       62.46 | 0:00:01  |        6709 |      |     |
| initial_summary_2  |           |    0.001 |           |        0 |       62.46 | 0:00:02  |        6068 |    0 |   0 |
| hold_fixing        |           |          |           |          |             | 0:00:00  |        6164 |      |     |
| route_type_fixing  |           |          |           |          |             | 0:00:00  |        6060 |      |     |
| pre_route_summary  |           |    0.001 |           |        0 |       62.46 | 0:00:00  |        6068 |    0 |   0 |
| eco_route          |           |          |           |          |             | 0:04:57  |        7236 |      |     |
| post_route_summary |           |   -0.023 |           |       -0 |       62.46 | 0:00:01  |        7898 |    0 |   0 |
| final_summary      |           |   -0.023 |           |       -0 |       62.46 | 0:00:11  |        7905 |    0 |   0 |
 ---------------------------------------------------------------------------------------------------------------------- 
