###############################################################
#  Generated by:      Cadence Innovus 23.15-s106_1
#  OS:                Linux x86_64(Host ID ASIC-vm)
#  Generated on:      Fri Nov 14 14:57:06 2025
#  Design:            matmul_sync
#  Command:           report_timing -early -max_paths 1   -nworst 1 -path_type full_clock -net > [get_db flow_report_directory]/[get_db flow_report_name]/hold.worst.rpt
###############################################################
Path 1: MET (0.038 ns) Hold Check with Pin operand_a_i_sr_reg_2/CK->SI
               View: fast_1p1v_0c_cmin_scan_shift
              Group: reg2reg
         Startpoint: (R) operand_a_i_sr_reg_3/CK
              Clock: (R) clk_i
           Endpoint: (F) operand_a_i_sr_reg_2/SI
              Clock: (R) clk_i

                       Capture       Launch
         Clock Edge:+    0.000        0.000
         Drv Adjust:+    0.006        0.007
        Src Latency:+   -0.052       -0.052
        Net Latency:+    0.050 (P)    0.041 (P)
            Arrival:=    0.003       -0.004

               Hold:+   -0.014
        Uncertainty:+    0.040
        Cppr Adjust:-    0.007
      Required Time:=    0.022
       Launch Clock:=   -0.004
          Data Path:+    0.065
              Slack:=    0.038
     Timing Path:

#--------------------------------------------------------------------------------------------------------------
# Timing Point             Net  Cell        Fanout   Load  Trans   Delay    Incr  Arrival  Edge  User    Power  
#                                                    (pf)   (ns)    (ns)   Delay     (ns)        Derate  Domain  
#--------------------------------------------------------------------------------------------------------------
  clk_i                    -    (arrival)        1  0.004  0.034   0.002   0.000   -0.043  R     -       pd_aon  
  clk_i                    -    (net)            1  0.004      -       -       -        -  R     -       -  
  CTS_ccl_a_inv_00012/Y    -    CLKINVX6         3  0.011  0.036   0.020   0.000   -0.023  F      1.000  pd_aon  
  CTS_4                    -    (net)            3  0.011      -       -       -        -  F     -       -  
  CTS_ccl_a_inv_00009/Y    -    CLKINVX6        20  0.016  0.025   0.019   0.000   -0.004  R      1.000  pd_aon  
  CTS_3                    -    (net)           20  0.016      -       -       -        -  R     -       -  
  operand_a_i_sr_reg_3/Q   -    SDFFSRHQX1       3  0.002  0.024   0.065   0.000    0.061  F      1.000  pd_aon  
  operand_a_i_sr_3         -    (net)            3  0.002      -       -       -        -  F     -       -  
  operand_a_i_sr_reg_2/SI  -    SDFFSRHQX4       3  0.002  0.019   0.000   0.000    0.061  F      1.000  pd_aon  
#--------------------------------------------------------------------------------------------------------------
     Other End Path:

#--------------------------------------------------------------------------------------------------------------
# Timing Point             Net  Cell        Fanout   Load  Trans   Delay    Incr  Arrival  Edge  User    Power  
#                                                    (pf)   (ns)    (ns)   Delay     (ns)        Derate  Domain  
#--------------------------------------------------------------------------------------------------------------
  clk_i                    -    (arrival)        1  0.004  0.062   0.004   0.000   -0.043  R     -       pd_aon  
  clk_i                    -    (net)            1  0.004      -       -       -        -  R     -       -  
  CTS_ccl_a_inv_00012/Y    -    CLKINVX6         3  0.012  0.063   0.026   0.000   -0.017  F      1.000  pd_aon  
  CTS_4                    -    (net)            3  0.012      -       -       -        -  F     -       -  
  CTS_ccl_a_inv_00009/Y    -    CLKINVX6        20  0.016  0.031   0.021   0.000    0.003  R      1.000  pd_aon  
  CTS_3                    -    (net)           20  0.016      -       -       -        -  R     -       -  
  operand_a_i_sr_reg_2/CK  -    SDFFSRHQX4      20  0.016  0.025   0.000   0.000    0.003  R      1.000  pd_aon  
#--------------------------------------------------------------------------------------------------------------

