###############################################################
#  Generated by:      Cadence Innovus 23.15-s106_1
#  OS:                Linux x86_64(Host ID ASIC-vm)
#  Generated on:      Fri Nov 14 14:57:03 2025
#  Design:            matmul_sync
#  Command:           report_timing_summary -checks {hold drv} -expand_views -expand_clocks launch_capture  > [file join [get_db flow_report_directory] [get_db flow_report_name] [get_db flow_report_prefix]hold.group_summary.rpt]
###############################################################
# HOLD                                      WNS    TNS   FEP   
#-------------------------------------------------------------
 View : ALL                               0.038  0.000     0  
    Group : in2reg                        0.952  0.000     0  
    Group : reg2out                       1.123  0.000     0  
    Group : reg2reg                       0.038  0.000     0  
    Group : Default                       0.040  0.000     0  
                                                              
 View : slow_0p9v_125c_cmax_func          1.456  0.000     0  
    Group : in2reg                        1.456  0.000     0  
       Clock : clk_i_virtual->clk_i       1.456  0.000     0  
    Group : reg2out                       2.171  0.000     0  
       Clock : clk_i->clk_i_virtual       2.171  0.000     0  
                                                              
 View : slow_0p9v_125c_cmax_scan_capture  0.952  0.000     0  
    Group : in2reg                        0.952  0.000     0  
       Clock : clk_i_virtual->clk_i       0.952  0.000     0  
    Group : reg2out                       1.671  0.000     0  
       Clock : clk_i->clk_i_virtual       1.671  0.000     0  
                                                              
 View : slow_0p9v_125c_cmax_scan_shift    0.278  0.000     0  
    Group : in2reg                        0.952  0.000     0  
       Clock : clk_i_virtual->clk_i       0.952  0.000     0  
    Group : reg2out                       1.671  0.000     0  
       Clock : clk_i->clk_i_virtual       1.671  0.000     0  
    Group : reg2reg                       0.278  0.000     0  
       Clock : clk_i->clk_i               0.278  0.000     0  
    Group : Default                       0.292  0.000     0  
       Clock : clk_i->clk_i               0.292  0.000     0  
                                                              
 View : fast_1p1v_0c_cmin_func            1.471  0.000     0  
    Group : in2reg                        1.471  0.000     0  
       Clock : clk_i_virtual->clk_i       1.471  0.000     0  
    Group : reg2out                       1.623  0.000     0  
       Clock : clk_i->clk_i_virtual       1.623  0.000     0  
                                                              
 View : fast_1p1v_0c_cmin_scan_capture    0.971  0.000     0  
    Group : in2reg                        0.971  0.000     0  
       Clock : clk_i_virtual->clk_i       0.971  0.000     0  
    Group : reg2out                       1.123  0.000     0  
       Clock : clk_i->clk_i_virtual       1.123  0.000     0  
                                                              
 View : fast_1p1v_0c_cmin_scan_shift      0.038  0.000     0  
    Group : in2reg                        0.973  0.000     0  
       Clock : clk_i_virtual->clk_i       0.973  0.000     0  
    Group : reg2out                       1.123  0.000     0  
       Clock : clk_i->clk_i_virtual       1.123  0.000     0  
    Group : reg2reg                       0.038  0.000     0  
       Clock : clk_i->clk_i               0.038  0.000     0  
    Group : Default                       0.040  0.000     0  
       Clock : clk_i->clk_i               0.040  0.000     0  
                                                              
#-------------------------------------------------------------
 
# DRV                                      WNS   TNS   FEP   
#-----------------------------------------------------------
 View : ALL                                                 
    Check : max_transition                 N/A   N/A     0  
    Check : min_transition                 N/A   N/A     0  
    Check : max_capacitance                N/A   N/A     0  
    Check : min_capacitance                N/A   N/A     0  
    Check : max_fanout                     N/A   N/A     0  
    Check : min_fanout                     N/A   N/A     0  
                                                            
 View : slow_0p9v_125c_cmax_func                            
    Check : max_transition                 N/A   N/A     0  
    Check : min_transition                 N/A   N/A     0  
    Check : max_capacitance                N/A   N/A     0  
    Check : min_capacitance                N/A   N/A     0  
    Check : max_fanout                     N/A   N/A     0  
    Check : min_fanout                     N/A   N/A     0  
                                                            
 View : slow_0p9v_125c_cmax_scan_capture                    
    Check : max_transition                 N/A   N/A     0  
    Check : min_transition                 N/A   N/A     0  
    Check : max_capacitance                N/A   N/A     0  
    Check : min_capacitance                N/A   N/A     0  
    Check : max_fanout                     N/A   N/A     0  
    Check : min_fanout                     N/A   N/A     0  
                                                            
 View : slow_0p9v_125c_cmax_scan_shift                      
    Check : max_transition                 N/A   N/A     0  
    Check : min_transition                 N/A   N/A     0  
    Check : max_capacitance                N/A   N/A     0  
    Check : min_capacitance                N/A   N/A     0  
    Check : max_fanout                     N/A   N/A     0  
    Check : min_fanout                     N/A   N/A     0  
                                                            
 View : slow_0p9v_125c_cmax_func                            
    Check : max_transition                 N/A   N/A     0  
    Check : min_transition                 N/A   N/A     0  
    Check : max_capacitance                N/A   N/A     0  
    Check : min_capacitance                N/A   N/A     0  
    Check : max_fanout                     N/A   N/A     0  
    Check : min_fanout                     N/A   N/A     0  
                                                            
 View : slow_0p9v_125c_cmax_scan_capture                    
    Check : max_transition                 N/A   N/A     0  
    Check : min_transition                 N/A   N/A     0  
    Check : max_capacitance                N/A   N/A     0  
    Check : min_capacitance                N/A   N/A     0  
    Check : max_fanout                     N/A   N/A     0  
    Check : min_fanout                     N/A   N/A     0  
                                                            
 View : slow_0p9v_125c_cmax_scan_shift                      
    Check : max_transition                 N/A   N/A     0  
    Check : min_transition                 N/A   N/A     0  
    Check : max_capacitance                N/A   N/A     0  
    Check : min_capacitance                N/A   N/A     0  
    Check : max_fanout                     N/A   N/A     0  
    Check : min_fanout                     N/A   N/A     0  
                                                            
 View : fast_1p1v_0c_cmin_func                              
    Check : max_transition                 N/A   N/A     0  
    Check : min_transition                 N/A   N/A     0  
    Check : max_capacitance                N/A   N/A     0  
    Check : min_capacitance                N/A   N/A     0  
    Check : max_fanout                     N/A   N/A     0  
    Check : min_fanout                     N/A   N/A     0  
                                                            
 View : fast_1p1v_0c_cmin_scan_capture                      
    Check : max_transition                 N/A   N/A     0  
    Check : min_transition                 N/A   N/A     0  
    Check : max_capacitance                N/A   N/A     0  
    Check : min_capacitance                N/A   N/A     0  
    Check : max_fanout                     N/A   N/A     0  
    Check : min_fanout                     N/A   N/A     0  
                                                            
 View : fast_1p1v_0c_cmin_scan_shift                        
    Check : max_transition                 N/A   N/A     0  
    Check : min_transition                 N/A   N/A     0  
    Check : max_capacitance                N/A   N/A     0  
    Check : min_capacitance                N/A   N/A     0  
    Check : max_fanout                     N/A   N/A     0  
    Check : min_fanout                     N/A   N/A     0  
                                                            
#-----------------------------------------------------------
 
