*----------------------------------------------------------------------------------------
*	Innovus 23.15-s106_1 (64bit) 07/16/2025 17:15 (Linux 3.10.0-693.el7.x86_64)
*	
*
* 	Date & Time:	2025-Nov-14 14:54:51 (2025-Nov-14 12:54:51 GMT)
*
*----------------------------------------------------------------------------------------
*
*	Design: matmul_sync
*
*	Liberty Libraries used: 
*	        /opt/soc/tech/cadence/gsclib045_all_v4.8/gsclib045/timing/fast_vdd1v0_basicCells.lib
*	        /opt/soc/tech/cadence/gsclib045_all_v4.8/gsclib045/timing/slow_vdd1v0_basicCells.lib
*
*	Power Domain used: 
*              Rail:        VDD      Voltage:        0.9 
*
*       Dynamic View: slow_0p9v_125c_cmax_func
*
*       Leakage View: slow_0p9v_125c_cmax_func
*
*       User-Defined Activity : N.A.
*
*       Activity File: N.A.
*
*       Hierarchical Global Activity: N.A.
*
*       Global Activity: N.A.
*
*       Sequential Element Activity: 0.200000
*
*       Primary Input Activity: 0.200000
*
*       Default icg ratio: N.A.
*
*       Global Comb ClockGate Ratio: N.A.
*
*	Power Units = 1mW
*
*	Time Units = 1e-09 secs 
*
*       report_power -outfile reports/cts/power.all.rpt -no_wrap
*
-----------------------------------------------------------------------------------------


Total Power 
-----------------------------------------------------------------------------------------
Total Internal Power:        0.28562056 	   60.0505%
Total Switching Power:       0.18987309 	   39.9200%
Total Leakage Power:         0.00013999 	    0.0294%
Total Power:                 0.47563365 
-----------------------------------------------------------------------------------------


Group                           Internal   Switching     Leakage       Total  Percentage 
                                Power      Power         Power         Power  (%)        
-----------------------------------------------------------------------------------------
Sequential                        0.0476     0.01026   1.814e-05     0.05788       12.17 
Macro                                  0           0           0           0           0 
IO                                     0           0           0           0           0 
Combinational                      0.236      0.1702   0.0001213      0.4063       85.43 
Clock (Combinational)           0.002062     0.00936   5.783e-07     0.01142       2.402 
Clock (Sequential)                     0           0           0           0           0 
-----------------------------------------------------------------------------------------
Total                             0.2856      0.1899     0.00014      0.4756         100 
-----------------------------------------------------------------------------------------


Rail                  Voltage   Internal   Switching     Leakage       Total  Percentage 
                                Power      Power         Power         Power  (%)        
-----------------------------------------------------------------------------------------
VDD                       0.9     0.2856      0.1899     0.00014      0.4756         100 


Clock                           Internal   Switching     Leakage       Total  Percentage 
                                Power      Power         Power         Power  (%)        
-----------------------------------------------------------------------------------------
clk_i                           0.002062     0.00936   5.783e-07     0.01142       2.402 
-----------------------------------------------------------------------------------------
Total (excluding duplicates)    0.002062     0.00936   5.783e-07     0.01142       2.402 
-----------------------------------------------------------------------------------------
Clock: clk_i
Clock Period: 0.005000 usec 
Clock Toggle Rate:   400.0000 Mhz 
Clock Static Probability:  0.5000



-----------------------------------------------------------------------------------------
*	Power Distribution Summary: 
*                Highest Average Power: prects_FE_OFC18_result_o_43 (CLKBUFX16):         0.004641 
*                Highest Leakage Power:   cts_FE_OFC1_result_o_30 (CLKBUFX20):        6.198e-07 
*          Total Cap:      4.48925e-12 F
*          Total instances in design:  2014
*          Total instances in design with no power:     0
*          Total instances in design with no activity:     0
*          Total Fillers and Decap:     0
-----------------------------------------------------------------------------------------

