###############################################################
#  Generated by:      Cadence Innovus 23.15-s106_1
#  OS:                Linux x86_64(Host ID ASIC-vm)
#  Generated on:      Fri Nov 14 14:54:25 2025
#  Design:            matmul_sync
#  Command:           report_timing -max_paths 1   -nworst 1 -path_type full_clock -net > [get_db flow_report_directory]/[get_db flow_report_name]/setup.worst.rpt
###############################################################
Path 1: MET (0.003 ns) Late Output Delay Assertion
               View: slow_0p9v_125c_cmax_func
              Group: reg2out
         Startpoint: (R) operand_a_i_sr_reg_27/CK
              Clock: (R) clk_i
           Endpoint: (F) result_o[63]
              Clock: (R) clk_i_virtual

                       Capture       Launch
         Clock Edge:+    5.000        0.000
         Drv Adjust:+    0.000        0.012
        Src Latency:+    0.000       -0.137
        Net Latency:+    0.000 (I)    0.139 (P)
            Arrival:=    5.000        0.014

       Output Delay:-    1.500
        Uncertainty:-    0.055
        Cppr Adjust:+    0.000
      Required Time:=    3.445
       Launch Clock:=    0.014
          Data Path:+    3.428
              Slack:=    0.003

#-----------------------------------------------------------------------------------------------------------------------------------------
# Timing Point                                        Net  Cell        Fanout   Load  Trans   Delay    Incr  Arrival  Edge  User    Power  
#                                                                               (pf)   (ns)    (ns)   Delay     (ns)        Derate  Domain  
#-----------------------------------------------------------------------------------------------------------------------------------------
  clk_i                                               -    (arrival)        1  0.004  0.051   0.001   0.000   -0.124  R     -       pd_aon  
  clk_i                                               -    (net)            1  0.004      -       -       -        -  R     -       -  
  CTS_ccl_a_inv_00012/Y                               -    CLKINVX6         3  0.011  0.056   0.067   0.000   -0.057  F      1.030  pd_aon  
  CTS_4                                               -    (net)            3  0.011      -       -       -        -  F     -       -  
  CTS_ccl_a_inv_00009/Y                               -    CLKINVX6        20  0.015  0.075   0.071   0.000    0.014  R      1.030  pd_aon  
  CTS_3                                               -    (net)           20  0.015      -       -       -        -  R     -       -  
  operand_a_i_sr_reg_27/Q                             -    SDFFSRHQX1       1  0.001  0.069   0.257   0.000    0.271  R      1.079  pd_aon  
  operand_a_i_sr_27                                   -    (net)            1  0.001      -       -       -        -  R     -       -  
  cts_FE_OFC61_operand_a_i_sr_27/Y                    -    BUFX6           13  0.013  0.034   0.108   0.000    0.380  R      1.079  pd_aon  
  n_696                                               -    (net)           13  0.013      -       -       -        -  R     -       -  
  cts_FE_OFC62_operand_a_i_sr_27/Y                    -    INVX1            3  0.003  0.068   0.100   0.000    0.479  F      1.079  pd_aon  
  FE_OFN107_operand_a_i_sr_27                         -    (net)            3  0.003      -       -       -        -  F     -       -  
  WALLACE_CSA_DUMMY_OP_groupi59_g3612__1666/Y         -    NOR2X1           2  0.001  0.106   0.110   0.000    0.589  R      1.079  pd_aon  
  WALLACE_CSA_DUMMY_OP_groupi59_n_185                 -    (net)            2  0.001      -       -       -        -  R     -       -  
  WALLACE_CSA_DUMMY_OP_groupi59_g3593/Y               -    INVXL            2  0.001  0.082   0.093   0.000    0.682  F      1.079  pd_aon  
  WALLACE_CSA_DUMMY_OP_groupi59_n_186                 -    (net)            2  0.001      -       -       -        -  F     -       -  
  WALLACE_CSA_DUMMY_OP_groupi59_g3579__8428/Y         -    NOR2XL           1  0.001  0.068   0.117   0.000    0.799  R      1.079  pd_aon  
  WALLACE_CSA_DUMMY_OP_groupi59_n_198                 -    (net)            1  0.001      -       -       -        -  R     -       -  
  WALLACE_CSA_DUMMY_OP_groupi59_g3480__4733/S         -    ADDFX1           1  0.001  0.125   0.381   0.000    1.180  F      1.079  pd_aon  
  WALLACE_CSA_DUMMY_OP_groupi59_n_310                 -    (net)            1  0.001      -       -       -        -  F     -       -  
  WALLACE_CSA_DUMMY_OP_groupi59_g3413__2883/S         -    ADDFX1           2  0.001  0.071   0.343   0.000    1.523  R      1.079  pd_aon  
  WALLACE_CSA_DUMMY_OP_groupi59_n_404                 -    (net)            2  0.001      -       -       -        -  R     -       -  
  WALLACE_CSA_DUMMY_OP_groupi59_g3401__7098/Y         -    XNOR2X1          2  0.001  0.064   0.165   0.000    1.688  F      1.079  pd_aon  
  WALLACE_CSA_DUMMY_OP_groupi59_n_412                 -    (net)            2  0.001      -       -       -        -  F     -       -  
  WALLACE_CSA_DUMMY_OP_groupi59_g3381__6417/Y         -    NOR2X2           3  0.002  0.052   0.082   0.000    1.770  R      1.079  pd_aon  
  WALLACE_CSA_DUMMY_OP_groupi59_n_435                 -    (net)            3  0.002      -       -       -        -  R     -       -  
  WALLACE_CSA_DUMMY_OP_groupi59_g3377__2346/Y         -    NOR2X2           1  0.002  0.092   0.079   0.000    1.850  F      1.079  pd_aon  
  WALLACE_CSA_DUMMY_OP_groupi59_n_438                 -    (net)            1  0.002      -       -       -        -  F     -       -  
  WALLACE_CSA_DUMMY_OP_groupi59_g3363__1705/Y         -    NOR3X4           2  0.002  0.054   0.111   0.000    1.961  R      1.079  pd_aon  
  WALLACE_CSA_DUMMY_OP_groupi59_n_456                 -    (net)            2  0.002      -       -       -        -  R     -       -  
  FE_RC_267_0/Y                                       -    OAI21X4          3  0.003  0.098   0.121   0.000    2.082  F      1.079  pd_aon  
  WALLACE_CSA_DUMMY_OP_groupi59_n_468                 -    (net)            3  0.003      -       -       -        -  F     -       -  
  FE_RC_254_0/Y                                       -    NAND2BX4         1  0.001  0.098   0.066   0.000    2.148  R      1.079  pd_aon  
  FE_RN_197_0                                         -    (net)            1  0.001      -       -       -        -  R     -       -  
  FE_RC_253_0/Y                                       -    NAND2X2          2  0.002  0.036   0.079   0.000    2.227  F      1.079  pd_aon  
  WALLACE_CSA_DUMMY_OP_groupi59_n_490                 -    (net)            2  0.002      -       -       -        -  F     -       -  
  cts_FE_OFC26_WALLACE_CSA_DUMMY_OP_groupi59_n_490/Y  -    INVX2            2  0.003  0.089   0.076   0.000    2.303  R      1.079  pd_aon  
  n_672                                               -    (net)            2  0.003      -       -       -        -  R     -       -  
  FE_RC_20_0/Y                                        -    OAI31X4          2  0.001  0.054   0.090   0.000    2.394  F      1.079  pd_aon  
  WALLACE_CSA_DUMMY_OP_groupi59_n_496                 -    (net)            2  0.001      -       -       -        -  F     -       -  
  FE_RC_116_0/Y                                       -    NAND2BX2         1  0.002  0.095   0.077   0.000    2.471  R      1.079  pd_aon  
  FE_RN_92_0                                          -    (net)            1  0.002      -       -       -        -  R     -       -  
  FE_RC_115_0/Y                                       -    NAND2X4          3  0.003  0.050   0.085   0.000    2.556  F      1.079  pd_aon  
  WALLACE_CSA_DUMMY_OP_groupi59_n_498                 -    (net)            3  0.003      -       -       -        -  F     -       -  
  FE_RC_81_0/Y                                        -    NAND2X4          1  0.002  0.093   0.065   0.000    2.621  R      1.079  pd_aon  
  FE_RN_63_0                                          -    (net)            1  0.002      -       -       -        -  R     -       -  
  FE_RC_80_0/Y                                        -    NAND2X4          3  0.003  0.041   0.079   0.000    2.700  F      1.079  pd_aon  
  WALLACE_CSA_DUMMY_OP_groupi59_n_500                 -    (net)            3  0.003      -       -       -        -  F     -       -  
  FE_RC_25_0/Y                                        -    NAND2X4          1  0.003  0.090   0.066   0.000    2.767  R      1.079  pd_aon  
  FE_RN_20_0                                          -    (net)            1  0.003      -       -       -        -  R     -       -  
  FE_RC_24_0/Y                                        -    NAND2X6          3  0.003  0.046   0.073   0.000    2.840  F      1.079  pd_aon  
  WALLACE_CSA_DUMMY_OP_groupi59_n_502                 -    (net)            3  0.003      -       -       -        -  F     -       -  
  FE_RC_215_0/Y                                       -    NAND2X4          1  0.002  0.076   0.057   0.000    2.897  R      1.079  pd_aon  
  FE_RN_158_0                                         -    (net)            1  0.002      -       -       -        -  R     -       -  
  FE_RC_214_0/Y                                       -    NAND2X4          3  0.002  0.047   0.077   0.000    2.974  F      1.079  pd_aon  
  WALLACE_CSA_DUMMY_OP_groupi59_n_504                 -    (net)            3  0.002      -       -       -        -  F     -       -  
  cts_FE_RC_12_0/Y                                    -    NAND2X4          1  0.002  0.082   0.060   0.000    3.033  R      1.079  pd_aon  
  FE_RN_5_2                                           -    (net)            1  0.002      -       -       -        -  R     -       -  
  cts_FE_RC_11_0/Y                                    -    NAND2X4          2  0.001  0.041   0.064   0.000    3.097  F      1.079  pd_aon  
  WALLACE_CSA_DUMMY_OP_groupi59_n_506                 -    (net)            2  0.001      -       -       -        -  F     -       -  
  FE_RC_178_0/Y                                       -    AO21X4           1  0.006  0.062   0.223   0.000    3.320  F      1.079  pd_aon  
  FE_OFN169_result_o_63                               -    (net)            1  0.006      -       -       -        -  F     -       -  
  FE_OFC281_result_o_63/Y                             -    CLKBUFX16        1  0.010  0.088   0.122   0.000    3.442  F      1.079  pd_aon  
  result_o[63]                                        -    (net)            1  0.010      -       -       -        -  F     -       -  
  result_o[63]                                        -    -                1  0.010  0.042   0.000   0.000    3.442  F      1.070  pd_aon  
#-----------------------------------------------------------------------------------------------------------------------------------------

