============================================================
  Generated by:           Genus(TM) Synthesis Solution 23.15-s099_1
  Generated on:           Sep 12 2025  04:28:40 pm
  Module:                 bitonic_sorter
  Operating conditions:   PVT_0P9V_125C (balanced_tree)
  Wireload mode:          enclosed
  Area mode:              timing library
============================================================


Path 1: MET (1813 ps) Setup Check with Pin data_pipe_reg[63]/CK->D
          Group: ideal_clk
     Startpoint: (R) reset
          Clock: (R) ideal_clk
       Endpoint: (R) data_pipe_reg[63]/D
          Clock: (R) ideal_clk

                     Capture       Launch     
        Clock Edge:+   10000            0     
        Drv Adjust:+       0            0     
       Src Latency:+       0            0     
       Net Latency:+       0 (I)        0 (I) 
           Arrival:=   10000            0     
                                              
             Setup:-      97                  
       Uncertainty:-     100                  
     Required Time:=    9803                  
      Launch Clock:-       0                  
       Input Delay:-    7000                  
         Data Path:-     990                  
             Slack:=    1813                  

Exceptions/Constraints:
  input_delay             7000            constraints_top.sdc_line_31_129_1   

#--------------------------------------------------------------------------------------------
#    Timing Point     Flags   Arc   Edge   Cell     Fanout Load Trans Delay Arrival Instance 
#                                                          (fF)  (ps)  (ps)   (ps)  Location 
#--------------------------------------------------------------------------------------------
  reset               -       -     R     (arrival)      6  1.4     0     0    7000    (-,-) 
  g101799/Y           -       B->Y  R     AND2XL         2  0.4    27    92    7092    (-,-) 
  g102459/Y           -       AN->Y R     NOR2BX1        9  3.6   188   172    7264    (-,-) 
  drc_bufs102103/Y    -       A->Y  F     INVX1          3  0.9    65   134    7398    (-,-) 
  drc_bufs102100/Y    -       A->Y  R     INVX1          8  3.2    84    82    7480    (-,-) 
  g99447/Y            -       B->Y  F     NAND2BX1       8  2.9   193   162    7642    (-,-) 
  g99311/Y            -       B1->Y R     OAI222X1       1  0.4   137   166    7808    (-,-) 
  g99219/Y            -       C0->Y F     AOI221X1       1  0.3   118   101    7908    (-,-) 
  g99091/Y            -       B->Y  R     NAND2X1        1  0.3    41    82    7990    (-,-) 
  data_pipe_reg[63]/D <<<     -     R     DFFHQX1        1    -     -     0    7990    (-,-) 
#--------------------------------------------------------------------------------------------

