============================================================
  Generated by:           Genus(TM) Synthesis Solution 23.15-s099_1
  Generated on:           Sep 12 2025  04:28:53 pm
  Module:                 bitonic_sorter
  Operating conditions:   PVT_0P9V_125C (balanced_tree)
  Wireload mode:          enclosed
  Area mode:              timing library
============================================================

Timing
--------

  Clock    Period 
------------------
ideal_clk 10000.0 


   Cost     Critical         Violating 
  Group    Path Slack  TNS     Paths   
---------------------------------------
default      No paths   0.0            
ideal_clk      1813.1   0.0          0 
---------------------------------------
Total                   0.0          0 

Instance Count
--------------
Leaf Instance Count             5111 
Physical Instance count            0 
Sequential Instance Count        259 
Combinational Instance Count    4852 
Hierarchical Instance Count        0 

Area
----
Cell Area                          9875.592
Physical Cell Area                 0.000
Total Cell Area (Cell+Physical)    9875.592
Net Area                           0.000
Total Area (Cell+Physical+Net)     9875.592

Max Fanout                         259 (clk)
Min Fanout                         0 (n_3063)
Average Fanout                     2.9
Terms to net ratio                 3.8592
Terms to instance ratio            3.9589
Runtime                            374.423366 seconds
Elapsed Runtime                    1033 seconds
Genus peak memory usage            2998.35 
Innovus peak memory usage          no_value 
Hostname                           ASIC-vm
